-- The C compiler identification is GNU 11.4.0
-- The CXX compiler identification is GNU 11.4.0
-- Detecting C compiler ABI info
-- Detecting C compiler ABI info - done
-- Check for working C compiler: /usr/bin/cc - skipped
-- Detecting C compile features
-- Detecting C compile features - done
-- Detecting CXX compiler ABI info
-- Detecting CXX compiler ABI info - done
-- Check for working CXX compiler: /usr/bin/c++ - skipped
-- Detecting CXX compile features
-- Detecting CXX compile features - done
-- Found ament_cmake: 1.3.14 (/opt/ros/humble/share/ament_cmake/cmake)
-- Found Python3: /usr/bin/python3 (found version "3.10.12") found components: Interpreter 
-- Override CMake install command with custom implementation using symlinks instead of copying resources
-- Found ament_lint_auto: 0.12.15 (/opt/ros/humble/share/ament_lint_auto/cmake)
-- Added test 'lint_cmake' to check CMake code style
-- Added test 'xmllint' to check XML markup files
-- Configuring done
-- Generating done
-- Build files have been written to: /home/ishank/ros2_ws/build/drone_sim
-- Install configuration: ""
-- Execute custom install script
-- Symlinking: /home/ishank/ros2_ws/install/drone_sim/share/ament_index/resource_index/package_run_dependencies/drone_sim
-- Symlinking: /home/ishank/ros2_ws/install/drone_sim/share/ament_index/resource_index/parent_prefix_path/drone_sim
-- Symlinking: /home/ishank/ros2_ws/install/drone_sim/share/drone_sim/environment/ament_prefix_path.sh
-- Symlinking: /home/ishank/ros2_ws/install/drone_sim/share/drone_sim/environment/ament_prefix_path.dsv
-- Symlinking: /home/ishank/ros2_ws/install/drone_sim/share/drone_sim/environment/path.sh
-- Symlinking: /home/ishank/ros2_ws/install/drone_sim/share/drone_sim/environment/path.dsv
-- Symlinking: /home/ishank/ros2_ws/install/drone_sim/share/drone_sim/local_setup.bash
-- Symlinking: /home/ishank/ros2_ws/install/drone_sim/share/drone_sim/local_setup.sh
-- Symlinking: /home/ishank/ros2_ws/install/drone_sim/share/drone_sim/local_setup.zsh
-- Symlinking: /home/ishank/ros2_ws/install/drone_sim/share/drone_sim/local_setup.dsv
-- Symlinking: /home/ishank/ros2_ws/install/drone_sim/share/drone_sim/package.dsv
-- Symlinking: /home/ishank/ros2_ws/install/drone_sim/share/ament_index/resource_index/packages/drone_sim
-- Symlinking: /home/ishank/ros2_ws/install/drone_sim/share/drone_sim/cmake/drone_simConfig.cmake
-- Symlinking: /home/ishank/ros2_ws/install/drone_sim/share/drone_sim/cmake/drone_simConfig-version.cmake
-- Symlinking: /home/ishank/ros2_ws/install/drone_sim/share/drone_sim/package.xml
