[0.032s] Invoking command in '/home/ishank/ros2_ws/build/drone_sim': CMAKE_PREFIX_PATH=${CMAKE_PREFIX_PATH}:/opt/ros/humble /usr/bin/cmake /home/ishank/ros2_ws/src/drone_sim -DAMENT_CMAKE_SYMLINK_INSTALL=1 -DCMAKE_INSTALL_PREFIX=/home/ishank/ros2_ws/install/drone_sim
[0.360s] -- The C compiler identification is GNU 11.4.0
[0.744s] -- The CXX compiler identification is GNU 11.4.0
[0.983s] -- Detecting C compiler ABI info
[1.113s] -- Detecting C compiler ABI info - done
[1.119s] -- Check for working C compiler: /usr/bin/cc - skipped
[1.129s] -- Detecting C compile features
[1.130s] -- Detecting C compile features - done
[1.134s] -- Detecting CXX compiler ABI info
[1.254s] -- Detecting CXX compiler ABI info - done
[1.262s] -- Check for working CXX compiler: /usr/bin/c++ - skipped
[1.262s] -- Detecting CXX compile features
[1.263s] -- Detecting CXX compile features - done
[1.286s] -- Found ament_cmake: 1.3.14 (/opt/ros/humble/share/ament_cmake/cmake)
[1.462s] -- Found Python3: /usr/bin/python3 (found version "3.10.12") found components: Interpreter 
[1.566s] -- Override CMake install command with custom implementation using symlinks instead of copying resources
[1.604s] -- Found ament_lint_auto: 0.12.15 (/opt/ros/humble/share/ament_lint_auto/cmake)
[1.708s] -- Added test 'lint_cmake' to check CMake code style
[1.708s] -- Added test 'xmllint' to check XML markup files
[1.711s] -- Configuring done
[1.717s] -- Generating done
[1.721s] -- Build files have been written to: /home/ishank/ros2_ws/build/drone_sim
[1.728s] Invoked command in '/home/ishank/ros2_ws/build/drone_sim' returned '0': CMAKE_PREFIX_PATH=${CMAKE_PREFIX_PATH}:/opt/ros/humble /usr/bin/cmake /home/ishank/ros2_ws/src/drone_sim -DAMENT_CMAKE_SYMLINK_INSTALL=1 -DCMAKE_INSTALL_PREFIX=/home/ishank/ros2_ws/install/drone_sim
[1.729s] Invoking command in '/home/ishank/ros2_ws/build/drone_sim': CMAKE_PREFIX_PATH=${CMAKE_PREFIX_PATH}:/opt/ros/humble /usr/bin/cmake --build /home/ishank/ros2_ws/build/drone_sim -- -j8 -l8
[1.770s] Invoked command in '/home/ishank/ros2_ws/build/drone_sim' returned '0': CMAKE_PREFIX_PATH=${CMAKE_PREFIX_PATH}:/opt/ros/humble /usr/bin/cmake --build /home/ishank/ros2_ws/build/drone_sim -- -j8 -l8
[1.773s] Invoking command in '/home/ishank/ros2_ws/build/drone_sim': CMAKE_PREFIX_PATH=${CMAKE_PREFIX_PATH}:/opt/ros/humble /usr/bin/cmake --install /home/ishank/ros2_ws/build/drone_sim
[1.779s] -- Install configuration: ""
[1.780s] -- Execute custom install script
[1.781s] -- Symlinking: /home/ishank/ros2_ws/install/drone_sim/share/ament_index/resource_index/package_run_dependencies/drone_sim
[1.789s] -- Symlinking: /home/ishank/ros2_ws/install/drone_sim/share/ament_index/resource_index/parent_prefix_path/drone_sim
[1.799s] -- Symlinking: /home/ishank/ros2_ws/install/drone_sim/share/drone_sim/environment/ament_prefix_path.sh
[1.806s] -- Symlinking: /home/ishank/ros2_ws/install/drone_sim/share/drone_sim/environment/ament_prefix_path.dsv
[1.817s] -- Symlinking: /home/ishank/ros2_ws/install/drone_sim/share/drone_sim/environment/path.sh
[1.825s] -- Symlinking: /home/ishank/ros2_ws/install/drone_sim/share/drone_sim/environment/path.dsv
[1.835s] -- Symlinking: /home/ishank/ros2_ws/install/drone_sim/share/drone_sim/local_setup.bash
[1.845s] -- Symlinking: /home/ishank/ros2_ws/install/drone_sim/share/drone_sim/local_setup.sh
[1.855s] -- Symlinking: /home/ishank/ros2_ws/install/drone_sim/share/drone_sim/local_setup.zsh
[1.862s] -- Symlinking: /home/ishank/ros2_ws/install/drone_sim/share/drone_sim/local_setup.dsv
[1.870s] -- Symlinking: /home/ishank/ros2_ws/install/drone_sim/share/drone_sim/package.dsv
[1.879s] -- Symlinking: /home/ishank/ros2_ws/install/drone_sim/share/ament_index/resource_index/packages/drone_sim
[1.888s] -- Symlinking: /home/ishank/ros2_ws/install/drone_sim/share/drone_sim/cmake/drone_simConfig.cmake
[1.895s] -- Symlinking: /home/ishank/ros2_ws/install/drone_sim/share/drone_sim/cmake/drone_simConfig-version.cmake
[1.904s] -- Symlinking: /home/ishank/ros2_ws/install/drone_sim/share/drone_sim/package.xml
[1.915s] Invoked command in '/home/ishank/ros2_ws/build/drone_sim' returned '0': CMAKE_PREFIX_PATH=${CMAKE_PREFIX_PATH}:/opt/ros/humble /usr/bin/cmake --install /home/ishank/ros2_ws/build/drone_sim
