[0.095s] Invoking command in '/home/ishank/ros2_ws/build/drone_controller': CMAKE_PREFIX_PATH=/home/ishank/ros2_ws/install/drone_msgs:/home/ishank/ros2_ws/install/mission_manager:/home/ishank/ros2_ws/install/drone_planner:/home/ishank/ros2_ws/install/drone_common:/home/ishank/ros2_ws/install/drone_sim:/home/ishank/ros2_ws/install/drone_controller:/home/ishank/ros2_ws/install/drone_bridge:/opt/ros/humble /usr/bin/cmake --build /home/ishank/ros2_ws/build/drone_controller -- -j8 -l8
[0.160s] [35m[1mConsolidate compiler generated dependencies of target executor_node[0m
[0.198s] [ 33%] [32mBuilding CXX object CMakeFiles/executor_node.dir/src/main.cpp.o[0m
[0.204s] [ 66%] [32mBuilding CXX object CMakeFiles/executor_node.dir/src/executor_node.cpp.o[0m
[10.274s] [100%] [32m[1mLinking CXX executable executor_node[0m
[10.856s] [100%] Built target executor_node
[10.889s] Invoked command in '/home/ishank/ros2_ws/build/drone_controller' returned '0': CMAKE_PREFIX_PATH=/home/ishank/ros2_ws/install/drone_msgs:/home/ishank/ros2_ws/install/mission_manager:/home/ishank/ros2_ws/install/drone_planner:/home/ishank/ros2_ws/install/drone_common:/home/ishank/ros2_ws/install/drone_sim:/home/ishank/ros2_ws/install/drone_controller:/home/ishank/ros2_ws/install/drone_bridge:/opt/ros/humble /usr/bin/cmake --build /home/ishank/ros2_ws/build/drone_controller -- -j8 -l8
[10.900s] Invoking command in '/home/ishank/ros2_ws/build/drone_controller': CMAKE_PREFIX_PATH=/home/ishank/ros2_ws/install/drone_msgs:/home/ishank/ros2_ws/install/mission_manager:/home/ishank/ros2_ws/install/drone_planner:/home/ishank/ros2_ws/install/drone_common:/home/ishank/ros2_ws/install/drone_sim:/home/ishank/ros2_ws/install/drone_controller:/home/ishank/ros2_ws/install/drone_bridge:/opt/ros/humble /usr/bin/cmake --install /home/ishank/ros2_ws/build/drone_controller
[10.906s] -- Install configuration: ""
[10.908s] -- Execute custom install script
[10.909s] -- Up-to-date symlink: /home/ishank/ros2_ws/install/drone_controller/lib/drone_controller/executor_node
[10.909s] -- Up-to-date symlink: /home/ishank/ros2_ws/install/drone_controller/share/ament_index/resource_index/package_run_dependencies/drone_controller
[10.910s] -- Up-to-date symlink: /home/ishank/ros2_ws/install/drone_controller/share/ament_index/resource_index/parent_prefix_path/drone_controller
[10.910s] -- Up-to-date symlink: /home/ishank/ros2_ws/install/drone_controller/share/drone_controller/environment/ament_prefix_path.sh
[10.910s] -- Up-to-date symlink: /home/ishank/ros2_ws/install/drone_controller/share/drone_controller/environment/ament_prefix_path.dsv
[10.911s] -- Up-to-date symlink: /home/ishank/ros2_ws/install/drone_controller/share/drone_controller/environment/path.sh
[10.911s] -- Up-to-date symlink: /home/ishank/ros2_ws/install/drone_controller/share/drone_controller/environment/path.dsv
[10.911s] -- Up-to-date symlink: /home/ishank/ros2_ws/install/drone_controller/share/drone_controller/local_setup.bash
[10.911s] -- Up-to-date symlink: /home/ishank/ros2_ws/install/drone_controller/share/drone_controller/local_setup.sh
[10.912s] -- Up-to-date symlink: /home/ishank/ros2_ws/install/drone_controller/share/drone_controller/local_setup.zsh
[10.912s] -- Up-to-date symlink: /home/ishank/ros2_ws/install/drone_controller/share/drone_controller/local_setup.dsv
[10.912s] -- Symlinking: /home/ishank/ros2_ws/install/drone_controller/share/drone_controller/package.dsv
[10.925s] -- Up-to-date symlink: /home/ishank/ros2_ws/install/drone_controller/share/ament_index/resource_index/packages/drone_controller
[10.925s] -- Up-to-date symlink: /home/ishank/ros2_ws/install/drone_controller/share/drone_controller/cmake/drone_controllerConfig.cmake
[10.925s] -- Up-to-date symlink: /home/ishank/ros2_ws/install/drone_controller/share/drone_controller/cmake/drone_controllerConfig-version.cmake
[10.925s] -- Up-to-date symlink: /home/ishank/ros2_ws/install/drone_controller/share/drone_controller/package.xml
[10.931s] Invoked command in '/home/ishank/ros2_ws/build/drone_controller' returned '0': CMAKE_PREFIX_PATH=/home/ishank/ros2_ws/install/drone_msgs:/home/ishank/ros2_ws/install/mission_manager:/home/ishank/ros2_ws/install/drone_planner:/home/ishank/ros2_ws/install/drone_common:/home/ishank/ros2_ws/install/drone_sim:/home/ishank/ros2_ws/install/drone_controller:/home/ishank/ros2_ws/install/drone_bridge:/opt/ros/humble /usr/bin/cmake --install /home/ishank/ros2_ws/build/drone_controller
