[0.029s] Invoking command in '/home/ishank/ros2_ws/build/drone_common': CMAKE_PREFIX_PATH=${CMAKE_PREFIX_PATH}:/opt/ros/humble /usr/bin/cmake --build /home/ishank/ros2_ws/build/drone_common -- -j8 -l8
[0.113s] Invoked command in '/home/ishank/ros2_ws/build/drone_common' returned '0': CMAKE_PREFIX_PATH=${CMAKE_PREFIX_PATH}:/opt/ros/humble /usr/bin/cmake --build /home/ishank/ros2_ws/build/drone_common -- -j8 -l8
[0.114s] Invoking command in '/home/ishank/ros2_ws/build/drone_common': CMAKE_PREFIX_PATH=${CMAKE_PREFIX_PATH}:/opt/ros/humble /usr/bin/cmake --install /home/ishank/ros2_ws/build/drone_common
[0.135s] -- Install configuration: ""
[0.139s] -- Execute custom install script
[0.142s] -- Up-to-date symlink: /home/ishank/ros2_ws/install/drone_common/include/drone_common/battery_cost.hpp
[0.142s] -- Up-to-date symlink: /home/ishank/ros2_ws/install/drone_common/share/ament_index/resource_index/package_run_dependencies/drone_common
[0.142s] -- Up-to-date symlink: /home/ishank/ros2_ws/install/drone_common/share/ament_index/resource_index/parent_prefix_path/drone_common
[0.143s] -- Up-to-date symlink: /home/ishank/ros2_ws/install/drone_common/share/drone_common/environment/ament_prefix_path.sh
[0.143s] -- Up-to-date symlink: /home/ishank/ros2_ws/install/drone_common/share/drone_common/environment/ament_prefix_path.dsv
[0.143s] -- Up-to-date symlink: /home/ishank/ros2_ws/install/drone_common/share/drone_common/environment/path.sh
[0.143s] -- Up-to-date symlink: /home/ishank/ros2_ws/install/drone_common/share/drone_common/environment/path.dsv
[0.145s] -- Up-to-date symlink: /home/ishank/ros2_ws/install/drone_common/share/drone_common/local_setup.bash
[0.145s] -- Up-to-date symlink: /home/ishank/ros2_ws/install/drone_common/share/drone_common/local_setup.sh
[0.145s] -- Up-to-date symlink: /home/ishank/ros2_ws/install/drone_common/share/drone_common/local_setup.zsh
[0.146s] -- Up-to-date symlink: /home/ishank/ros2_ws/install/drone_common/share/drone_common/local_setup.dsv
[0.147s] -- Symlinking: /home/ishank/ros2_ws/install/drone_common/share/drone_common/package.dsv
[0.173s] -- Up-to-date symlink: /home/ishank/ros2_ws/install/drone_common/share/ament_index/resource_index/packages/drone_common
[0.174s] -- Up-to-date symlink: /home/ishank/ros2_ws/install/drone_common/share/drone_common/cmake/ament_cmake_export_include_directories-extras.cmake
[0.175s] -- Up-to-date symlink: /home/ishank/ros2_ws/install/drone_common/share/drone_common/cmake/drone_commonConfig.cmake
[0.180s] -- Up-to-date symlink: /home/ishank/ros2_ws/install/drone_common/share/drone_common/cmake/drone_commonConfig-version.cmake
[0.180s] -- Up-to-date symlink: /home/ishank/ros2_ws/install/drone_common/share/drone_common/package.xml
[0.201s] Invoked command in '/home/ishank/ros2_ws/build/drone_common' returned '0': CMAKE_PREFIX_PATH=${CMAKE_PREFIX_PATH}:/opt/ros/humble /usr/bin/cmake --install /home/ishank/ros2_ws/build/drone_common
