[0.132s] Invoking command in '/home/ishank/ros2_ws/build/mission_manager': CMAKE_PREFIX_PATH=/home/ishank/ros2_ws/install/drone_msgs:/home/ishank/ros2_ws/install/drone_sim:/home/ishank/ros2_ws/install/drone_controller:/home/ishank/ros2_ws/install/drone_bridge:/opt/ros/humble /usr/bin/cmake /home/ishank/ros2_ws/src/mission_manager -DAMENT_CMAKE_SYMLINK_INSTALL=1 -DCMAKE_INSTALL_PREFIX=/home/ishank/ros2_ws/install/mission_manager
[0.263s] -- The C compiler identification is GNU 11.4.0
[0.656s] -- The CXX compiler identification is GNU 11.4.0
[0.949s] -- Detecting C compiler ABI info
[1.077s] -- Detecting C compiler ABI info - done
[1.087s] -- Check for working C compiler: /usr/bin/cc - skipped
[1.088s] -- Detecting C compile features
[1.088s] -- Detecting C compile features - done
[1.092s] -- Detecting CXX compiler ABI info
[1.232s] -- Detecting CXX compiler ABI info - done
[1.244s] -- Check for working CXX compiler: /usr/bin/c++ - skipped
[1.244s] -- Detecting CXX compile features
[1.245s] -- Detecting CXX compile features - done
[1.247s] -- Found ament_cmake: 1.3.14 (/opt/ros/humble/share/ament_cmake/cmake)
[1.441s] -- Found Python3: /usr/bin/python3 (found version "3.10.12") found components: Interpreter 
[1.539s] -- Override CMake install command with custom implementation using symlinks instead of copying resources
[1.571s] -- Found rclcpp: 16.0.19 (/opt/ros/humble/share/rclcpp/cmake)
[1.733s] -- Found rosidl_generator_c: 3.1.8 (/opt/ros/humble/share/rosidl_generator_c/cmake)
[1.742s] -- Found rosidl_adapter: 3.1.8 (/opt/ros/humble/share/rosidl_adapter/cmake)
[1.754s] -- Found rosidl_generator_cpp: 3.1.8 (/opt/ros/humble/share/rosidl_generator_cpp/cmake)
[1.767s] -- Using all available rosidl_typesupport_c: rosidl_typesupport_fastrtps_c;rosidl_typesupport_introspection_c
[1.787s] -- Using all available rosidl_typesupport_cpp: rosidl_typesupport_fastrtps_cpp;rosidl_typesupport_introspection_cpp
[1.836s] -- Found rmw_implementation_cmake: 6.1.2 (/opt/ros/humble/share/rmw_implementation_cmake/cmake)
[1.841s] -- Found rmw_fastrtps_cpp: 6.2.10 (/opt/ros/humble/share/rmw_fastrtps_cpp/cmake)
[2.556s] -- Found OpenSSL: /usr/lib/x86_64-linux-gnu/libcrypto.so (found version "3.0.2")  
[3.273s] -- Found FastRTPS: /opt/ros/humble/include  
[5.323s] -- Using RMW implementation 'rmw_fastrtps_cpp' as default
[5.331s] -- Looking for pthread.h
[5.468s] -- Looking for pthread.h - found
[5.468s] -- Performing Test CMAKE_HAVE_LIBC_PTHREAD
[5.591s] -- Performing Test CMAKE_HAVE_LIBC_PTHREAD - Success
[5.591s] -- Found Threads: TRUE  
[5.645s] -- Found geometry_msgs: 4.9.1 (/opt/ros/humble/share/geometry_msgs/cmake)
[5.661s] -- Found drone_msgs: 0.0.0 (/home/ishank/ros2_ws/install/drone_msgs/share/drone_msgs/cmake)
[5.678s] -- Found ament_lint_auto: 0.12.15 (/opt/ros/humble/share/ament_lint_auto/cmake)
[5.771s] -- Added test 'lint_cmake' to check CMake code style
[5.772s] -- Added test 'xmllint' to check XML markup files
[5.775s] -- Configuring done
[5.780s] -- Generating done
[5.785s] -- Build files have been written to: /home/ishank/ros2_ws/build/mission_manager
[5.801s] Invoked command in '/home/ishank/ros2_ws/build/mission_manager' returned '0': CMAKE_PREFIX_PATH=/home/ishank/ros2_ws/install/drone_msgs:/home/ishank/ros2_ws/install/drone_sim:/home/ishank/ros2_ws/install/drone_controller:/home/ishank/ros2_ws/install/drone_bridge:/opt/ros/humble /usr/bin/cmake /home/ishank/ros2_ws/src/mission_manager -DAMENT_CMAKE_SYMLINK_INSTALL=1 -DCMAKE_INSTALL_PREFIX=/home/ishank/ros2_ws/install/mission_manager
[5.803s] Invoking command in '/home/ishank/ros2_ws/build/mission_manager': CMAKE_PREFIX_PATH=/home/ishank/ros2_ws/install/drone_msgs:/home/ishank/ros2_ws/install/drone_sim:/home/ishank/ros2_ws/install/drone_controller:/home/ishank/ros2_ws/install/drone_bridge:/opt/ros/humble /usr/bin/cmake --build /home/ishank/ros2_ws/build/mission_manager -- -j8 -l8
[5.842s] Invoked command in '/home/ishank/ros2_ws/build/mission_manager' returned '0': CMAKE_PREFIX_PATH=/home/ishank/ros2_ws/install/drone_msgs:/home/ishank/ros2_ws/install/drone_sim:/home/ishank/ros2_ws/install/drone_controller:/home/ishank/ros2_ws/install/drone_bridge:/opt/ros/humble /usr/bin/cmake --build /home/ishank/ros2_ws/build/mission_manager -- -j8 -l8
[5.845s] Invoking command in '/home/ishank/ros2_ws/build/mission_manager': CMAKE_PREFIX_PATH=/home/ishank/ros2_ws/install/drone_msgs:/home/ishank/ros2_ws/install/drone_sim:/home/ishank/ros2_ws/install/drone_controller:/home/ishank/ros2_ws/install/drone_bridge:/opt/ros/humble /usr/bin/cmake --install /home/ishank/ros2_ws/build/mission_manager
[5.853s] -- Install configuration: ""
[5.854s] -- Execute custom install script
[5.857s] -- Symlinking: /home/ishank/ros2_ws/install/mission_manager/share/ament_index/resource_index/package_run_dependencies/mission_manager
[5.869s] -- Symlinking: /home/ishank/ros2_ws/install/mission_manager/share/ament_index/resource_index/parent_prefix_path/mission_manager
[5.881s] -- Symlinking: /home/ishank/ros2_ws/install/mission_manager/share/mission_manager/environment/ament_prefix_path.sh
[5.892s] -- Symlinking: /home/ishank/ros2_ws/install/mission_manager/share/mission_manager/environment/ament_prefix_path.dsv
[5.900s] -- Symlinking: /home/ishank/ros2_ws/install/mission_manager/share/mission_manager/environment/path.sh
[5.909s] -- Symlinking: /home/ishank/ros2_ws/install/mission_manager/share/mission_manager/environment/path.dsv
[5.920s] -- Symlinking: /home/ishank/ros2_ws/install/mission_manager/share/mission_manager/local_setup.bash
[5.928s] -- Symlinking: /home/ishank/ros2_ws/install/mission_manager/share/mission_manager/local_setup.sh
[5.936s] -- Symlinking: /home/ishank/ros2_ws/install/mission_manager/share/mission_manager/local_setup.zsh
[5.943s] -- Symlinking: /home/ishank/ros2_ws/install/mission_manager/share/mission_manager/local_setup.dsv
[5.952s] -- Symlinking: /home/ishank/ros2_ws/install/mission_manager/share/mission_manager/package.dsv
[5.961s] -- Symlinking: /home/ishank/ros2_ws/install/mission_manager/share/ament_index/resource_index/packages/mission_manager
[5.972s] -- Symlinking: /home/ishank/ros2_ws/install/mission_manager/share/mission_manager/cmake/mission_managerConfig.cmake
[5.979s] -- Symlinking: /home/ishank/ros2_ws/install/mission_manager/share/mission_manager/cmake/mission_managerConfig-version.cmake
[5.988s] -- Symlinking: /home/ishank/ros2_ws/install/mission_manager/share/mission_manager/package.xml
[6.006s] Invoked command in '/home/ishank/ros2_ws/build/mission_manager' returned '0': CMAKE_PREFIX_PATH=/home/ishank/ros2_ws/install/drone_msgs:/home/ishank/ros2_ws/install/drone_sim:/home/ishank/ros2_ws/install/drone_controller:/home/ishank/ros2_ws/install/drone_bridge:/opt/ros/humble /usr/bin/cmake --install /home/ishank/ros2_ws/build/mission_manager
