[0.039s] Invoking command in '/home/ishank/ros2_ws/build/drone_msgs': CMAKE_PREFIX_PATH=${CMAKE_PREFIX_PATH}:/opt/ros/humble /usr/bin/cmake --build /home/ishank/ros2_ws/build/drone_msgs -- -j8 -l8
[0.199s] [  1%] Built target drone_msgs__rs
[0.200s] [  2%] Built target drone_msgs__cpp
[0.209s] [ 13%] Built target drone_msgs__rosidl_generator_c
[0.217s] [ 13%] Built target ament_cmake_python_symlink_drone_msgs
[0.271s] [ 25%] Built target drone_msgs__rosidl_typesupport_fastrtps_cpp
[0.272s] [ 36%] Built target drone_msgs__rosidl_typesupport_introspection_cpp
[0.272s] [ 47%] Built target drone_msgs__rosidl_typesupport_cpp
[0.273s] [ 58%] Built target drone_msgs__rosidl_typesupport_c
[0.279s] [ 77%] Built target drone_msgs__rosidl_typesupport_introspection_c
[0.279s] [ 80%] Built target drone_msgs__rosidl_typesupport_fastrtps_c
[0.304s] [ 80%] Built target drone_msgs
[0.333s] [ 81%] Built target drone_msgs__py
[0.372s] [ 91%] Built target drone_msgs__rosidl_generator_py
[0.402s] [ 94%] Built target drone_msgs__rosidl_typesupport_introspection_c__pyext
[0.402s] [ 97%] Built target drone_msgs__rosidl_typesupport_fastrtps_c__pyext
[0.405s] [100%] Built target drone_msgs__rosidl_typesupport_c__pyext
[0.534s] running egg_info
[0.535s] writing drone_msgs.egg-info/PKG-INFO
[0.536s] writing dependency_links to drone_msgs.egg-info/dependency_links.txt
[0.536s] writing top-level names to drone_msgs.egg-info/top_level.txt
[0.540s] reading manifest file 'drone_msgs.egg-info/SOURCES.txt'
[0.541s] writing manifest file 'drone_msgs.egg-info/SOURCES.txt'
[0.570s] [100%] Built target ament_cmake_python_build_drone_msgs_egg
[0.580s] Invoked command in '/home/ishank/ros2_ws/build/drone_msgs' returned '0': CMAKE_PREFIX_PATH=${CMAKE_PREFIX_PATH}:/opt/ros/humble /usr/bin/cmake --build /home/ishank/ros2_ws/build/drone_msgs -- -j8 -l8
[0.583s] Invoking command in '/home/ishank/ros2_ws/build/drone_msgs': CMAKE_PREFIX_PATH=${CMAKE_PREFIX_PATH}:/opt/ros/humble /usr/bin/cmake --install /home/ishank/ros2_ws/build/drone_msgs
[0.591s] -- Install configuration: ""
[0.591s] -- Execute custom install script
[0.592s] -- Up-to-date symlink: /home/ishank/ros2_ws/install/drone_msgs/share/ament_index/resource_index/rosidl_interfaces/drone_msgs
[0.594s] -- Up-to-date symlink: /home/ishank/ros2_ws/install/drone_msgs/include/drone_msgs/drone_msgs/msg/battery.h
[0.594s] -- Up-to-date symlink: /home/ishank/ros2_ws/install/drone_msgs/include/drone_msgs/drone_msgs/msg/detail/battery__functions.h
[0.595s] -- Up-to-date symlink: /home/ishank/ros2_ws/install/drone_msgs/include/drone_msgs/drone_msgs/msg/detail/battery__struct.h
[0.595s] -- Up-to-date symlink: /home/ishank/ros2_ws/install/drone_msgs/include/drone_msgs/drone_msgs/msg/detail/battery__type_support.h
[0.596s] -- Up-to-date symlink: /home/ishank/ros2_ws/install/drone_msgs/include/drone_msgs/drone_msgs/msg/detail/drone_state__functions.h
[0.596s] -- Up-to-date symlink: /home/ishank/ros2_ws/install/drone_msgs/include/drone_msgs/drone_msgs/msg/detail/drone_state__struct.h
[0.597s] -- Up-to-date symlink: /home/ishank/ros2_ws/install/drone_msgs/include/drone_msgs/drone_msgs/msg/detail/drone_state__type_support.h
[0.598s] -- Up-to-date symlink: /home/ishank/ros2_ws/install/drone_msgs/include/drone_msgs/drone_msgs/msg/detail/mission__functions.h
[0.598s] -- Up-to-date symlink: /home/ishank/ros2_ws/install/drone_msgs/include/drone_msgs/drone_msgs/msg/detail/mission__struct.h
[0.599s] -- Up-to-date symlink: /home/ishank/ros2_ws/install/drone_msgs/include/drone_msgs/drone_msgs/msg/detail/mission__type_support.h
[0.599s] -- Up-to-date symlink: /home/ishank/ros2_ws/install/drone_msgs/include/drone_msgs/drone_msgs/msg/detail/mission_plan__functions.h
[0.600s] -- Up-to-date symlink: /home/ishank/ros2_ws/install/drone_msgs/include/drone_msgs/drone_msgs/msg/detail/mission_plan__struct.h
[0.600s] -- Up-to-date symlink: /home/ishank/ros2_ws/install/drone_msgs/include/drone_msgs/drone_msgs/msg/detail/mission_plan__type_support.h
[0.601s] -- Up-to-date symlink: /home/ishank/ros2_ws/install/drone_msgs/include/drone_msgs/drone_msgs/msg/detail/primitive__functions.h
[0.601s] -- Up-to-date symlink: /home/ishank/ros2_ws/install/drone_msgs/include/drone_msgs/drone_msgs/msg/detail/primitive__struct.h
[0.602s] -- Up-to-date symlink: /home/ishank/ros2_ws/install/drone_msgs/include/drone_msgs/drone_msgs/msg/detail/primitive__type_support.h
[0.603s] -- Up-to-date symlink: /home/ishank/ros2_ws/install/drone_msgs/include/drone_msgs/drone_msgs/msg/detail/primitive_status__functions.h
[0.603s] -- Up-to-date symlink: /home/ishank/ros2_ws/install/drone_msgs/include/drone_msgs/drone_msgs/msg/detail/primitive_status__struct.h
[0.603s] -- Up-to-date symlink: /home/ishank/ros2_ws/install/drone_msgs/include/drone_msgs/drone_msgs/msg/detail/primitive_status__type_support.h
[0.604s] -- Up-to-date symlink: /home/ishank/ros2_ws/install/drone_msgs/include/drone_msgs/drone_msgs/msg/drone_state.h
[0.604s] -- Up-to-date symlink: /home/ishank/ros2_ws/install/drone_msgs/include/drone_msgs/drone_msgs/msg/mission.h
[0.605s] -- Up-to-date symlink: /home/ishank/ros2_ws/install/drone_msgs/include/drone_msgs/drone_msgs/msg/mission_plan.h
[0.605s] -- Up-to-date symlink: /home/ishank/ros2_ws/install/drone_msgs/include/drone_msgs/drone_msgs/msg/primitive.h
[0.606s] -- Up-to-date symlink: /home/ishank/ros2_ws/install/drone_msgs/include/drone_msgs/drone_msgs/msg/primitive_status.h
[0.606s] -- Up-to-date symlink: /home/ishank/ros2_ws/install/drone_msgs/include/drone_msgs/drone_msgs/msg/rosidl_generator_c__visibility_control.h
[0.607s] -- Up-to-date symlink: /home/ishank/ros2_ws/install/drone_msgs/share/drone_msgs/environment/library_path.sh
[0.607s] -- Up-to-date symlink: /home/ishank/ros2_ws/install/drone_msgs/share/drone_msgs/environment/library_path.dsv
[0.608s] -- Up-to-date symlink: /home/ishank/ros2_ws/install/drone_msgs/include/drone_msgs/drone_msgs/msg/detail/battery__rosidl_typesupport_fastrtps_c.h
[0.609s] -- Up-to-date symlink: /home/ishank/ros2_ws/install/drone_msgs/include/drone_msgs/drone_msgs/msg/detail/drone_state__rosidl_typesupport_fastrtps_c.h
[0.610s] -- Up-to-date symlink: /home/ishank/ros2_ws/install/drone_msgs/include/drone_msgs/drone_msgs/msg/detail/mission__rosidl_typesupport_fastrtps_c.h
[0.610s] -- Up-to-date symlink: /home/ishank/ros2_ws/install/drone_msgs/include/drone_msgs/drone_msgs/msg/detail/mission_plan__rosidl_typesupport_fastrtps_c.h
[0.611s] -- Up-to-date symlink: /home/ishank/ros2_ws/install/drone_msgs/include/drone_msgs/drone_msgs/msg/detail/primitive__rosidl_typesupport_fastrtps_c.h
[0.612s] -- Up-to-date symlink: /home/ishank/ros2_ws/install/drone_msgs/include/drone_msgs/drone_msgs/msg/detail/primitive_status__rosidl_typesupport_fastrtps_c.h
[0.612s] -- Up-to-date symlink: /home/ishank/ros2_ws/install/drone_msgs/include/drone_msgs/drone_msgs/msg/rosidl_typesupport_fastrtps_c__visibility_control.h
[0.615s] -- Up-to-date symlink: /home/ishank/ros2_ws/install/drone_msgs/include/drone_msgs/drone_msgs/msg/detail/battery__rosidl_typesupport_introspection_c.h
[0.616s] -- Up-to-date symlink: /home/ishank/ros2_ws/install/drone_msgs/include/drone_msgs/drone_msgs/msg/detail/drone_state__rosidl_typesupport_introspection_c.h
[0.616s] -- Up-to-date symlink: /home/ishank/ros2_ws/install/drone_msgs/include/drone_msgs/drone_msgs/msg/detail/mission__rosidl_typesupport_introspection_c.h
[0.617s] -- Up-to-date symlink: /home/ishank/ros2_ws/install/drone_msgs/include/drone_msgs/drone_msgs/msg/detail/mission_plan__rosidl_typesupport_introspection_c.h
[0.618s] -- Up-to-date symlink: /home/ishank/ros2_ws/install/drone_msgs/include/drone_msgs/drone_msgs/msg/detail/primitive__rosidl_typesupport_introspection_c.h
[0.619s] -- Up-to-date symlink: /home/ishank/ros2_ws/install/drone_msgs/include/drone_msgs/drone_msgs/msg/detail/primitive_status__rosidl_typesupport_introspection_c.h
[0.619s] -- Up-to-date symlink: /home/ishank/ros2_ws/install/drone_msgs/include/drone_msgs/drone_msgs/msg/rosidl_typesupport_introspection_c__visibility_control.h
[0.620s] -- Up-to-date symlink: /home/ishank/ros2_ws/install/drone_msgs/include/drone_msgs/drone_msgs/msg/battery.hpp
[0.621s] -- Up-to-date symlink: /home/ishank/ros2_ws/install/drone_msgs/include/drone_msgs/drone_msgs/msg/detail/battery__builder.hpp
[0.621s] -- Up-to-date symlink: /home/ishank/ros2_ws/install/drone_msgs/include/drone_msgs/drone_msgs/msg/detail/battery__struct.hpp
[0.622s] -- Up-to-date symlink: /home/ishank/ros2_ws/install/drone_msgs/include/drone_msgs/drone_msgs/msg/detail/battery__traits.hpp
[0.622s] -- Up-to-date symlink: /home/ishank/ros2_ws/install/drone_msgs/include/drone_msgs/drone_msgs/msg/detail/battery__type_support.hpp
[0.623s] -- Up-to-date symlink: /home/ishank/ros2_ws/install/drone_msgs/include/drone_msgs/drone_msgs/msg/detail/drone_state__builder.hpp
[0.623s] -- Up-to-date symlink: /home/ishank/ros2_ws/install/drone_msgs/include/drone_msgs/drone_msgs/msg/detail/drone_state__struct.hpp
[0.623s] -- Up-to-date symlink: /home/ishank/ros2_ws/install/drone_msgs/include/drone_msgs/drone_msgs/msg/detail/drone_state__traits.hpp
[0.624s] -- Up-to-date symlink: /home/ishank/ros2_ws/install/drone_msgs/include/drone_msgs/drone_msgs/msg/detail/drone_state__type_support.hpp
[0.624s] -- Up-to-date symlink: /home/ishank/ros2_ws/install/drone_msgs/include/drone_msgs/drone_msgs/msg/detail/mission__builder.hpp
[0.625s] -- Up-to-date symlink: /home/ishank/ros2_ws/install/drone_msgs/include/drone_msgs/drone_msgs/msg/detail/mission__struct.hpp
[0.625s] -- Up-to-date symlink: /home/ishank/ros2_ws/install/drone_msgs/include/drone_msgs/drone_msgs/msg/detail/mission__traits.hpp
[0.625s] -- Up-to-date symlink: /home/ishank/ros2_ws/install/drone_msgs/include/drone_msgs/drone_msgs/msg/detail/mission__type_support.hpp
[0.626s] -- Up-to-date symlink: /home/ishank/ros2_ws/install/drone_msgs/include/drone_msgs/drone_msgs/msg/detail/mission_plan__builder.hpp
[0.627s] -- Up-to-date symlink: /home/ishank/ros2_ws/install/drone_msgs/include/drone_msgs/drone_msgs/msg/detail/mission_plan__struct.hpp
[0.627s] -- Up-to-date symlink: /home/ishank/ros2_ws/install/drone_msgs/include/drone_msgs/drone_msgs/msg/detail/mission_plan__traits.hpp
[0.628s] -- Up-to-date symlink: /home/ishank/ros2_ws/install/drone_msgs/include/drone_msgs/drone_msgs/msg/detail/mission_plan__type_support.hpp
[0.629s] -- Up-to-date symlink: /home/ishank/ros2_ws/install/drone_msgs/include/drone_msgs/drone_msgs/msg/detail/primitive__builder.hpp
[0.629s] -- Up-to-date symlink: /home/ishank/ros2_ws/install/drone_msgs/include/drone_msgs/drone_msgs/msg/detail/primitive__struct.hpp
[0.630s] -- Up-to-date symlink: /home/ishank/ros2_ws/install/drone_msgs/include/drone_msgs/drone_msgs/msg/detail/primitive__traits.hpp
[0.630s] -- Up-to-date symlink: /home/ishank/ros2_ws/install/drone_msgs/include/drone_msgs/drone_msgs/msg/detail/primitive__type_support.hpp
[0.630s] -- Up-to-date symlink: /home/ishank/ros2_ws/install/drone_msgs/include/drone_msgs/drone_msgs/msg/detail/primitive_status__builder.hpp
[0.631s] -- Up-to-date symlink: /home/ishank/ros2_ws/install/drone_msgs/include/drone_msgs/drone_msgs/msg/detail/primitive_status__struct.hpp
[0.631s] -- Up-to-date symlink: /home/ishank/ros2_ws/install/drone_msgs/include/drone_msgs/drone_msgs/msg/detail/primitive_status__traits.hpp
[0.632s] -- Up-to-date symlink: /home/ishank/ros2_ws/install/drone_msgs/include/drone_msgs/drone_msgs/msg/detail/primitive_status__type_support.hpp
[0.632s] -- Up-to-date symlink: /home/ishank/ros2_ws/install/drone_msgs/include/drone_msgs/drone_msgs/msg/drone_state.hpp
[0.632s] -- Up-to-date symlink: /home/ishank/ros2_ws/install/drone_msgs/include/drone_msgs/drone_msgs/msg/mission.hpp
[0.633s] -- Up-to-date symlink: /home/ishank/ros2_ws/install/drone_msgs/include/drone_msgs/drone_msgs/msg/mission_plan.hpp
[0.633s] -- Up-to-date symlink: /home/ishank/ros2_ws/install/drone_msgs/include/drone_msgs/drone_msgs/msg/primitive.hpp
[0.634s] -- Up-to-date symlink: /home/ishank/ros2_ws/install/drone_msgs/include/drone_msgs/drone_msgs/msg/primitive_status.hpp
[0.634s] -- Up-to-date symlink: /home/ishank/ros2_ws/install/drone_msgs/include/drone_msgs/drone_msgs/msg/rosidl_generator_cpp__visibility_control.hpp
[0.635s] -- Up-to-date symlink: /home/ishank/ros2_ws/install/drone_msgs/include/drone_msgs/drone_msgs/msg/detail/battery__rosidl_typesupport_fastrtps_cpp.hpp
[0.636s] -- Up-to-date symlink: /home/ishank/ros2_ws/install/drone_msgs/include/drone_msgs/drone_msgs/msg/detail/drone_state__rosidl_typesupport_fastrtps_cpp.hpp
[0.636s] -- Up-to-date symlink: /home/ishank/ros2_ws/install/drone_msgs/include/drone_msgs/drone_msgs/msg/detail/mission__rosidl_typesupport_fastrtps_cpp.hpp
[0.636s] -- Up-to-date symlink: /home/ishank/ros2_ws/install/drone_msgs/include/drone_msgs/drone_msgs/msg/detail/mission_plan__rosidl_typesupport_fastrtps_cpp.hpp
[0.637s] -- Up-to-date symlink: /home/ishank/ros2_ws/install/drone_msgs/include/drone_msgs/drone_msgs/msg/detail/primitive__rosidl_typesupport_fastrtps_cpp.hpp
[0.637s] -- Up-to-date symlink: /home/ishank/ros2_ws/install/drone_msgs/include/drone_msgs/drone_msgs/msg/detail/primitive_status__rosidl_typesupport_fastrtps_cpp.hpp
[0.637s] -- Up-to-date symlink: /home/ishank/ros2_ws/install/drone_msgs/include/drone_msgs/drone_msgs/msg/rosidl_typesupport_fastrtps_cpp__visibility_control.h
[0.638s] -- Up-to-date symlink: /home/ishank/ros2_ws/install/drone_msgs/include/drone_msgs/drone_msgs/msg/detail/battery__rosidl_typesupport_introspection_cpp.hpp
[0.639s] -- Up-to-date symlink: /home/ishank/ros2_ws/install/drone_msgs/include/drone_msgs/drone_msgs/msg/detail/drone_state__rosidl_typesupport_introspection_cpp.hpp
[0.639s] -- Up-to-date symlink: /home/ishank/ros2_ws/install/drone_msgs/include/drone_msgs/drone_msgs/msg/detail/mission__rosidl_typesupport_introspection_cpp.hpp
[0.639s] -- Up-to-date symlink: /home/ishank/ros2_ws/install/drone_msgs/include/drone_msgs/drone_msgs/msg/detail/mission_plan__rosidl_typesupport_introspection_cpp.hpp
[0.640s] -- Up-to-date symlink: /home/ishank/ros2_ws/install/drone_msgs/include/drone_msgs/drone_msgs/msg/detail/primitive__rosidl_typesupport_introspection_cpp.hpp
[0.640s] -- Up-to-date symlink: /home/ishank/ros2_ws/install/drone_msgs/include/drone_msgs/drone_msgs/msg/detail/primitive_status__rosidl_typesupport_introspection_cpp.hpp
[0.641s] -- Up-to-date symlink: /home/ishank/ros2_ws/install/drone_msgs/share/drone_msgs/environment/pythonpath.sh
[0.641s] -- Up-to-date symlink: /home/ishank/ros2_ws/install/drone_msgs/share/drone_msgs/environment/pythonpath.dsv
[0.642s] -- Up-to-date symlink: /home/ishank/ros2_ws/install/drone_msgs/local/lib/python3.10/dist-packages/drone_msgs-0.0.0-py3.10.egg-info/PKG-INFO
[0.643s] -- Up-to-date symlink: /home/ishank/ros2_ws/install/drone_msgs/local/lib/python3.10/dist-packages/drone_msgs-0.0.0-py3.10.egg-info/SOURCES.txt
[0.643s] -- Up-to-date symlink: /home/ishank/ros2_ws/install/drone_msgs/local/lib/python3.10/dist-packages/drone_msgs-0.0.0-py3.10.egg-info/dependency_links.txt
[0.643s] -- Up-to-date symlink: /home/ishank/ros2_ws/install/drone_msgs/local/lib/python3.10/dist-packages/drone_msgs-0.0.0-py3.10.egg-info/top_level.txt
[0.645s] -- Up-to-date symlink: /home/ishank/ros2_ws/install/drone_msgs/local/lib/python3.10/dist-packages/drone_msgs/__init__.py
[0.645s] -- Up-to-date symlink: /home/ishank/ros2_ws/install/drone_msgs/local/lib/python3.10/dist-packages/drone_msgs/_drone_msgs_s.ep.rosidl_typesupport_c.c
[0.645s] -- Up-to-date symlink: /home/ishank/ros2_ws/install/drone_msgs/local/lib/python3.10/dist-packages/drone_msgs/_drone_msgs_s.ep.rosidl_typesupport_fastrtps_c.c
[0.646s] -- Up-to-date symlink: /home/ishank/ros2_ws/install/drone_msgs/local/lib/python3.10/dist-packages/drone_msgs/_drone_msgs_s.ep.rosidl_typesupport_introspection_c.c
[0.646s] -- Up-to-date symlink: /home/ishank/ros2_ws/install/drone_msgs/local/lib/python3.10/dist-packages/drone_msgs/drone_msgs_s__rosidl_typesupport_c.cpython-310-x86_64-linux-gnu.so
[0.647s] -- Up-to-date symlink: /home/ishank/ros2_ws/install/drone_msgs/local/lib/python3.10/dist-packages/drone_msgs/drone_msgs_s__rosidl_typesupport_fastrtps_c.cpython-310-x86_64-linux-gnu.so
[0.647s] -- Up-to-date symlink: /home/ishank/ros2_ws/install/drone_msgs/local/lib/python3.10/dist-packages/drone_msgs/drone_msgs_s__rosidl_typesupport_introspection_c.cpython-310-x86_64-linux-gnu.so
[0.648s] -- Up-to-date symlink: /home/ishank/ros2_ws/install/drone_msgs/local/lib/python3.10/dist-packages/drone_msgs/libdrone_msgs__rosidl_generator_py.so
[0.648s] -- Up-to-date symlink: /home/ishank/ros2_ws/install/drone_msgs/local/lib/python3.10/dist-packages/drone_msgs/msg/__init__.py
[0.649s] -- Up-to-date symlink: /home/ishank/ros2_ws/install/drone_msgs/local/lib/python3.10/dist-packages/drone_msgs/msg/_battery.py
[0.649s] -- Up-to-date symlink: /home/ishank/ros2_ws/install/drone_msgs/local/lib/python3.10/dist-packages/drone_msgs/msg/_battery_s.c
[0.650s] -- Up-to-date symlink: /home/ishank/ros2_ws/install/drone_msgs/local/lib/python3.10/dist-packages/drone_msgs/msg/_drone_state.py
[0.650s] -- Up-to-date symlink: /home/ishank/ros2_ws/install/drone_msgs/local/lib/python3.10/dist-packages/drone_msgs/msg/_drone_state_s.c
[0.651s] -- Up-to-date symlink: /home/ishank/ros2_ws/install/drone_msgs/local/lib/python3.10/dist-packages/drone_msgs/msg/_mission.py
[0.651s] -- Up-to-date symlink: /home/ishank/ros2_ws/install/drone_msgs/local/lib/python3.10/dist-packages/drone_msgs/msg/_mission_plan.py
[0.652s] -- Up-to-date symlink: /home/ishank/ros2_ws/install/drone_msgs/local/lib/python3.10/dist-packages/drone_msgs/msg/_mission_plan_s.c
[0.652s] -- Up-to-date symlink: /home/ishank/ros2_ws/install/drone_msgs/local/lib/python3.10/dist-packages/drone_msgs/msg/_mission_s.c
[0.652s] -- Up-to-date symlink: /home/ishank/ros2_ws/install/drone_msgs/local/lib/python3.10/dist-packages/drone_msgs/msg/_primitive.py
[0.653s] -- Up-to-date symlink: /home/ishank/ros2_ws/install/drone_msgs/local/lib/python3.10/dist-packages/drone_msgs/msg/_primitive_s.c
[0.653s] -- Up-to-date symlink: /home/ishank/ros2_ws/install/drone_msgs/local/lib/python3.10/dist-packages/drone_msgs/msg/_primitive_status.py
[0.654s] -- Up-to-date symlink: /home/ishank/ros2_ws/install/drone_msgs/local/lib/python3.10/dist-packages/drone_msgs/msg/_primitive_status_s.c
[0.654s] -- Up-to-date symlink: /home/ishank/ros2_ws/install/drone_msgs/local/lib/python3.10/dist-packages/drone_msgs/drone_msgs_s__rosidl_typesupport_fastrtps_c.cpython-310-x86_64-linux-gnu.so
[0.655s] -- Up-to-date symlink: /home/ishank/ros2_ws/install/drone_msgs/local/lib/python3.10/dist-packages/drone_msgs/drone_msgs_s__rosidl_typesupport_introspection_c.cpython-310-x86_64-linux-gnu.so
[0.655s] -- Up-to-date symlink: /home/ishank/ros2_ws/install/drone_msgs/local/lib/python3.10/dist-packages/drone_msgs/drone_msgs_s__rosidl_typesupport_c.cpython-310-x86_64-linux-gnu.so
[0.656s] -- Up-to-date symlink: /home/ishank/ros2_ws/install/drone_msgs/share/ament_index/resource_index/rust_packages/drone_msgs
[0.657s] -- Up-to-date symlink: /home/ishank/ros2_ws/install/drone_msgs/share/drone_msgs/rust/Cargo.toml
[0.657s] -- Up-to-date symlink: /home/ishank/ros2_ws/install/drone_msgs/share/drone_msgs/rust/build.rs
[0.658s] -- Up-to-date symlink: /home/ishank/ros2_ws/install/drone_msgs/share/drone_msgs/rust/src/lib.rs
[0.658s] -- Up-to-date symlink: /home/ishank/ros2_ws/install/drone_msgs/share/drone_msgs/rust/src/msg.rs
[0.659s] -- Up-to-date symlink: /home/ishank/ros2_ws/install/drone_msgs/share/drone_msgs/rust/src/msg/rmw.rs
[0.660s] -- Up-to-date symlink: /home/ishank/ros2_ws/install/drone_msgs/share/drone_msgs/msg/DroneState.idl
[0.660s] -- Up-to-date symlink: /home/ishank/ros2_ws/install/drone_msgs/share/drone_msgs/msg/Primitive.idl
[0.661s] -- Up-to-date symlink: /home/ishank/ros2_ws/install/drone_msgs/share/drone_msgs/msg/Mission.idl
[0.661s] -- Up-to-date symlink: /home/ishank/ros2_ws/install/drone_msgs/share/drone_msgs/msg/MissionPlan.idl
[0.662s] -- Up-to-date symlink: /home/ishank/ros2_ws/install/drone_msgs/share/drone_msgs/msg/PrimitiveStatus.idl
[0.662s] -- Up-to-date symlink: /home/ishank/ros2_ws/install/drone_msgs/share/drone_msgs/msg/Battery.idl
[0.663s] -- Up-to-date symlink: /home/ishank/ros2_ws/install/drone_msgs/share/drone_msgs/msg/DroneState.msg
[0.663s] -- Up-to-date symlink: /home/ishank/ros2_ws/install/drone_msgs/share/drone_msgs/msg/Primitive.msg
[0.663s] -- Up-to-date symlink: /home/ishank/ros2_ws/install/drone_msgs/share/drone_msgs/msg/Mission.msg
[0.663s] -- Up-to-date symlink: /home/ishank/ros2_ws/install/drone_msgs/share/drone_msgs/msg/MissionPlan.msg
[0.664s] -- Up-to-date symlink: /home/ishank/ros2_ws/install/drone_msgs/share/drone_msgs/msg/PrimitiveStatus.msg
[0.664s] -- Up-to-date symlink: /home/ishank/ros2_ws/install/drone_msgs/share/drone_msgs/msg/Battery.msg
[0.664s] -- Up-to-date symlink: /home/ishank/ros2_ws/install/drone_msgs/share/ament_index/resource_index/package_run_dependencies/drone_msgs
[0.664s] -- Up-to-date symlink: /home/ishank/ros2_ws/install/drone_msgs/share/ament_index/resource_index/parent_prefix_path/drone_msgs
[0.665s] -- Up-to-date symlink: /home/ishank/ros2_ws/install/drone_msgs/share/drone_msgs/environment/ament_prefix_path.sh
[0.665s] -- Up-to-date symlink: /home/ishank/ros2_ws/install/drone_msgs/share/drone_msgs/environment/ament_prefix_path.dsv
[0.666s] -- Up-to-date symlink: /home/ishank/ros2_ws/install/drone_msgs/share/drone_msgs/environment/path.sh
[0.666s] -- Up-to-date symlink: /home/ishank/ros2_ws/install/drone_msgs/share/drone_msgs/environment/path.dsv
[0.667s] -- Up-to-date symlink: /home/ishank/ros2_ws/install/drone_msgs/share/drone_msgs/local_setup.bash
[0.667s] -- Up-to-date symlink: /home/ishank/ros2_ws/install/drone_msgs/share/drone_msgs/local_setup.sh
[0.668s] -- Up-to-date symlink: /home/ishank/ros2_ws/install/drone_msgs/share/drone_msgs/local_setup.zsh
[0.668s] -- Up-to-date symlink: /home/ishank/ros2_ws/install/drone_msgs/share/drone_msgs/local_setup.dsv
[0.668s] -- Symlinking: /home/ishank/ros2_ws/install/drone_msgs/share/drone_msgs/package.dsv
[0.679s] -- Up-to-date symlink: /home/ishank/ros2_ws/install/drone_msgs/share/ament_index/resource_index/packages/drone_msgs
[0.679s] -- Up-to-date symlink: /home/ishank/ros2_ws/install/drone_msgs/share/drone_msgs/cmake/rosidl_cmake-extras.cmake
[0.679s] -- Up-to-date symlink: /home/ishank/ros2_ws/install/drone_msgs/share/drone_msgs/cmake/ament_cmake_export_dependencies-extras.cmake
[0.680s] -- Up-to-date symlink: /home/ishank/ros2_ws/install/drone_msgs/share/drone_msgs/cmake/ament_cmake_export_include_directories-extras.cmake
[0.680s] -- Up-to-date symlink: /home/ishank/ros2_ws/install/drone_msgs/share/drone_msgs/cmake/ament_cmake_export_libraries-extras.cmake
[0.680s] -- Up-to-date symlink: /home/ishank/ros2_ws/install/drone_msgs/share/drone_msgs/cmake/ament_cmake_export_targets-extras.cmake
[0.681s] -- Up-to-date symlink: /home/ishank/ros2_ws/install/drone_msgs/share/drone_msgs/cmake/rosidl_cmake_export_typesupport_targets-extras.cmake
[0.681s] -- Up-to-date symlink: /home/ishank/ros2_ws/install/drone_msgs/share/drone_msgs/cmake/rosidl_cmake_export_typesupport_libraries-extras.cmake
[0.682s] -- Up-to-date symlink: /home/ishank/ros2_ws/install/drone_msgs/share/drone_msgs/cmake/drone_msgsConfig.cmake
[0.682s] -- Up-to-date symlink: /home/ishank/ros2_ws/install/drone_msgs/share/drone_msgs/cmake/drone_msgsConfig-version.cmake
[0.682s] -- Up-to-date symlink: /home/ishank/ros2_ws/install/drone_msgs/share/drone_msgs/package.xml
[0.683s] -- Up-to-date: /home/ishank/ros2_ws/install/drone_msgs/lib/libdrone_msgs__rosidl_generator_c.so
[0.683s] -- Up-to-date: /home/ishank/ros2_ws/install/drone_msgs/lib/libdrone_msgs__rosidl_typesupport_fastrtps_c.so
[0.683s] -- Up-to-date: /home/ishank/ros2_ws/install/drone_msgs/lib/libdrone_msgs__rosidl_typesupport_introspection_c.so
[0.684s] -- Up-to-date: /home/ishank/ros2_ws/install/drone_msgs/lib/libdrone_msgs__rosidl_typesupport_c.so
[0.684s] -- Up-to-date: /home/ishank/ros2_ws/install/drone_msgs/lib/libdrone_msgs__rosidl_typesupport_fastrtps_cpp.so
[0.684s] -- Up-to-date: /home/ishank/ros2_ws/install/drone_msgs/lib/libdrone_msgs__rosidl_typesupport_introspection_cpp.so
[0.684s] -- Up-to-date: /home/ishank/ros2_ws/install/drone_msgs/lib/libdrone_msgs__rosidl_typesupport_cpp.so
[0.715s] Listing '/home/ishank/ros2_ws/install/drone_msgs/local/lib/python3.10/dist-packages/drone_msgs'...
[0.716s] Listing '/home/ishank/ros2_ws/install/drone_msgs/local/lib/python3.10/dist-packages/drone_msgs/msg'...
[0.722s] -- Up-to-date: /home/ishank/ros2_ws/install/drone_msgs/lib/libdrone_msgs__rosidl_generator_py.so
[0.722s] -- Up-to-date: /home/ishank/ros2_ws/install/drone_msgs/share/drone_msgs/cmake/export_drone_msgs__rosidl_generator_cExport.cmake
[0.723s] -- Up-to-date: /home/ishank/ros2_ws/install/drone_msgs/share/drone_msgs/cmake/export_drone_msgs__rosidl_generator_cExport-noconfig.cmake
[0.723s] -- Up-to-date: /home/ishank/ros2_ws/install/drone_msgs/share/drone_msgs/cmake/export_drone_msgs__rosidl_typesupport_fastrtps_cExport.cmake
[0.723s] -- Up-to-date: /home/ishank/ros2_ws/install/drone_msgs/share/drone_msgs/cmake/export_drone_msgs__rosidl_typesupport_fastrtps_cExport-noconfig.cmake
[0.723s] -- Up-to-date: /home/ishank/ros2_ws/install/drone_msgs/share/drone_msgs/cmake/drone_msgs__rosidl_typesupport_introspection_cExport.cmake
[0.724s] -- Up-to-date: /home/ishank/ros2_ws/install/drone_msgs/share/drone_msgs/cmake/drone_msgs__rosidl_typesupport_introspection_cExport-noconfig.cmake
[0.724s] -- Up-to-date: /home/ishank/ros2_ws/install/drone_msgs/share/drone_msgs/cmake/drone_msgs__rosidl_typesupport_cExport.cmake
[0.724s] -- Up-to-date: /home/ishank/ros2_ws/install/drone_msgs/share/drone_msgs/cmake/drone_msgs__rosidl_typesupport_cExport-noconfig.cmake
[0.724s] -- Up-to-date: /home/ishank/ros2_ws/install/drone_msgs/share/drone_msgs/cmake/export_drone_msgs__rosidl_generator_cppExport.cmake
[0.725s] -- Up-to-date: /home/ishank/ros2_ws/install/drone_msgs/share/drone_msgs/cmake/export_drone_msgs__rosidl_typesupport_fastrtps_cppExport.cmake
[0.725s] -- Up-to-date: /home/ishank/ros2_ws/install/drone_msgs/share/drone_msgs/cmake/export_drone_msgs__rosidl_typesupport_fastrtps_cppExport-noconfig.cmake
[0.725s] -- Up-to-date: /home/ishank/ros2_ws/install/drone_msgs/share/drone_msgs/cmake/drone_msgs__rosidl_typesupport_introspection_cppExport.cmake
[0.725s] -- Up-to-date: /home/ishank/ros2_ws/install/drone_msgs/share/drone_msgs/cmake/drone_msgs__rosidl_typesupport_introspection_cppExport-noconfig.cmake
[0.726s] -- Up-to-date: /home/ishank/ros2_ws/install/drone_msgs/share/drone_msgs/cmake/drone_msgs__rosidl_typesupport_cppExport.cmake
[0.726s] -- Up-to-date: /home/ishank/ros2_ws/install/drone_msgs/share/drone_msgs/cmake/drone_msgs__rosidl_typesupport_cppExport-noconfig.cmake
[0.726s] -- Up-to-date: /home/ishank/ros2_ws/install/drone_msgs/share/drone_msgs/cmake/export_drone_msgs__rosidl_generator_pyExport.cmake
[0.726s] -- Up-to-date: /home/ishank/ros2_ws/install/drone_msgs/share/drone_msgs/cmake/export_drone_msgs__rosidl_generator_pyExport-noconfig.cmake
[0.729s] Invoked command in '/home/ishank/ros2_ws/build/drone_msgs' returned '0': CMAKE_PREFIX_PATH=${CMAKE_PREFIX_PATH}:/opt/ros/humble /usr/bin/cmake --install /home/ishank/ros2_ws/build/drone_msgs
