[0.050s] Invoking command in '/home/ishank/ros2_ws/build/drone_msgs': CMAKE_PREFIX_PATH=${CMAKE_PREFIX_PATH}:/opt/ros/humble /usr/bin/cmake --build /home/ishank/ros2_ws/build/drone_msgs -- -j8 -l8
[0.260s] [  1%] Built target drone_msgs__rs
[0.260s] [  2%] Built target drone_msgs__cpp
[0.270s] [ 13%] Built target drone_msgs__rosidl_generator_c
[0.272s] [ 13%] Built target ament_cmake_python_symlink_drone_msgs
[0.339s] [ 25%] Built target drone_msgs__rosidl_typesupport_fastrtps_cpp
[0.339s] [ 43%] Built target drone_msgs__rosidl_typesupport_cpp
[0.343s] [ 48%] Built target drone_msgs__rosidl_typesupport_fastrtps_c
[0.344s] [ 70%] Built target drone_msgs__rosidl_typesupport_c
[0.346s] [ 79%] Built target drone_msgs__rosidl_typesupport_introspection_c
[0.347s] [ 80%] Built target drone_msgs__rosidl_typesupport_introspection_cpp
[0.383s] [ 80%] Built target drone_msgs
[0.433s] [ 81%] Built target drone_msgs__py
[0.494s] [ 91%] Built target drone_msgs__rosidl_generator_py
[0.553s] [ 95%] Built target drone_msgs__rosidl_typesupport_introspection_c__pyext
[0.553s] [ 97%] Built target drone_msgs__rosidl_typesupport_fastrtps_c__pyext
[0.554s] [100%] Built target drone_msgs__rosidl_typesupport_c__pyext
[0.845s] running egg_info
[0.847s] writing drone_msgs.egg-info/PKG-INFO
[0.849s] writing dependency_links to drone_msgs.egg-info/dependency_links.txt
[0.850s] writing top-level names to drone_msgs.egg-info/top_level.txt
[0.860s] reading manifest file 'drone_msgs.egg-info/SOURCES.txt'
[0.863s] writing manifest file 'drone_msgs.egg-info/SOURCES.txt'
[0.951s] [100%] Built target ament_cmake_python_build_drone_msgs_egg
[0.999s] Invoked command in '/home/ishank/ros2_ws/build/drone_msgs' returned '0': CMAKE_PREFIX_PATH=${CMAKE_PREFIX_PATH}:/opt/ros/humble /usr/bin/cmake --build /home/ishank/ros2_ws/build/drone_msgs -- -j8 -l8
[1.009s] Invoking command in '/home/ishank/ros2_ws/build/drone_msgs': CMAKE_PREFIX_PATH=${CMAKE_PREFIX_PATH}:/opt/ros/humble /usr/bin/cmake --install /home/ishank/ros2_ws/build/drone_msgs
[1.041s] -- Install configuration: ""
[1.044s] -- Execute custom install script
[1.046s] -- Up-to-date symlink: /home/ishank/ros2_ws/install/drone_msgs/share/ament_index/resource_index/rosidl_interfaces/drone_msgs
[1.051s] -- Up-to-date symlink: /home/ishank/ros2_ws/install/drone_msgs/include/drone_msgs/drone_msgs/msg/battery.h
[1.051s] -- Up-to-date symlink: /home/ishank/ros2_ws/install/drone_msgs/include/drone_msgs/drone_msgs/msg/detail/battery__functions.h
[1.053s] -- Up-to-date symlink: /home/ishank/ros2_ws/install/drone_msgs/include/drone_msgs/drone_msgs/msg/detail/battery__struct.h
[1.056s] -- Up-to-date symlink: /home/ishank/ros2_ws/install/drone_msgs/include/drone_msgs/drone_msgs/msg/detail/battery__type_support.h
[1.059s] -- Up-to-date symlink: /home/ishank/ros2_ws/install/drone_msgs/include/drone_msgs/drone_msgs/msg/detail/drone_state__functions.h
[1.059s] -- Up-to-date symlink: /home/ishank/ros2_ws/install/drone_msgs/include/drone_msgs/drone_msgs/msg/detail/drone_state__struct.h
[1.060s] -- Up-to-date symlink: /home/ishank/ros2_ws/install/drone_msgs/include/drone_msgs/drone_msgs/msg/detail/drone_state__type_support.h
[1.060s] -- Up-to-date symlink: /home/ishank/ros2_ws/install/drone_msgs/include/drone_msgs/drone_msgs/msg/detail/mission__functions.h
[1.062s] -- Up-to-date symlink: /home/ishank/ros2_ws/install/drone_msgs/include/drone_msgs/drone_msgs/msg/detail/mission__struct.h
[1.063s] -- Up-to-date symlink: /home/ishank/ros2_ws/install/drone_msgs/include/drone_msgs/drone_msgs/msg/detail/mission__type_support.h
[1.065s] -- Up-to-date symlink: /home/ishank/ros2_ws/install/drone_msgs/include/drone_msgs/drone_msgs/msg/detail/mission_plan__functions.h
[1.066s] -- Up-to-date symlink: /home/ishank/ros2_ws/install/drone_msgs/include/drone_msgs/drone_msgs/msg/detail/mission_plan__struct.h
[1.067s] -- Up-to-date symlink: /home/ishank/ros2_ws/install/drone_msgs/include/drone_msgs/drone_msgs/msg/detail/mission_plan__type_support.h
[1.068s] -- Up-to-date symlink: /home/ishank/ros2_ws/install/drone_msgs/include/drone_msgs/drone_msgs/msg/detail/primitive__functions.h
[1.069s] -- Up-to-date symlink: /home/ishank/ros2_ws/install/drone_msgs/include/drone_msgs/drone_msgs/msg/detail/primitive__struct.h
[1.070s] -- Up-to-date symlink: /home/ishank/ros2_ws/install/drone_msgs/include/drone_msgs/drone_msgs/msg/detail/primitive__type_support.h
[1.071s] -- Up-to-date symlink: /home/ishank/ros2_ws/install/drone_msgs/include/drone_msgs/drone_msgs/msg/detail/primitive_status__functions.h
[1.071s] -- Up-to-date symlink: /home/ishank/ros2_ws/install/drone_msgs/include/drone_msgs/drone_msgs/msg/detail/primitive_status__struct.h
[1.072s] -- Up-to-date symlink: /home/ishank/ros2_ws/install/drone_msgs/include/drone_msgs/drone_msgs/msg/detail/primitive_status__type_support.h
[1.072s] -- Up-to-date symlink: /home/ishank/ros2_ws/install/drone_msgs/include/drone_msgs/drone_msgs/msg/drone_state.h
[1.074s] -- Up-to-date symlink: /home/ishank/ros2_ws/install/drone_msgs/include/drone_msgs/drone_msgs/msg/mission.h
[1.074s] -- Up-to-date symlink: /home/ishank/ros2_ws/install/drone_msgs/include/drone_msgs/drone_msgs/msg/mission_plan.h
[1.075s] -- Up-to-date symlink: /home/ishank/ros2_ws/install/drone_msgs/include/drone_msgs/drone_msgs/msg/primitive.h
[1.076s] -- Up-to-date symlink: /home/ishank/ros2_ws/install/drone_msgs/include/drone_msgs/drone_msgs/msg/primitive_status.h
[1.077s] -- Up-to-date symlink: /home/ishank/ros2_ws/install/drone_msgs/include/drone_msgs/drone_msgs/msg/rosidl_generator_c__visibility_control.h
[1.078s] -- Up-to-date symlink: /home/ishank/ros2_ws/install/drone_msgs/share/drone_msgs/environment/library_path.sh
[1.079s] -- Up-to-date symlink: /home/ishank/ros2_ws/install/drone_msgs/share/drone_msgs/environment/library_path.dsv
[1.082s] -- Up-to-date symlink: /home/ishank/ros2_ws/install/drone_msgs/include/drone_msgs/drone_msgs/msg/detail/battery__rosidl_typesupport_fastrtps_c.h
[1.083s] -- Up-to-date symlink: /home/ishank/ros2_ws/install/drone_msgs/include/drone_msgs/drone_msgs/msg/detail/drone_state__rosidl_typesupport_fastrtps_c.h
[1.085s] -- Up-to-date symlink: /home/ishank/ros2_ws/install/drone_msgs/include/drone_msgs/drone_msgs/msg/detail/mission__rosidl_typesupport_fastrtps_c.h
[1.085s] -- Up-to-date symlink: /home/ishank/ros2_ws/install/drone_msgs/include/drone_msgs/drone_msgs/msg/detail/mission_plan__rosidl_typesupport_fastrtps_c.h
[1.086s] -- Up-to-date symlink: /home/ishank/ros2_ws/install/drone_msgs/include/drone_msgs/drone_msgs/msg/detail/primitive__rosidl_typesupport_fastrtps_c.h
[1.087s] -- Up-to-date symlink: /home/ishank/ros2_ws/install/drone_msgs/include/drone_msgs/drone_msgs/msg/detail/primitive_status__rosidl_typesupport_fastrtps_c.h
[1.087s] -- Up-to-date symlink: /home/ishank/ros2_ws/install/drone_msgs/include/drone_msgs/drone_msgs/msg/rosidl_typesupport_fastrtps_c__visibility_control.h
[1.089s] -- Up-to-date symlink: /home/ishank/ros2_ws/install/drone_msgs/include/drone_msgs/drone_msgs/msg/detail/battery__rosidl_typesupport_introspection_c.h
[1.090s] -- Up-to-date symlink: /home/ishank/ros2_ws/install/drone_msgs/include/drone_msgs/drone_msgs/msg/detail/drone_state__rosidl_typesupport_introspection_c.h
[1.090s] -- Up-to-date symlink: /home/ishank/ros2_ws/install/drone_msgs/include/drone_msgs/drone_msgs/msg/detail/mission__rosidl_typesupport_introspection_c.h
[1.091s] -- Up-to-date symlink: /home/ishank/ros2_ws/install/drone_msgs/include/drone_msgs/drone_msgs/msg/detail/mission_plan__rosidl_typesupport_introspection_c.h
[1.092s] -- Up-to-date symlink: /home/ishank/ros2_ws/install/drone_msgs/include/drone_msgs/drone_msgs/msg/detail/primitive__rosidl_typesupport_introspection_c.h
[1.092s] -- Up-to-date symlink: /home/ishank/ros2_ws/install/drone_msgs/include/drone_msgs/drone_msgs/msg/detail/primitive_status__rosidl_typesupport_introspection_c.h
[1.093s] -- Up-to-date symlink: /home/ishank/ros2_ws/install/drone_msgs/include/drone_msgs/drone_msgs/msg/rosidl_typesupport_introspection_c__visibility_control.h
[1.096s] -- Up-to-date symlink: /home/ishank/ros2_ws/install/drone_msgs/include/drone_msgs/drone_msgs/msg/battery.hpp
[1.097s] -- Up-to-date symlink: /home/ishank/ros2_ws/install/drone_msgs/include/drone_msgs/drone_msgs/msg/detail/battery__builder.hpp
[1.098s] -- Up-to-date symlink: /home/ishank/ros2_ws/install/drone_msgs/include/drone_msgs/drone_msgs/msg/detail/battery__struct.hpp
[1.099s] -- Up-to-date symlink: /home/ishank/ros2_ws/install/drone_msgs/include/drone_msgs/drone_msgs/msg/detail/battery__traits.hpp
[1.100s] -- Up-to-date symlink: /home/ishank/ros2_ws/install/drone_msgs/include/drone_msgs/drone_msgs/msg/detail/battery__type_support.hpp
[1.102s] -- Up-to-date symlink: /home/ishank/ros2_ws/install/drone_msgs/include/drone_msgs/drone_msgs/msg/detail/drone_state__builder.hpp
[1.103s] -- Up-to-date symlink: /home/ishank/ros2_ws/install/drone_msgs/include/drone_msgs/drone_msgs/msg/detail/drone_state__struct.hpp
[1.104s] -- Up-to-date symlink: /home/ishank/ros2_ws/install/drone_msgs/include/drone_msgs/drone_msgs/msg/detail/drone_state__traits.hpp
[1.105s] -- Up-to-date symlink: /home/ishank/ros2_ws/install/drone_msgs/include/drone_msgs/drone_msgs/msg/detail/drone_state__type_support.hpp
[1.106s] -- Up-to-date symlink: /home/ishank/ros2_ws/install/drone_msgs/include/drone_msgs/drone_msgs/msg/detail/mission__builder.hpp
[1.108s] -- Up-to-date symlink: /home/ishank/ros2_ws/install/drone_msgs/include/drone_msgs/drone_msgs/msg/detail/mission__struct.hpp
[1.109s] -- Up-to-date symlink: /home/ishank/ros2_ws/install/drone_msgs/include/drone_msgs/drone_msgs/msg/detail/mission__traits.hpp
[1.109s] -- Up-to-date symlink: /home/ishank/ros2_ws/install/drone_msgs/include/drone_msgs/drone_msgs/msg/detail/mission__type_support.hpp
[1.110s] -- Up-to-date symlink: /home/ishank/ros2_ws/install/drone_msgs/include/drone_msgs/drone_msgs/msg/detail/mission_plan__builder.hpp
[1.111s] -- Up-to-date symlink: /home/ishank/ros2_ws/install/drone_msgs/include/drone_msgs/drone_msgs/msg/detail/mission_plan__struct.hpp
[1.112s] -- Up-to-date symlink: /home/ishank/ros2_ws/install/drone_msgs/include/drone_msgs/drone_msgs/msg/detail/mission_plan__traits.hpp
[1.113s] -- Up-to-date symlink: /home/ishank/ros2_ws/install/drone_msgs/include/drone_msgs/drone_msgs/msg/detail/mission_plan__type_support.hpp
[1.114s] -- Up-to-date symlink: /home/ishank/ros2_ws/install/drone_msgs/include/drone_msgs/drone_msgs/msg/detail/primitive__builder.hpp
[1.115s] -- Up-to-date symlink: /home/ishank/ros2_ws/install/drone_msgs/include/drone_msgs/drone_msgs/msg/detail/primitive__struct.hpp
[1.115s] -- Up-to-date symlink: /home/ishank/ros2_ws/install/drone_msgs/include/drone_msgs/drone_msgs/msg/detail/primitive__traits.hpp
[1.116s] -- Up-to-date symlink: /home/ishank/ros2_ws/install/drone_msgs/include/drone_msgs/drone_msgs/msg/detail/primitive__type_support.hpp
[1.116s] -- Up-to-date symlink: /home/ishank/ros2_ws/install/drone_msgs/include/drone_msgs/drone_msgs/msg/detail/primitive_status__builder.hpp
[1.117s] -- Up-to-date symlink: /home/ishank/ros2_ws/install/drone_msgs/include/drone_msgs/drone_msgs/msg/detail/primitive_status__struct.hpp
[1.117s] -- Up-to-date symlink: /home/ishank/ros2_ws/install/drone_msgs/include/drone_msgs/drone_msgs/msg/detail/primitive_status__traits.hpp
[1.117s] -- Up-to-date symlink: /home/ishank/ros2_ws/install/drone_msgs/include/drone_msgs/drone_msgs/msg/detail/primitive_status__type_support.hpp
[1.118s] -- Up-to-date symlink: /home/ishank/ros2_ws/install/drone_msgs/include/drone_msgs/drone_msgs/msg/drone_state.hpp
[1.118s] -- Up-to-date symlink: /home/ishank/ros2_ws/install/drone_msgs/include/drone_msgs/drone_msgs/msg/mission.hpp
[1.118s] -- Up-to-date symlink: /home/ishank/ros2_ws/install/drone_msgs/include/drone_msgs/drone_msgs/msg/mission_plan.hpp
[1.119s] -- Up-to-date symlink: /home/ishank/ros2_ws/install/drone_msgs/include/drone_msgs/drone_msgs/msg/primitive.hpp
[1.119s] -- Up-to-date symlink: /home/ishank/ros2_ws/install/drone_msgs/include/drone_msgs/drone_msgs/msg/primitive_status.hpp
[1.120s] -- Up-to-date symlink: /home/ishank/ros2_ws/install/drone_msgs/include/drone_msgs/drone_msgs/msg/rosidl_generator_cpp__visibility_control.hpp
[1.120s] -- Up-to-date symlink: /home/ishank/ros2_ws/install/drone_msgs/include/drone_msgs/drone_msgs/msg/detail/battery__rosidl_typesupport_fastrtps_cpp.hpp
[1.120s] -- Up-to-date symlink: /home/ishank/ros2_ws/install/drone_msgs/include/drone_msgs/drone_msgs/msg/detail/drone_state__rosidl_typesupport_fastrtps_cpp.hpp
[1.121s] -- Up-to-date symlink: /home/ishank/ros2_ws/install/drone_msgs/include/drone_msgs/drone_msgs/msg/detail/mission__rosidl_typesupport_fastrtps_cpp.hpp
[1.121s] -- Up-to-date symlink: /home/ishank/ros2_ws/install/drone_msgs/include/drone_msgs/drone_msgs/msg/detail/mission_plan__rosidl_typesupport_fastrtps_cpp.hpp
[1.121s] -- Up-to-date symlink: /home/ishank/ros2_ws/install/drone_msgs/include/drone_msgs/drone_msgs/msg/detail/primitive__rosidl_typesupport_fastrtps_cpp.hpp
[1.121s] -- Up-to-date symlink: /home/ishank/ros2_ws/install/drone_msgs/include/drone_msgs/drone_msgs/msg/detail/primitive_status__rosidl_typesupport_fastrtps_cpp.hpp
[1.122s] -- Up-to-date symlink: /home/ishank/ros2_ws/install/drone_msgs/include/drone_msgs/drone_msgs/msg/rosidl_typesupport_fastrtps_cpp__visibility_control.h
[1.122s] -- Up-to-date symlink: /home/ishank/ros2_ws/install/drone_msgs/include/drone_msgs/drone_msgs/msg/detail/battery__rosidl_typesupport_introspection_cpp.hpp
[1.123s] -- Up-to-date symlink: /home/ishank/ros2_ws/install/drone_msgs/include/drone_msgs/drone_msgs/msg/detail/drone_state__rosidl_typesupport_introspection_cpp.hpp
[1.124s] -- Up-to-date symlink: /home/ishank/ros2_ws/install/drone_msgs/include/drone_msgs/drone_msgs/msg/detail/mission__rosidl_typesupport_introspection_cpp.hpp
[1.124s] -- Up-to-date symlink: /home/ishank/ros2_ws/install/drone_msgs/include/drone_msgs/drone_msgs/msg/detail/mission_plan__rosidl_typesupport_introspection_cpp.hpp
[1.124s] -- Up-to-date symlink: /home/ishank/ros2_ws/install/drone_msgs/include/drone_msgs/drone_msgs/msg/detail/primitive__rosidl_typesupport_introspection_cpp.hpp
[1.125s] -- Up-to-date symlink: /home/ishank/ros2_ws/install/drone_msgs/include/drone_msgs/drone_msgs/msg/detail/primitive_status__rosidl_typesupport_introspection_cpp.hpp
[1.125s] -- Up-to-date symlink: /home/ishank/ros2_ws/install/drone_msgs/share/drone_msgs/environment/pythonpath.sh
[1.125s] -- Up-to-date symlink: /home/ishank/ros2_ws/install/drone_msgs/share/drone_msgs/environment/pythonpath.dsv
[1.126s] -- Up-to-date symlink: /home/ishank/ros2_ws/install/drone_msgs/local/lib/python3.10/dist-packages/drone_msgs-0.0.0-py3.10.egg-info/PKG-INFO
[1.127s] -- Up-to-date symlink: /home/ishank/ros2_ws/install/drone_msgs/local/lib/python3.10/dist-packages/drone_msgs-0.0.0-py3.10.egg-info/SOURCES.txt
[1.127s] -- Up-to-date symlink: /home/ishank/ros2_ws/install/drone_msgs/local/lib/python3.10/dist-packages/drone_msgs-0.0.0-py3.10.egg-info/dependency_links.txt
[1.127s] -- Up-to-date symlink: /home/ishank/ros2_ws/install/drone_msgs/local/lib/python3.10/dist-packages/drone_msgs-0.0.0-py3.10.egg-info/top_level.txt
[1.129s] -- Up-to-date symlink: /home/ishank/ros2_ws/install/drone_msgs/local/lib/python3.10/dist-packages/drone_msgs/__init__.py
[1.129s] -- Up-to-date symlink: /home/ishank/ros2_ws/install/drone_msgs/local/lib/python3.10/dist-packages/drone_msgs/_drone_msgs_s.ep.rosidl_typesupport_c.c
[1.129s] -- Up-to-date symlink: /home/ishank/ros2_ws/install/drone_msgs/local/lib/python3.10/dist-packages/drone_msgs/_drone_msgs_s.ep.rosidl_typesupport_fastrtps_c.c
[1.130s] -- Up-to-date symlink: /home/ishank/ros2_ws/install/drone_msgs/local/lib/python3.10/dist-packages/drone_msgs/_drone_msgs_s.ep.rosidl_typesupport_introspection_c.c
[1.130s] -- Up-to-date symlink: /home/ishank/ros2_ws/install/drone_msgs/local/lib/python3.10/dist-packages/drone_msgs/drone_msgs_s__rosidl_typesupport_c.cpython-310-x86_64-linux-gnu.so
[1.131s] -- Up-to-date symlink: /home/ishank/ros2_ws/install/drone_msgs/local/lib/python3.10/dist-packages/drone_msgs/drone_msgs_s__rosidl_typesupport_fastrtps_c.cpython-310-x86_64-linux-gnu.so
[1.131s] -- Up-to-date symlink: /home/ishank/ros2_ws/install/drone_msgs/local/lib/python3.10/dist-packages/drone_msgs/drone_msgs_s__rosidl_typesupport_introspection_c.cpython-310-x86_64-linux-gnu.so
[1.131s] -- Up-to-date symlink: /home/ishank/ros2_ws/install/drone_msgs/local/lib/python3.10/dist-packages/drone_msgs/libdrone_msgs__rosidl_generator_py.so
[1.131s] -- Up-to-date symlink: /home/ishank/ros2_ws/install/drone_msgs/local/lib/python3.10/dist-packages/drone_msgs/msg/__init__.py
[1.132s] -- Up-to-date symlink: /home/ishank/ros2_ws/install/drone_msgs/local/lib/python3.10/dist-packages/drone_msgs/msg/_battery.py
[1.132s] -- Up-to-date symlink: /home/ishank/ros2_ws/install/drone_msgs/local/lib/python3.10/dist-packages/drone_msgs/msg/_battery_s.c
[1.132s] -- Up-to-date symlink: /home/ishank/ros2_ws/install/drone_msgs/local/lib/python3.10/dist-packages/drone_msgs/msg/_drone_state.py
[1.133s] -- Up-to-date symlink: /home/ishank/ros2_ws/install/drone_msgs/local/lib/python3.10/dist-packages/drone_msgs/msg/_drone_state_s.c
[1.133s] -- Up-to-date symlink: /home/ishank/ros2_ws/install/drone_msgs/local/lib/python3.10/dist-packages/drone_msgs/msg/_mission.py
[1.133s] -- Up-to-date symlink: /home/ishank/ros2_ws/install/drone_msgs/local/lib/python3.10/dist-packages/drone_msgs/msg/_mission_plan.py
[1.134s] -- Up-to-date symlink: /home/ishank/ros2_ws/install/drone_msgs/local/lib/python3.10/dist-packages/drone_msgs/msg/_mission_plan_s.c
[1.134s] -- Up-to-date symlink: /home/ishank/ros2_ws/install/drone_msgs/local/lib/python3.10/dist-packages/drone_msgs/msg/_mission_s.c
[1.134s] -- Up-to-date symlink: /home/ishank/ros2_ws/install/drone_msgs/local/lib/python3.10/dist-packages/drone_msgs/msg/_primitive.py
[1.134s] -- Up-to-date symlink: /home/ishank/ros2_ws/install/drone_msgs/local/lib/python3.10/dist-packages/drone_msgs/msg/_primitive_s.c
[1.135s] -- Up-to-date symlink: /home/ishank/ros2_ws/install/drone_msgs/local/lib/python3.10/dist-packages/drone_msgs/msg/_primitive_status.py
[1.135s] -- Up-to-date symlink: /home/ishank/ros2_ws/install/drone_msgs/local/lib/python3.10/dist-packages/drone_msgs/msg/_primitive_status_s.c
[1.135s] -- Up-to-date symlink: /home/ishank/ros2_ws/install/drone_msgs/local/lib/python3.10/dist-packages/drone_msgs/drone_msgs_s__rosidl_typesupport_fastrtps_c.cpython-310-x86_64-linux-gnu.so
[1.136s] -- Up-to-date symlink: /home/ishank/ros2_ws/install/drone_msgs/local/lib/python3.10/dist-packages/drone_msgs/drone_msgs_s__rosidl_typesupport_introspection_c.cpython-310-x86_64-linux-gnu.so
[1.136s] -- Up-to-date symlink: /home/ishank/ros2_ws/install/drone_msgs/local/lib/python3.10/dist-packages/drone_msgs/drone_msgs_s__rosidl_typesupport_c.cpython-310-x86_64-linux-gnu.so
[1.136s] -- Up-to-date symlink: /home/ishank/ros2_ws/install/drone_msgs/share/ament_index/resource_index/rust_packages/drone_msgs
[1.136s] -- Up-to-date symlink: /home/ishank/ros2_ws/install/drone_msgs/share/drone_msgs/rust/Cargo.toml
[1.137s] -- Up-to-date symlink: /home/ishank/ros2_ws/install/drone_msgs/share/drone_msgs/rust/build.rs
[1.137s] -- Up-to-date symlink: /home/ishank/ros2_ws/install/drone_msgs/share/drone_msgs/rust/src/lib.rs
[1.137s] -- Up-to-date symlink: /home/ishank/ros2_ws/install/drone_msgs/share/drone_msgs/rust/src/msg.rs
[1.137s] -- Up-to-date symlink: /home/ishank/ros2_ws/install/drone_msgs/share/drone_msgs/rust/src/msg/rmw.rs
[1.138s] -- Up-to-date symlink: /home/ishank/ros2_ws/install/drone_msgs/share/drone_msgs/msg/DroneState.idl
[1.138s] -- Up-to-date symlink: /home/ishank/ros2_ws/install/drone_msgs/share/drone_msgs/msg/Primitive.idl
[1.138s] -- Up-to-date symlink: /home/ishank/ros2_ws/install/drone_msgs/share/drone_msgs/msg/Mission.idl
[1.139s] -- Up-to-date symlink: /home/ishank/ros2_ws/install/drone_msgs/share/drone_msgs/msg/MissionPlan.idl
[1.139s] -- Up-to-date symlink: /home/ishank/ros2_ws/install/drone_msgs/share/drone_msgs/msg/PrimitiveStatus.idl
[1.140s] -- Up-to-date symlink: /home/ishank/ros2_ws/install/drone_msgs/share/drone_msgs/msg/Battery.idl
[1.140s] -- Up-to-date symlink: /home/ishank/ros2_ws/install/drone_msgs/share/drone_msgs/msg/DroneState.msg
[1.141s] -- Up-to-date symlink: /home/ishank/ros2_ws/install/drone_msgs/share/drone_msgs/msg/Primitive.msg
[1.141s] -- Up-to-date symlink: /home/ishank/ros2_ws/install/drone_msgs/share/drone_msgs/msg/Mission.msg
[1.141s] -- Up-to-date symlink: /home/ishank/ros2_ws/install/drone_msgs/share/drone_msgs/msg/MissionPlan.msg
[1.141s] -- Up-to-date symlink: /home/ishank/ros2_ws/install/drone_msgs/share/drone_msgs/msg/PrimitiveStatus.msg
[1.141s] -- Up-to-date symlink: /home/ishank/ros2_ws/install/drone_msgs/share/drone_msgs/msg/Battery.msg
[1.142s] -- Up-to-date symlink: /home/ishank/ros2_ws/install/drone_msgs/share/ament_index/resource_index/package_run_dependencies/drone_msgs
[1.142s] -- Up-to-date symlink: /home/ishank/ros2_ws/install/drone_msgs/share/ament_index/resource_index/parent_prefix_path/drone_msgs
[1.143s] -- Up-to-date symlink: /home/ishank/ros2_ws/install/drone_msgs/share/drone_msgs/environment/ament_prefix_path.sh
[1.143s] -- Up-to-date symlink: /home/ishank/ros2_ws/install/drone_msgs/share/drone_msgs/environment/ament_prefix_path.dsv
[1.143s] -- Up-to-date symlink: /home/ishank/ros2_ws/install/drone_msgs/share/drone_msgs/environment/path.sh
[1.143s] -- Up-to-date symlink: /home/ishank/ros2_ws/install/drone_msgs/share/drone_msgs/environment/path.dsv
[1.144s] -- Up-to-date symlink: /home/ishank/ros2_ws/install/drone_msgs/share/drone_msgs/local_setup.bash
[1.144s] -- Up-to-date symlink: /home/ishank/ros2_ws/install/drone_msgs/share/drone_msgs/local_setup.sh
[1.144s] -- Up-to-date symlink: /home/ishank/ros2_ws/install/drone_msgs/share/drone_msgs/local_setup.zsh
[1.145s] -- Up-to-date symlink: /home/ishank/ros2_ws/install/drone_msgs/share/drone_msgs/local_setup.dsv
[1.145s] -- Symlinking: /home/ishank/ros2_ws/install/drone_msgs/share/drone_msgs/package.dsv
[1.157s] -- Up-to-date symlink: /home/ishank/ros2_ws/install/drone_msgs/share/ament_index/resource_index/packages/drone_msgs
[1.157s] -- Up-to-date symlink: /home/ishank/ros2_ws/install/drone_msgs/share/drone_msgs/cmake/rosidl_cmake-extras.cmake
[1.158s] -- Up-to-date symlink: /home/ishank/ros2_ws/install/drone_msgs/share/drone_msgs/cmake/ament_cmake_export_dependencies-extras.cmake
[1.158s] -- Up-to-date symlink: /home/ishank/ros2_ws/install/drone_msgs/share/drone_msgs/cmake/ament_cmake_export_include_directories-extras.cmake
[1.158s] -- Up-to-date symlink: /home/ishank/ros2_ws/install/drone_msgs/share/drone_msgs/cmake/ament_cmake_export_libraries-extras.cmake
[1.159s] -- Up-to-date symlink: /home/ishank/ros2_ws/install/drone_msgs/share/drone_msgs/cmake/ament_cmake_export_targets-extras.cmake
[1.159s] -- Up-to-date symlink: /home/ishank/ros2_ws/install/drone_msgs/share/drone_msgs/cmake/rosidl_cmake_export_typesupport_targets-extras.cmake
[1.159s] -- Up-to-date symlink: /home/ishank/ros2_ws/install/drone_msgs/share/drone_msgs/cmake/rosidl_cmake_export_typesupport_libraries-extras.cmake
[1.160s] -- Up-to-date symlink: /home/ishank/ros2_ws/install/drone_msgs/share/drone_msgs/cmake/drone_msgsConfig.cmake
[1.160s] -- Up-to-date symlink: /home/ishank/ros2_ws/install/drone_msgs/share/drone_msgs/cmake/drone_msgsConfig-version.cmake
[1.160s] -- Up-to-date symlink: /home/ishank/ros2_ws/install/drone_msgs/share/drone_msgs/package.xml
[1.161s] -- Up-to-date: /home/ishank/ros2_ws/install/drone_msgs/lib/libdrone_msgs__rosidl_generator_c.so
[1.162s] -- Up-to-date: /home/ishank/ros2_ws/install/drone_msgs/lib/libdrone_msgs__rosidl_typesupport_fastrtps_c.so
[1.163s] -- Up-to-date: /home/ishank/ros2_ws/install/drone_msgs/lib/libdrone_msgs__rosidl_typesupport_introspection_c.so
[1.163s] -- Up-to-date: /home/ishank/ros2_ws/install/drone_msgs/lib/libdrone_msgs__rosidl_typesupport_c.so
[1.164s] -- Up-to-date: /home/ishank/ros2_ws/install/drone_msgs/lib/libdrone_msgs__rosidl_typesupport_fastrtps_cpp.so
[1.164s] -- Up-to-date: /home/ishank/ros2_ws/install/drone_msgs/lib/libdrone_msgs__rosidl_typesupport_introspection_cpp.so
[1.165s] -- Up-to-date: /home/ishank/ros2_ws/install/drone_msgs/lib/libdrone_msgs__rosidl_typesupport_cpp.so
[1.219s] Listing '/home/ishank/ros2_ws/install/drone_msgs/local/lib/python3.10/dist-packages/drone_msgs'...
[1.219s] Listing '/home/ishank/ros2_ws/install/drone_msgs/local/lib/python3.10/dist-packages/drone_msgs/msg'...
[1.227s] -- Up-to-date: /home/ishank/ros2_ws/install/drone_msgs/lib/libdrone_msgs__rosidl_generator_py.so
[1.228s] -- Up-to-date: /home/ishank/ros2_ws/install/drone_msgs/share/drone_msgs/cmake/export_drone_msgs__rosidl_generator_cExport.cmake
[1.229s] -- Up-to-date: /home/ishank/ros2_ws/install/drone_msgs/share/drone_msgs/cmake/export_drone_msgs__rosidl_generator_cExport-noconfig.cmake
[1.229s] -- Up-to-date: /home/ishank/ros2_ws/install/drone_msgs/share/drone_msgs/cmake/export_drone_msgs__rosidl_typesupport_fastrtps_cExport.cmake
[1.229s] -- Up-to-date: /home/ishank/ros2_ws/install/drone_msgs/share/drone_msgs/cmake/export_drone_msgs__rosidl_typesupport_fastrtps_cExport-noconfig.cmake
[1.230s] -- Up-to-date: /home/ishank/ros2_ws/install/drone_msgs/share/drone_msgs/cmake/drone_msgs__rosidl_typesupport_introspection_cExport.cmake
[1.230s] -- Up-to-date: /home/ishank/ros2_ws/install/drone_msgs/share/drone_msgs/cmake/drone_msgs__rosidl_typesupport_introspection_cExport-noconfig.cmake
[1.231s] -- Up-to-date: /home/ishank/ros2_ws/install/drone_msgs/share/drone_msgs/cmake/drone_msgs__rosidl_typesupport_cExport.cmake
[1.231s] -- Up-to-date: /home/ishank/ros2_ws/install/drone_msgs/share/drone_msgs/cmake/drone_msgs__rosidl_typesupport_cExport-noconfig.cmake
[1.232s] -- Up-to-date: /home/ishank/ros2_ws/install/drone_msgs/share/drone_msgs/cmake/export_drone_msgs__rosidl_generator_cppExport.cmake
[1.232s] -- Up-to-date: /home/ishank/ros2_ws/install/drone_msgs/share/drone_msgs/cmake/export_drone_msgs__rosidl_typesupport_fastrtps_cppExport.cmake
[1.232s] -- Up-to-date: /home/ishank/ros2_ws/install/drone_msgs/share/drone_msgs/cmake/export_drone_msgs__rosidl_typesupport_fastrtps_cppExport-noconfig.cmake
[1.232s] -- Up-to-date: /home/ishank/ros2_ws/install/drone_msgs/share/drone_msgs/cmake/drone_msgs__rosidl_typesupport_introspection_cppExport.cmake
[1.233s] -- Up-to-date: /home/ishank/ros2_ws/install/drone_msgs/share/drone_msgs/cmake/drone_msgs__rosidl_typesupport_introspection_cppExport-noconfig.cmake
[1.233s] -- Up-to-date: /home/ishank/ros2_ws/install/drone_msgs/share/drone_msgs/cmake/drone_msgs__rosidl_typesupport_cppExport.cmake
[1.233s] -- Up-to-date: /home/ishank/ros2_ws/install/drone_msgs/share/drone_msgs/cmake/drone_msgs__rosidl_typesupport_cppExport-noconfig.cmake
[1.233s] -- Up-to-date: /home/ishank/ros2_ws/install/drone_msgs/share/drone_msgs/cmake/export_drone_msgs__rosidl_generator_pyExport.cmake
[1.233s] -- Up-to-date: /home/ishank/ros2_ws/install/drone_msgs/share/drone_msgs/cmake/export_drone_msgs__rosidl_generator_pyExport-noconfig.cmake
[1.237s] Invoked command in '/home/ishank/ros2_ws/build/drone_msgs' returned '0': CMAKE_PREFIX_PATH=${CMAKE_PREFIX_PATH}:/opt/ros/humble /usr/bin/cmake --install /home/ishank/ros2_ws/build/drone_msgs
