[0.029s] Invoking command in '/home/ishank/ros2_ws/build/drone_sim': CMAKE_PREFIX_PATH=${CMAKE_PREFIX_PATH}:/opt/ros/humble /usr/bin/cmake /home/ishank/ros2_ws/src/drone_sim -DAMENT_CMAKE_SYMLINK_INSTALL=1 -DCMAKE_INSTALL_PREFIX=/home/ishank/ros2_ws/install/drone_sim
[0.295s] -- The C compiler identification is GNU 11.4.0
[0.663s] -- The CXX compiler identification is GNU 11.4.0
[0.896s] -- Detecting C compiler ABI info
[1.022s] -- Detecting C compiler ABI info - done
[1.028s] -- Check for working C compiler: /usr/bin/cc - skipped
[1.029s] -- Detecting C compile features
[1.030s] -- Detecting C compile features - done
[1.034s] -- Detecting CXX compiler ABI info
[1.187s] -- Detecting CXX compiler ABI info - done
[1.195s] -- Check for working CXX compiler: /usr/bin/c++ - skipped
[1.196s] -- Detecting CXX compile features
[1.196s] -- Detecting CXX compile features - done
[1.208s] -- Found ament_cmake: 1.3.14 (/opt/ros/humble/share/ament_cmake/cmake)
[1.397s] -- Found Python3: /usr/bin/python3 (found version "3.10.12") found components: Interpreter 
[1.486s] -- Override CMake install command with custom implementation using symlinks instead of copying resources
[1.526s] -- Found ament_lint_auto: 0.12.15 (/opt/ros/humble/share/ament_lint_auto/cmake)
[1.621s] -- Added test 'lint_cmake' to check CMake code style
[1.623s] -- Added test 'xmllint' to check XML markup files
[1.626s] -- Configuring done
[1.631s] -- Generating done
[1.633s] -- Build files have been written to: /home/ishank/ros2_ws/build/drone_sim
[1.639s] Invoked command in '/home/ishank/ros2_ws/build/drone_sim' returned '0': CMAKE_PREFIX_PATH=${CMAKE_PREFIX_PATH}:/opt/ros/humble /usr/bin/cmake /home/ishank/ros2_ws/src/drone_sim -DAMENT_CMAKE_SYMLINK_INSTALL=1 -DCMAKE_INSTALL_PREFIX=/home/ishank/ros2_ws/install/drone_sim
[1.641s] Invoking command in '/home/ishank/ros2_ws/build/drone_sim': CMAKE_PREFIX_PATH=${CMAKE_PREFIX_PATH}:/opt/ros/humble /usr/bin/cmake --build /home/ishank/ros2_ws/build/drone_sim -- -j8 -l8
[1.678s] Invoked command in '/home/ishank/ros2_ws/build/drone_sim' returned '0': CMAKE_PREFIX_PATH=${CMAKE_PREFIX_PATH}:/opt/ros/humble /usr/bin/cmake --build /home/ishank/ros2_ws/build/drone_sim -- -j8 -l8
[1.688s] Invoking command in '/home/ishank/ros2_ws/build/drone_sim': CMAKE_PREFIX_PATH=${CMAKE_PREFIX_PATH}:/opt/ros/humble /usr/bin/cmake --install /home/ishank/ros2_ws/build/drone_sim
[1.695s] -- Install configuration: ""
[1.695s] -- Execute custom install script
[1.697s] -- Symlinking: /home/ishank/ros2_ws/install/drone_sim/share/ament_index/resource_index/package_run_dependencies/drone_sim
[1.709s] -- Symlinking: /home/ishank/ros2_ws/install/drone_sim/share/ament_index/resource_index/parent_prefix_path/drone_sim
[1.721s] -- Symlinking: /home/ishank/ros2_ws/install/drone_sim/share/drone_sim/environment/ament_prefix_path.sh
[1.729s] -- Symlinking: /home/ishank/ros2_ws/install/drone_sim/share/drone_sim/environment/ament_prefix_path.dsv
[1.739s] -- Symlinking: /home/ishank/ros2_ws/install/drone_sim/share/drone_sim/environment/path.sh
[1.748s] -- Symlinking: /home/ishank/ros2_ws/install/drone_sim/share/drone_sim/environment/path.dsv
[1.758s] -- Symlinking: /home/ishank/ros2_ws/install/drone_sim/share/drone_sim/local_setup.bash
[1.766s] -- Symlinking: /home/ishank/ros2_ws/install/drone_sim/share/drone_sim/local_setup.sh
[1.774s] -- Symlinking: /home/ishank/ros2_ws/install/drone_sim/share/drone_sim/local_setup.zsh
[1.782s] -- Symlinking: /home/ishank/ros2_ws/install/drone_sim/share/drone_sim/local_setup.dsv
[1.791s] -- Symlinking: /home/ishank/ros2_ws/install/drone_sim/share/drone_sim/package.dsv
[1.801s] -- Symlinking: /home/ishank/ros2_ws/install/drone_sim/share/ament_index/resource_index/packages/drone_sim
[1.813s] -- Symlinking: /home/ishank/ros2_ws/install/drone_sim/share/drone_sim/cmake/drone_simConfig.cmake
[1.822s] -- Symlinking: /home/ishank/ros2_ws/install/drone_sim/share/drone_sim/cmake/drone_simConfig-version.cmake
[1.831s] -- Symlinking: /home/ishank/ros2_ws/install/drone_sim/share/drone_sim/package.xml
[1.842s] Invoked command in '/home/ishank/ros2_ws/build/drone_sim' returned '0': CMAKE_PREFIX_PATH=${CMAKE_PREFIX_PATH}:/opt/ros/humble /usr/bin/cmake --install /home/ishank/ros2_ws/build/drone_sim
