[0.038s] Invoking command in '/home/ishank/ros2_ws/build/drone_sim': CMAKE_PREFIX_PATH=${CMAKE_PREFIX_PATH}:/opt/ros/humble /usr/bin/cmake --build /home/ishank/ros2_ws/build/drone_sim -- -j8 -l8
[0.168s] Invoked command in '/home/ishank/ros2_ws/build/drone_sim' returned '0': CMAKE_PREFIX_PATH=${CMAKE_PREFIX_PATH}:/opt/ros/humble /usr/bin/cmake --build /home/ishank/ros2_ws/build/drone_sim -- -j8 -l8
[0.184s] Invoking command in '/home/ishank/ros2_ws/build/drone_sim': CMAKE_PREFIX_PATH=${CMAKE_PREFIX_PATH}:/opt/ros/humble /usr/bin/cmake --install /home/ishank/ros2_ws/build/drone_sim
[0.198s] -- Install configuration: ""
[0.203s] -- Execute custom install script
[0.204s] -- Up-to-date symlink: /home/ishank/ros2_ws/install/drone_sim/share/ament_index/resource_index/package_run_dependencies/drone_sim
[0.205s] -- Up-to-date symlink: /home/ishank/ros2_ws/install/drone_sim/share/ament_index/resource_index/parent_prefix_path/drone_sim
[0.207s] -- Up-to-date symlink: /home/ishank/ros2_ws/install/drone_sim/share/drone_sim/environment/ament_prefix_path.sh
[0.207s] -- Up-to-date symlink: /home/ishank/ros2_ws/install/drone_sim/share/drone_sim/environment/ament_prefix_path.dsv
[0.207s] -- Up-to-date symlink: /home/ishank/ros2_ws/install/drone_sim/share/drone_sim/environment/path.sh
[0.208s] -- Up-to-date symlink: /home/ishank/ros2_ws/install/drone_sim/share/drone_sim/environment/path.dsv
[0.208s] -- Up-to-date symlink: /home/ishank/ros2_ws/install/drone_sim/share/drone_sim/local_setup.bash
[0.208s] -- Up-to-date symlink: /home/ishank/ros2_ws/install/drone_sim/share/drone_sim/local_setup.sh
[0.208s] -- Up-to-date symlink: /home/ishank/ros2_ws/install/drone_sim/share/drone_sim/local_setup.zsh
[0.208s] -- Up-to-date symlink: /home/ishank/ros2_ws/install/drone_sim/share/drone_sim/local_setup.dsv
[0.208s] -- Symlinking: /home/ishank/ros2_ws/install/drone_sim/share/drone_sim/package.dsv
[0.238s] -- Up-to-date symlink: /home/ishank/ros2_ws/install/drone_sim/share/ament_index/resource_index/packages/drone_sim
[0.238s] -- Up-to-date symlink: /home/ishank/ros2_ws/install/drone_sim/share/drone_sim/cmake/drone_simConfig.cmake
[0.238s] -- Up-to-date symlink: /home/ishank/ros2_ws/install/drone_sim/share/drone_sim/cmake/drone_simConfig-version.cmake
[0.238s] -- Up-to-date symlink: /home/ishank/ros2_ws/install/drone_sim/share/drone_sim/package.xml
[0.340s] Invoked command in '/home/ishank/ros2_ws/build/drone_sim' returned '0': CMAKE_PREFIX_PATH=${CMAKE_PREFIX_PATH}:/opt/ros/humble /usr/bin/cmake --install /home/ishank/ros2_ws/build/drone_sim
