[0.335s] DEBUG:colcon:Command line arguments: ['/usr/bin/colcon', 'build', '--symlink-install']
[0.335s] DEBUG:colcon:Parsed command line arguments: Namespace(log_base=None, log_level=None, verb_name='build', build_base='build', install_base='install', merge_install=False, symlink_install=True, test_result_base=None, continue_on_error=False, executor='parallel', parallel_workers=8, event_handlers=None, ignore_user_meta=False, metas=['./colcon.meta'], base_paths=['.'], packages_ignore=None, packages_ignore_regex=None, paths=None, packages_up_to=None, packages_up_to_regex=None, packages_above=None, packages_above_and_dependencies=None, packages_above_depth=None, packages_select_by_dep=None, packages_skip_by_dep=None, packages_skip_up_to=None, packages_select_build_failed=False, packages_skip_build_finished=False, packages_select_test_failures=False, packages_skip_test_passed=False, packages_select=None, packages_skip=None, packages_select_regex=None, packages_skip_regex=None, packages_start=None, packages_end=None, allow_overriding=[], cmake_args=None, cmake_target=None, cmake_target_skip_unavailable=False, cmake_clean_cache=False, cmake_clean_first=False, cmake_force_configure=False, ament_cmake_args=None, catkin_cmake_args=None, catkin_skip_building_tests=False, verb_parser=<colcon_defaults.argument_parser.defaults.DefaultArgumentsDecorator object at 0x71727d2c74c0>, verb_extension=<colcon_core.verb.build.BuildVerb object at 0x71727d404b80>, main=<bound method BuildVerb.main of <colcon_core.verb.build.BuildVerb object at 0x71727d404b80>>)
[0.716s] Level 1:colcon.colcon_core.package_discovery:discover_packages(colcon_meta) check parameters
[0.717s] Level 1:colcon.colcon_core.package_discovery:discover_packages(recursive) check parameters
[0.717s] Level 1:colcon.colcon_core.package_discovery:discover_packages(ignore) check parameters
[0.717s] Level 1:colcon.colcon_core.package_discovery:discover_packages(path) check parameters
[0.717s] Level 1:colcon.colcon_core.package_discovery:discover_packages(colcon_meta) discover
[0.717s] Level 1:colcon.colcon_core.package_discovery:discover_packages(recursive) discover
[0.717s] INFO:colcon.colcon_core.package_discovery:Crawling recursively for packages in '/home/ishank/ros2_ws'
[0.717s] Level 1:colcon.colcon_core.package_identification:_identify(.) by extensions ['ignore', 'ignore_ament_install']
[0.717s] Level 1:colcon.colcon_core.package_identification:_identify(.) by extension 'ignore'
[0.717s] Level 1:colcon.colcon_core.package_identification:_identify(.) by extension 'ignore_ament_install'
[0.718s] Level 1:colcon.colcon_core.package_identification:_identify(.) by extensions ['colcon_pkg']
[0.718s] Level 1:colcon.colcon_core.package_identification:_identify(.) by extension 'colcon_pkg'
[0.718s] Level 1:colcon.colcon_core.package_identification:_identify(.) by extensions ['colcon_meta']
[0.718s] Level 1:colcon.colcon_core.package_identification:_identify(.) by extension 'colcon_meta'
[0.718s] Level 1:colcon.colcon_core.package_identification:_identify(.) by extensions ['ros']
[0.718s] Level 1:colcon.colcon_core.package_identification:_identify(.) by extension 'ros'
[0.737s] Level 1:colcon.colcon_core.package_identification:_identify(.) by extensions ['cmake', 'python']
[0.737s] Level 1:colcon.colcon_core.package_identification:_identify(.) by extension 'cmake'
[0.737s] Level 1:colcon.colcon_core.package_identification:_identify(.) by extension 'python'
[0.737s] Level 1:colcon.colcon_core.package_identification:_identify(.) by extensions ['python_setup_py']
[0.737s] Level 1:colcon.colcon_core.package_identification:_identify(.) by extension 'python_setup_py'
[0.737s] Level 1:colcon.colcon_core.package_identification:_identify(build) by extensions ['ignore', 'ignore_ament_install']
[0.737s] Level 1:colcon.colcon_core.package_identification:_identify(build) by extension 'ignore'
[0.737s] Level 1:colcon.colcon_core.package_identification:_identify(build) ignored
[0.737s] Level 1:colcon.colcon_core.package_identification:_identify(install) by extensions ['ignore', 'ignore_ament_install']
[0.737s] Level 1:colcon.colcon_core.package_identification:_identify(install) by extension 'ignore'
[0.737s] Level 1:colcon.colcon_core.package_identification:_identify(install) ignored
[0.738s] Level 1:colcon.colcon_core.package_identification:_identify(log) by extensions ['ignore', 'ignore_ament_install']
[0.738s] Level 1:colcon.colcon_core.package_identification:_identify(log) by extension 'ignore'
[0.738s] Level 1:colcon.colcon_core.package_identification:_identify(log) ignored
[0.738s] Level 1:colcon.colcon_core.package_identification:_identify(src) by extensions ['ignore', 'ignore_ament_install']
[0.738s] Level 1:colcon.colcon_core.package_identification:_identify(src) by extension 'ignore'
[0.738s] Level 1:colcon.colcon_core.package_identification:_identify(src) by extension 'ignore_ament_install'
[0.738s] Level 1:colcon.colcon_core.package_identification:_identify(src) by extensions ['colcon_pkg']
[0.738s] Level 1:colcon.colcon_core.package_identification:_identify(src) by extension 'colcon_pkg'
[0.738s] Level 1:colcon.colcon_core.package_identification:_identify(src) by extensions ['colcon_meta']
[0.738s] Level 1:colcon.colcon_core.package_identification:_identify(src) by extension 'colcon_meta'
[0.738s] Level 1:colcon.colcon_core.package_identification:_identify(src) by extensions ['ros']
[0.738s] Level 1:colcon.colcon_core.package_identification:_identify(src) by extension 'ros'
[0.738s] Level 1:colcon.colcon_core.package_identification:_identify(src) by extensions ['cmake', 'python']
[0.738s] Level 1:colcon.colcon_core.package_identification:_identify(src) by extension 'cmake'
[0.738s] Level 1:colcon.colcon_core.package_identification:_identify(src) by extension 'python'
[0.738s] Level 1:colcon.colcon_core.package_identification:_identify(src) by extensions ['python_setup_py']
[0.739s] Level 1:colcon.colcon_core.package_identification:_identify(src) by extension 'python_setup_py'
[0.739s] Level 1:colcon.colcon_core.package_identification:_identify(src/drone_bridge) by extensions ['ignore', 'ignore_ament_install']
[0.739s] Level 1:colcon.colcon_core.package_identification:_identify(src/drone_bridge) by extension 'ignore'
[0.739s] Level 1:colcon.colcon_core.package_identification:_identify(src/drone_bridge) by extension 'ignore_ament_install'
[0.739s] Level 1:colcon.colcon_core.package_identification:_identify(src/drone_bridge) by extensions ['colcon_pkg']
[0.739s] Level 1:colcon.colcon_core.package_identification:_identify(src/drone_bridge) by extension 'colcon_pkg'
[0.739s] Level 1:colcon.colcon_core.package_identification:_identify(src/drone_bridge) by extensions ['colcon_meta']
[0.739s] Level 1:colcon.colcon_core.package_identification:_identify(src/drone_bridge) by extension 'colcon_meta'
[0.739s] Level 1:colcon.colcon_core.package_identification:_identify(src/drone_bridge) by extensions ['ros']
[0.739s] Level 1:colcon.colcon_core.package_identification:_identify(src/drone_bridge) by extension 'ros'
[0.743s] DEBUG:colcon.colcon_core.package_identification:Package 'src/drone_bridge' with type 'ros.ament_cmake' and name 'drone_bridge'
[0.743s] Level 1:colcon.colcon_core.package_identification:_identify(src/drone_common) by extensions ['ignore', 'ignore_ament_install']
[0.743s] Level 1:colcon.colcon_core.package_identification:_identify(src/drone_common) by extension 'ignore'
[0.744s] Level 1:colcon.colcon_core.package_identification:_identify(src/drone_common) by extension 'ignore_ament_install'
[0.744s] Level 1:colcon.colcon_core.package_identification:_identify(src/drone_common) by extensions ['colcon_pkg']
[0.744s] Level 1:colcon.colcon_core.package_identification:_identify(src/drone_common) by extension 'colcon_pkg'
[0.744s] Level 1:colcon.colcon_core.package_identification:_identify(src/drone_common) by extensions ['colcon_meta']
[0.744s] Level 1:colcon.colcon_core.package_identification:_identify(src/drone_common) by extension 'colcon_meta'
[0.744s] Level 1:colcon.colcon_core.package_identification:_identify(src/drone_common) by extensions ['ros']
[0.744s] Level 1:colcon.colcon_core.package_identification:_identify(src/drone_common) by extension 'ros'
[0.744s] DEBUG:colcon.colcon_core.package_identification:Package 'src/drone_common' with type 'ros.ament_cmake' and name 'drone_common'
[0.745s] Level 1:colcon.colcon_core.package_identification:_identify(src/drone_controller) by extensions ['ignore', 'ignore_ament_install']
[0.745s] Level 1:colcon.colcon_core.package_identification:_identify(src/drone_controller) by extension 'ignore'
[0.745s] Level 1:colcon.colcon_core.package_identification:_identify(src/drone_controller) by extension 'ignore_ament_install'
[0.745s] Level 1:colcon.colcon_core.package_identification:_identify(src/drone_controller) by extensions ['colcon_pkg']
[0.745s] Level 1:colcon.colcon_core.package_identification:_identify(src/drone_controller) by extension 'colcon_pkg'
[0.745s] Level 1:colcon.colcon_core.package_identification:_identify(src/drone_controller) by extensions ['colcon_meta']
[0.746s] Level 1:colcon.colcon_core.package_identification:_identify(src/drone_controller) by extension 'colcon_meta'
[0.746s] Level 1:colcon.colcon_core.package_identification:_identify(src/drone_controller) by extensions ['ros']
[0.746s] Level 1:colcon.colcon_core.package_identification:_identify(src/drone_controller) by extension 'ros'
[0.747s] DEBUG:colcon.colcon_core.package_identification:Package 'src/drone_controller' with type 'ros.ament_cmake' and name 'drone_controller'
[0.748s] Level 1:colcon.colcon_core.package_identification:_identify(src/drone_msgs) by extensions ['ignore', 'ignore_ament_install']
[0.748s] Level 1:colcon.colcon_core.package_identification:_identify(src/drone_msgs) by extension 'ignore'
[0.748s] Level 1:colcon.colcon_core.package_identification:_identify(src/drone_msgs) by extension 'ignore_ament_install'
[0.748s] Level 1:colcon.colcon_core.package_identification:_identify(src/drone_msgs) by extensions ['colcon_pkg']
[0.748s] Level 1:colcon.colcon_core.package_identification:_identify(src/drone_msgs) by extension 'colcon_pkg'
[0.748s] Level 1:colcon.colcon_core.package_identification:_identify(src/drone_msgs) by extensions ['colcon_meta']
[0.748s] Level 1:colcon.colcon_core.package_identification:_identify(src/drone_msgs) by extension 'colcon_meta'
[0.748s] Level 1:colcon.colcon_core.package_identification:_identify(src/drone_msgs) by extensions ['ros']
[0.748s] Level 1:colcon.colcon_core.package_identification:_identify(src/drone_msgs) by extension 'ros'
[0.749s] DEBUG:colcon.colcon_core.package_identification:Package 'src/drone_msgs' with type 'ros.ament_cmake' and name 'drone_msgs'
[0.750s] Level 1:colcon.colcon_core.package_identification:_identify(src/drone_planner) by extensions ['ignore', 'ignore_ament_install']
[0.750s] Level 1:colcon.colcon_core.package_identification:_identify(src/drone_planner) by extension 'ignore'
[0.750s] Level 1:colcon.colcon_core.package_identification:_identify(src/drone_planner) by extension 'ignore_ament_install'
[0.750s] Level 1:colcon.colcon_core.package_identification:_identify(src/drone_planner) by extensions ['colcon_pkg']
[0.750s] Level 1:colcon.colcon_core.package_identification:_identify(src/drone_planner) by extension 'colcon_pkg'
[0.750s] Level 1:colcon.colcon_core.package_identification:_identify(src/drone_planner) by extensions ['colcon_meta']
[0.750s] Level 1:colcon.colcon_core.package_identification:_identify(src/drone_planner) by extension 'colcon_meta'
[0.750s] Level 1:colcon.colcon_core.package_identification:_identify(src/drone_planner) by extensions ['ros']
[0.750s] Level 1:colcon.colcon_core.package_identification:_identify(src/drone_planner) by extension 'ros'
[0.751s] DEBUG:colcon.colcon_core.package_identification:Package 'src/drone_planner' with type 'ros.ament_cmake' and name 'drone_planner'
[0.751s] Level 1:colcon.colcon_core.package_identification:_identify(src/drone_sim) by extensions ['ignore', 'ignore_ament_install']
[0.751s] Level 1:colcon.colcon_core.package_identification:_identify(src/drone_sim) by extension 'ignore'
[0.751s] Level 1:colcon.colcon_core.package_identification:_identify(src/drone_sim) by extension 'ignore_ament_install'
[0.751s] Level 1:colcon.colcon_core.package_identification:_identify(src/drone_sim) by extensions ['colcon_pkg']
[0.751s] Level 1:colcon.colcon_core.package_identification:_identify(src/drone_sim) by extension 'colcon_pkg'
[0.751s] Level 1:colcon.colcon_core.package_identification:_identify(src/drone_sim) by extensions ['colcon_meta']
[0.751s] Level 1:colcon.colcon_core.package_identification:_identify(src/drone_sim) by extension 'colcon_meta'
[0.752s] Level 1:colcon.colcon_core.package_identification:_identify(src/drone_sim) by extensions ['ros']
[0.752s] Level 1:colcon.colcon_core.package_identification:_identify(src/drone_sim) by extension 'ros'
[0.752s] DEBUG:colcon.colcon_core.package_identification:Package 'src/drone_sim' with type 'ros.ament_cmake' and name 'drone_sim'
[0.752s] Level 1:colcon.colcon_core.package_identification:_identify(src/mission_manager) by extensions ['ignore', 'ignore_ament_install']
[0.752s] Level 1:colcon.colcon_core.package_identification:_identify(src/mission_manager) by extension 'ignore'
[0.752s] Level 1:colcon.colcon_core.package_identification:_identify(src/mission_manager) by extension 'ignore_ament_install'
[0.753s] Level 1:colcon.colcon_core.package_identification:_identify(src/mission_manager) by extensions ['colcon_pkg']
[0.753s] Level 1:colcon.colcon_core.package_identification:_identify(src/mission_manager) by extension 'colcon_pkg'
[0.753s] Level 1:colcon.colcon_core.package_identification:_identify(src/mission_manager) by extensions ['colcon_meta']
[0.753s] Level 1:colcon.colcon_core.package_identification:_identify(src/mission_manager) by extension 'colcon_meta'
[0.753s] Level 1:colcon.colcon_core.package_identification:_identify(src/mission_manager) by extensions ['ros']
[0.753s] Level 1:colcon.colcon_core.package_identification:_identify(src/mission_manager) by extension 'ros'
[0.754s] DEBUG:colcon.colcon_core.package_identification:Package 'src/mission_manager' with type 'ros.ament_cmake' and name 'mission_manager'
[0.754s] Level 1:colcon.colcon_core.package_discovery:discover_packages(recursive) using defaults
[0.754s] Level 1:colcon.colcon_core.package_discovery:discover_packages(ignore) discover
[0.754s] Level 1:colcon.colcon_core.package_discovery:discover_packages(ignore) using defaults
[0.754s] Level 1:colcon.colcon_core.package_discovery:discover_packages(path) discover
[0.754s] Level 1:colcon.colcon_core.package_discovery:discover_packages(path) using defaults
[0.790s] Level 1:colcon.colcon_core.package_discovery:discover_packages(prefix_path) check parameters
[0.790s] Level 1:colcon.colcon_core.package_discovery:discover_packages(prefix_path) discover
[0.794s] WARNING:colcon.colcon_ros.prefix_path.ament:The path '/home/ishank/ros2_ws/install/drone_sim' in the environment variable AMENT_PREFIX_PATH doesn't exist
[0.794s] WARNING:colcon.colcon_ros.prefix_path.ament:The path '/home/ishank/ros2_ws/install/drone_msgs' in the environment variable AMENT_PREFIX_PATH doesn't exist
[0.794s] WARNING:colcon.colcon_ros.prefix_path.ament:The path '/home/ishank/ros2_ws/install/drone_controller' in the environment variable AMENT_PREFIX_PATH doesn't exist
[0.794s] WARNING:colcon.colcon_ros.prefix_path.ament:The path '/home/ishank/ros2_ws/install/drone_bridge' in the environment variable AMENT_PREFIX_PATH doesn't exist
[0.795s] WARNING:colcon.colcon_ros.prefix_path.catkin:The path '/home/ishank/ros2_ws/install/drone_sim' in the environment variable CMAKE_PREFIX_PATH doesn't exist
[0.795s] WARNING:colcon.colcon_ros.prefix_path.catkin:The path '/home/ishank/ros2_ws/install/drone_msgs' in the environment variable CMAKE_PREFIX_PATH doesn't exist
[0.795s] WARNING:colcon.colcon_ros.prefix_path.catkin:The path '/home/ishank/ros2_ws/install/drone_controller' in the environment variable CMAKE_PREFIX_PATH doesn't exist
[0.795s] WARNING:colcon.colcon_ros.prefix_path.catkin:The path '/home/ishank/ros2_ws/install/drone_bridge' in the environment variable CMAKE_PREFIX_PATH doesn't exist
[0.796s] DEBUG:colcon.colcon_installed_package_information.package_discovery:Found 0 installed packages in /home/ishank/ros2_ws/install
[0.797s] DEBUG:colcon.colcon_installed_package_information.package_discovery:Found 288 installed packages in /opt/ros/humble
[0.812s] Level 1:colcon.colcon_core.package_discovery:discover_packages(prefix_path) using defaults
[0.854s] Level 5:colcon.colcon_core.verb:set package 'drone_common' build argument 'cmake_args' from command line to 'None'
[0.854s] Level 5:colcon.colcon_core.verb:set package 'drone_common' build argument 'cmake_target' from command line to 'None'
[0.854s] Level 5:colcon.colcon_core.verb:set package 'drone_common' build argument 'cmake_target_skip_unavailable' from command line to 'False'
[0.854s] Level 5:colcon.colcon_core.verb:set package 'drone_common' build argument 'cmake_clean_cache' from command line to 'False'
[0.854s] Level 5:colcon.colcon_core.verb:set package 'drone_common' build argument 'cmake_clean_first' from command line to 'False'
[0.854s] Level 5:colcon.colcon_core.verb:set package 'drone_common' build argument 'cmake_force_configure' from command line to 'False'
[0.854s] Level 5:colcon.colcon_core.verb:set package 'drone_common' build argument 'ament_cmake_args' from command line to 'None'
[0.854s] Level 5:colcon.colcon_core.verb:set package 'drone_common' build argument 'catkin_cmake_args' from command line to 'None'
[0.854s] Level 5:colcon.colcon_core.verb:set package 'drone_common' build argument 'catkin_skip_building_tests' from command line to 'False'
[0.854s] DEBUG:colcon.colcon_core.verb:Building package 'drone_common' with the following arguments: {'ament_cmake_args': None, 'build_base': '/home/ishank/ros2_ws/build/drone_common', 'catkin_cmake_args': None, 'catkin_skip_building_tests': False, 'cmake_args': None, 'cmake_clean_cache': False, 'cmake_clean_first': False, 'cmake_force_configure': False, 'cmake_target': None, 'cmake_target_skip_unavailable': False, 'install_base': '/home/ishank/ros2_ws/install/drone_common', 'merge_install': False, 'path': '/home/ishank/ros2_ws/src/drone_common', 'symlink_install': True, 'test_result_base': None}
[0.854s] Level 5:colcon.colcon_core.verb:set package 'drone_msgs' build argument 'cmake_args' from command line to 'None'
[0.855s] Level 5:colcon.colcon_core.verb:set package 'drone_msgs' build argument 'cmake_target' from command line to 'None'
[0.855s] Level 5:colcon.colcon_core.verb:set package 'drone_msgs' build argument 'cmake_target_skip_unavailable' from command line to 'False'
[0.855s] Level 5:colcon.colcon_core.verb:set package 'drone_msgs' build argument 'cmake_clean_cache' from command line to 'False'
[0.855s] Level 5:colcon.colcon_core.verb:set package 'drone_msgs' build argument 'cmake_clean_first' from command line to 'False'
[0.855s] Level 5:colcon.colcon_core.verb:set package 'drone_msgs' build argument 'cmake_force_configure' from command line to 'False'
[0.855s] Level 5:colcon.colcon_core.verb:set package 'drone_msgs' build argument 'ament_cmake_args' from command line to 'None'
[0.855s] Level 5:colcon.colcon_core.verb:set package 'drone_msgs' build argument 'catkin_cmake_args' from command line to 'None'
[0.855s] Level 5:colcon.colcon_core.verb:set package 'drone_msgs' build argument 'catkin_skip_building_tests' from command line to 'False'
[0.855s] DEBUG:colcon.colcon_core.verb:Building package 'drone_msgs' with the following arguments: {'ament_cmake_args': None, 'build_base': '/home/ishank/ros2_ws/build/drone_msgs', 'catkin_cmake_args': None, 'catkin_skip_building_tests': False, 'cmake_args': None, 'cmake_clean_cache': False, 'cmake_clean_first': False, 'cmake_force_configure': False, 'cmake_target': None, 'cmake_target_skip_unavailable': False, 'install_base': '/home/ishank/ros2_ws/install/drone_msgs', 'merge_install': False, 'path': '/home/ishank/ros2_ws/src/drone_msgs', 'symlink_install': True, 'test_result_base': None}
[0.855s] Level 5:colcon.colcon_core.verb:set package 'drone_sim' build argument 'cmake_args' from command line to 'None'
[0.855s] Level 5:colcon.colcon_core.verb:set package 'drone_sim' build argument 'cmake_target' from command line to 'None'
[0.855s] Level 5:colcon.colcon_core.verb:set package 'drone_sim' build argument 'cmake_target_skip_unavailable' from command line to 'False'
[0.855s] Level 5:colcon.colcon_core.verb:set package 'drone_sim' build argument 'cmake_clean_cache' from command line to 'False'
[0.855s] Level 5:colcon.colcon_core.verb:set package 'drone_sim' build argument 'cmake_clean_first' from command line to 'False'
[0.855s] Level 5:colcon.colcon_core.verb:set package 'drone_sim' build argument 'cmake_force_configure' from command line to 'False'
[0.855s] Level 5:colcon.colcon_core.verb:set package 'drone_sim' build argument 'ament_cmake_args' from command line to 'None'
[0.855s] Level 5:colcon.colcon_core.verb:set package 'drone_sim' build argument 'catkin_cmake_args' from command line to 'None'
[0.855s] Level 5:colcon.colcon_core.verb:set package 'drone_sim' build argument 'catkin_skip_building_tests' from command line to 'False'
[0.855s] DEBUG:colcon.colcon_core.verb:Building package 'drone_sim' with the following arguments: {'ament_cmake_args': None, 'build_base': '/home/ishank/ros2_ws/build/drone_sim', 'catkin_cmake_args': None, 'catkin_skip_building_tests': False, 'cmake_args': None, 'cmake_clean_cache': False, 'cmake_clean_first': False, 'cmake_force_configure': False, 'cmake_target': None, 'cmake_target_skip_unavailable': False, 'install_base': '/home/ishank/ros2_ws/install/drone_sim', 'merge_install': False, 'path': '/home/ishank/ros2_ws/src/drone_sim', 'symlink_install': True, 'test_result_base': None}
[0.856s] Level 5:colcon.colcon_core.verb:set package 'drone_bridge' build argument 'cmake_args' from command line to 'None'
[0.856s] Level 5:colcon.colcon_core.verb:set package 'drone_bridge' build argument 'cmake_target' from command line to 'None'
[0.856s] Level 5:colcon.colcon_core.verb:set package 'drone_bridge' build argument 'cmake_target_skip_unavailable' from command line to 'False'
[0.856s] Level 5:colcon.colcon_core.verb:set package 'drone_bridge' build argument 'cmake_clean_cache' from command line to 'False'
[0.856s] Level 5:colcon.colcon_core.verb:set package 'drone_bridge' build argument 'cmake_clean_first' from command line to 'False'
[0.856s] Level 5:colcon.colcon_core.verb:set package 'drone_bridge' build argument 'cmake_force_configure' from command line to 'False'
[0.856s] Level 5:colcon.colcon_core.verb:set package 'drone_bridge' build argument 'ament_cmake_args' from command line to 'None'
[0.856s] Level 5:colcon.colcon_core.verb:set package 'drone_bridge' build argument 'catkin_cmake_args' from command line to 'None'
[0.856s] Level 5:colcon.colcon_core.verb:set package 'drone_bridge' build argument 'catkin_skip_building_tests' from command line to 'False'
[0.856s] DEBUG:colcon.colcon_core.verb:Building package 'drone_bridge' with the following arguments: {'ament_cmake_args': None, 'build_base': '/home/ishank/ros2_ws/build/drone_bridge', 'catkin_cmake_args': None, 'catkin_skip_building_tests': False, 'cmake_args': None, 'cmake_clean_cache': False, 'cmake_clean_first': False, 'cmake_force_configure': False, 'cmake_target': None, 'cmake_target_skip_unavailable': False, 'install_base': '/home/ishank/ros2_ws/install/drone_bridge', 'merge_install': False, 'path': '/home/ishank/ros2_ws/src/drone_bridge', 'symlink_install': True, 'test_result_base': None}
[0.856s] Level 5:colcon.colcon_core.verb:set package 'drone_controller' build argument 'cmake_args' from command line to 'None'
[0.856s] Level 5:colcon.colcon_core.verb:set package 'drone_controller' build argument 'cmake_target' from command line to 'None'
[0.856s] Level 5:colcon.colcon_core.verb:set package 'drone_controller' build argument 'cmake_target_skip_unavailable' from command line to 'False'
[0.856s] Level 5:colcon.colcon_core.verb:set package 'drone_controller' build argument 'cmake_clean_cache' from command line to 'False'
[0.856s] Level 5:colcon.colcon_core.verb:set package 'drone_controller' build argument 'cmake_clean_first' from command line to 'False'
[0.857s] Level 5:colcon.colcon_core.verb:set package 'drone_controller' build argument 'cmake_force_configure' from command line to 'False'
[0.857s] Level 5:colcon.colcon_core.verb:set package 'drone_controller' build argument 'ament_cmake_args' from command line to 'None'
[0.857s] Level 5:colcon.colcon_core.verb:set package 'drone_controller' build argument 'catkin_cmake_args' from command line to 'None'
[0.857s] Level 5:colcon.colcon_core.verb:set package 'drone_controller' build argument 'catkin_skip_building_tests' from command line to 'False'
[0.857s] DEBUG:colcon.colcon_core.verb:Building package 'drone_controller' with the following arguments: {'ament_cmake_args': None, 'build_base': '/home/ishank/ros2_ws/build/drone_controller', 'catkin_cmake_args': None, 'catkin_skip_building_tests': False, 'cmake_args': None, 'cmake_clean_cache': False, 'cmake_clean_first': False, 'cmake_force_configure': False, 'cmake_target': None, 'cmake_target_skip_unavailable': False, 'install_base': '/home/ishank/ros2_ws/install/drone_controller', 'merge_install': False, 'path': '/home/ishank/ros2_ws/src/drone_controller', 'symlink_install': True, 'test_result_base': None}
[0.857s] Level 5:colcon.colcon_core.verb:set package 'drone_planner' build argument 'cmake_args' from command line to 'None'
[0.857s] Level 5:colcon.colcon_core.verb:set package 'drone_planner' build argument 'cmake_target' from command line to 'None'
[0.857s] Level 5:colcon.colcon_core.verb:set package 'drone_planner' build argument 'cmake_target_skip_unavailable' from command line to 'False'
[0.857s] Level 5:colcon.colcon_core.verb:set package 'drone_planner' build argument 'cmake_clean_cache' from command line to 'False'
[0.857s] Level 5:colcon.colcon_core.verb:set package 'drone_planner' build argument 'cmake_clean_first' from command line to 'False'
[0.857s] Level 5:colcon.colcon_core.verb:set package 'drone_planner' build argument 'cmake_force_configure' from command line to 'False'
[0.857s] Level 5:colcon.colcon_core.verb:set package 'drone_planner' build argument 'ament_cmake_args' from command line to 'None'
[0.857s] Level 5:colcon.colcon_core.verb:set package 'drone_planner' build argument 'catkin_cmake_args' from command line to 'None'
[0.857s] Level 5:colcon.colcon_core.verb:set package 'drone_planner' build argument 'catkin_skip_building_tests' from command line to 'False'
[0.857s] DEBUG:colcon.colcon_core.verb:Building package 'drone_planner' with the following arguments: {'ament_cmake_args': None, 'build_base': '/home/ishank/ros2_ws/build/drone_planner', 'catkin_cmake_args': None, 'catkin_skip_building_tests': False, 'cmake_args': None, 'cmake_clean_cache': False, 'cmake_clean_first': False, 'cmake_force_configure': False, 'cmake_target': None, 'cmake_target_skip_unavailable': False, 'install_base': '/home/ishank/ros2_ws/install/drone_planner', 'merge_install': False, 'path': '/home/ishank/ros2_ws/src/drone_planner', 'symlink_install': True, 'test_result_base': None}
[0.857s] Level 5:colcon.colcon_core.verb:set package 'mission_manager' build argument 'cmake_args' from command line to 'None'
[0.857s] Level 5:colcon.colcon_core.verb:set package 'mission_manager' build argument 'cmake_target' from command line to 'None'
[0.857s] Level 5:colcon.colcon_core.verb:set package 'mission_manager' build argument 'cmake_target_skip_unavailable' from command line to 'False'
[0.858s] Level 5:colcon.colcon_core.verb:set package 'mission_manager' build argument 'cmake_clean_cache' from command line to 'False'
[0.858s] Level 5:colcon.colcon_core.verb:set package 'mission_manager' build argument 'cmake_clean_first' from command line to 'False'
[0.858s] Level 5:colcon.colcon_core.verb:set package 'mission_manager' build argument 'cmake_force_configure' from command line to 'False'
[0.858s] Level 5:colcon.colcon_core.verb:set package 'mission_manager' build argument 'ament_cmake_args' from command line to 'None'
[0.858s] Level 5:colcon.colcon_core.verb:set package 'mission_manager' build argument 'catkin_cmake_args' from command line to 'None'
[0.858s] Level 5:colcon.colcon_core.verb:set package 'mission_manager' build argument 'catkin_skip_building_tests' from command line to 'False'
[0.858s] DEBUG:colcon.colcon_core.verb:Building package 'mission_manager' with the following arguments: {'ament_cmake_args': None, 'build_base': '/home/ishank/ros2_ws/build/mission_manager', 'catkin_cmake_args': None, 'catkin_skip_building_tests': False, 'cmake_args': None, 'cmake_clean_cache': False, 'cmake_clean_first': False, 'cmake_force_configure': False, 'cmake_target': None, 'cmake_target_skip_unavailable': False, 'install_base': '/home/ishank/ros2_ws/install/mission_manager', 'merge_install': False, 'path': '/home/ishank/ros2_ws/src/mission_manager', 'symlink_install': True, 'test_result_base': None}
[0.858s] INFO:colcon.colcon_core.executor:Executing jobs using 'parallel' executor
[0.859s] DEBUG:colcon.colcon_parallel_executor.executor.parallel:run_until_complete
[0.859s] INFO:colcon.colcon_ros.task.ament_cmake.build:Building ROS package in '/home/ishank/ros2_ws/src/drone_msgs' with build type 'ament_cmake'
[0.859s] INFO:colcon.colcon_cmake.task.cmake.build:Building CMake package in '/home/ishank/ros2_ws/src/drone_msgs'
[0.864s] INFO:colcon.colcon_core.plugin_system:Skipping extension 'colcon_core.shell.bat': Not used on non-Windows systems
[0.865s] INFO:colcon.colcon_core.shell:Skip shell extension 'powershell' for command environment: Not usable outside of PowerShell
[0.865s] DEBUG:colcon.colcon_core.shell:Skip shell extension 'dsv' for command environment
[0.870s] INFO:colcon.colcon_ros.task.ament_cmake.build:Building ROS package in '/home/ishank/ros2_ws/src/drone_common' with build type 'ament_cmake'
[0.870s] INFO:colcon.colcon_cmake.task.cmake.build:Building CMake package in '/home/ishank/ros2_ws/src/drone_common'
[0.871s] INFO:colcon.colcon_core.shell:Skip shell extension 'powershell' for command environment: Not usable outside of PowerShell
[0.871s] DEBUG:colcon.colcon_core.shell:Skip shell extension 'dsv' for command environment
[0.874s] INFO:colcon.colcon_ros.task.ament_cmake.build:Building ROS package in '/home/ishank/ros2_ws/src/drone_sim' with build type 'ament_cmake'
[0.874s] INFO:colcon.colcon_cmake.task.cmake.build:Building CMake package in '/home/ishank/ros2_ws/src/drone_sim'
[0.874s] INFO:colcon.colcon_core.shell:Skip shell extension 'powershell' for command environment: Not usable outside of PowerShell
[0.874s] DEBUG:colcon.colcon_core.shell:Skip shell extension 'dsv' for command environment
[0.884s] DEBUG:colcon.colcon_core.event_handler.log_command:Invoking command in '/home/ishank/ros2_ws/build/drone_msgs': CMAKE_PREFIX_PATH=${CMAKE_PREFIX_PATH}:/opt/ros/humble /usr/bin/cmake /home/ishank/ros2_ws/src/drone_msgs -DAMENT_CMAKE_SYMLINK_INSTALL=1 -DCMAKE_INSTALL_PREFIX=/home/ishank/ros2_ws/install/drone_msgs
[0.899s] DEBUG:colcon.colcon_core.event_handler.log_command:Invoking command in '/home/ishank/ros2_ws/build/drone_common': CMAKE_PREFIX_PATH=${CMAKE_PREFIX_PATH}:/opt/ros/humble /usr/bin/cmake /home/ishank/ros2_ws/src/drone_common -DAMENT_CMAKE_SYMLINK_INSTALL=1 -DCMAKE_INSTALL_PREFIX=/home/ishank/ros2_ws/install/drone_common
[0.907s] DEBUG:colcon.colcon_core.event_handler.log_command:Invoking command in '/home/ishank/ros2_ws/build/drone_sim': CMAKE_PREFIX_PATH=${CMAKE_PREFIX_PATH}:/opt/ros/humble /usr/bin/cmake /home/ishank/ros2_ws/src/drone_sim -DAMENT_CMAKE_SYMLINK_INSTALL=1 -DCMAKE_INSTALL_PREFIX=/home/ishank/ros2_ws/install/drone_sim
[2.578s] DEBUG:colcon.colcon_core.event_handler.log_command:Invoked command in '/home/ishank/ros2_ws/build/drone_common' returned '0': CMAKE_PREFIX_PATH=${CMAKE_PREFIX_PATH}:/opt/ros/humble /usr/bin/cmake /home/ishank/ros2_ws/src/drone_common -DAMENT_CMAKE_SYMLINK_INSTALL=1 -DCMAKE_INSTALL_PREFIX=/home/ishank/ros2_ws/install/drone_common
[2.582s] DEBUG:colcon.colcon_core.event_handler.log_command:Invoking command in '/home/ishank/ros2_ws/build/drone_common': CMAKE_PREFIX_PATH=${CMAKE_PREFIX_PATH}:/opt/ros/humble /usr/bin/cmake --build /home/ishank/ros2_ws/build/drone_common -- -j8 -l8
[2.602s] DEBUG:colcon.colcon_core.event_handler.log_command:Invoked command in '/home/ishank/ros2_ws/build/drone_sim' returned '0': CMAKE_PREFIX_PATH=${CMAKE_PREFIX_PATH}:/opt/ros/humble /usr/bin/cmake /home/ishank/ros2_ws/src/drone_sim -DAMENT_CMAKE_SYMLINK_INSTALL=1 -DCMAKE_INSTALL_PREFIX=/home/ishank/ros2_ws/install/drone_sim
[2.604s] DEBUG:colcon.colcon_core.event_handler.log_command:Invoking command in '/home/ishank/ros2_ws/build/drone_sim': CMAKE_PREFIX_PATH=${CMAKE_PREFIX_PATH}:/opt/ros/humble /usr/bin/cmake --build /home/ishank/ros2_ws/build/drone_sim -- -j8 -l8
[2.625s] DEBUG:colcon.colcon_core.event_handler.log_command:Invoked command in '/home/ishank/ros2_ws/build/drone_common' returned '0': CMAKE_PREFIX_PATH=${CMAKE_PREFIX_PATH}:/opt/ros/humble /usr/bin/cmake --build /home/ishank/ros2_ws/build/drone_common -- -j8 -l8
[2.635s] DEBUG:colcon.colcon_core.event_handler.log_command:Invoking command in '/home/ishank/ros2_ws/build/drone_common': CMAKE_PREFIX_PATH=${CMAKE_PREFIX_PATH}:/opt/ros/humble /usr/bin/cmake --install /home/ishank/ros2_ws/build/drone_common
[2.645s] DEBUG:colcon.colcon_core.event_handler.log_command:Invoked command in '/home/ishank/ros2_ws/build/drone_sim' returned '0': CMAKE_PREFIX_PATH=${CMAKE_PREFIX_PATH}:/opt/ros/humble /usr/bin/cmake --build /home/ishank/ros2_ws/build/drone_sim -- -j8 -l8
[2.647s] DEBUG:colcon.colcon_core.event_handler.log_command:Invoking command in '/home/ishank/ros2_ws/build/drone_sim': CMAKE_PREFIX_PATH=${CMAKE_PREFIX_PATH}:/opt/ros/humble /usr/bin/cmake --install /home/ishank/ros2_ws/build/drone_sim
[2.789s] Level 1:colcon.colcon_core.environment:create_environment_scripts_only(drone_sim)
[2.790s] DEBUG:colcon.colcon_core.event_handler.log_command:Invoked command in '/home/ishank/ros2_ws/build/drone_sim' returned '0': CMAKE_PREFIX_PATH=${CMAKE_PREFIX_PATH}:/opt/ros/humble /usr/bin/cmake --install /home/ishank/ros2_ws/build/drone_sim
[2.801s] Level 1:colcon.colcon_core.environment:checking '/home/ishank/ros2_ws/install/drone_sim' for CMake module files
[2.801s] Level 1:colcon.colcon_core.environment:checking '/home/ishank/ros2_ws/install/drone_sim' for CMake config files
[2.801s] Level 1:colcon.colcon_core.shell:create_environment_hook('drone_sim', 'cmake_prefix_path')
[2.802s] INFO:colcon.colcon_core.shell:Creating environment hook '/home/ishank/ros2_ws/install/drone_sim/share/drone_sim/hook/cmake_prefix_path.ps1'
[2.803s] INFO:colcon.colcon_core.shell:Creating environment descriptor '/home/ishank/ros2_ws/install/drone_sim/share/drone_sim/hook/cmake_prefix_path.dsv'
[2.804s] INFO:colcon.colcon_core.shell:Creating environment hook '/home/ishank/ros2_ws/install/drone_sim/share/drone_sim/hook/cmake_prefix_path.sh'
[2.805s] Level 1:colcon.colcon_core.environment:checking '/home/ishank/ros2_ws/install/drone_sim/bin'
[2.805s] Level 1:colcon.colcon_core.environment:checking '/home/ishank/ros2_ws/install/drone_sim/lib/pkgconfig/drone_sim.pc'
[2.805s] Level 1:colcon.colcon_core.environment:checking '/home/ishank/ros2_ws/install/drone_sim/lib/python3.10/site-packages'
[2.806s] Level 1:colcon.colcon_core.environment:checking '/home/ishank/ros2_ws/install/drone_sim/bin'
[2.806s] INFO:colcon.colcon_core.shell:Creating package script '/home/ishank/ros2_ws/install/drone_sim/share/drone_sim/package.ps1'
[2.809s] INFO:colcon.colcon_core.shell:Creating package descriptor '/home/ishank/ros2_ws/install/drone_sim/share/drone_sim/package.dsv'
[2.810s] INFO:colcon.colcon_core.shell:Creating package script '/home/ishank/ros2_ws/install/drone_sim/share/drone_sim/package.sh'
[2.811s] INFO:colcon.colcon_core.shell:Creating package script '/home/ishank/ros2_ws/install/drone_sim/share/drone_sim/package.bash'
[2.812s] INFO:colcon.colcon_core.shell:Creating package script '/home/ishank/ros2_ws/install/drone_sim/share/drone_sim/package.zsh'
[2.814s] Level 1:colcon.colcon_core.environment:create_file_with_runtime_dependencies(/home/ishank/ros2_ws/install/drone_sim/share/colcon-core/packages/drone_sim)
[2.815s] Level 1:colcon.colcon_core.environment:create_environment_scripts_only(drone_sim)
[2.815s] Level 1:colcon.colcon_core.environment:checking '/home/ishank/ros2_ws/install/drone_sim' for CMake module files
[2.815s] Level 1:colcon.colcon_core.environment:checking '/home/ishank/ros2_ws/install/drone_sim' for CMake config files
[2.816s] Level 1:colcon.colcon_core.shell:create_environment_hook('drone_sim', 'cmake_prefix_path')
[2.816s] INFO:colcon.colcon_core.shell:Creating environment hook '/home/ishank/ros2_ws/install/drone_sim/share/drone_sim/hook/cmake_prefix_path.ps1'
[2.816s] INFO:colcon.colcon_core.shell:Creating environment descriptor '/home/ishank/ros2_ws/install/drone_sim/share/drone_sim/hook/cmake_prefix_path.dsv'
[2.817s] INFO:colcon.colcon_core.shell:Creating environment hook '/home/ishank/ros2_ws/install/drone_sim/share/drone_sim/hook/cmake_prefix_path.sh'
[2.817s] Level 1:colcon.colcon_core.environment:checking '/home/ishank/ros2_ws/install/drone_sim/bin'
[2.817s] Level 1:colcon.colcon_core.environment:checking '/home/ishank/ros2_ws/install/drone_sim/lib/pkgconfig/drone_sim.pc'
[2.818s] Level 1:colcon.colcon_core.environment:checking '/home/ishank/ros2_ws/install/drone_sim/lib/python3.10/site-packages'
[2.818s] Level 1:colcon.colcon_core.environment:checking '/home/ishank/ros2_ws/install/drone_sim/bin'
[2.818s] INFO:colcon.colcon_core.shell:Creating package script '/home/ishank/ros2_ws/install/drone_sim/share/drone_sim/package.ps1'
[2.819s] INFO:colcon.colcon_core.shell:Creating package descriptor '/home/ishank/ros2_ws/install/drone_sim/share/drone_sim/package.dsv'
[2.819s] INFO:colcon.colcon_core.shell:Creating package script '/home/ishank/ros2_ws/install/drone_sim/share/drone_sim/package.sh'
[2.820s] INFO:colcon.colcon_core.shell:Creating package script '/home/ishank/ros2_ws/install/drone_sim/share/drone_sim/package.bash'
[2.820s] INFO:colcon.colcon_core.shell:Creating package script '/home/ishank/ros2_ws/install/drone_sim/share/drone_sim/package.zsh'
[2.822s] Level 1:colcon.colcon_core.environment:create_file_with_runtime_dependencies(/home/ishank/ros2_ws/install/drone_sim/share/colcon-core/packages/drone_sim)
[2.824s] Level 1:colcon.colcon_core.environment:create_environment_scripts_only(drone_common)
[2.824s] Level 1:colcon.colcon_core.environment:checking '/home/ishank/ros2_ws/install/drone_common' for CMake module files
[2.825s] DEBUG:colcon.colcon_core.event_handler.log_command:Invoked command in '/home/ishank/ros2_ws/build/drone_common' returned '0': CMAKE_PREFIX_PATH=${CMAKE_PREFIX_PATH}:/opt/ros/humble /usr/bin/cmake --install /home/ishank/ros2_ws/build/drone_common
[2.826s] Level 1:colcon.colcon_core.environment:checking '/home/ishank/ros2_ws/install/drone_common' for CMake config files
[2.826s] Level 1:colcon.colcon_core.shell:create_environment_hook('drone_common', 'cmake_prefix_path')
[2.827s] INFO:colcon.colcon_core.shell:Creating environment hook '/home/ishank/ros2_ws/install/drone_common/share/drone_common/hook/cmake_prefix_path.ps1'
[2.827s] INFO:colcon.colcon_core.shell:Creating environment descriptor '/home/ishank/ros2_ws/install/drone_common/share/drone_common/hook/cmake_prefix_path.dsv'
[2.828s] INFO:colcon.colcon_core.shell:Creating environment hook '/home/ishank/ros2_ws/install/drone_common/share/drone_common/hook/cmake_prefix_path.sh'
[2.828s] Level 1:colcon.colcon_core.environment:checking '/home/ishank/ros2_ws/install/drone_common/bin'
[2.828s] Level 1:colcon.colcon_core.environment:checking '/home/ishank/ros2_ws/install/drone_common/lib/pkgconfig/drone_common.pc'
[2.828s] Level 1:colcon.colcon_core.environment:checking '/home/ishank/ros2_ws/install/drone_common/lib/python3.10/site-packages'
[2.829s] Level 1:colcon.colcon_core.environment:checking '/home/ishank/ros2_ws/install/drone_common/bin'
[2.829s] INFO:colcon.colcon_core.shell:Creating package script '/home/ishank/ros2_ws/install/drone_common/share/drone_common/package.ps1'
[2.830s] INFO:colcon.colcon_core.shell:Creating package descriptor '/home/ishank/ros2_ws/install/drone_common/share/drone_common/package.dsv'
[2.831s] INFO:colcon.colcon_core.shell:Creating package script '/home/ishank/ros2_ws/install/drone_common/share/drone_common/package.sh'
[2.831s] INFO:colcon.colcon_core.shell:Creating package script '/home/ishank/ros2_ws/install/drone_common/share/drone_common/package.bash'
[2.831s] INFO:colcon.colcon_core.shell:Creating package script '/home/ishank/ros2_ws/install/drone_common/share/drone_common/package.zsh'
[2.832s] Level 1:colcon.colcon_core.environment:create_file_with_runtime_dependencies(/home/ishank/ros2_ws/install/drone_common/share/colcon-core/packages/drone_common)
[2.833s] Level 1:colcon.colcon_core.environment:create_environment_scripts_only(drone_common)
[2.834s] Level 1:colcon.colcon_core.environment:checking '/home/ishank/ros2_ws/install/drone_common' for CMake module files
[2.834s] Level 1:colcon.colcon_core.environment:checking '/home/ishank/ros2_ws/install/drone_common' for CMake config files
[2.834s] Level 1:colcon.colcon_core.shell:create_environment_hook('drone_common', 'cmake_prefix_path')
[2.835s] INFO:colcon.colcon_core.shell:Creating environment hook '/home/ishank/ros2_ws/install/drone_common/share/drone_common/hook/cmake_prefix_path.ps1'
[2.835s] INFO:colcon.colcon_core.shell:Creating environment descriptor '/home/ishank/ros2_ws/install/drone_common/share/drone_common/hook/cmake_prefix_path.dsv'
[2.836s] INFO:colcon.colcon_core.shell:Creating environment hook '/home/ishank/ros2_ws/install/drone_common/share/drone_common/hook/cmake_prefix_path.sh'
[2.837s] Level 1:colcon.colcon_core.environment:checking '/home/ishank/ros2_ws/install/drone_common/bin'
[2.838s] Level 1:colcon.colcon_core.environment:checking '/home/ishank/ros2_ws/install/drone_common/lib/pkgconfig/drone_common.pc'
[2.838s] Level 1:colcon.colcon_core.environment:checking '/home/ishank/ros2_ws/install/drone_common/lib/python3.10/site-packages'
[2.838s] Level 1:colcon.colcon_core.environment:checking '/home/ishank/ros2_ws/install/drone_common/bin'
[2.839s] INFO:colcon.colcon_core.shell:Creating package script '/home/ishank/ros2_ws/install/drone_common/share/drone_common/package.ps1'
[2.840s] INFO:colcon.colcon_core.shell:Creating package descriptor '/home/ishank/ros2_ws/install/drone_common/share/drone_common/package.dsv'
[2.841s] INFO:colcon.colcon_core.shell:Creating package script '/home/ishank/ros2_ws/install/drone_common/share/drone_common/package.sh'
[2.841s] INFO:colcon.colcon_core.shell:Creating package script '/home/ishank/ros2_ws/install/drone_common/share/drone_common/package.bash'
[2.843s] INFO:colcon.colcon_core.shell:Creating package script '/home/ishank/ros2_ws/install/drone_common/share/drone_common/package.zsh'
[2.843s] Level 1:colcon.colcon_core.environment:create_file_with_runtime_dependencies(/home/ishank/ros2_ws/install/drone_common/share/colcon-core/packages/drone_common)
[4.601s] DEBUG:colcon.colcon_core.event_handler.log_command:Invoked command in '/home/ishank/ros2_ws/build/drone_msgs' returned '0': CMAKE_PREFIX_PATH=${CMAKE_PREFIX_PATH}:/opt/ros/humble /usr/bin/cmake /home/ishank/ros2_ws/src/drone_msgs -DAMENT_CMAKE_SYMLINK_INSTALL=1 -DCMAKE_INSTALL_PREFIX=/home/ishank/ros2_ws/install/drone_msgs
[4.603s] DEBUG:colcon.colcon_core.event_handler.log_command:Invoking command in '/home/ishank/ros2_ws/build/drone_msgs': CMAKE_PREFIX_PATH=${CMAKE_PREFIX_PATH}:/opt/ros/humble /usr/bin/cmake --build /home/ishank/ros2_ws/build/drone_msgs -- -j8 -l8
[10.625s] DEBUG:colcon.colcon_core.event_handler.log_command:Invoked command in '/home/ishank/ros2_ws/build/drone_msgs' returned '0': CMAKE_PREFIX_PATH=${CMAKE_PREFIX_PATH}:/opt/ros/humble /usr/bin/cmake --build /home/ishank/ros2_ws/build/drone_msgs -- -j8 -l8
[10.627s] DEBUG:colcon.colcon_core.event_handler.log_command:Invoking command in '/home/ishank/ros2_ws/build/drone_msgs': CMAKE_PREFIX_PATH=${CMAKE_PREFIX_PATH}:/opt/ros/humble /usr/bin/cmake --install /home/ishank/ros2_ws/build/drone_msgs
[11.862s] Level 1:colcon.colcon_core.environment:create_environment_scripts_only(drone_msgs)
[11.862s] Level 1:colcon.colcon_core.environment:checking '/home/ishank/ros2_ws/install/drone_msgs' for CMake module files
[11.863s] DEBUG:colcon.colcon_core.event_handler.log_command:Invoked command in '/home/ishank/ros2_ws/build/drone_msgs' returned '0': CMAKE_PREFIX_PATH=${CMAKE_PREFIX_PATH}:/opt/ros/humble /usr/bin/cmake --install /home/ishank/ros2_ws/build/drone_msgs
[11.863s] Level 1:colcon.colcon_core.environment:checking '/home/ishank/ros2_ws/install/drone_msgs' for CMake config files
[11.864s] Level 1:colcon.colcon_core.shell:create_environment_hook('drone_msgs', 'cmake_prefix_path')
[11.864s] INFO:colcon.colcon_core.shell:Creating environment hook '/home/ishank/ros2_ws/install/drone_msgs/share/drone_msgs/hook/cmake_prefix_path.ps1'
[11.865s] INFO:colcon.colcon_core.shell:Creating environment descriptor '/home/ishank/ros2_ws/install/drone_msgs/share/drone_msgs/hook/cmake_prefix_path.dsv'
[11.865s] INFO:colcon.colcon_core.shell:Creating environment hook '/home/ishank/ros2_ws/install/drone_msgs/share/drone_msgs/hook/cmake_prefix_path.sh'
[11.866s] Level 1:colcon.colcon_core.environment:checking '/home/ishank/ros2_ws/install/drone_msgs/lib'
[11.866s] Level 1:colcon.colcon_core.shell:create_environment_hook('drone_msgs', 'ld_library_path_lib')
[11.866s] INFO:colcon.colcon_core.shell:Creating environment hook '/home/ishank/ros2_ws/install/drone_msgs/share/drone_msgs/hook/ld_library_path_lib.ps1'
[11.867s] INFO:colcon.colcon_core.shell:Creating environment descriptor '/home/ishank/ros2_ws/install/drone_msgs/share/drone_msgs/hook/ld_library_path_lib.dsv'
[11.867s] INFO:colcon.colcon_core.shell:Creating environment hook '/home/ishank/ros2_ws/install/drone_msgs/share/drone_msgs/hook/ld_library_path_lib.sh'
[11.867s] Level 1:colcon.colcon_core.environment:checking '/home/ishank/ros2_ws/install/drone_msgs/bin'
[11.867s] Level 1:colcon.colcon_core.environment:checking '/home/ishank/ros2_ws/install/drone_msgs/lib/pkgconfig/drone_msgs.pc'
[11.867s] Level 1:colcon.colcon_core.environment:checking '/home/ishank/ros2_ws/install/drone_msgs/lib/python3.10/site-packages'
[11.868s] Level 1:colcon.colcon_core.environment:checking '/home/ishank/ros2_ws/install/drone_msgs/bin'
[11.868s] INFO:colcon.colcon_core.shell:Creating package script '/home/ishank/ros2_ws/install/drone_msgs/share/drone_msgs/package.ps1'
[11.868s] INFO:colcon.colcon_core.shell:Creating package descriptor '/home/ishank/ros2_ws/install/drone_msgs/share/drone_msgs/package.dsv'
[11.869s] INFO:colcon.colcon_core.shell:Creating package script '/home/ishank/ros2_ws/install/drone_msgs/share/drone_msgs/package.sh'
[11.869s] INFO:colcon.colcon_core.shell:Creating package script '/home/ishank/ros2_ws/install/drone_msgs/share/drone_msgs/package.bash'
[11.869s] INFO:colcon.colcon_core.shell:Creating package script '/home/ishank/ros2_ws/install/drone_msgs/share/drone_msgs/package.zsh'
[11.870s] Level 1:colcon.colcon_core.environment:create_file_with_runtime_dependencies(/home/ishank/ros2_ws/install/drone_msgs/share/colcon-core/packages/drone_msgs)
[11.871s] Level 1:colcon.colcon_core.environment:create_environment_scripts_only(drone_msgs)
[11.871s] Level 1:colcon.colcon_core.environment:checking '/home/ishank/ros2_ws/install/drone_msgs' for CMake module files
[11.871s] Level 1:colcon.colcon_core.environment:checking '/home/ishank/ros2_ws/install/drone_msgs' for CMake config files
[11.872s] Level 1:colcon.colcon_core.shell:create_environment_hook('drone_msgs', 'cmake_prefix_path')
[11.872s] INFO:colcon.colcon_core.shell:Creating environment hook '/home/ishank/ros2_ws/install/drone_msgs/share/drone_msgs/hook/cmake_prefix_path.ps1'
[11.873s] INFO:colcon.colcon_core.shell:Creating environment descriptor '/home/ishank/ros2_ws/install/drone_msgs/share/drone_msgs/hook/cmake_prefix_path.dsv'
[11.873s] INFO:colcon.colcon_core.shell:Creating environment hook '/home/ishank/ros2_ws/install/drone_msgs/share/drone_msgs/hook/cmake_prefix_path.sh'
[11.874s] Level 1:colcon.colcon_core.environment:checking '/home/ishank/ros2_ws/install/drone_msgs/lib'
[11.874s] Level 1:colcon.colcon_core.shell:create_environment_hook('drone_msgs', 'ld_library_path_lib')
[11.874s] INFO:colcon.colcon_core.shell:Creating environment hook '/home/ishank/ros2_ws/install/drone_msgs/share/drone_msgs/hook/ld_library_path_lib.ps1'
[11.874s] INFO:colcon.colcon_core.shell:Creating environment descriptor '/home/ishank/ros2_ws/install/drone_msgs/share/drone_msgs/hook/ld_library_path_lib.dsv'
[11.874s] INFO:colcon.colcon_core.shell:Creating environment hook '/home/ishank/ros2_ws/install/drone_msgs/share/drone_msgs/hook/ld_library_path_lib.sh'
[11.875s] Level 1:colcon.colcon_core.environment:checking '/home/ishank/ros2_ws/install/drone_msgs/bin'
[11.875s] Level 1:colcon.colcon_core.environment:checking '/home/ishank/ros2_ws/install/drone_msgs/lib/pkgconfig/drone_msgs.pc'
[11.875s] Level 1:colcon.colcon_core.environment:checking '/home/ishank/ros2_ws/install/drone_msgs/lib/python3.10/site-packages'
[11.875s] Level 1:colcon.colcon_core.environment:checking '/home/ishank/ros2_ws/install/drone_msgs/bin'
[11.876s] INFO:colcon.colcon_core.shell:Creating package script '/home/ishank/ros2_ws/install/drone_msgs/share/drone_msgs/package.ps1'
[11.876s] INFO:colcon.colcon_core.shell:Creating package descriptor '/home/ishank/ros2_ws/install/drone_msgs/share/drone_msgs/package.dsv'
[11.877s] INFO:colcon.colcon_core.shell:Creating package script '/home/ishank/ros2_ws/install/drone_msgs/share/drone_msgs/package.sh'
[11.877s] INFO:colcon.colcon_core.shell:Creating package script '/home/ishank/ros2_ws/install/drone_msgs/share/drone_msgs/package.bash'
[11.877s] INFO:colcon.colcon_core.shell:Creating package script '/home/ishank/ros2_ws/install/drone_msgs/share/drone_msgs/package.zsh'
[11.878s] Level 1:colcon.colcon_core.environment:create_file_with_runtime_dependencies(/home/ishank/ros2_ws/install/drone_msgs/share/colcon-core/packages/drone_msgs)
[11.878s] INFO:colcon.colcon_ros.task.ament_cmake.build:Building ROS package in '/home/ishank/ros2_ws/src/drone_bridge' with build type 'ament_cmake'
[11.879s] INFO:colcon.colcon_cmake.task.cmake.build:Building CMake package in '/home/ishank/ros2_ws/src/drone_bridge'
[11.879s] INFO:colcon.colcon_core.shell:Skip shell extension 'powershell' for command environment: Not usable outside of PowerShell
[11.879s] DEBUG:colcon.colcon_core.shell:Skip shell extension 'dsv' for command environment
[11.882s] INFO:colcon.colcon_ros.task.ament_cmake.build:Building ROS package in '/home/ishank/ros2_ws/src/drone_controller' with build type 'ament_cmake'
[11.882s] INFO:colcon.colcon_cmake.task.cmake.build:Building CMake package in '/home/ishank/ros2_ws/src/drone_controller'
[11.883s] INFO:colcon.colcon_core.shell:Skip shell extension 'powershell' for command environment: Not usable outside of PowerShell
[11.883s] DEBUG:colcon.colcon_core.shell:Skip shell extension 'dsv' for command environment
[11.886s] INFO:colcon.colcon_ros.task.ament_cmake.build:Building ROS package in '/home/ishank/ros2_ws/src/drone_planner' with build type 'ament_cmake'
[11.886s] INFO:colcon.colcon_cmake.task.cmake.build:Building CMake package in '/home/ishank/ros2_ws/src/drone_planner'
[11.886s] INFO:colcon.colcon_core.shell:Skip shell extension 'powershell' for command environment: Not usable outside of PowerShell
[11.886s] DEBUG:colcon.colcon_core.shell:Skip shell extension 'dsv' for command environment
[11.892s] INFO:colcon.colcon_ros.task.ament_cmake.build:Building ROS package in '/home/ishank/ros2_ws/src/mission_manager' with build type 'ament_cmake'
[11.892s] INFO:colcon.colcon_cmake.task.cmake.build:Building CMake package in '/home/ishank/ros2_ws/src/mission_manager'
[11.892s] INFO:colcon.colcon_core.shell:Skip shell extension 'powershell' for command environment: Not usable outside of PowerShell
[11.893s] DEBUG:colcon.colcon_core.shell:Skip shell extension 'dsv' for command environment
[11.958s] DEBUG:colcon.colcon_core.event_handler.log_command:Invoking command in '/home/ishank/ros2_ws/build/drone_bridge': CMAKE_PREFIX_PATH=/home/ishank/ros2_ws/install/drone_msgs:/home/ishank/ros2_ws/install/drone_sim:/home/ishank/ros2_ws/install/drone_controller:/home/ishank/ros2_ws/install/drone_bridge:/opt/ros/humble /usr/bin/cmake /home/ishank/ros2_ws/src/drone_bridge -DAMENT_CMAKE_SYMLINK_INSTALL=1 -DCMAKE_INSTALL_PREFIX=/home/ishank/ros2_ws/install/drone_bridge
[11.972s] DEBUG:colcon.colcon_core.event_handler.log_command:Invoking command in '/home/ishank/ros2_ws/build/drone_controller': CMAKE_PREFIX_PATH=/home/ishank/ros2_ws/install/drone_msgs:/home/ishank/ros2_ws/install/drone_sim:/home/ishank/ros2_ws/install/drone_controller:/home/ishank/ros2_ws/install/drone_bridge:/opt/ros/humble /usr/bin/cmake /home/ishank/ros2_ws/src/drone_controller -DAMENT_CMAKE_SYMLINK_INSTALL=1 -DCMAKE_INSTALL_PREFIX=/home/ishank/ros2_ws/install/drone_controller
[12.022s] DEBUG:colcon.colcon_core.event_handler.log_command:Invoking command in '/home/ishank/ros2_ws/build/drone_planner': CMAKE_PREFIX_PATH=/home/ishank/ros2_ws/install/drone_msgs:/home/ishank/ros2_ws/install/drone_sim:/home/ishank/ros2_ws/install/drone_controller:/home/ishank/ros2_ws/install/drone_bridge:/opt/ros/humble /usr/bin/cmake /home/ishank/ros2_ws/src/drone_planner -DAMENT_CMAKE_SYMLINK_INSTALL=1 -DCMAKE_INSTALL_PREFIX=/home/ishank/ros2_ws/install/drone_planner
[12.024s] DEBUG:colcon.colcon_core.event_handler.log_command:Invoking command in '/home/ishank/ros2_ws/build/mission_manager': CMAKE_PREFIX_PATH=/home/ishank/ros2_ws/install/drone_msgs:/home/ishank/ros2_ws/install/drone_sim:/home/ishank/ros2_ws/install/drone_controller:/home/ishank/ros2_ws/install/drone_bridge:/opt/ros/humble /usr/bin/cmake /home/ishank/ros2_ws/src/mission_manager -DAMENT_CMAKE_SYMLINK_INSTALL=1 -DCMAKE_INSTALL_PREFIX=/home/ishank/ros2_ws/install/mission_manager
[17.165s] DEBUG:colcon.colcon_core.event_handler.log_command:Invoked command in '/home/ishank/ros2_ws/build/drone_planner' returned '0': CMAKE_PREFIX_PATH=/home/ishank/ros2_ws/install/drone_msgs:/home/ishank/ros2_ws/install/drone_sim:/home/ishank/ros2_ws/install/drone_controller:/home/ishank/ros2_ws/install/drone_bridge:/opt/ros/humble /usr/bin/cmake /home/ishank/ros2_ws/src/drone_planner -DAMENT_CMAKE_SYMLINK_INSTALL=1 -DCMAKE_INSTALL_PREFIX=/home/ishank/ros2_ws/install/drone_planner
[17.168s] DEBUG:colcon.colcon_core.event_handler.log_command:Invoking command in '/home/ishank/ros2_ws/build/drone_planner': CMAKE_PREFIX_PATH=/home/ishank/ros2_ws/install/drone_msgs:/home/ishank/ros2_ws/install/drone_sim:/home/ishank/ros2_ws/install/drone_controller:/home/ishank/ros2_ws/install/drone_bridge:/opt/ros/humble /usr/bin/cmake --build /home/ishank/ros2_ws/build/drone_planner -- -j8 -l8
[17.209s] DEBUG:colcon.colcon_core.event_handler.log_command:Invoked command in '/home/ishank/ros2_ws/build/drone_planner' returned '0': CMAKE_PREFIX_PATH=/home/ishank/ros2_ws/install/drone_msgs:/home/ishank/ros2_ws/install/drone_sim:/home/ishank/ros2_ws/install/drone_controller:/home/ishank/ros2_ws/install/drone_bridge:/opt/ros/humble /usr/bin/cmake --build /home/ishank/ros2_ws/build/drone_planner -- -j8 -l8
[17.211s] DEBUG:colcon.colcon_core.event_handler.log_command:Invoking command in '/home/ishank/ros2_ws/build/drone_planner': CMAKE_PREFIX_PATH=/home/ishank/ros2_ws/install/drone_msgs:/home/ishank/ros2_ws/install/drone_sim:/home/ishank/ros2_ws/install/drone_controller:/home/ishank/ros2_ws/install/drone_bridge:/opt/ros/humble /usr/bin/cmake --install /home/ishank/ros2_ws/build/drone_planner
[17.400s] Level 1:colcon.colcon_core.environment:create_environment_scripts_only(drone_planner)
[17.400s] Level 1:colcon.colcon_core.environment:checking '/home/ishank/ros2_ws/install/drone_planner' for CMake module files
[17.401s] DEBUG:colcon.colcon_core.event_handler.log_command:Invoked command in '/home/ishank/ros2_ws/build/drone_planner' returned '0': CMAKE_PREFIX_PATH=/home/ishank/ros2_ws/install/drone_msgs:/home/ishank/ros2_ws/install/drone_sim:/home/ishank/ros2_ws/install/drone_controller:/home/ishank/ros2_ws/install/drone_bridge:/opt/ros/humble /usr/bin/cmake --install /home/ishank/ros2_ws/build/drone_planner
[17.402s] Level 1:colcon.colcon_core.environment:checking '/home/ishank/ros2_ws/install/drone_planner' for CMake config files
[17.402s] Level 1:colcon.colcon_core.shell:create_environment_hook('drone_planner', 'cmake_prefix_path')
[17.403s] INFO:colcon.colcon_core.shell:Creating environment hook '/home/ishank/ros2_ws/install/drone_planner/share/drone_planner/hook/cmake_prefix_path.ps1'
[17.404s] INFO:colcon.colcon_core.shell:Creating environment descriptor '/home/ishank/ros2_ws/install/drone_planner/share/drone_planner/hook/cmake_prefix_path.dsv'
[17.404s] INFO:colcon.colcon_core.shell:Creating environment hook '/home/ishank/ros2_ws/install/drone_planner/share/drone_planner/hook/cmake_prefix_path.sh'
[17.405s] Level 1:colcon.colcon_core.environment:checking '/home/ishank/ros2_ws/install/drone_planner/bin'
[17.405s] Level 1:colcon.colcon_core.environment:checking '/home/ishank/ros2_ws/install/drone_planner/lib/pkgconfig/drone_planner.pc'
[17.405s] Level 1:colcon.colcon_core.environment:checking '/home/ishank/ros2_ws/install/drone_planner/lib/python3.10/site-packages'
[17.406s] Level 1:colcon.colcon_core.environment:checking '/home/ishank/ros2_ws/install/drone_planner/bin'
[17.406s] INFO:colcon.colcon_core.shell:Creating package script '/home/ishank/ros2_ws/install/drone_planner/share/drone_planner/package.ps1'
[17.407s] INFO:colcon.colcon_core.shell:Creating package descriptor '/home/ishank/ros2_ws/install/drone_planner/share/drone_planner/package.dsv'
[17.407s] INFO:colcon.colcon_core.shell:Creating package script '/home/ishank/ros2_ws/install/drone_planner/share/drone_planner/package.sh'
[17.408s] INFO:colcon.colcon_core.shell:Creating package script '/home/ishank/ros2_ws/install/drone_planner/share/drone_planner/package.bash'
[17.408s] INFO:colcon.colcon_core.shell:Creating package script '/home/ishank/ros2_ws/install/drone_planner/share/drone_planner/package.zsh'
[17.409s] Level 1:colcon.colcon_core.environment:create_file_with_runtime_dependencies(/home/ishank/ros2_ws/install/drone_planner/share/colcon-core/packages/drone_planner)
[17.410s] Level 1:colcon.colcon_core.environment:create_environment_scripts_only(drone_planner)
[17.410s] Level 1:colcon.colcon_core.environment:checking '/home/ishank/ros2_ws/install/drone_planner' for CMake module files
[17.411s] Level 1:colcon.colcon_core.environment:checking '/home/ishank/ros2_ws/install/drone_planner' for CMake config files
[17.411s] Level 1:colcon.colcon_core.shell:create_environment_hook('drone_planner', 'cmake_prefix_path')
[17.412s] INFO:colcon.colcon_core.shell:Creating environment hook '/home/ishank/ros2_ws/install/drone_planner/share/drone_planner/hook/cmake_prefix_path.ps1'
[17.412s] INFO:colcon.colcon_core.shell:Creating environment descriptor '/home/ishank/ros2_ws/install/drone_planner/share/drone_planner/hook/cmake_prefix_path.dsv'
[17.413s] INFO:colcon.colcon_core.shell:Creating environment hook '/home/ishank/ros2_ws/install/drone_planner/share/drone_planner/hook/cmake_prefix_path.sh'
[17.414s] Level 1:colcon.colcon_core.environment:checking '/home/ishank/ros2_ws/install/drone_planner/bin'
[17.414s] Level 1:colcon.colcon_core.environment:checking '/home/ishank/ros2_ws/install/drone_planner/lib/pkgconfig/drone_planner.pc'
[17.415s] Level 1:colcon.colcon_core.environment:checking '/home/ishank/ros2_ws/install/drone_planner/lib/python3.10/site-packages'
[17.415s] Level 1:colcon.colcon_core.environment:checking '/home/ishank/ros2_ws/install/drone_planner/bin'
[17.416s] INFO:colcon.colcon_core.shell:Creating package script '/home/ishank/ros2_ws/install/drone_planner/share/drone_planner/package.ps1'
[17.416s] INFO:colcon.colcon_core.shell:Creating package descriptor '/home/ishank/ros2_ws/install/drone_planner/share/drone_planner/package.dsv'
[17.417s] INFO:colcon.colcon_core.shell:Creating package script '/home/ishank/ros2_ws/install/drone_planner/share/drone_planner/package.sh'
[17.417s] INFO:colcon.colcon_core.shell:Creating package script '/home/ishank/ros2_ws/install/drone_planner/share/drone_planner/package.bash'
[17.418s] INFO:colcon.colcon_core.shell:Creating package script '/home/ishank/ros2_ws/install/drone_planner/share/drone_planner/package.zsh'
[17.419s] Level 1:colcon.colcon_core.environment:create_file_with_runtime_dependencies(/home/ishank/ros2_ws/install/drone_planner/share/colcon-core/packages/drone_planner)
[17.690s] DEBUG:colcon.colcon_core.event_handler.log_command:Invoked command in '/home/ishank/ros2_ws/build/drone_controller' returned '0': CMAKE_PREFIX_PATH=/home/ishank/ros2_ws/install/drone_msgs:/home/ishank/ros2_ws/install/drone_sim:/home/ishank/ros2_ws/install/drone_controller:/home/ishank/ros2_ws/install/drone_bridge:/opt/ros/humble /usr/bin/cmake /home/ishank/ros2_ws/src/drone_controller -DAMENT_CMAKE_SYMLINK_INSTALL=1 -DCMAKE_INSTALL_PREFIX=/home/ishank/ros2_ws/install/drone_controller
[17.692s] DEBUG:colcon.colcon_core.event_handler.log_command:Invoking command in '/home/ishank/ros2_ws/build/drone_controller': CMAKE_PREFIX_PATH=/home/ishank/ros2_ws/install/drone_msgs:/home/ishank/ros2_ws/install/drone_sim:/home/ishank/ros2_ws/install/drone_controller:/home/ishank/ros2_ws/install/drone_bridge:/opt/ros/humble /usr/bin/cmake --build /home/ishank/ros2_ws/build/drone_controller -- -j8 -l8
[17.694s] DEBUG:colcon.colcon_core.event_handler.log_command:Invoked command in '/home/ishank/ros2_ws/build/mission_manager' returned '0': CMAKE_PREFIX_PATH=/home/ishank/ros2_ws/install/drone_msgs:/home/ishank/ros2_ws/install/drone_sim:/home/ishank/ros2_ws/install/drone_controller:/home/ishank/ros2_ws/install/drone_bridge:/opt/ros/humble /usr/bin/cmake /home/ishank/ros2_ws/src/mission_manager -DAMENT_CMAKE_SYMLINK_INSTALL=1 -DCMAKE_INSTALL_PREFIX=/home/ishank/ros2_ws/install/mission_manager
[17.695s] DEBUG:colcon.colcon_core.event_handler.log_command:Invoking command in '/home/ishank/ros2_ws/build/mission_manager': CMAKE_PREFIX_PATH=/home/ishank/ros2_ws/install/drone_msgs:/home/ishank/ros2_ws/install/drone_sim:/home/ishank/ros2_ws/install/drone_controller:/home/ishank/ros2_ws/install/drone_bridge:/opt/ros/humble /usr/bin/cmake --build /home/ishank/ros2_ws/build/mission_manager -- -j8 -l8
[17.729s] DEBUG:colcon.colcon_core.event_handler.log_command:Invoked command in '/home/ishank/ros2_ws/build/drone_controller' returned '0': CMAKE_PREFIX_PATH=/home/ishank/ros2_ws/install/drone_msgs:/home/ishank/ros2_ws/install/drone_sim:/home/ishank/ros2_ws/install/drone_controller:/home/ishank/ros2_ws/install/drone_bridge:/opt/ros/humble /usr/bin/cmake --build /home/ishank/ros2_ws/build/drone_controller -- -j8 -l8
[17.731s] DEBUG:colcon.colcon_core.event_handler.log_command:Invoking command in '/home/ishank/ros2_ws/build/drone_controller': CMAKE_PREFIX_PATH=/home/ishank/ros2_ws/install/drone_msgs:/home/ishank/ros2_ws/install/drone_sim:/home/ishank/ros2_ws/install/drone_controller:/home/ishank/ros2_ws/install/drone_bridge:/opt/ros/humble /usr/bin/cmake --install /home/ishank/ros2_ws/build/drone_controller
[17.735s] DEBUG:colcon.colcon_core.event_handler.log_command:Invoked command in '/home/ishank/ros2_ws/build/mission_manager' returned '0': CMAKE_PREFIX_PATH=/home/ishank/ros2_ws/install/drone_msgs:/home/ishank/ros2_ws/install/drone_sim:/home/ishank/ros2_ws/install/drone_controller:/home/ishank/ros2_ws/install/drone_bridge:/opt/ros/humble /usr/bin/cmake --build /home/ishank/ros2_ws/build/mission_manager -- -j8 -l8
[17.737s] DEBUG:colcon.colcon_core.event_handler.log_command:Invoking command in '/home/ishank/ros2_ws/build/mission_manager': CMAKE_PREFIX_PATH=/home/ishank/ros2_ws/install/drone_msgs:/home/ishank/ros2_ws/install/drone_sim:/home/ishank/ros2_ws/install/drone_controller:/home/ishank/ros2_ws/install/drone_bridge:/opt/ros/humble /usr/bin/cmake --install /home/ishank/ros2_ws/build/mission_manager
[17.881s] Level 1:colcon.colcon_core.environment:create_environment_scripts_only(drone_controller)
[17.881s] Level 1:colcon.colcon_core.environment:checking '/home/ishank/ros2_ws/install/drone_controller' for CMake module files
[17.882s] DEBUG:colcon.colcon_core.event_handler.log_command:Invoked command in '/home/ishank/ros2_ws/build/drone_controller' returned '0': CMAKE_PREFIX_PATH=/home/ishank/ros2_ws/install/drone_msgs:/home/ishank/ros2_ws/install/drone_sim:/home/ishank/ros2_ws/install/drone_controller:/home/ishank/ros2_ws/install/drone_bridge:/opt/ros/humble /usr/bin/cmake --install /home/ishank/ros2_ws/build/drone_controller
[17.882s] Level 1:colcon.colcon_core.environment:checking '/home/ishank/ros2_ws/install/drone_controller' for CMake config files
[17.883s] Level 1:colcon.colcon_core.shell:create_environment_hook('drone_controller', 'cmake_prefix_path')
[17.883s] INFO:colcon.colcon_core.shell:Creating environment hook '/home/ishank/ros2_ws/install/drone_controller/share/drone_controller/hook/cmake_prefix_path.ps1'
[17.884s] INFO:colcon.colcon_core.shell:Creating environment descriptor '/home/ishank/ros2_ws/install/drone_controller/share/drone_controller/hook/cmake_prefix_path.dsv'
[17.884s] INFO:colcon.colcon_core.shell:Creating environment hook '/home/ishank/ros2_ws/install/drone_controller/share/drone_controller/hook/cmake_prefix_path.sh'
[17.885s] Level 1:colcon.colcon_core.environment:checking '/home/ishank/ros2_ws/install/drone_controller/bin'
[17.885s] Level 1:colcon.colcon_core.environment:checking '/home/ishank/ros2_ws/install/drone_controller/lib/pkgconfig/drone_controller.pc'
[17.885s] Level 1:colcon.colcon_core.environment:checking '/home/ishank/ros2_ws/install/drone_controller/lib/python3.10/site-packages'
[17.885s] Level 1:colcon.colcon_core.environment:checking '/home/ishank/ros2_ws/install/drone_controller/bin'
[17.886s] INFO:colcon.colcon_core.shell:Creating package script '/home/ishank/ros2_ws/install/drone_controller/share/drone_controller/package.ps1'
[17.886s] INFO:colcon.colcon_core.shell:Creating package descriptor '/home/ishank/ros2_ws/install/drone_controller/share/drone_controller/package.dsv'
[17.887s] INFO:colcon.colcon_core.shell:Creating package script '/home/ishank/ros2_ws/install/drone_controller/share/drone_controller/package.sh'
[17.888s] INFO:colcon.colcon_core.shell:Creating package script '/home/ishank/ros2_ws/install/drone_controller/share/drone_controller/package.bash'
[17.888s] INFO:colcon.colcon_core.shell:Creating package script '/home/ishank/ros2_ws/install/drone_controller/share/drone_controller/package.zsh'
[17.889s] Level 1:colcon.colcon_core.environment:create_file_with_runtime_dependencies(/home/ishank/ros2_ws/install/drone_controller/share/colcon-core/packages/drone_controller)
[17.890s] Level 1:colcon.colcon_core.environment:create_environment_scripts_only(drone_controller)
[17.890s] Level 1:colcon.colcon_core.environment:checking '/home/ishank/ros2_ws/install/drone_controller' for CMake module files
[17.891s] Level 1:colcon.colcon_core.environment:checking '/home/ishank/ros2_ws/install/drone_controller' for CMake config files
[17.891s] Level 1:colcon.colcon_core.shell:create_environment_hook('drone_controller', 'cmake_prefix_path')
[17.891s] INFO:colcon.colcon_core.shell:Creating environment hook '/home/ishank/ros2_ws/install/drone_controller/share/drone_controller/hook/cmake_prefix_path.ps1'
[17.892s] INFO:colcon.colcon_core.shell:Creating environment descriptor '/home/ishank/ros2_ws/install/drone_controller/share/drone_controller/hook/cmake_prefix_path.dsv'
[17.892s] INFO:colcon.colcon_core.shell:Creating environment hook '/home/ishank/ros2_ws/install/drone_controller/share/drone_controller/hook/cmake_prefix_path.sh'
[17.892s] Level 1:colcon.colcon_core.environment:checking '/home/ishank/ros2_ws/install/drone_controller/bin'
[17.892s] Level 1:colcon.colcon_core.environment:checking '/home/ishank/ros2_ws/install/drone_controller/lib/pkgconfig/drone_controller.pc'
[17.893s] Level 1:colcon.colcon_core.environment:checking '/home/ishank/ros2_ws/install/drone_controller/lib/python3.10/site-packages'
[17.893s] Level 1:colcon.colcon_core.environment:checking '/home/ishank/ros2_ws/install/drone_controller/bin'
[17.893s] INFO:colcon.colcon_core.shell:Creating package script '/home/ishank/ros2_ws/install/drone_controller/share/drone_controller/package.ps1'
[17.894s] INFO:colcon.colcon_core.shell:Creating package descriptor '/home/ishank/ros2_ws/install/drone_controller/share/drone_controller/package.dsv'
[17.894s] INFO:colcon.colcon_core.shell:Creating package script '/home/ishank/ros2_ws/install/drone_controller/share/drone_controller/package.sh'
[17.895s] INFO:colcon.colcon_core.shell:Creating package script '/home/ishank/ros2_ws/install/drone_controller/share/drone_controller/package.bash'
[17.895s] INFO:colcon.colcon_core.shell:Creating package script '/home/ishank/ros2_ws/install/drone_controller/share/drone_controller/package.zsh'
[17.895s] Level 1:colcon.colcon_core.environment:create_file_with_runtime_dependencies(/home/ishank/ros2_ws/install/drone_controller/share/colcon-core/packages/drone_controller)
[17.897s] Level 1:colcon.colcon_core.environment:create_environment_scripts_only(mission_manager)
[17.897s] Level 1:colcon.colcon_core.environment:checking '/home/ishank/ros2_ws/install/mission_manager' for CMake module files
[17.898s] DEBUG:colcon.colcon_core.event_handler.log_command:Invoked command in '/home/ishank/ros2_ws/build/mission_manager' returned '0': CMAKE_PREFIX_PATH=/home/ishank/ros2_ws/install/drone_msgs:/home/ishank/ros2_ws/install/drone_sim:/home/ishank/ros2_ws/install/drone_controller:/home/ishank/ros2_ws/install/drone_bridge:/opt/ros/humble /usr/bin/cmake --install /home/ishank/ros2_ws/build/mission_manager
[17.898s] Level 1:colcon.colcon_core.environment:checking '/home/ishank/ros2_ws/install/mission_manager' for CMake config files
[17.898s] Level 1:colcon.colcon_core.shell:create_environment_hook('mission_manager', 'cmake_prefix_path')
[17.899s] INFO:colcon.colcon_core.shell:Creating environment hook '/home/ishank/ros2_ws/install/mission_manager/share/mission_manager/hook/cmake_prefix_path.ps1'
[17.899s] INFO:colcon.colcon_core.shell:Creating environment descriptor '/home/ishank/ros2_ws/install/mission_manager/share/mission_manager/hook/cmake_prefix_path.dsv'
[17.900s] INFO:colcon.colcon_core.shell:Creating environment hook '/home/ishank/ros2_ws/install/mission_manager/share/mission_manager/hook/cmake_prefix_path.sh'
[17.900s] Level 1:colcon.colcon_core.environment:checking '/home/ishank/ros2_ws/install/mission_manager/bin'
[17.900s] Level 1:colcon.colcon_core.environment:checking '/home/ishank/ros2_ws/install/mission_manager/lib/pkgconfig/mission_manager.pc'
[17.900s] Level 1:colcon.colcon_core.environment:checking '/home/ishank/ros2_ws/install/mission_manager/lib/python3.10/site-packages'
[17.901s] Level 1:colcon.colcon_core.environment:checking '/home/ishank/ros2_ws/install/mission_manager/bin'
[17.901s] INFO:colcon.colcon_core.shell:Creating package script '/home/ishank/ros2_ws/install/mission_manager/share/mission_manager/package.ps1'
[17.902s] INFO:colcon.colcon_core.shell:Creating package descriptor '/home/ishank/ros2_ws/install/mission_manager/share/mission_manager/package.dsv'
[17.903s] INFO:colcon.colcon_core.shell:Creating package script '/home/ishank/ros2_ws/install/mission_manager/share/mission_manager/package.sh'
[17.904s] INFO:colcon.colcon_core.shell:Creating package script '/home/ishank/ros2_ws/install/mission_manager/share/mission_manager/package.bash'
[17.904s] INFO:colcon.colcon_core.shell:Creating package script '/home/ishank/ros2_ws/install/mission_manager/share/mission_manager/package.zsh'
[17.905s] Level 1:colcon.colcon_core.environment:create_file_with_runtime_dependencies(/home/ishank/ros2_ws/install/mission_manager/share/colcon-core/packages/mission_manager)
[17.906s] Level 1:colcon.colcon_core.environment:create_environment_scripts_only(mission_manager)
[17.906s] Level 1:colcon.colcon_core.environment:checking '/home/ishank/ros2_ws/install/mission_manager' for CMake module files
[17.906s] Level 1:colcon.colcon_core.environment:checking '/home/ishank/ros2_ws/install/mission_manager' for CMake config files
[17.907s] Level 1:colcon.colcon_core.shell:create_environment_hook('mission_manager', 'cmake_prefix_path')
[17.907s] INFO:colcon.colcon_core.shell:Creating environment hook '/home/ishank/ros2_ws/install/mission_manager/share/mission_manager/hook/cmake_prefix_path.ps1'
[17.907s] INFO:colcon.colcon_core.shell:Creating environment descriptor '/home/ishank/ros2_ws/install/mission_manager/share/mission_manager/hook/cmake_prefix_path.dsv'
[17.908s] INFO:colcon.colcon_core.shell:Creating environment hook '/home/ishank/ros2_ws/install/mission_manager/share/mission_manager/hook/cmake_prefix_path.sh'
[17.908s] Level 1:colcon.colcon_core.environment:checking '/home/ishank/ros2_ws/install/mission_manager/bin'
[17.908s] Level 1:colcon.colcon_core.environment:checking '/home/ishank/ros2_ws/install/mission_manager/lib/pkgconfig/mission_manager.pc'
[17.908s] Level 1:colcon.colcon_core.environment:checking '/home/ishank/ros2_ws/install/mission_manager/lib/python3.10/site-packages'
[17.909s] Level 1:colcon.colcon_core.environment:checking '/home/ishank/ros2_ws/install/mission_manager/bin'
[17.909s] INFO:colcon.colcon_core.shell:Creating package script '/home/ishank/ros2_ws/install/mission_manager/share/mission_manager/package.ps1'
[17.910s] INFO:colcon.colcon_core.shell:Creating package descriptor '/home/ishank/ros2_ws/install/mission_manager/share/mission_manager/package.dsv'
[17.911s] INFO:colcon.colcon_core.shell:Creating package script '/home/ishank/ros2_ws/install/mission_manager/share/mission_manager/package.sh'
[17.911s] INFO:colcon.colcon_core.shell:Creating package script '/home/ishank/ros2_ws/install/mission_manager/share/mission_manager/package.bash'
[17.912s] INFO:colcon.colcon_core.shell:Creating package script '/home/ishank/ros2_ws/install/mission_manager/share/mission_manager/package.zsh'
[17.912s] Level 1:colcon.colcon_core.environment:create_file_with_runtime_dependencies(/home/ishank/ros2_ws/install/mission_manager/share/colcon-core/packages/mission_manager)
[18.738s] DEBUG:colcon.colcon_core.event_handler.log_command:Invoked command in '/home/ishank/ros2_ws/build/drone_bridge' returned '0': CMAKE_PREFIX_PATH=/home/ishank/ros2_ws/install/drone_msgs:/home/ishank/ros2_ws/install/drone_sim:/home/ishank/ros2_ws/install/drone_controller:/home/ishank/ros2_ws/install/drone_bridge:/opt/ros/humble /usr/bin/cmake /home/ishank/ros2_ws/src/drone_bridge -DAMENT_CMAKE_SYMLINK_INSTALL=1 -DCMAKE_INSTALL_PREFIX=/home/ishank/ros2_ws/install/drone_bridge
[18.739s] DEBUG:colcon.colcon_core.event_handler.log_command:Invoking command in '/home/ishank/ros2_ws/build/drone_bridge': CMAKE_PREFIX_PATH=/home/ishank/ros2_ws/install/drone_msgs:/home/ishank/ros2_ws/install/drone_sim:/home/ishank/ros2_ws/install/drone_controller:/home/ishank/ros2_ws/install/drone_bridge:/opt/ros/humble /usr/bin/cmake --build /home/ishank/ros2_ws/build/drone_bridge -- -j8 -l8
[18.773s] DEBUG:colcon.colcon_core.event_handler.log_command:Invoked command in '/home/ishank/ros2_ws/build/drone_bridge' returned '0': CMAKE_PREFIX_PATH=/home/ishank/ros2_ws/install/drone_msgs:/home/ishank/ros2_ws/install/drone_sim:/home/ishank/ros2_ws/install/drone_controller:/home/ishank/ros2_ws/install/drone_bridge:/opt/ros/humble /usr/bin/cmake --build /home/ishank/ros2_ws/build/drone_bridge -- -j8 -l8
[18.776s] DEBUG:colcon.colcon_core.event_handler.log_command:Invoking command in '/home/ishank/ros2_ws/build/drone_bridge': CMAKE_PREFIX_PATH=/home/ishank/ros2_ws/install/drone_msgs:/home/ishank/ros2_ws/install/drone_sim:/home/ishank/ros2_ws/install/drone_controller:/home/ishank/ros2_ws/install/drone_bridge:/opt/ros/humble /usr/bin/cmake --install /home/ishank/ros2_ws/build/drone_bridge
[18.919s] Level 1:colcon.colcon_core.environment:create_environment_scripts_only(drone_bridge)
[18.919s] Level 1:colcon.colcon_core.environment:checking '/home/ishank/ros2_ws/install/drone_bridge' for CMake module files
[18.920s] DEBUG:colcon.colcon_core.event_handler.log_command:Invoked command in '/home/ishank/ros2_ws/build/drone_bridge' returned '0': CMAKE_PREFIX_PATH=/home/ishank/ros2_ws/install/drone_msgs:/home/ishank/ros2_ws/install/drone_sim:/home/ishank/ros2_ws/install/drone_controller:/home/ishank/ros2_ws/install/drone_bridge:/opt/ros/humble /usr/bin/cmake --install /home/ishank/ros2_ws/build/drone_bridge
[18.920s] Level 1:colcon.colcon_core.environment:checking '/home/ishank/ros2_ws/install/drone_bridge' for CMake config files
[18.921s] Level 1:colcon.colcon_core.shell:create_environment_hook('drone_bridge', 'cmake_prefix_path')
[18.921s] INFO:colcon.colcon_core.shell:Creating environment hook '/home/ishank/ros2_ws/install/drone_bridge/share/drone_bridge/hook/cmake_prefix_path.ps1'
[18.922s] INFO:colcon.colcon_core.shell:Creating environment descriptor '/home/ishank/ros2_ws/install/drone_bridge/share/drone_bridge/hook/cmake_prefix_path.dsv'
[18.923s] INFO:colcon.colcon_core.shell:Creating environment hook '/home/ishank/ros2_ws/install/drone_bridge/share/drone_bridge/hook/cmake_prefix_path.sh'
[18.923s] Level 1:colcon.colcon_core.environment:checking '/home/ishank/ros2_ws/install/drone_bridge/bin'
[18.923s] Level 1:colcon.colcon_core.environment:checking '/home/ishank/ros2_ws/install/drone_bridge/lib/pkgconfig/drone_bridge.pc'
[18.924s] Level 1:colcon.colcon_core.environment:checking '/home/ishank/ros2_ws/install/drone_bridge/lib/python3.10/site-packages'
[18.924s] Level 1:colcon.colcon_core.environment:checking '/home/ishank/ros2_ws/install/drone_bridge/bin'
[18.925s] INFO:colcon.colcon_core.shell:Creating package script '/home/ishank/ros2_ws/install/drone_bridge/share/drone_bridge/package.ps1'
[18.926s] INFO:colcon.colcon_core.shell:Creating package descriptor '/home/ishank/ros2_ws/install/drone_bridge/share/drone_bridge/package.dsv'
[18.927s] INFO:colcon.colcon_core.shell:Creating package script '/home/ishank/ros2_ws/install/drone_bridge/share/drone_bridge/package.sh'
[18.927s] INFO:colcon.colcon_core.shell:Creating package script '/home/ishank/ros2_ws/install/drone_bridge/share/drone_bridge/package.bash'
[18.928s] INFO:colcon.colcon_core.shell:Creating package script '/home/ishank/ros2_ws/install/drone_bridge/share/drone_bridge/package.zsh'
[18.928s] Level 1:colcon.colcon_core.environment:create_file_with_runtime_dependencies(/home/ishank/ros2_ws/install/drone_bridge/share/colcon-core/packages/drone_bridge)
[18.929s] Level 1:colcon.colcon_core.environment:create_environment_scripts_only(drone_bridge)
[18.930s] Level 1:colcon.colcon_core.environment:checking '/home/ishank/ros2_ws/install/drone_bridge' for CMake module files
[18.930s] Level 1:colcon.colcon_core.environment:checking '/home/ishank/ros2_ws/install/drone_bridge' for CMake config files
[18.930s] Level 1:colcon.colcon_core.shell:create_environment_hook('drone_bridge', 'cmake_prefix_path')
[18.930s] INFO:colcon.colcon_core.shell:Creating environment hook '/home/ishank/ros2_ws/install/drone_bridge/share/drone_bridge/hook/cmake_prefix_path.ps1'
[18.931s] INFO:colcon.colcon_core.shell:Creating environment descriptor '/home/ishank/ros2_ws/install/drone_bridge/share/drone_bridge/hook/cmake_prefix_path.dsv'
[18.931s] INFO:colcon.colcon_core.shell:Creating environment hook '/home/ishank/ros2_ws/install/drone_bridge/share/drone_bridge/hook/cmake_prefix_path.sh'
[18.932s] Level 1:colcon.colcon_core.environment:checking '/home/ishank/ros2_ws/install/drone_bridge/bin'
[18.932s] Level 1:colcon.colcon_core.environment:checking '/home/ishank/ros2_ws/install/drone_bridge/lib/pkgconfig/drone_bridge.pc'
[18.932s] Level 1:colcon.colcon_core.environment:checking '/home/ishank/ros2_ws/install/drone_bridge/lib/python3.10/site-packages'
[18.932s] Level 1:colcon.colcon_core.environment:checking '/home/ishank/ros2_ws/install/drone_bridge/bin'
[18.932s] INFO:colcon.colcon_core.shell:Creating package script '/home/ishank/ros2_ws/install/drone_bridge/share/drone_bridge/package.ps1'
[18.933s] INFO:colcon.colcon_core.shell:Creating package descriptor '/home/ishank/ros2_ws/install/drone_bridge/share/drone_bridge/package.dsv'
[18.933s] INFO:colcon.colcon_core.shell:Creating package script '/home/ishank/ros2_ws/install/drone_bridge/share/drone_bridge/package.sh'
[18.934s] INFO:colcon.colcon_core.shell:Creating package script '/home/ishank/ros2_ws/install/drone_bridge/share/drone_bridge/package.bash'
[18.934s] INFO:colcon.colcon_core.shell:Creating package script '/home/ishank/ros2_ws/install/drone_bridge/share/drone_bridge/package.zsh'
[18.935s] Level 1:colcon.colcon_core.environment:create_file_with_runtime_dependencies(/home/ishank/ros2_ws/install/drone_bridge/share/colcon-core/packages/drone_bridge)
[18.935s] DEBUG:colcon.colcon_parallel_executor.executor.parallel:closing loop
[18.935s] DEBUG:colcon.colcon_parallel_executor.executor.parallel:loop closed
[18.935s] DEBUG:colcon.colcon_parallel_executor.executor.parallel:run_until_complete finished with '0'
[18.936s] DEBUG:colcon.colcon_core.event_reactor:joining thread
[18.980s] INFO:colcon.colcon_core.plugin_system:Skipping extension 'colcon_notification.desktop_notification.notify_send': Could not find 'notify-send'
[18.981s] INFO:colcon.colcon_core.plugin_system:Skipping extension 'colcon_notification.desktop_notification.terminal_notifier': Not used on non-Darwin systems
[18.981s] INFO:colcon.colcon_core.plugin_system:Skipping extension 'colcon_notification.desktop_notification.win32': Not used on non-Windows systems
[18.981s] INFO:colcon.colcon_notification.desktop_notification:Sending desktop notification using 'notify2'
[18.982s] DEBUG:colcon.colcon_notification.desktop_notification.notify2:Failed to initialize notify2: org.freedesktop.DBus.Error.FileNotFound: Failed to connect to socket /run/user/1000/bus: No such file or directory
[18.982s] DEBUG:colcon.colcon_core.event_reactor:joined thread
[18.982s] INFO:colcon.colcon_core.shell:Creating prefix script '/home/ishank/ros2_ws/install/local_setup.ps1'
[18.983s] INFO:colcon.colcon_core.shell:Creating prefix util module '/home/ishank/ros2_ws/install/_local_setup_util_ps1.py'
[18.985s] INFO:colcon.colcon_core.shell:Creating prefix chain script '/home/ishank/ros2_ws/install/setup.ps1'
[18.987s] INFO:colcon.colcon_core.shell:Creating prefix script '/home/ishank/ros2_ws/install/local_setup.sh'
[18.988s] INFO:colcon.colcon_core.shell:Creating prefix util module '/home/ishank/ros2_ws/install/_local_setup_util_sh.py'
[18.988s] INFO:colcon.colcon_core.shell:Creating prefix chain script '/home/ishank/ros2_ws/install/setup.sh'
[18.989s] INFO:colcon.colcon_core.shell:Creating prefix script '/home/ishank/ros2_ws/install/local_setup.bash'
[18.990s] INFO:colcon.colcon_core.shell:Creating prefix chain script '/home/ishank/ros2_ws/install/setup.bash'
[18.991s] INFO:colcon.colcon_core.shell:Creating prefix script '/home/ishank/ros2_ws/install/local_setup.zsh'
[18.992s] INFO:colcon.colcon_core.shell:Creating prefix chain script '/home/ishank/ros2_ws/install/setup.zsh'
