[0.208s] Invoking command in '/home/ishank/ros2_ws/build/drone_bridge': CMAKE_PREFIX_PATH=/home/ishank/ros2_ws/install/drone_msgs:/home/ishank/ros2_ws/install/mission_manager:/home/ishank/ros2_ws/install/drone_planner:/home/ishank/ros2_ws/install/drone_common:/home/ishank/ros2_ws/install/drone_sim:/home/ishank/ros2_ws/install/drone_controller:/home/ishank/ros2_ws/install/drone_bridge:/opt/ros/humble /usr/bin/cmake --build /home/ishank/ros2_ws/build/drone_bridge -- -j8 -l8
[0.291s] Invoked command in '/home/ishank/ros2_ws/build/drone_bridge' returned '0': CMAKE_PREFIX_PATH=/home/ishank/ros2_ws/install/drone_msgs:/home/ishank/ros2_ws/install/mission_manager:/home/ishank/ros2_ws/install/drone_planner:/home/ishank/ros2_ws/install/drone_common:/home/ishank/ros2_ws/install/drone_sim:/home/ishank/ros2_ws/install/drone_controller:/home/ishank/ros2_ws/install/drone_bridge:/opt/ros/humble /usr/bin/cmake --build /home/ishank/ros2_ws/build/drone_bridge -- -j8 -l8
[0.295s] Invoking command in '/home/ishank/ros2_ws/build/drone_bridge': CMAKE_PREFIX_PATH=/home/ishank/ros2_ws/install/drone_msgs:/home/ishank/ros2_ws/install/mission_manager:/home/ishank/ros2_ws/install/drone_planner:/home/ishank/ros2_ws/install/drone_common:/home/ishank/ros2_ws/install/drone_sim:/home/ishank/ros2_ws/install/drone_controller:/home/ishank/ros2_ws/install/drone_bridge:/opt/ros/humble /usr/bin/cmake --install /home/ishank/ros2_ws/build/drone_bridge
[0.311s] -- Install configuration: ""
[0.312s] -- Execute custom install script
[0.315s] -- Up-to-date symlink: /home/ishank/ros2_ws/install/drone_bridge/share/ament_index/resource_index/package_run_dependencies/drone_bridge
[0.317s] -- Up-to-date symlink: /home/ishank/ros2_ws/install/drone_bridge/share/ament_index/resource_index/parent_prefix_path/drone_bridge
[0.317s] -- Up-to-date symlink: /home/ishank/ros2_ws/install/drone_bridge/share/drone_bridge/environment/ament_prefix_path.sh
[0.318s] -- Up-to-date symlink: /home/ishank/ros2_ws/install/drone_bridge/share/drone_bridge/environment/ament_prefix_path.dsv
[0.318s] -- Up-to-date symlink: /home/ishank/ros2_ws/install/drone_bridge/share/drone_bridge/environment/path.sh
[0.318s] -- Up-to-date symlink: /home/ishank/ros2_ws/install/drone_bridge/share/drone_bridge/environment/path.dsv
[0.318s] -- Up-to-date symlink: /home/ishank/ros2_ws/install/drone_bridge/share/drone_bridge/local_setup.bash
[0.319s] -- Up-to-date symlink: /home/ishank/ros2_ws/install/drone_bridge/share/drone_bridge/local_setup.sh
[0.320s] -- Up-to-date symlink: /home/ishank/ros2_ws/install/drone_bridge/share/drone_bridge/local_setup.zsh
[0.320s] -- Up-to-date symlink: /home/ishank/ros2_ws/install/drone_bridge/share/drone_bridge/local_setup.dsv
[0.321s] -- Symlinking: /home/ishank/ros2_ws/install/drone_bridge/share/drone_bridge/package.dsv
[0.330s] -- Up-to-date symlink: /home/ishank/ros2_ws/install/drone_bridge/share/ament_index/resource_index/packages/drone_bridge
[0.333s] -- Up-to-date symlink: /home/ishank/ros2_ws/install/drone_bridge/share/drone_bridge/cmake/drone_bridgeConfig.cmake
[0.333s] -- Up-to-date symlink: /home/ishank/ros2_ws/install/drone_bridge/share/drone_bridge/cmake/drone_bridgeConfig-version.cmake
[0.336s] -- Up-to-date symlink: /home/ishank/ros2_ws/install/drone_bridge/share/drone_bridge/package.xml
[0.342s] Invoked command in '/home/ishank/ros2_ws/build/drone_bridge' returned '0': CMAKE_PREFIX_PATH=/home/ishank/ros2_ws/install/drone_msgs:/home/ishank/ros2_ws/install/mission_manager:/home/ishank/ros2_ws/install/drone_planner:/home/ishank/ros2_ws/install/drone_common:/home/ishank/ros2_ws/install/drone_sim:/home/ishank/ros2_ws/install/drone_controller:/home/ishank/ros2_ws/install/drone_bridge:/opt/ros/humble /usr/bin/cmake --install /home/ishank/ros2_ws/build/drone_bridge
