[  1%] Built target drone_msgs__rs
[  2%] Built target drone_msgs__cpp
[ 13%] Built target drone_msgs__rosidl_generator_c
[ 13%] Built target ament_cmake_python_symlink_drone_msgs
[ 33%] Built target drone_msgs__rosidl_typesupport_cpp
[ 36%] Built target drone_msgs__rosidl_typesupport_fastrtps_cpp
[ 47%] Built target drone_msgs__rosidl_typesupport_fastrtps_c
[ 58%] Built target drone_msgs__rosidl_typesupport_introspection_cpp
[ 69%] Built target drone_msgs__rosidl_typesupport_introspection_c
[ 80%] Built target drone_msgs__rosidl_typesupport_c
[ 80%] Built target drone_msgs
[ 81%] Built target drone_msgs__py
[ 91%] Built target drone_msgs__rosidl_generator_py
[ 97%] Built target drone_msgs__rosidl_typesupport_fastrtps_c__pyext
[ 97%] Built target drone_msgs__rosidl_typesupport_introspection_c__pyext
[100%] Built target drone_msgs__rosidl_typesupport_c__pyext
running egg_info
writing drone_msgs.egg-info/PKG-INFO
writing dependency_links to drone_msgs.egg-info/dependency_links.txt
writing top-level names to drone_msgs.egg-info/top_level.txt
reading manifest file 'drone_msgs.egg-info/SOURCES.txt'
writing manifest file 'drone_msgs.egg-info/SOURCES.txt'
[100%] Built target ament_cmake_python_build_drone_msgs_egg
-- Install configuration: ""
-- Execute custom install script
-- Up-to-date symlink: /home/ishank/ros2_ws/install/drone_msgs/share/ament_index/resource_index/rosidl_interfaces/drone_msgs
-- Up-to-date symlink: /home/ishank/ros2_ws/install/drone_msgs/include/drone_msgs/drone_msgs/msg/battery.h
-- Up-to-date symlink: /home/ishank/ros2_ws/install/drone_msgs/include/drone_msgs/drone_msgs/msg/detail/battery__functions.h
-- Up-to-date symlink: /home/ishank/ros2_ws/install/drone_msgs/include/drone_msgs/drone_msgs/msg/detail/battery__struct.h
-- Up-to-date symlink: /home/ishank/ros2_ws/install/drone_msgs/include/drone_msgs/drone_msgs/msg/detail/battery__type_support.h
-- Up-to-date symlink: /home/ishank/ros2_ws/install/drone_msgs/include/drone_msgs/drone_msgs/msg/detail/drone_state__functions.h
-- Up-to-date symlink: /home/ishank/ros2_ws/install/drone_msgs/include/drone_msgs/drone_msgs/msg/detail/drone_state__struct.h
-- Up-to-date symlink: /home/ishank/ros2_ws/install/drone_msgs/include/drone_msgs/drone_msgs/msg/detail/drone_state__type_support.h
-- Up-to-date symlink: /home/ishank/ros2_ws/install/drone_msgs/include/drone_msgs/drone_msgs/msg/detail/mission__functions.h
-- Up-to-date symlink: /home/ishank/ros2_ws/install/drone_msgs/include/drone_msgs/drone_msgs/msg/detail/mission__struct.h
-- Up-to-date symlink: /home/ishank/ros2_ws/install/drone_msgs/include/drone_msgs/drone_msgs/msg/detail/mission__type_support.h
-- Up-to-date symlink: /home/ishank/ros2_ws/install/drone_msgs/include/drone_msgs/drone_msgs/msg/detail/mission_plan__functions.h
-- Up-to-date symlink: /home/ishank/ros2_ws/install/drone_msgs/include/drone_msgs/drone_msgs/msg/detail/mission_plan__struct.h
-- Up-to-date symlink: /home/ishank/ros2_ws/install/drone_msgs/include/drone_msgs/drone_msgs/msg/detail/mission_plan__type_support.h
-- Up-to-date symlink: /home/ishank/ros2_ws/install/drone_msgs/include/drone_msgs/drone_msgs/msg/detail/primitive__functions.h
-- Up-to-date symlink: /home/ishank/ros2_ws/install/drone_msgs/include/drone_msgs/drone_msgs/msg/detail/primitive__struct.h
-- Up-to-date symlink: /home/ishank/ros2_ws/install/drone_msgs/include/drone_msgs/drone_msgs/msg/detail/primitive__type_support.h
-- Up-to-date symlink: /home/ishank/ros2_ws/install/drone_msgs/include/drone_msgs/drone_msgs/msg/detail/primitive_status__functions.h
-- Up-to-date symlink: /home/ishank/ros2_ws/install/drone_msgs/include/drone_msgs/drone_msgs/msg/detail/primitive_status__struct.h
-- Up-to-date symlink: /home/ishank/ros2_ws/install/drone_msgs/include/drone_msgs/drone_msgs/msg/detail/primitive_status__type_support.h
-- Up-to-date symlink: /home/ishank/ros2_ws/install/drone_msgs/include/drone_msgs/drone_msgs/msg/drone_state.h
-- Up-to-date symlink: /home/ishank/ros2_ws/install/drone_msgs/include/drone_msgs/drone_msgs/msg/mission.h
-- Up-to-date symlink: /home/ishank/ros2_ws/install/drone_msgs/include/drone_msgs/drone_msgs/msg/mission_plan.h
-- Up-to-date symlink: /home/ishank/ros2_ws/install/drone_msgs/include/drone_msgs/drone_msgs/msg/primitive.h
-- Up-to-date symlink: /home/ishank/ros2_ws/install/drone_msgs/include/drone_msgs/drone_msgs/msg/primitive_status.h
-- Up-to-date symlink: /home/ishank/ros2_ws/install/drone_msgs/include/drone_msgs/drone_msgs/msg/rosidl_generator_c__visibility_control.h
-- Up-to-date symlink: /home/ishank/ros2_ws/install/drone_msgs/share/drone_msgs/environment/library_path.sh
-- Up-to-date symlink: /home/ishank/ros2_ws/install/drone_msgs/share/drone_msgs/environment/library_path.dsv
-- Up-to-date symlink: /home/ishank/ros2_ws/install/drone_msgs/include/drone_msgs/drone_msgs/msg/detail/battery__rosidl_typesupport_fastrtps_c.h
-- Up-to-date symlink: /home/ishank/ros2_ws/install/drone_msgs/include/drone_msgs/drone_msgs/msg/detail/drone_state__rosidl_typesupport_fastrtps_c.h
-- Up-to-date symlink: /home/ishank/ros2_ws/install/drone_msgs/include/drone_msgs/drone_msgs/msg/detail/mission__rosidl_typesupport_fastrtps_c.h
-- Up-to-date symlink: /home/ishank/ros2_ws/install/drone_msgs/include/drone_msgs/drone_msgs/msg/detail/mission_plan__rosidl_typesupport_fastrtps_c.h
-- Up-to-date symlink: /home/ishank/ros2_ws/install/drone_msgs/include/drone_msgs/drone_msgs/msg/detail/primitive__rosidl_typesupport_fastrtps_c.h
-- Up-to-date symlink: /home/ishank/ros2_ws/install/drone_msgs/include/drone_msgs/drone_msgs/msg/detail/primitive_status__rosidl_typesupport_fastrtps_c.h
-- Up-to-date symlink: /home/ishank/ros2_ws/install/drone_msgs/include/drone_msgs/drone_msgs/msg/rosidl_typesupport_fastrtps_c__visibility_control.h
-- Up-to-date symlink: /home/ishank/ros2_ws/install/drone_msgs/include/drone_msgs/drone_msgs/msg/detail/battery__rosidl_typesupport_introspection_c.h
-- Up-to-date symlink: /home/ishank/ros2_ws/install/drone_msgs/include/drone_msgs/drone_msgs/msg/detail/drone_state__rosidl_typesupport_introspection_c.h
-- Up-to-date symlink: /home/ishank/ros2_ws/install/drone_msgs/include/drone_msgs/drone_msgs/msg/detail/mission__rosidl_typesupport_introspection_c.h
-- Up-to-date symlink: /home/ishank/ros2_ws/install/drone_msgs/include/drone_msgs/drone_msgs/msg/detail/mission_plan__rosidl_typesupport_introspection_c.h
-- Up-to-date symlink: /home/ishank/ros2_ws/install/drone_msgs/include/drone_msgs/drone_msgs/msg/detail/primitive__rosidl_typesupport_introspection_c.h
-- Up-to-date symlink: /home/ishank/ros2_ws/install/drone_msgs/include/drone_msgs/drone_msgs/msg/detail/primitive_status__rosidl_typesupport_introspection_c.h
-- Up-to-date symlink: /home/ishank/ros2_ws/install/drone_msgs/include/drone_msgs/drone_msgs/msg/rosidl_typesupport_introspection_c__visibility_control.h
-- Up-to-date symlink: /home/ishank/ros2_ws/install/drone_msgs/include/drone_msgs/drone_msgs/msg/battery.hpp
-- Up-to-date symlink: /home/ishank/ros2_ws/install/drone_msgs/include/drone_msgs/drone_msgs/msg/detail/battery__builder.hpp
-- Up-to-date symlink: /home/ishank/ros2_ws/install/drone_msgs/include/drone_msgs/drone_msgs/msg/detail/battery__struct.hpp
-- Up-to-date symlink: /home/ishank/ros2_ws/install/drone_msgs/include/drone_msgs/drone_msgs/msg/detail/battery__traits.hpp
-- Up-to-date symlink: /home/ishank/ros2_ws/install/drone_msgs/include/drone_msgs/drone_msgs/msg/detail/battery__type_support.hpp
-- Up-to-date symlink: /home/ishank/ros2_ws/install/drone_msgs/include/drone_msgs/drone_msgs/msg/detail/drone_state__builder.hpp
-- Up-to-date symlink: /home/ishank/ros2_ws/install/drone_msgs/include/drone_msgs/drone_msgs/msg/detail/drone_state__struct.hpp
-- Up-to-date symlink: /home/ishank/ros2_ws/install/drone_msgs/include/drone_msgs/drone_msgs/msg/detail/drone_state__traits.hpp
-- Up-to-date symlink: /home/ishank/ros2_ws/install/drone_msgs/include/drone_msgs/drone_msgs/msg/detail/drone_state__type_support.hpp
-- Up-to-date symlink: /home/ishank/ros2_ws/install/drone_msgs/include/drone_msgs/drone_msgs/msg/detail/mission__builder.hpp
-- Up-to-date symlink: /home/ishank/ros2_ws/install/drone_msgs/include/drone_msgs/drone_msgs/msg/detail/mission__struct.hpp
-- Up-to-date symlink: /home/ishank/ros2_ws/install/drone_msgs/include/drone_msgs/drone_msgs/msg/detail/mission__traits.hpp
-- Up-to-date symlink: /home/ishank/ros2_ws/install/drone_msgs/include/drone_msgs/drone_msgs/msg/detail/mission__type_support.hpp
-- Up-to-date symlink: /home/ishank/ros2_ws/install/drone_msgs/include/drone_msgs/drone_msgs/msg/detail/mission_plan__builder.hpp
-- Up-to-date symlink: /home/ishank/ros2_ws/install/drone_msgs/include/drone_msgs/drone_msgs/msg/detail/mission_plan__struct.hpp
-- Up-to-date symlink: /home/ishank/ros2_ws/install/drone_msgs/include/drone_msgs/drone_msgs/msg/detail/mission_plan__traits.hpp
-- Up-to-date symlink: /home/ishank/ros2_ws/install/drone_msgs/include/drone_msgs/drone_msgs/msg/detail/mission_plan__type_support.hpp
-- Up-to-date symlink: /home/ishank/ros2_ws/install/drone_msgs/include/drone_msgs/drone_msgs/msg/detail/primitive__builder.hpp
-- Up-to-date symlink: /home/ishank/ros2_ws/install/drone_msgs/include/drone_msgs/drone_msgs/msg/detail/primitive__struct.hpp
-- Up-to-date symlink: /home/ishank/ros2_ws/install/drone_msgs/include/drone_msgs/drone_msgs/msg/detail/primitive__traits.hpp
-- Up-to-date symlink: /home/ishank/ros2_ws/install/drone_msgs/include/drone_msgs/drone_msgs/msg/detail/primitive__type_support.hpp
-- Up-to-date symlink: /home/ishank/ros2_ws/install/drone_msgs/include/drone_msgs/drone_msgs/msg/detail/primitive_status__builder.hpp
-- Up-to-date symlink: /home/ishank/ros2_ws/install/drone_msgs/include/drone_msgs/drone_msgs/msg/detail/primitive_status__struct.hpp
-- Up-to-date symlink: /home/ishank/ros2_ws/install/drone_msgs/include/drone_msgs/drone_msgs/msg/detail/primitive_status__traits.hpp
-- Up-to-date symlink: /home/ishank/ros2_ws/install/drone_msgs/include/drone_msgs/drone_msgs/msg/detail/primitive_status__type_support.hpp
-- Up-to-date symlink: /home/ishank/ros2_ws/install/drone_msgs/include/drone_msgs/drone_msgs/msg/drone_state.hpp
-- Up-to-date symlink: /home/ishank/ros2_ws/install/drone_msgs/include/drone_msgs/drone_msgs/msg/mission.hpp
-- Up-to-date symlink: /home/ishank/ros2_ws/install/drone_msgs/include/drone_msgs/drone_msgs/msg/mission_plan.hpp
-- Up-to-date symlink: /home/ishank/ros2_ws/install/drone_msgs/include/drone_msgs/drone_msgs/msg/primitive.hpp
-- Up-to-date symlink: /home/ishank/ros2_ws/install/drone_msgs/include/drone_msgs/drone_msgs/msg/primitive_status.hpp
-- Up-to-date symlink: /home/ishank/ros2_ws/install/drone_msgs/include/drone_msgs/drone_msgs/msg/rosidl_generator_cpp__visibility_control.hpp
-- Up-to-date symlink: /home/ishank/ros2_ws/install/drone_msgs/include/drone_msgs/drone_msgs/msg/detail/battery__rosidl_typesupport_fastrtps_cpp.hpp
-- Up-to-date symlink: /home/ishank/ros2_ws/install/drone_msgs/include/drone_msgs/drone_msgs/msg/detail/drone_state__rosidl_typesupport_fastrtps_cpp.hpp
-- Up-to-date symlink: /home/ishank/ros2_ws/install/drone_msgs/include/drone_msgs/drone_msgs/msg/detail/mission__rosidl_typesupport_fastrtps_cpp.hpp
-- Up-to-date symlink: /home/ishank/ros2_ws/install/drone_msgs/include/drone_msgs/drone_msgs/msg/detail/mission_plan__rosidl_typesupport_fastrtps_cpp.hpp
-- Up-to-date symlink: /home/ishank/ros2_ws/install/drone_msgs/include/drone_msgs/drone_msgs/msg/detail/primitive__rosidl_typesupport_fastrtps_cpp.hpp
-- Up-to-date symlink: /home/ishank/ros2_ws/install/drone_msgs/include/drone_msgs/drone_msgs/msg/detail/primitive_status__rosidl_typesupport_fastrtps_cpp.hpp
-- Up-to-date symlink: /home/ishank/ros2_ws/install/drone_msgs/include/drone_msgs/drone_msgs/msg/rosidl_typesupport_fastrtps_cpp__visibility_control.h
-- Up-to-date symlink: /home/ishank/ros2_ws/install/drone_msgs/include/drone_msgs/drone_msgs/msg/detail/battery__rosidl_typesupport_introspection_cpp.hpp
-- Up-to-date symlink: /home/ishank/ros2_ws/install/drone_msgs/include/drone_msgs/drone_msgs/msg/detail/drone_state__rosidl_typesupport_introspection_cpp.hpp
-- Up-to-date symlink: /home/ishank/ros2_ws/install/drone_msgs/include/drone_msgs/drone_msgs/msg/detail/mission__rosidl_typesupport_introspection_cpp.hpp
-- Up-to-date symlink: /home/ishank/ros2_ws/install/drone_msgs/include/drone_msgs/drone_msgs/msg/detail/mission_plan__rosidl_typesupport_introspection_cpp.hpp
-- Up-to-date symlink: /home/ishank/ros2_ws/install/drone_msgs/include/drone_msgs/drone_msgs/msg/detail/primitive__rosidl_typesupport_introspection_cpp.hpp
-- Up-to-date symlink: /home/ishank/ros2_ws/install/drone_msgs/include/drone_msgs/drone_msgs/msg/detail/primitive_status__rosidl_typesupport_introspection_cpp.hpp
-- Up-to-date symlink: /home/ishank/ros2_ws/install/drone_msgs/share/drone_msgs/environment/pythonpath.sh
-- Up-to-date symlink: /home/ishank/ros2_ws/install/drone_msgs/share/drone_msgs/environment/pythonpath.dsv
-- Up-to-date symlink: /home/ishank/ros2_ws/install/drone_msgs/local/lib/python3.10/dist-packages/drone_msgs-0.0.0-py3.10.egg-info/PKG-INFO
-- Up-to-date symlink: /home/ishank/ros2_ws/install/drone_msgs/local/lib/python3.10/dist-packages/drone_msgs-0.0.0-py3.10.egg-info/SOURCES.txt
-- Up-to-date symlink: /home/ishank/ros2_ws/install/drone_msgs/local/lib/python3.10/dist-packages/drone_msgs-0.0.0-py3.10.egg-info/dependency_links.txt
-- Up-to-date symlink: /home/ishank/ros2_ws/install/drone_msgs/local/lib/python3.10/dist-packages/drone_msgs-0.0.0-py3.10.egg-info/top_level.txt
-- Up-to-date symlink: /home/ishank/ros2_ws/install/drone_msgs/local/lib/python3.10/dist-packages/drone_msgs/__init__.py
-- Up-to-date symlink: /home/ishank/ros2_ws/install/drone_msgs/local/lib/python3.10/dist-packages/drone_msgs/_drone_msgs_s.ep.rosidl_typesupport_c.c
-- Up-to-date symlink: /home/ishank/ros2_ws/install/drone_msgs/local/lib/python3.10/dist-packages/drone_msgs/_drone_msgs_s.ep.rosidl_typesupport_fastrtps_c.c
-- Up-to-date symlink: /home/ishank/ros2_ws/install/drone_msgs/local/lib/python3.10/dist-packages/drone_msgs/_drone_msgs_s.ep.rosidl_typesupport_introspection_c.c
-- Up-to-date symlink: /home/ishank/ros2_ws/install/drone_msgs/local/lib/python3.10/dist-packages/drone_msgs/drone_msgs_s__rosidl_typesupport_c.cpython-310-x86_64-linux-gnu.so
-- Up-to-date symlink: /home/ishank/ros2_ws/install/drone_msgs/local/lib/python3.10/dist-packages/drone_msgs/drone_msgs_s__rosidl_typesupport_fastrtps_c.cpython-310-x86_64-linux-gnu.so
-- Up-to-date symlink: /home/ishank/ros2_ws/install/drone_msgs/local/lib/python3.10/dist-packages/drone_msgs/drone_msgs_s__rosidl_typesupport_introspection_c.cpython-310-x86_64-linux-gnu.so
-- Up-to-date symlink: /home/ishank/ros2_ws/install/drone_msgs/local/lib/python3.10/dist-packages/drone_msgs/libdrone_msgs__rosidl_generator_py.so
-- Up-to-date symlink: /home/ishank/ros2_ws/install/drone_msgs/local/lib/python3.10/dist-packages/drone_msgs/msg/__init__.py
-- Up-to-date symlink: /home/ishank/ros2_ws/install/drone_msgs/local/lib/python3.10/dist-packages/drone_msgs/msg/_battery.py
-- Up-to-date symlink: /home/ishank/ros2_ws/install/drone_msgs/local/lib/python3.10/dist-packages/drone_msgs/msg/_battery_s.c
-- Up-to-date symlink: /home/ishank/ros2_ws/install/drone_msgs/local/lib/python3.10/dist-packages/drone_msgs/msg/_drone_state.py
-- Up-to-date symlink: /home/ishank/ros2_ws/install/drone_msgs/local/lib/python3.10/dist-packages/drone_msgs/msg/_drone_state_s.c
-- Up-to-date symlink: /home/ishank/ros2_ws/install/drone_msgs/local/lib/python3.10/dist-packages/drone_msgs/msg/_mission.py
-- Up-to-date symlink: /home/ishank/ros2_ws/install/drone_msgs/local/lib/python3.10/dist-packages/drone_msgs/msg/_mission_plan.py
-- Up-to-date symlink: /home/ishank/ros2_ws/install/drone_msgs/local/lib/python3.10/dist-packages/drone_msgs/msg/_mission_plan_s.c
-- Up-to-date symlink: /home/ishank/ros2_ws/install/drone_msgs/local/lib/python3.10/dist-packages/drone_msgs/msg/_mission_s.c
-- Up-to-date symlink: /home/ishank/ros2_ws/install/drone_msgs/local/lib/python3.10/dist-packages/drone_msgs/msg/_primitive.py
-- Up-to-date symlink: /home/ishank/ros2_ws/install/drone_msgs/local/lib/python3.10/dist-packages/drone_msgs/msg/_primitive_s.c
-- Up-to-date symlink: /home/ishank/ros2_ws/install/drone_msgs/local/lib/python3.10/dist-packages/drone_msgs/msg/_primitive_status.py
-- Up-to-date symlink: /home/ishank/ros2_ws/install/drone_msgs/local/lib/python3.10/dist-packages/drone_msgs/msg/_primitive_status_s.c
-- Up-to-date symlink: /home/ishank/ros2_ws/install/drone_msgs/local/lib/python3.10/dist-packages/drone_msgs/drone_msgs_s__rosidl_typesupport_fastrtps_c.cpython-310-x86_64-linux-gnu.so
-- Up-to-date symlink: /home/ishank/ros2_ws/install/drone_msgs/local/lib/python3.10/dist-packages/drone_msgs/drone_msgs_s__rosidl_typesupport_introspection_c.cpython-310-x86_64-linux-gnu.so
-- Up-to-date symlink: /home/ishank/ros2_ws/install/drone_msgs/local/lib/python3.10/dist-packages/drone_msgs/drone_msgs_s__rosidl_typesupport_c.cpython-310-x86_64-linux-gnu.so
-- Up-to-date symlink: /home/ishank/ros2_ws/install/drone_msgs/share/ament_index/resource_index/rust_packages/drone_msgs
-- Up-to-date symlink: /home/ishank/ros2_ws/install/drone_msgs/share/drone_msgs/rust/Cargo.toml
-- Up-to-date symlink: /home/ishank/ros2_ws/install/drone_msgs/share/drone_msgs/rust/build.rs
-- Up-to-date symlink: /home/ishank/ros2_ws/install/drone_msgs/share/drone_msgs/rust/src/lib.rs
-- Up-to-date symlink: /home/ishank/ros2_ws/install/drone_msgs/share/drone_msgs/rust/src/msg.rs
-- Up-to-date symlink: /home/ishank/ros2_ws/install/drone_msgs/share/drone_msgs/rust/src/msg/rmw.rs
-- Up-to-date symlink: /home/ishank/ros2_ws/install/drone_msgs/share/drone_msgs/msg/DroneState.idl
-- Up-to-date symlink: /home/ishank/ros2_ws/install/drone_msgs/share/drone_msgs/msg/Primitive.idl
-- Up-to-date symlink: /home/ishank/ros2_ws/install/drone_msgs/share/drone_msgs/msg/Mission.idl
-- Up-to-date symlink: /home/ishank/ros2_ws/install/drone_msgs/share/drone_msgs/msg/MissionPlan.idl
-- Up-to-date symlink: /home/ishank/ros2_ws/install/drone_msgs/share/drone_msgs/msg/PrimitiveStatus.idl
-- Up-to-date symlink: /home/ishank/ros2_ws/install/drone_msgs/share/drone_msgs/msg/Battery.idl
-- Up-to-date symlink: /home/ishank/ros2_ws/install/drone_msgs/share/drone_msgs/msg/DroneState.msg
-- Up-to-date symlink: /home/ishank/ros2_ws/install/drone_msgs/share/drone_msgs/msg/Primitive.msg
-- Up-to-date symlink: /home/ishank/ros2_ws/install/drone_msgs/share/drone_msgs/msg/Mission.msg
-- Up-to-date symlink: /home/ishank/ros2_ws/install/drone_msgs/share/drone_msgs/msg/MissionPlan.msg
-- Up-to-date symlink: /home/ishank/ros2_ws/install/drone_msgs/share/drone_msgs/msg/PrimitiveStatus.msg
-- Up-to-date symlink: /home/ishank/ros2_ws/install/drone_msgs/share/drone_msgs/msg/Battery.msg
-- Up-to-date symlink: /home/ishank/ros2_ws/install/drone_msgs/share/ament_index/resource_index/package_run_dependencies/drone_msgs
-- Up-to-date symlink: /home/ishank/ros2_ws/install/drone_msgs/share/ament_index/resource_index/parent_prefix_path/drone_msgs
-- Up-to-date symlink: /home/ishank/ros2_ws/install/drone_msgs/share/drone_msgs/environment/ament_prefix_path.sh
-- Up-to-date symlink: /home/ishank/ros2_ws/install/drone_msgs/share/drone_msgs/environment/ament_prefix_path.dsv
-- Up-to-date symlink: /home/ishank/ros2_ws/install/drone_msgs/share/drone_msgs/environment/path.sh
-- Up-to-date symlink: /home/ishank/ros2_ws/install/drone_msgs/share/drone_msgs/environment/path.dsv
-- Up-to-date symlink: /home/ishank/ros2_ws/install/drone_msgs/share/drone_msgs/local_setup.bash
-- Up-to-date symlink: /home/ishank/ros2_ws/install/drone_msgs/share/drone_msgs/local_setup.sh
-- Up-to-date symlink: /home/ishank/ros2_ws/install/drone_msgs/share/drone_msgs/local_setup.zsh
-- Up-to-date symlink: /home/ishank/ros2_ws/install/drone_msgs/share/drone_msgs/local_setup.dsv
-- Symlinking: /home/ishank/ros2_ws/install/drone_msgs/share/drone_msgs/package.dsv
-- Up-to-date symlink: /home/ishank/ros2_ws/install/drone_msgs/share/ament_index/resource_index/packages/drone_msgs
-- Up-to-date symlink: /home/ishank/ros2_ws/install/drone_msgs/share/drone_msgs/cmake/rosidl_cmake-extras.cmake
-- Up-to-date symlink: /home/ishank/ros2_ws/install/drone_msgs/share/drone_msgs/cmake/ament_cmake_export_dependencies-extras.cmake
-- Up-to-date symlink: /home/ishank/ros2_ws/install/drone_msgs/share/drone_msgs/cmake/ament_cmake_export_include_directories-extras.cmake
-- Up-to-date symlink: /home/ishank/ros2_ws/install/drone_msgs/share/drone_msgs/cmake/ament_cmake_export_libraries-extras.cmake
-- Up-to-date symlink: /home/ishank/ros2_ws/install/drone_msgs/share/drone_msgs/cmake/ament_cmake_export_targets-extras.cmake
-- Up-to-date symlink: /home/ishank/ros2_ws/install/drone_msgs/share/drone_msgs/cmake/rosidl_cmake_export_typesupport_targets-extras.cmake
-- Up-to-date symlink: /home/ishank/ros2_ws/install/drone_msgs/share/drone_msgs/cmake/rosidl_cmake_export_typesupport_libraries-extras.cmake
-- Up-to-date symlink: /home/ishank/ros2_ws/install/drone_msgs/share/drone_msgs/cmake/drone_msgsConfig.cmake
-- Up-to-date symlink: /home/ishank/ros2_ws/install/drone_msgs/share/drone_msgs/cmake/drone_msgsConfig-version.cmake
-- Up-to-date symlink: /home/ishank/ros2_ws/install/drone_msgs/share/drone_msgs/package.xml
-- Up-to-date: /home/ishank/ros2_ws/install/drone_msgs/lib/libdrone_msgs__rosidl_generator_c.so
-- Up-to-date: /home/ishank/ros2_ws/install/drone_msgs/lib/libdrone_msgs__rosidl_typesupport_fastrtps_c.so
-- Up-to-date: /home/ishank/ros2_ws/install/drone_msgs/lib/libdrone_msgs__rosidl_typesupport_introspection_c.so
-- Up-to-date: /home/ishank/ros2_ws/install/drone_msgs/lib/libdrone_msgs__rosidl_typesupport_c.so
-- Up-to-date: /home/ishank/ros2_ws/install/drone_msgs/lib/libdrone_msgs__rosidl_typesupport_fastrtps_cpp.so
-- Up-to-date: /home/ishank/ros2_ws/install/drone_msgs/lib/libdrone_msgs__rosidl_typesupport_introspection_cpp.so
-- Up-to-date: /home/ishank/ros2_ws/install/drone_msgs/lib/libdrone_msgs__rosidl_typesupport_cpp.so
Listing '/home/ishank/ros2_ws/install/drone_msgs/local/lib/python3.10/dist-packages/drone_msgs'...
Listing '/home/ishank/ros2_ws/install/drone_msgs/local/lib/python3.10/dist-packages/drone_msgs/msg'...
-- Up-to-date: /home/ishank/ros2_ws/install/drone_msgs/lib/libdrone_msgs__rosidl_generator_py.so
-- Up-to-date: /home/ishank/ros2_ws/install/drone_msgs/share/drone_msgs/cmake/export_drone_msgs__rosidl_generator_cExport.cmake
-- Up-to-date: /home/ishank/ros2_ws/install/drone_msgs/share/drone_msgs/cmake/export_drone_msgs__rosidl_generator_cExport-noconfig.cmake
-- Up-to-date: /home/ishank/ros2_ws/install/drone_msgs/share/drone_msgs/cmake/export_drone_msgs__rosidl_typesupport_fastrtps_cExport.cmake
-- Up-to-date: /home/ishank/ros2_ws/install/drone_msgs/share/drone_msgs/cmake/export_drone_msgs__rosidl_typesupport_fastrtps_cExport-noconfig.cmake
-- Up-to-date: /home/ishank/ros2_ws/install/drone_msgs/share/drone_msgs/cmake/drone_msgs__rosidl_typesupport_introspection_cExport.cmake
-- Up-to-date: /home/ishank/ros2_ws/install/drone_msgs/share/drone_msgs/cmake/drone_msgs__rosidl_typesupport_introspection_cExport-noconfig.cmake
-- Up-to-date: /home/ishank/ros2_ws/install/drone_msgs/share/drone_msgs/cmake/drone_msgs__rosidl_typesupport_cExport.cmake
-- Up-to-date: /home/ishank/ros2_ws/install/drone_msgs/share/drone_msgs/cmake/drone_msgs__rosidl_typesupport_cExport-noconfig.cmake
-- Up-to-date: /home/ishank/ros2_ws/install/drone_msgs/share/drone_msgs/cmake/export_drone_msgs__rosidl_generator_cppExport.cmake
-- Up-to-date: /home/ishank/ros2_ws/install/drone_msgs/share/drone_msgs/cmake/export_drone_msgs__rosidl_typesupport_fastrtps_cppExport.cmake
-- Up-to-date: /home/ishank/ros2_ws/install/drone_msgs/share/drone_msgs/cmake/export_drone_msgs__rosidl_typesupport_fastrtps_cppExport-noconfig.cmake
-- Up-to-date: /home/ishank/ros2_ws/install/drone_msgs/share/drone_msgs/cmake/drone_msgs__rosidl_typesupport_introspection_cppExport.cmake
-- Up-to-date: /home/ishank/ros2_ws/install/drone_msgs/share/drone_msgs/cmake/drone_msgs__rosidl_typesupport_introspection_cppExport-noconfig.cmake
-- Up-to-date: /home/ishank/ros2_ws/install/drone_msgs/share/drone_msgs/cmake/drone_msgs__rosidl_typesupport_cppExport.cmake
-- Up-to-date: /home/ishank/ros2_ws/install/drone_msgs/share/drone_msgs/cmake/drone_msgs__rosidl_typesupport_cppExport-noconfig.cmake
-- Up-to-date: /home/ishank/ros2_ws/install/drone_msgs/share/drone_msgs/cmake/export_drone_msgs__rosidl_generator_pyExport.cmake
-- Up-to-date: /home/ishank/ros2_ws/install/drone_msgs/share/drone_msgs/cmake/export_drone_msgs__rosidl_generator_pyExport-noconfig.cmake
