[0.079s] Invoking command in '/home/ishank/ros2_ws/build/drone_bridge': CMAKE_PREFIX_PATH=/home/ishank/ros2_ws/install/drone_msgs:/home/ishank/ros2_ws/install/drone_sim:/home/ishank/ros2_ws/install/drone_controller:/home/ishank/ros2_ws/install/drone_bridge:/opt/ros/humble /usr/bin/cmake /home/ishank/ros2_ws/src/drone_bridge -DAMENT_CMAKE_SYMLINK_INSTALL=1 -DCMAKE_INSTALL_PREFIX=/home/ishank/ros2_ws/install/drone_bridge
[0.275s] -- The C compiler identification is GNU 11.4.0
[0.682s] -- The CXX compiler identification is GNU 11.4.0
[0.968s] -- Detecting C compiler ABI info
[1.090s] -- Detecting C compiler ABI info - done
[1.098s] -- Check for working C compiler: /usr/bin/cc - skipped
[1.098s] -- Detecting C compile features
[1.099s] -- Detecting C compile features - done
[1.104s] -- Detecting CXX compiler ABI info
[1.245s] -- Detecting CXX compiler ABI info - done
[1.253s] -- Check for working CXX compiler: /usr/bin/c++ - skipped
[1.254s] -- Detecting CXX compile features
[1.254s] -- Detecting CXX compile features - done
[1.256s] -- Found ament_cmake: 1.3.14 (/opt/ros/humble/share/ament_cmake/cmake)
[1.449s] -- Found Python3: /usr/bin/python3 (found version "3.10.12") found components: Interpreter 
[1.547s] -- Override CMake install command with custom implementation using symlinks instead of copying resources
[1.579s] -- Found rclcpp: 16.0.19 (/opt/ros/humble/share/rclcpp/cmake)
[1.743s] -- Found rosidl_generator_c: 3.1.8 (/opt/ros/humble/share/rosidl_generator_c/cmake)
[1.748s] -- Found rosidl_adapter: 3.1.8 (/opt/ros/humble/share/rosidl_adapter/cmake)
[1.758s] -- Found rosidl_generator_cpp: 3.1.8 (/opt/ros/humble/share/rosidl_generator_cpp/cmake)
[1.774s] -- Using all available rosidl_typesupport_c: rosidl_typesupport_fastrtps_c;rosidl_typesupport_introspection_c
[1.794s] -- Using all available rosidl_typesupport_cpp: rosidl_typesupport_fastrtps_cpp;rosidl_typesupport_introspection_cpp
[1.849s] -- Found rmw_implementation_cmake: 6.1.2 (/opt/ros/humble/share/rmw_implementation_cmake/cmake)
[1.854s] -- Found rmw_fastrtps_cpp: 6.2.10 (/opt/ros/humble/share/rmw_fastrtps_cpp/cmake)
[3.235s] -- Found OpenSSL: /usr/lib/x86_64-linux-gnu/libcrypto.so (found version "3.0.2")  
[4.011s] -- Found FastRTPS: /opt/ros/humble/include  
[6.488s] -- Using RMW implementation 'rmw_fastrtps_cpp' as default
[6.494s] -- Looking for pthread.h
[6.601s] -- Looking for pthread.h - found
[6.601s] -- Performing Test CMAKE_HAVE_LIBC_PTHREAD
[6.708s] -- Performing Test CMAKE_HAVE_LIBC_PTHREAD - Success
[6.709s] -- Found Threads: TRUE  
[6.751s] -- Found geometry_msgs: 4.9.1 (/opt/ros/humble/share/geometry_msgs/cmake)
[6.761s] -- Found drone_msgs: 0.0.0 (/home/ishank/ros2_ws/install/drone_msgs/share/drone_msgs/cmake)
[6.777s] -- Found ament_lint_auto: 0.12.15 (/opt/ros/humble/share/ament_lint_auto/cmake)
[6.840s] -- Added test 'lint_cmake' to check CMake code style
[6.841s] -- Added test 'xmllint' to check XML markup files
[6.843s] -- Configuring done
[6.847s] -- Generating done
[6.850s] -- Build files have been written to: /home/ishank/ros2_ws/build/drone_bridge
[6.858s] Invoked command in '/home/ishank/ros2_ws/build/drone_bridge' returned '0': CMAKE_PREFIX_PATH=/home/ishank/ros2_ws/install/drone_msgs:/home/ishank/ros2_ws/install/drone_sim:/home/ishank/ros2_ws/install/drone_controller:/home/ishank/ros2_ws/install/drone_bridge:/opt/ros/humble /usr/bin/cmake /home/ishank/ros2_ws/src/drone_bridge -DAMENT_CMAKE_SYMLINK_INSTALL=1 -DCMAKE_INSTALL_PREFIX=/home/ishank/ros2_ws/install/drone_bridge
[6.859s] Invoking command in '/home/ishank/ros2_ws/build/drone_bridge': CMAKE_PREFIX_PATH=/home/ishank/ros2_ws/install/drone_msgs:/home/ishank/ros2_ws/install/drone_sim:/home/ishank/ros2_ws/install/drone_controller:/home/ishank/ros2_ws/install/drone_bridge:/opt/ros/humble /usr/bin/cmake --build /home/ishank/ros2_ws/build/drone_bridge -- -j8 -l8
[6.893s] Invoked command in '/home/ishank/ros2_ws/build/drone_bridge' returned '0': CMAKE_PREFIX_PATH=/home/ishank/ros2_ws/install/drone_msgs:/home/ishank/ros2_ws/install/drone_sim:/home/ishank/ros2_ws/install/drone_controller:/home/ishank/ros2_ws/install/drone_bridge:/opt/ros/humble /usr/bin/cmake --build /home/ishank/ros2_ws/build/drone_bridge -- -j8 -l8
[6.896s] Invoking command in '/home/ishank/ros2_ws/build/drone_bridge': CMAKE_PREFIX_PATH=/home/ishank/ros2_ws/install/drone_msgs:/home/ishank/ros2_ws/install/drone_sim:/home/ishank/ros2_ws/install/drone_controller:/home/ishank/ros2_ws/install/drone_bridge:/opt/ros/humble /usr/bin/cmake --install /home/ishank/ros2_ws/build/drone_bridge
[6.901s] -- Install configuration: ""
[6.901s] -- Execute custom install script
[6.903s] -- Symlinking: /home/ishank/ros2_ws/install/drone_bridge/share/ament_index/resource_index/package_run_dependencies/drone_bridge
[6.911s] -- Symlinking: /home/ishank/ros2_ws/install/drone_bridge/share/ament_index/resource_index/parent_prefix_path/drone_bridge
[6.918s] -- Symlinking: /home/ishank/ros2_ws/install/drone_bridge/share/drone_bridge/environment/ament_prefix_path.sh
[6.926s] -- Symlinking: /home/ishank/ros2_ws/install/drone_bridge/share/drone_bridge/environment/ament_prefix_path.dsv
[6.933s] -- Symlinking: /home/ishank/ros2_ws/install/drone_bridge/share/drone_bridge/environment/path.sh
[6.940s] -- Symlinking: /home/ishank/ros2_ws/install/drone_bridge/share/drone_bridge/environment/path.dsv
[6.947s] -- Symlinking: /home/ishank/ros2_ws/install/drone_bridge/share/drone_bridge/local_setup.bash
[6.955s] -- Symlinking: /home/ishank/ros2_ws/install/drone_bridge/share/drone_bridge/local_setup.sh
[6.961s] -- Symlinking: /home/ishank/ros2_ws/install/drone_bridge/share/drone_bridge/local_setup.zsh
[6.969s] -- Symlinking: /home/ishank/ros2_ws/install/drone_bridge/share/drone_bridge/local_setup.dsv
[6.976s] -- Symlinking: /home/ishank/ros2_ws/install/drone_bridge/share/drone_bridge/package.dsv
[6.995s] -- Symlinking: /home/ishank/ros2_ws/install/drone_bridge/share/ament_index/resource_index/packages/drone_bridge
[7.009s] -- Symlinking: /home/ishank/ros2_ws/install/drone_bridge/share/drone_bridge/cmake/drone_bridgeConfig.cmake
[7.021s] -- Symlinking: /home/ishank/ros2_ws/install/drone_bridge/share/drone_bridge/cmake/drone_bridgeConfig-version.cmake
[7.029s] -- Symlinking: /home/ishank/ros2_ws/install/drone_bridge/share/drone_bridge/package.xml
[7.040s] Invoked command in '/home/ishank/ros2_ws/build/drone_bridge' returned '0': CMAKE_PREFIX_PATH=/home/ishank/ros2_ws/install/drone_msgs:/home/ishank/ros2_ws/install/drone_sim:/home/ishank/ros2_ws/install/drone_controller:/home/ishank/ros2_ws/install/drone_bridge:/opt/ros/humble /usr/bin/cmake --install /home/ishank/ros2_ws/build/drone_bridge
