-- The C compiler identification is GNU 11.4.0
-- The CXX compiler identification is GNU 11.4.0
-- Detecting C compiler ABI info
-- Detecting C compiler ABI info - done
-- Check for working C compiler: /usr/bin/cc - skipped
-- Detecting C compile features
-- Detecting C compile features - done
-- Detecting CXX compiler ABI info
-- Detecting CXX compiler ABI info - done
-- Check for working CXX compiler: /usr/bin/c++ - skipped
-- Detecting CXX compile features
-- Detecting CXX compile features - done
-- Found ament_cmake: 1.3.14 (/opt/ros/humble/share/ament_cmake/cmake)
-- Found Python3: /usr/bin/python3 (found version "3.10.12") found components: Interpreter 
-- Override CMake install command with custom implementation using symlinks instead of copying resources
-- Configuring done
-- Generating done
-- Build files have been written to: /home/ishank/ros2_ws/build/drone_common
-- Install configuration: ""
-- Execute custom install script
-- Symlinking: /home/ishank/ros2_ws/install/drone_common/include/drone_common/battery_cost.hpp
-- Symlinking: /home/ishank/ros2_ws/install/drone_common/share/ament_index/resource_index/package_run_dependencies/drone_common
-- Symlinking: /home/ishank/ros2_ws/install/drone_common/share/ament_index/resource_index/parent_prefix_path/drone_common
-- Symlinking: /home/ishank/ros2_ws/install/drone_common/share/drone_common/environment/ament_prefix_path.sh
-- Symlinking: /home/ishank/ros2_ws/install/drone_common/share/drone_common/environment/ament_prefix_path.dsv
-- Symlinking: /home/ishank/ros2_ws/install/drone_common/share/drone_common/environment/path.sh
-- Symlinking: /home/ishank/ros2_ws/install/drone_common/share/drone_common/environment/path.dsv
-- Symlinking: /home/ishank/ros2_ws/install/drone_common/share/drone_common/local_setup.bash
-- Symlinking: /home/ishank/ros2_ws/install/drone_common/share/drone_common/local_setup.sh
-- Symlinking: /home/ishank/ros2_ws/install/drone_common/share/drone_common/local_setup.zsh
-- Symlinking: /home/ishank/ros2_ws/install/drone_common/share/drone_common/local_setup.dsv
-- Symlinking: /home/ishank/ros2_ws/install/drone_common/share/drone_common/package.dsv
-- Symlinking: /home/ishank/ros2_ws/install/drone_common/share/ament_index/resource_index/packages/drone_common
-- Symlinking: /home/ishank/ros2_ws/install/drone_common/share/drone_common/cmake/ament_cmake_export_include_directories-extras.cmake
-- Symlinking: /home/ishank/ros2_ws/install/drone_common/share/drone_common/cmake/drone_commonConfig.cmake
-- Symlinking: /home/ishank/ros2_ws/install/drone_common/share/drone_common/cmake/drone_commonConfig-version.cmake
-- Symlinking: /home/ishank/ros2_ws/install/drone_common/share/drone_common/package.xml
