[0.028s] Invoking command in '/home/ishank/ros2_ws/build/drone_common': CMAKE_PREFIX_PATH=${CMAKE_PREFIX_PATH}:/opt/ros/humble /usr/bin/cmake /home/ishank/ros2_ws/src/drone_common -DAMENT_CMAKE_SYMLINK_INSTALL=1 -DCMAKE_INSTALL_PREFIX=/home/ishank/ros2_ws/install/drone_common
[0.364s] -- The C compiler identification is GNU 11.4.0
[0.748s] -- The CXX compiler identification is GNU 11.4.0
[1.033s] -- Detecting C compiler ABI info
[1.151s] -- Detecting C compiler ABI info - done
[1.159s] -- Check for working C compiler: /usr/bin/cc - skipped
[1.159s] -- Detecting C compile features
[1.159s] -- Detecting C compile features - done
[1.162s] -- Detecting CXX compiler ABI info
[1.279s] -- Detecting CXX compiler ABI info - done
[1.287s] -- Check for working CXX compiler: /usr/bin/c++ - skipped
[1.287s] -- Detecting CXX compile features
[1.288s] -- Detecting CXX compile features - done
[1.290s] -- Found ament_cmake: 1.3.14 (/opt/ros/humble/share/ament_cmake/cmake)
[1.473s] -- Found Python3: /usr/bin/python3 (found version "3.10.12") found components: Interpreter 
[1.571s] -- Override CMake install command with custom implementation using symlinks instead of copying resources
[1.695s] -- Configuring done
[1.699s] -- Generating done
[1.702s] -- Build files have been written to: /home/ishank/ros2_ws/build/drone_common
[1.708s] Invoked command in '/home/ishank/ros2_ws/build/drone_common' returned '0': CMAKE_PREFIX_PATH=${CMAKE_PREFIX_PATH}:/opt/ros/humble /usr/bin/cmake /home/ishank/ros2_ws/src/drone_common -DAMENT_CMAKE_SYMLINK_INSTALL=1 -DCMAKE_INSTALL_PREFIX=/home/ishank/ros2_ws/install/drone_common
[1.711s] Invoking command in '/home/ishank/ros2_ws/build/drone_common': CMAKE_PREFIX_PATH=${CMAKE_PREFIX_PATH}:/opt/ros/humble /usr/bin/cmake --build /home/ishank/ros2_ws/build/drone_common -- -j8 -l8
[1.755s] Invoked command in '/home/ishank/ros2_ws/build/drone_common' returned '0': CMAKE_PREFIX_PATH=${CMAKE_PREFIX_PATH}:/opt/ros/humble /usr/bin/cmake --build /home/ishank/ros2_ws/build/drone_common -- -j8 -l8
[1.764s] Invoking command in '/home/ishank/ros2_ws/build/drone_common': CMAKE_PREFIX_PATH=${CMAKE_PREFIX_PATH}:/opt/ros/humble /usr/bin/cmake --install /home/ishank/ros2_ws/build/drone_common
[1.771s] -- Install configuration: ""
[1.771s] -- Execute custom install script
[1.774s] -- Symlinking: /home/ishank/ros2_ws/install/drone_common/include/drone_common/battery_cost.hpp
[1.784s] -- Symlinking: /home/ishank/ros2_ws/install/drone_common/share/ament_index/resource_index/package_run_dependencies/drone_common
[1.793s] -- Symlinking: /home/ishank/ros2_ws/install/drone_common/share/ament_index/resource_index/parent_prefix_path/drone_common
[1.803s] -- Symlinking: /home/ishank/ros2_ws/install/drone_common/share/drone_common/environment/ament_prefix_path.sh
[1.811s] -- Symlinking: /home/ishank/ros2_ws/install/drone_common/share/drone_common/environment/ament_prefix_path.dsv
[1.821s] -- Symlinking: /home/ishank/ros2_ws/install/drone_common/share/drone_common/environment/path.sh
[1.830s] -- Symlinking: /home/ishank/ros2_ws/install/drone_common/share/drone_common/environment/path.dsv
[1.839s] -- Symlinking: /home/ishank/ros2_ws/install/drone_common/share/drone_common/local_setup.bash
[1.849s] -- Symlinking: /home/ishank/ros2_ws/install/drone_common/share/drone_common/local_setup.sh
[1.859s] -- Symlinking: /home/ishank/ros2_ws/install/drone_common/share/drone_common/local_setup.zsh
[1.867s] -- Symlinking: /home/ishank/ros2_ws/install/drone_common/share/drone_common/local_setup.dsv
[1.874s] -- Symlinking: /home/ishank/ros2_ws/install/drone_common/share/drone_common/package.dsv
[1.884s] -- Symlinking: /home/ishank/ros2_ws/install/drone_common/share/ament_index/resource_index/packages/drone_common
[1.892s] -- Symlinking: /home/ishank/ros2_ws/install/drone_common/share/drone_common/cmake/ament_cmake_export_include_directories-extras.cmake
[1.900s] -- Symlinking: /home/ishank/ros2_ws/install/drone_common/share/drone_common/cmake/drone_commonConfig.cmake
[1.909s] -- Symlinking: /home/ishank/ros2_ws/install/drone_common/share/drone_common/cmake/drone_commonConfig-version.cmake
[1.917s] -- Symlinking: /home/ishank/ros2_ws/install/drone_common/share/drone_common/package.xml
[1.955s] Invoked command in '/home/ishank/ros2_ws/build/drone_common' returned '0': CMAKE_PREFIX_PATH=${CMAKE_PREFIX_PATH}:/opt/ros/humble /usr/bin/cmake --install /home/ishank/ros2_ws/build/drone_common
