[0.345s] DEBUG:colcon:Command line arguments: ['/usr/bin/colcon', 'build', '--symlink-install']
[0.345s] DEBUG:colcon:Parsed command line arguments: Namespace(log_base=None, log_level=None, verb_name='build', build_base='build', install_base='install', merge_install=False, symlink_install=True, test_result_base=None, continue_on_error=False, executor='parallel', parallel_workers=8, event_handlers=None, ignore_user_meta=False, metas=['./colcon.meta'], base_paths=['.'], packages_ignore=None, packages_ignore_regex=None, paths=None, packages_up_to=None, packages_up_to_regex=None, packages_above=None, packages_above_and_dependencies=None, packages_above_depth=None, packages_select_by_dep=None, packages_skip_by_dep=None, packages_skip_up_to=None, packages_select_build_failed=False, packages_skip_build_finished=False, packages_select_test_failures=False, packages_skip_test_passed=False, packages_select=None, packages_skip=None, packages_select_regex=None, packages_skip_regex=None, packages_start=None, packages_end=None, allow_overriding=[], cmake_args=None, cmake_target=None, cmake_target_skip_unavailable=False, cmake_clean_cache=False, cmake_clean_first=False, cmake_force_configure=False, ament_cmake_args=None, catkin_cmake_args=None, catkin_skip_building_tests=False, verb_parser=<colcon_defaults.argument_parser.defaults.DefaultArgumentsDecorator object at 0x7ad952e0b400>, verb_extension=<colcon_core.verb.build.BuildVerb object at 0x7ad952f70ac0>, main=<bound method BuildVerb.main of <colcon_core.verb.build.BuildVerb object at 0x7ad952f70ac0>>)
[0.804s] Level 1:colcon.colcon_core.package_discovery:discover_packages(colcon_meta) check parameters
[0.804s] Level 1:colcon.colcon_core.package_discovery:discover_packages(recursive) check parameters
[0.804s] Level 1:colcon.colcon_core.package_discovery:discover_packages(ignore) check parameters
[0.804s] Level 1:colcon.colcon_core.package_discovery:discover_packages(path) check parameters
[0.804s] Level 1:colcon.colcon_core.package_discovery:discover_packages(colcon_meta) discover
[0.804s] Level 1:colcon.colcon_core.package_discovery:discover_packages(recursive) discover
[0.804s] INFO:colcon.colcon_core.package_discovery:Crawling recursively for packages in '/home/ishank/ros2_ws'
[0.804s] Level 1:colcon.colcon_core.package_identification:_identify(.) by extensions ['ignore', 'ignore_ament_install']
[0.804s] Level 1:colcon.colcon_core.package_identification:_identify(.) by extension 'ignore'
[0.804s] Level 1:colcon.colcon_core.package_identification:_identify(.) by extension 'ignore_ament_install'
[0.804s] Level 1:colcon.colcon_core.package_identification:_identify(.) by extensions ['colcon_pkg']
[0.804s] Level 1:colcon.colcon_core.package_identification:_identify(.) by extension 'colcon_pkg'
[0.805s] Level 1:colcon.colcon_core.package_identification:_identify(.) by extensions ['colcon_meta']
[0.805s] Level 1:colcon.colcon_core.package_identification:_identify(.) by extension 'colcon_meta'
[0.805s] Level 1:colcon.colcon_core.package_identification:_identify(.) by extensions ['ros']
[0.805s] Level 1:colcon.colcon_core.package_identification:_identify(.) by extension 'ros'
[0.821s] Level 1:colcon.colcon_core.package_identification:_identify(.) by extensions ['cmake', 'python']
[0.821s] Level 1:colcon.colcon_core.package_identification:_identify(.) by extension 'cmake'
[0.821s] Level 1:colcon.colcon_core.package_identification:_identify(.) by extension 'python'
[0.821s] Level 1:colcon.colcon_core.package_identification:_identify(.) by extensions ['python_setup_py']
[0.821s] Level 1:colcon.colcon_core.package_identification:_identify(.) by extension 'python_setup_py'
[0.822s] Level 1:colcon.colcon_core.package_identification:_identify(build) by extensions ['ignore', 'ignore_ament_install']
[0.822s] Level 1:colcon.colcon_core.package_identification:_identify(build) by extension 'ignore'
[0.822s] Level 1:colcon.colcon_core.package_identification:_identify(build) ignored
[0.822s] Level 1:colcon.colcon_core.package_identification:_identify(install) by extensions ['ignore', 'ignore_ament_install']
[0.822s] Level 1:colcon.colcon_core.package_identification:_identify(install) by extension 'ignore'
[0.822s] Level 1:colcon.colcon_core.package_identification:_identify(install) ignored
[0.822s] Level 1:colcon.colcon_core.package_identification:_identify(log) by extensions ['ignore', 'ignore_ament_install']
[0.822s] Level 1:colcon.colcon_core.package_identification:_identify(log) by extension 'ignore'
[0.822s] Level 1:colcon.colcon_core.package_identification:_identify(log) ignored
[0.823s] Level 1:colcon.colcon_core.package_identification:_identify(src) by extensions ['ignore', 'ignore_ament_install']
[0.823s] Level 1:colcon.colcon_core.package_identification:_identify(src) by extension 'ignore'
[0.823s] Level 1:colcon.colcon_core.package_identification:_identify(src) by extension 'ignore_ament_install'
[0.823s] Level 1:colcon.colcon_core.package_identification:_identify(src) by extensions ['colcon_pkg']
[0.823s] Level 1:colcon.colcon_core.package_identification:_identify(src) by extension 'colcon_pkg'
[0.823s] Level 1:colcon.colcon_core.package_identification:_identify(src) by extensions ['colcon_meta']
[0.823s] Level 1:colcon.colcon_core.package_identification:_identify(src) by extension 'colcon_meta'
[0.823s] Level 1:colcon.colcon_core.package_identification:_identify(src) by extensions ['ros']
[0.823s] Level 1:colcon.colcon_core.package_identification:_identify(src) by extension 'ros'
[0.823s] Level 1:colcon.colcon_core.package_identification:_identify(src) by extensions ['cmake', 'python']
[0.823s] Level 1:colcon.colcon_core.package_identification:_identify(src) by extension 'cmake'
[0.824s] Level 1:colcon.colcon_core.package_identification:_identify(src) by extension 'python'
[0.824s] Level 1:colcon.colcon_core.package_identification:_identify(src) by extensions ['python_setup_py']
[0.824s] Level 1:colcon.colcon_core.package_identification:_identify(src) by extension 'python_setup_py'
[0.824s] Level 1:colcon.colcon_core.package_identification:_identify(src/drone_bridge) by extensions ['ignore', 'ignore_ament_install']
[0.824s] Level 1:colcon.colcon_core.package_identification:_identify(src/drone_bridge) by extension 'ignore'
[0.824s] Level 1:colcon.colcon_core.package_identification:_identify(src/drone_bridge) by extension 'ignore_ament_install'
[0.824s] Level 1:colcon.colcon_core.package_identification:_identify(src/drone_bridge) by extensions ['colcon_pkg']
[0.824s] Level 1:colcon.colcon_core.package_identification:_identify(src/drone_bridge) by extension 'colcon_pkg'
[0.824s] Level 1:colcon.colcon_core.package_identification:_identify(src/drone_bridge) by extensions ['colcon_meta']
[0.824s] Level 1:colcon.colcon_core.package_identification:_identify(src/drone_bridge) by extension 'colcon_meta'
[0.824s] Level 1:colcon.colcon_core.package_identification:_identify(src/drone_bridge) by extensions ['ros']
[0.824s] Level 1:colcon.colcon_core.package_identification:_identify(src/drone_bridge) by extension 'ros'
[0.830s] DEBUG:colcon.colcon_core.package_identification:Package 'src/drone_bridge' with type 'ros.ament_cmake' and name 'drone_bridge'
[0.831s] Level 1:colcon.colcon_core.package_identification:_identify(src/drone_common) by extensions ['ignore', 'ignore_ament_install']
[0.831s] Level 1:colcon.colcon_core.package_identification:_identify(src/drone_common) by extension 'ignore'
[0.831s] Level 1:colcon.colcon_core.package_identification:_identify(src/drone_common) by extension 'ignore_ament_install'
[0.831s] Level 1:colcon.colcon_core.package_identification:_identify(src/drone_common) by extensions ['colcon_pkg']
[0.831s] Level 1:colcon.colcon_core.package_identification:_identify(src/drone_common) by extension 'colcon_pkg'
[0.831s] Level 1:colcon.colcon_core.package_identification:_identify(src/drone_common) by extensions ['colcon_meta']
[0.831s] Level 1:colcon.colcon_core.package_identification:_identify(src/drone_common) by extension 'colcon_meta'
[0.831s] Level 1:colcon.colcon_core.package_identification:_identify(src/drone_common) by extensions ['ros']
[0.831s] Level 1:colcon.colcon_core.package_identification:_identify(src/drone_common) by extension 'ros'
[0.832s] DEBUG:colcon.colcon_core.package_identification:Package 'src/drone_common' with type 'ros.ament_cmake' and name 'drone_common'
[0.832s] Level 1:colcon.colcon_core.package_identification:_identify(src/drone_controller) by extensions ['ignore', 'ignore_ament_install']
[0.833s] Level 1:colcon.colcon_core.package_identification:_identify(src/drone_controller) by extension 'ignore'
[0.833s] Level 1:colcon.colcon_core.package_identification:_identify(src/drone_controller) by extension 'ignore_ament_install'
[0.833s] Level 1:colcon.colcon_core.package_identification:_identify(src/drone_controller) by extensions ['colcon_pkg']
[0.833s] Level 1:colcon.colcon_core.package_identification:_identify(src/drone_controller) by extension 'colcon_pkg'
[0.833s] Level 1:colcon.colcon_core.package_identification:_identify(src/drone_controller) by extensions ['colcon_meta']
[0.833s] Level 1:colcon.colcon_core.package_identification:_identify(src/drone_controller) by extension 'colcon_meta'
[0.833s] Level 1:colcon.colcon_core.package_identification:_identify(src/drone_controller) by extensions ['ros']
[0.833s] Level 1:colcon.colcon_core.package_identification:_identify(src/drone_controller) by extension 'ros'
[0.834s] DEBUG:colcon.colcon_core.package_identification:Package 'src/drone_controller' with type 'ros.ament_cmake' and name 'drone_controller'
[0.834s] Level 1:colcon.colcon_core.package_identification:_identify(src/drone_msgs) by extensions ['ignore', 'ignore_ament_install']
[0.834s] Level 1:colcon.colcon_core.package_identification:_identify(src/drone_msgs) by extension 'ignore'
[0.834s] Level 1:colcon.colcon_core.package_identification:_identify(src/drone_msgs) by extension 'ignore_ament_install'
[0.834s] Level 1:colcon.colcon_core.package_identification:_identify(src/drone_msgs) by extensions ['colcon_pkg']
[0.834s] Level 1:colcon.colcon_core.package_identification:_identify(src/drone_msgs) by extension 'colcon_pkg'
[0.834s] Level 1:colcon.colcon_core.package_identification:_identify(src/drone_msgs) by extensions ['colcon_meta']
[0.835s] Level 1:colcon.colcon_core.package_identification:_identify(src/drone_msgs) by extension 'colcon_meta'
[0.835s] Level 1:colcon.colcon_core.package_identification:_identify(src/drone_msgs) by extensions ['ros']
[0.835s] Level 1:colcon.colcon_core.package_identification:_identify(src/drone_msgs) by extension 'ros'
[0.836s] DEBUG:colcon.colcon_core.package_identification:Package 'src/drone_msgs' with type 'ros.ament_cmake' and name 'drone_msgs'
[0.836s] Level 1:colcon.colcon_core.package_identification:_identify(src/drone_planner) by extensions ['ignore', 'ignore_ament_install']
[0.836s] Level 1:colcon.colcon_core.package_identification:_identify(src/drone_planner) by extension 'ignore'
[0.836s] Level 1:colcon.colcon_core.package_identification:_identify(src/drone_planner) by extension 'ignore_ament_install'
[0.836s] Level 1:colcon.colcon_core.package_identification:_identify(src/drone_planner) by extensions ['colcon_pkg']
[0.836s] Level 1:colcon.colcon_core.package_identification:_identify(src/drone_planner) by extension 'colcon_pkg'
[0.836s] Level 1:colcon.colcon_core.package_identification:_identify(src/drone_planner) by extensions ['colcon_meta']
[0.836s] Level 1:colcon.colcon_core.package_identification:_identify(src/drone_planner) by extension 'colcon_meta'
[0.836s] Level 1:colcon.colcon_core.package_identification:_identify(src/drone_planner) by extensions ['ros']
[0.836s] Level 1:colcon.colcon_core.package_identification:_identify(src/drone_planner) by extension 'ros'
[0.837s] DEBUG:colcon.colcon_core.package_identification:Package 'src/drone_planner' with type 'ros.ament_cmake' and name 'drone_planner'
[0.837s] Level 1:colcon.colcon_core.package_identification:_identify(src/drone_sim) by extensions ['ignore', 'ignore_ament_install']
[0.837s] Level 1:colcon.colcon_core.package_identification:_identify(src/drone_sim) by extension 'ignore'
[0.837s] Level 1:colcon.colcon_core.package_identification:_identify(src/drone_sim) by extension 'ignore_ament_install'
[0.837s] Level 1:colcon.colcon_core.package_identification:_identify(src/drone_sim) by extensions ['colcon_pkg']
[0.837s] Level 1:colcon.colcon_core.package_identification:_identify(src/drone_sim) by extension 'colcon_pkg'
[0.837s] Level 1:colcon.colcon_core.package_identification:_identify(src/drone_sim) by extensions ['colcon_meta']
[0.837s] Level 1:colcon.colcon_core.package_identification:_identify(src/drone_sim) by extension 'colcon_meta'
[0.837s] Level 1:colcon.colcon_core.package_identification:_identify(src/drone_sim) by extensions ['ros']
[0.837s] Level 1:colcon.colcon_core.package_identification:_identify(src/drone_sim) by extension 'ros'
[0.838s] DEBUG:colcon.colcon_core.package_identification:Package 'src/drone_sim' with type 'ros.ament_cmake' and name 'drone_sim'
[0.838s] Level 1:colcon.colcon_core.package_identification:_identify(src/mission_manager) by extensions ['ignore', 'ignore_ament_install']
[0.838s] Level 1:colcon.colcon_core.package_identification:_identify(src/mission_manager) by extension 'ignore'
[0.838s] Level 1:colcon.colcon_core.package_identification:_identify(src/mission_manager) by extension 'ignore_ament_install'
[0.839s] Level 1:colcon.colcon_core.package_identification:_identify(src/mission_manager) by extensions ['colcon_pkg']
[0.839s] Level 1:colcon.colcon_core.package_identification:_identify(src/mission_manager) by extension 'colcon_pkg'
[0.839s] Level 1:colcon.colcon_core.package_identification:_identify(src/mission_manager) by extensions ['colcon_meta']
[0.839s] Level 1:colcon.colcon_core.package_identification:_identify(src/mission_manager) by extension 'colcon_meta'
[0.839s] Level 1:colcon.colcon_core.package_identification:_identify(src/mission_manager) by extensions ['ros']
[0.839s] Level 1:colcon.colcon_core.package_identification:_identify(src/mission_manager) by extension 'ros'
[0.840s] DEBUG:colcon.colcon_core.package_identification:Package 'src/mission_manager' with type 'ros.ament_cmake' and name 'mission_manager'
[0.840s] Level 1:colcon.colcon_core.package_discovery:discover_packages(recursive) using defaults
[0.840s] Level 1:colcon.colcon_core.package_discovery:discover_packages(ignore) discover
[0.840s] Level 1:colcon.colcon_core.package_discovery:discover_packages(ignore) using defaults
[0.840s] Level 1:colcon.colcon_core.package_discovery:discover_packages(path) discover
[0.840s] Level 1:colcon.colcon_core.package_discovery:discover_packages(path) using defaults
[0.877s] Level 1:colcon.colcon_core.package_discovery:discover_packages(prefix_path) check parameters
[0.877s] Level 1:colcon.colcon_core.package_discovery:discover_packages(prefix_path) discover
[0.881s] DEBUG:colcon.colcon_installed_package_information.package_discovery:Found 7 installed packages in /home/ishank/ros2_ws/install
[0.883s] DEBUG:colcon.colcon_installed_package_information.package_discovery:Found 288 installed packages in /opt/ros/humble
[0.894s] Level 1:colcon.colcon_core.package_discovery:discover_packages(prefix_path) using defaults
[0.991s] Level 5:colcon.colcon_core.verb:set package 'drone_common' build argument 'cmake_args' from command line to 'None'
[0.991s] Level 5:colcon.colcon_core.verb:set package 'drone_common' build argument 'cmake_target' from command line to 'None'
[0.991s] Level 5:colcon.colcon_core.verb:set package 'drone_common' build argument 'cmake_target_skip_unavailable' from command line to 'False'
[0.991s] Level 5:colcon.colcon_core.verb:set package 'drone_common' build argument 'cmake_clean_cache' from command line to 'False'
[0.992s] Level 5:colcon.colcon_core.verb:set package 'drone_common' build argument 'cmake_clean_first' from command line to 'False'
[0.992s] Level 5:colcon.colcon_core.verb:set package 'drone_common' build argument 'cmake_force_configure' from command line to 'False'
[0.992s] Level 5:colcon.colcon_core.verb:set package 'drone_common' build argument 'ament_cmake_args' from command line to 'None'
[0.992s] Level 5:colcon.colcon_core.verb:set package 'drone_common' build argument 'catkin_cmake_args' from command line to 'None'
[0.992s] Level 5:colcon.colcon_core.verb:set package 'drone_common' build argument 'catkin_skip_building_tests' from command line to 'False'
[0.992s] DEBUG:colcon.colcon_core.verb:Building package 'drone_common' with the following arguments: {'ament_cmake_args': None, 'build_base': '/home/ishank/ros2_ws/build/drone_common', 'catkin_cmake_args': None, 'catkin_skip_building_tests': False, 'cmake_args': None, 'cmake_clean_cache': False, 'cmake_clean_first': False, 'cmake_force_configure': False, 'cmake_target': None, 'cmake_target_skip_unavailable': False, 'install_base': '/home/ishank/ros2_ws/install/drone_common', 'merge_install': False, 'path': '/home/ishank/ros2_ws/src/drone_common', 'symlink_install': True, 'test_result_base': None}
[0.992s] Level 5:colcon.colcon_core.verb:set package 'drone_msgs' build argument 'cmake_args' from command line to 'None'
[0.992s] Level 5:colcon.colcon_core.verb:set package 'drone_msgs' build argument 'cmake_target' from command line to 'None'
[0.992s] Level 5:colcon.colcon_core.verb:set package 'drone_msgs' build argument 'cmake_target_skip_unavailable' from command line to 'False'
[0.992s] Level 5:colcon.colcon_core.verb:set package 'drone_msgs' build argument 'cmake_clean_cache' from command line to 'False'
[0.992s] Level 5:colcon.colcon_core.verb:set package 'drone_msgs' build argument 'cmake_clean_first' from command line to 'False'
[0.992s] Level 5:colcon.colcon_core.verb:set package 'drone_msgs' build argument 'cmake_force_configure' from command line to 'False'
[0.992s] Level 5:colcon.colcon_core.verb:set package 'drone_msgs' build argument 'ament_cmake_args' from command line to 'None'
[0.992s] Level 5:colcon.colcon_core.verb:set package 'drone_msgs' build argument 'catkin_cmake_args' from command line to 'None'
[0.992s] Level 5:colcon.colcon_core.verb:set package 'drone_msgs' build argument 'catkin_skip_building_tests' from command line to 'False'
[0.992s] DEBUG:colcon.colcon_core.verb:Building package 'drone_msgs' with the following arguments: {'ament_cmake_args': None, 'build_base': '/home/ishank/ros2_ws/build/drone_msgs', 'catkin_cmake_args': None, 'catkin_skip_building_tests': False, 'cmake_args': None, 'cmake_clean_cache': False, 'cmake_clean_first': False, 'cmake_force_configure': False, 'cmake_target': None, 'cmake_target_skip_unavailable': False, 'install_base': '/home/ishank/ros2_ws/install/drone_msgs', 'merge_install': False, 'path': '/home/ishank/ros2_ws/src/drone_msgs', 'symlink_install': True, 'test_result_base': None}
[0.993s] Level 5:colcon.colcon_core.verb:set package 'drone_sim' build argument 'cmake_args' from command line to 'None'
[0.993s] Level 5:colcon.colcon_core.verb:set package 'drone_sim' build argument 'cmake_target' from command line to 'None'
[0.993s] Level 5:colcon.colcon_core.verb:set package 'drone_sim' build argument 'cmake_target_skip_unavailable' from command line to 'False'
[0.993s] Level 5:colcon.colcon_core.verb:set package 'drone_sim' build argument 'cmake_clean_cache' from command line to 'False'
[0.993s] Level 5:colcon.colcon_core.verb:set package 'drone_sim' build argument 'cmake_clean_first' from command line to 'False'
[0.993s] Level 5:colcon.colcon_core.verb:set package 'drone_sim' build argument 'cmake_force_configure' from command line to 'False'
[0.993s] Level 5:colcon.colcon_core.verb:set package 'drone_sim' build argument 'ament_cmake_args' from command line to 'None'
[0.993s] Level 5:colcon.colcon_core.verb:set package 'drone_sim' build argument 'catkin_cmake_args' from command line to 'None'
[0.993s] Level 5:colcon.colcon_core.verb:set package 'drone_sim' build argument 'catkin_skip_building_tests' from command line to 'False'
[0.993s] DEBUG:colcon.colcon_core.verb:Building package 'drone_sim' with the following arguments: {'ament_cmake_args': None, 'build_base': '/home/ishank/ros2_ws/build/drone_sim', 'catkin_cmake_args': None, 'catkin_skip_building_tests': False, 'cmake_args': None, 'cmake_clean_cache': False, 'cmake_clean_first': False, 'cmake_force_configure': False, 'cmake_target': None, 'cmake_target_skip_unavailable': False, 'install_base': '/home/ishank/ros2_ws/install/drone_sim', 'merge_install': False, 'path': '/home/ishank/ros2_ws/src/drone_sim', 'symlink_install': True, 'test_result_base': None}
[0.993s] Level 5:colcon.colcon_core.verb:set package 'drone_bridge' build argument 'cmake_args' from command line to 'None'
[0.993s] Level 5:colcon.colcon_core.verb:set package 'drone_bridge' build argument 'cmake_target' from command line to 'None'
[0.993s] Level 5:colcon.colcon_core.verb:set package 'drone_bridge' build argument 'cmake_target_skip_unavailable' from command line to 'False'
[0.993s] Level 5:colcon.colcon_core.verb:set package 'drone_bridge' build argument 'cmake_clean_cache' from command line to 'False'
[0.993s] Level 5:colcon.colcon_core.verb:set package 'drone_bridge' build argument 'cmake_clean_first' from command line to 'False'
[0.993s] Level 5:colcon.colcon_core.verb:set package 'drone_bridge' build argument 'cmake_force_configure' from command line to 'False'
[0.993s] Level 5:colcon.colcon_core.verb:set package 'drone_bridge' build argument 'ament_cmake_args' from command line to 'None'
[0.993s] Level 5:colcon.colcon_core.verb:set package 'drone_bridge' build argument 'catkin_cmake_args' from command line to 'None'
[0.993s] Level 5:colcon.colcon_core.verb:set package 'drone_bridge' build argument 'catkin_skip_building_tests' from command line to 'False'
[0.993s] DEBUG:colcon.colcon_core.verb:Building package 'drone_bridge' with the following arguments: {'ament_cmake_args': None, 'build_base': '/home/ishank/ros2_ws/build/drone_bridge', 'catkin_cmake_args': None, 'catkin_skip_building_tests': False, 'cmake_args': None, 'cmake_clean_cache': False, 'cmake_clean_first': False, 'cmake_force_configure': False, 'cmake_target': None, 'cmake_target_skip_unavailable': False, 'install_base': '/home/ishank/ros2_ws/install/drone_bridge', 'merge_install': False, 'path': '/home/ishank/ros2_ws/src/drone_bridge', 'symlink_install': True, 'test_result_base': None}
[0.994s] Level 5:colcon.colcon_core.verb:set package 'drone_controller' build argument 'cmake_args' from command line to 'None'
[0.994s] Level 5:colcon.colcon_core.verb:set package 'drone_controller' build argument 'cmake_target' from command line to 'None'
[0.994s] Level 5:colcon.colcon_core.verb:set package 'drone_controller' build argument 'cmake_target_skip_unavailable' from command line to 'False'
[0.994s] Level 5:colcon.colcon_core.verb:set package 'drone_controller' build argument 'cmake_clean_cache' from command line to 'False'
[0.994s] Level 5:colcon.colcon_core.verb:set package 'drone_controller' build argument 'cmake_clean_first' from command line to 'False'
[0.994s] Level 5:colcon.colcon_core.verb:set package 'drone_controller' build argument 'cmake_force_configure' from command line to 'False'
[0.994s] Level 5:colcon.colcon_core.verb:set package 'drone_controller' build argument 'ament_cmake_args' from command line to 'None'
[0.994s] Level 5:colcon.colcon_core.verb:set package 'drone_controller' build argument 'catkin_cmake_args' from command line to 'None'
[0.994s] Level 5:colcon.colcon_core.verb:set package 'drone_controller' build argument 'catkin_skip_building_tests' from command line to 'False'
[0.994s] DEBUG:colcon.colcon_core.verb:Building package 'drone_controller' with the following arguments: {'ament_cmake_args': None, 'build_base': '/home/ishank/ros2_ws/build/drone_controller', 'catkin_cmake_args': None, 'catkin_skip_building_tests': False, 'cmake_args': None, 'cmake_clean_cache': False, 'cmake_clean_first': False, 'cmake_force_configure': False, 'cmake_target': None, 'cmake_target_skip_unavailable': False, 'install_base': '/home/ishank/ros2_ws/install/drone_controller', 'merge_install': False, 'path': '/home/ishank/ros2_ws/src/drone_controller', 'symlink_install': True, 'test_result_base': None}
[0.994s] Level 5:colcon.colcon_core.verb:set package 'drone_planner' build argument 'cmake_args' from command line to 'None'
[0.994s] Level 5:colcon.colcon_core.verb:set package 'drone_planner' build argument 'cmake_target' from command line to 'None'
[0.994s] Level 5:colcon.colcon_core.verb:set package 'drone_planner' build argument 'cmake_target_skip_unavailable' from command line to 'False'
[0.994s] Level 5:colcon.colcon_core.verb:set package 'drone_planner' build argument 'cmake_clean_cache' from command line to 'False'
[0.994s] Level 5:colcon.colcon_core.verb:set package 'drone_planner' build argument 'cmake_clean_first' from command line to 'False'
[0.994s] Level 5:colcon.colcon_core.verb:set package 'drone_planner' build argument 'cmake_force_configure' from command line to 'False'
[0.994s] Level 5:colcon.colcon_core.verb:set package 'drone_planner' build argument 'ament_cmake_args' from command line to 'None'
[0.994s] Level 5:colcon.colcon_core.verb:set package 'drone_planner' build argument 'catkin_cmake_args' from command line to 'None'
[0.994s] Level 5:colcon.colcon_core.verb:set package 'drone_planner' build argument 'catkin_skip_building_tests' from command line to 'False'
[0.994s] DEBUG:colcon.colcon_core.verb:Building package 'drone_planner' with the following arguments: {'ament_cmake_args': None, 'build_base': '/home/ishank/ros2_ws/build/drone_planner', 'catkin_cmake_args': None, 'catkin_skip_building_tests': False, 'cmake_args': None, 'cmake_clean_cache': False, 'cmake_clean_first': False, 'cmake_force_configure': False, 'cmake_target': None, 'cmake_target_skip_unavailable': False, 'install_base': '/home/ishank/ros2_ws/install/drone_planner', 'merge_install': False, 'path': '/home/ishank/ros2_ws/src/drone_planner', 'symlink_install': True, 'test_result_base': None}
[0.995s] Level 5:colcon.colcon_core.verb:set package 'mission_manager' build argument 'cmake_args' from command line to 'None'
[0.995s] Level 5:colcon.colcon_core.verb:set package 'mission_manager' build argument 'cmake_target' from command line to 'None'
[0.995s] Level 5:colcon.colcon_core.verb:set package 'mission_manager' build argument 'cmake_target_skip_unavailable' from command line to 'False'
[0.995s] Level 5:colcon.colcon_core.verb:set package 'mission_manager' build argument 'cmake_clean_cache' from command line to 'False'
[0.995s] Level 5:colcon.colcon_core.verb:set package 'mission_manager' build argument 'cmake_clean_first' from command line to 'False'
[0.995s] Level 5:colcon.colcon_core.verb:set package 'mission_manager' build argument 'cmake_force_configure' from command line to 'False'
[0.995s] Level 5:colcon.colcon_core.verb:set package 'mission_manager' build argument 'ament_cmake_args' from command line to 'None'
[0.995s] Level 5:colcon.colcon_core.verb:set package 'mission_manager' build argument 'catkin_cmake_args' from command line to 'None'
[0.995s] Level 5:colcon.colcon_core.verb:set package 'mission_manager' build argument 'catkin_skip_building_tests' from command line to 'False'
[0.995s] DEBUG:colcon.colcon_core.verb:Building package 'mission_manager' with the following arguments: {'ament_cmake_args': None, 'build_base': '/home/ishank/ros2_ws/build/mission_manager', 'catkin_cmake_args': None, 'catkin_skip_building_tests': False, 'cmake_args': None, 'cmake_clean_cache': False, 'cmake_clean_first': False, 'cmake_force_configure': False, 'cmake_target': None, 'cmake_target_skip_unavailable': False, 'install_base': '/home/ishank/ros2_ws/install/mission_manager', 'merge_install': False, 'path': '/home/ishank/ros2_ws/src/mission_manager', 'symlink_install': True, 'test_result_base': None}
[0.995s] INFO:colcon.colcon_core.executor:Executing jobs using 'parallel' executor
[0.996s] DEBUG:colcon.colcon_parallel_executor.executor.parallel:run_until_complete
[0.997s] INFO:colcon.colcon_ros.task.ament_cmake.build:Building ROS package in '/home/ishank/ros2_ws/src/drone_msgs' with build type 'ament_cmake'
[0.997s] INFO:colcon.colcon_cmake.task.cmake.build:Building CMake package in '/home/ishank/ros2_ws/src/drone_msgs'
[1.004s] INFO:colcon.colcon_core.plugin_system:Skipping extension 'colcon_core.shell.bat': Not used on non-Windows systems
[1.005s] INFO:colcon.colcon_core.shell:Skip shell extension 'powershell' for command environment: Not usable outside of PowerShell
[1.005s] DEBUG:colcon.colcon_core.shell:Skip shell extension 'dsv' for command environment
[1.010s] INFO:colcon.colcon_ros.task.ament_cmake.build:Building ROS package in '/home/ishank/ros2_ws/src/drone_common' with build type 'ament_cmake'
[1.010s] INFO:colcon.colcon_cmake.task.cmake.build:Building CMake package in '/home/ishank/ros2_ws/src/drone_common'
[1.010s] INFO:colcon.colcon_core.shell:Skip shell extension 'powershell' for command environment: Not usable outside of PowerShell
[1.011s] DEBUG:colcon.colcon_core.shell:Skip shell extension 'dsv' for command environment
[1.015s] INFO:colcon.colcon_ros.task.ament_cmake.build:Building ROS package in '/home/ishank/ros2_ws/src/drone_sim' with build type 'ament_cmake'
[1.016s] INFO:colcon.colcon_cmake.task.cmake.build:Building CMake package in '/home/ishank/ros2_ws/src/drone_sim'
[1.017s] INFO:colcon.colcon_core.shell:Skip shell extension 'powershell' for command environment: Not usable outside of PowerShell
[1.017s] DEBUG:colcon.colcon_core.shell:Skip shell extension 'dsv' for command environment
[1.037s] DEBUG:colcon.colcon_core.event_handler.log_command:Invoking command in '/home/ishank/ros2_ws/build/drone_msgs': CMAKE_PREFIX_PATH=${CMAKE_PREFIX_PATH}:/opt/ros/humble /usr/bin/cmake --build /home/ishank/ros2_ws/build/drone_msgs -- -j8 -l8
[1.050s] DEBUG:colcon.colcon_core.event_handler.log_command:Invoking command in '/home/ishank/ros2_ws/build/drone_common': CMAKE_PREFIX_PATH=${CMAKE_PREFIX_PATH}:/opt/ros/humble /usr/bin/cmake --build /home/ishank/ros2_ws/build/drone_common -- -j8 -l8
[1.054s] DEBUG:colcon.colcon_core.event_handler.log_command:Invoking command in '/home/ishank/ros2_ws/build/drone_sim': CMAKE_PREFIX_PATH=${CMAKE_PREFIX_PATH}:/opt/ros/humble /usr/bin/cmake --build /home/ishank/ros2_ws/build/drone_sim -- -j8 -l8
[1.184s] DEBUG:colcon.colcon_core.event_handler.log_command:Invoked command in '/home/ishank/ros2_ws/build/drone_sim' returned '0': CMAKE_PREFIX_PATH=${CMAKE_PREFIX_PATH}:/opt/ros/humble /usr/bin/cmake --build /home/ishank/ros2_ws/build/drone_sim -- -j8 -l8
[1.201s] DEBUG:colcon.colcon_core.event_handler.log_command:Invoking command in '/home/ishank/ros2_ws/build/drone_sim': CMAKE_PREFIX_PATH=${CMAKE_PREFIX_PATH}:/opt/ros/humble /usr/bin/cmake --install /home/ishank/ros2_ws/build/drone_sim
[1.204s] DEBUG:colcon.colcon_core.event_handler.log_command:Invoked command in '/home/ishank/ros2_ws/build/drone_common' returned '0': CMAKE_PREFIX_PATH=${CMAKE_PREFIX_PATH}:/opt/ros/humble /usr/bin/cmake --build /home/ishank/ros2_ws/build/drone_common -- -j8 -l8
[1.211s] DEBUG:colcon.colcon_core.event_handler.log_command:Invoking command in '/home/ishank/ros2_ws/build/drone_common': CMAKE_PREFIX_PATH=${CMAKE_PREFIX_PATH}:/opt/ros/humble /usr/bin/cmake --install /home/ishank/ros2_ws/build/drone_common
[1.259s] Level 1:colcon.colcon_core.environment:create_environment_scripts_only(drone_common)
[1.260s] DEBUG:colcon.colcon_core.event_handler.log_command:Invoked command in '/home/ishank/ros2_ws/build/drone_common' returned '0': CMAKE_PREFIX_PATH=${CMAKE_PREFIX_PATH}:/opt/ros/humble /usr/bin/cmake --install /home/ishank/ros2_ws/build/drone_common
[1.291s] Level 1:colcon.colcon_core.environment:checking '/home/ishank/ros2_ws/install/drone_common' for CMake module files
[1.292s] Level 1:colcon.colcon_core.environment:checking '/home/ishank/ros2_ws/install/drone_common' for CMake config files
[1.293s] Level 1:colcon.colcon_core.shell:create_environment_hook('drone_common', 'cmake_prefix_path')
[1.294s] INFO:colcon.colcon_core.shell:Creating environment hook '/home/ishank/ros2_ws/install/drone_common/share/drone_common/hook/cmake_prefix_path.ps1'
[1.300s] INFO:colcon.colcon_core.shell:Creating environment descriptor '/home/ishank/ros2_ws/install/drone_common/share/drone_common/hook/cmake_prefix_path.dsv'
[1.301s] INFO:colcon.colcon_core.shell:Creating environment hook '/home/ishank/ros2_ws/install/drone_common/share/drone_common/hook/cmake_prefix_path.sh'
[1.307s] Level 1:colcon.colcon_core.environment:checking '/home/ishank/ros2_ws/install/drone_common/bin'
[1.307s] Level 1:colcon.colcon_core.environment:checking '/home/ishank/ros2_ws/install/drone_common/lib/pkgconfig/drone_common.pc'
[1.307s] Level 1:colcon.colcon_core.environment:checking '/home/ishank/ros2_ws/install/drone_common/lib/python3.10/site-packages'
[1.308s] Level 1:colcon.colcon_core.environment:checking '/home/ishank/ros2_ws/install/drone_common/bin'
[1.311s] INFO:colcon.colcon_core.shell:Creating package script '/home/ishank/ros2_ws/install/drone_common/share/drone_common/package.ps1'
[1.321s] INFO:colcon.colcon_core.shell:Creating package descriptor '/home/ishank/ros2_ws/install/drone_common/share/drone_common/package.dsv'
[1.324s] INFO:colcon.colcon_core.shell:Creating package script '/home/ishank/ros2_ws/install/drone_common/share/drone_common/package.sh'
[1.328s] INFO:colcon.colcon_core.shell:Creating package script '/home/ishank/ros2_ws/install/drone_common/share/drone_common/package.bash'
[1.330s] INFO:colcon.colcon_core.shell:Creating package script '/home/ishank/ros2_ws/install/drone_common/share/drone_common/package.zsh'
[1.332s] Level 1:colcon.colcon_core.environment:create_file_with_runtime_dependencies(/home/ishank/ros2_ws/install/drone_common/share/colcon-core/packages/drone_common)
[1.334s] Level 1:colcon.colcon_core.environment:create_environment_scripts_only(drone_common)
[1.335s] Level 1:colcon.colcon_core.environment:checking '/home/ishank/ros2_ws/install/drone_common' for CMake module files
[1.336s] Level 1:colcon.colcon_core.environment:checking '/home/ishank/ros2_ws/install/drone_common' for CMake config files
[1.337s] Level 1:colcon.colcon_core.shell:create_environment_hook('drone_common', 'cmake_prefix_path')
[1.337s] INFO:colcon.colcon_core.shell:Creating environment hook '/home/ishank/ros2_ws/install/drone_common/share/drone_common/hook/cmake_prefix_path.ps1'
[1.338s] INFO:colcon.colcon_core.shell:Creating environment descriptor '/home/ishank/ros2_ws/install/drone_common/share/drone_common/hook/cmake_prefix_path.dsv'
[1.340s] INFO:colcon.colcon_core.shell:Creating environment hook '/home/ishank/ros2_ws/install/drone_common/share/drone_common/hook/cmake_prefix_path.sh'
[1.342s] Level 1:colcon.colcon_core.environment:checking '/home/ishank/ros2_ws/install/drone_common/bin'
[1.342s] Level 1:colcon.colcon_core.environment:checking '/home/ishank/ros2_ws/install/drone_common/lib/pkgconfig/drone_common.pc'
[1.343s] Level 1:colcon.colcon_core.environment:checking '/home/ishank/ros2_ws/install/drone_common/lib/python3.10/site-packages'
[1.343s] Level 1:colcon.colcon_core.environment:checking '/home/ishank/ros2_ws/install/drone_common/bin'
[1.345s] INFO:colcon.colcon_core.shell:Creating package script '/home/ishank/ros2_ws/install/drone_common/share/drone_common/package.ps1'
[1.346s] INFO:colcon.colcon_core.shell:Creating package descriptor '/home/ishank/ros2_ws/install/drone_common/share/drone_common/package.dsv'
[1.347s] INFO:colcon.colcon_core.shell:Creating package script '/home/ishank/ros2_ws/install/drone_common/share/drone_common/package.sh'
[1.348s] INFO:colcon.colcon_core.shell:Creating package script '/home/ishank/ros2_ws/install/drone_common/share/drone_common/package.bash'
[1.349s] INFO:colcon.colcon_core.shell:Creating package script '/home/ishank/ros2_ws/install/drone_common/share/drone_common/package.zsh'
[1.351s] Level 1:colcon.colcon_core.environment:create_file_with_runtime_dependencies(/home/ishank/ros2_ws/install/drone_common/share/colcon-core/packages/drone_common)
[1.354s] Level 1:colcon.colcon_core.environment:create_environment_scripts_only(drone_sim)
[1.355s] Level 1:colcon.colcon_core.environment:checking '/home/ishank/ros2_ws/install/drone_sim' for CMake module files
[1.356s] DEBUG:colcon.colcon_core.event_handler.log_command:Invoked command in '/home/ishank/ros2_ws/build/drone_sim' returned '0': CMAKE_PREFIX_PATH=${CMAKE_PREFIX_PATH}:/opt/ros/humble /usr/bin/cmake --install /home/ishank/ros2_ws/build/drone_sim
[1.357s] Level 1:colcon.colcon_core.environment:checking '/home/ishank/ros2_ws/install/drone_sim' for CMake config files
[1.357s] Level 1:colcon.colcon_core.shell:create_environment_hook('drone_sim', 'cmake_prefix_path')
[1.357s] INFO:colcon.colcon_core.shell:Creating environment hook '/home/ishank/ros2_ws/install/drone_sim/share/drone_sim/hook/cmake_prefix_path.ps1'
[1.358s] INFO:colcon.colcon_core.shell:Creating environment descriptor '/home/ishank/ros2_ws/install/drone_sim/share/drone_sim/hook/cmake_prefix_path.dsv'
[1.359s] INFO:colcon.colcon_core.shell:Creating environment hook '/home/ishank/ros2_ws/install/drone_sim/share/drone_sim/hook/cmake_prefix_path.sh'
[1.359s] Level 1:colcon.colcon_core.environment:checking '/home/ishank/ros2_ws/install/drone_sim/bin'
[1.360s] Level 1:colcon.colcon_core.environment:checking '/home/ishank/ros2_ws/install/drone_sim/lib/pkgconfig/drone_sim.pc'
[1.360s] Level 1:colcon.colcon_core.environment:checking '/home/ishank/ros2_ws/install/drone_sim/lib/python3.10/site-packages'
[1.360s] Level 1:colcon.colcon_core.environment:checking '/home/ishank/ros2_ws/install/drone_sim/bin'
[1.361s] INFO:colcon.colcon_core.shell:Creating package script '/home/ishank/ros2_ws/install/drone_sim/share/drone_sim/package.ps1'
[1.362s] INFO:colcon.colcon_core.shell:Creating package descriptor '/home/ishank/ros2_ws/install/drone_sim/share/drone_sim/package.dsv'
[1.363s] INFO:colcon.colcon_core.shell:Creating package script '/home/ishank/ros2_ws/install/drone_sim/share/drone_sim/package.sh'
[1.364s] INFO:colcon.colcon_core.shell:Creating package script '/home/ishank/ros2_ws/install/drone_sim/share/drone_sim/package.bash'
[1.365s] INFO:colcon.colcon_core.shell:Creating package script '/home/ishank/ros2_ws/install/drone_sim/share/drone_sim/package.zsh'
[1.366s] Level 1:colcon.colcon_core.environment:create_file_with_runtime_dependencies(/home/ishank/ros2_ws/install/drone_sim/share/colcon-core/packages/drone_sim)
[1.367s] Level 1:colcon.colcon_core.environment:create_environment_scripts_only(drone_sim)
[1.368s] Level 1:colcon.colcon_core.environment:checking '/home/ishank/ros2_ws/install/drone_sim' for CMake module files
[1.370s] Level 1:colcon.colcon_core.environment:checking '/home/ishank/ros2_ws/install/drone_sim' for CMake config files
[1.370s] Level 1:colcon.colcon_core.shell:create_environment_hook('drone_sim', 'cmake_prefix_path')
[1.371s] INFO:colcon.colcon_core.shell:Creating environment hook '/home/ishank/ros2_ws/install/drone_sim/share/drone_sim/hook/cmake_prefix_path.ps1'
[1.372s] INFO:colcon.colcon_core.shell:Creating environment descriptor '/home/ishank/ros2_ws/install/drone_sim/share/drone_sim/hook/cmake_prefix_path.dsv'
[1.372s] INFO:colcon.colcon_core.shell:Creating environment hook '/home/ishank/ros2_ws/install/drone_sim/share/drone_sim/hook/cmake_prefix_path.sh'
[1.373s] Level 1:colcon.colcon_core.environment:checking '/home/ishank/ros2_ws/install/drone_sim/bin'
[1.373s] Level 1:colcon.colcon_core.environment:checking '/home/ishank/ros2_ws/install/drone_sim/lib/pkgconfig/drone_sim.pc'
[1.374s] Level 1:colcon.colcon_core.environment:checking '/home/ishank/ros2_ws/install/drone_sim/lib/python3.10/site-packages'
[1.374s] Level 1:colcon.colcon_core.environment:checking '/home/ishank/ros2_ws/install/drone_sim/bin'
[1.375s] INFO:colcon.colcon_core.shell:Creating package script '/home/ishank/ros2_ws/install/drone_sim/share/drone_sim/package.ps1'
[1.376s] INFO:colcon.colcon_core.shell:Creating package descriptor '/home/ishank/ros2_ws/install/drone_sim/share/drone_sim/package.dsv'
[1.377s] INFO:colcon.colcon_core.shell:Creating package script '/home/ishank/ros2_ws/install/drone_sim/share/drone_sim/package.sh'
[1.377s] INFO:colcon.colcon_core.shell:Creating package script '/home/ishank/ros2_ws/install/drone_sim/share/drone_sim/package.bash'
[1.378s] INFO:colcon.colcon_core.shell:Creating package script '/home/ishank/ros2_ws/install/drone_sim/share/drone_sim/package.zsh'
[1.378s] Level 1:colcon.colcon_core.environment:create_file_with_runtime_dependencies(/home/ishank/ros2_ws/install/drone_sim/share/colcon-core/packages/drone_sim)
[1.637s] DEBUG:colcon.colcon_core.event_handler.log_command:Invoked command in '/home/ishank/ros2_ws/build/drone_msgs' returned '0': CMAKE_PREFIX_PATH=${CMAKE_PREFIX_PATH}:/opt/ros/humble /usr/bin/cmake --build /home/ishank/ros2_ws/build/drone_msgs -- -j8 -l8
[1.640s] DEBUG:colcon.colcon_core.event_handler.log_command:Invoking command in '/home/ishank/ros2_ws/build/drone_msgs': CMAKE_PREFIX_PATH=${CMAKE_PREFIX_PATH}:/opt/ros/humble /usr/bin/cmake --install /home/ishank/ros2_ws/build/drone_msgs
[1.720s] Level 1:colcon.colcon_core.environment:create_environment_scripts_only(drone_msgs)
[1.720s] Level 1:colcon.colcon_core.environment:checking '/home/ishank/ros2_ws/install/drone_msgs' for CMake module files
[1.721s] DEBUG:colcon.colcon_core.event_handler.log_command:Invoked command in '/home/ishank/ros2_ws/build/drone_msgs' returned '0': CMAKE_PREFIX_PATH=${CMAKE_PREFIX_PATH}:/opt/ros/humble /usr/bin/cmake --install /home/ishank/ros2_ws/build/drone_msgs
[1.722s] Level 1:colcon.colcon_core.environment:checking '/home/ishank/ros2_ws/install/drone_msgs' for CMake config files
[1.723s] Level 1:colcon.colcon_core.shell:create_environment_hook('drone_msgs', 'cmake_prefix_path')
[1.723s] INFO:colcon.colcon_core.shell:Creating environment hook '/home/ishank/ros2_ws/install/drone_msgs/share/drone_msgs/hook/cmake_prefix_path.ps1'
[1.723s] INFO:colcon.colcon_core.shell:Creating environment descriptor '/home/ishank/ros2_ws/install/drone_msgs/share/drone_msgs/hook/cmake_prefix_path.dsv'
[1.724s] INFO:colcon.colcon_core.shell:Creating environment hook '/home/ishank/ros2_ws/install/drone_msgs/share/drone_msgs/hook/cmake_prefix_path.sh'
[1.724s] Level 1:colcon.colcon_core.environment:checking '/home/ishank/ros2_ws/install/drone_msgs/lib'
[1.724s] Level 1:colcon.colcon_core.shell:create_environment_hook('drone_msgs', 'ld_library_path_lib')
[1.725s] INFO:colcon.colcon_core.shell:Creating environment hook '/home/ishank/ros2_ws/install/drone_msgs/share/drone_msgs/hook/ld_library_path_lib.ps1'
[1.725s] INFO:colcon.colcon_core.shell:Creating environment descriptor '/home/ishank/ros2_ws/install/drone_msgs/share/drone_msgs/hook/ld_library_path_lib.dsv'
[1.725s] INFO:colcon.colcon_core.shell:Creating environment hook '/home/ishank/ros2_ws/install/drone_msgs/share/drone_msgs/hook/ld_library_path_lib.sh'
[1.726s] Level 1:colcon.colcon_core.environment:checking '/home/ishank/ros2_ws/install/drone_msgs/bin'
[1.726s] Level 1:colcon.colcon_core.environment:checking '/home/ishank/ros2_ws/install/drone_msgs/lib/pkgconfig/drone_msgs.pc'
[1.726s] Level 1:colcon.colcon_core.environment:checking '/home/ishank/ros2_ws/install/drone_msgs/lib/python3.10/site-packages'
[1.726s] Level 1:colcon.colcon_core.environment:checking '/home/ishank/ros2_ws/install/drone_msgs/bin'
[1.726s] INFO:colcon.colcon_core.shell:Creating package script '/home/ishank/ros2_ws/install/drone_msgs/share/drone_msgs/package.ps1'
[1.727s] INFO:colcon.colcon_core.shell:Creating package descriptor '/home/ishank/ros2_ws/install/drone_msgs/share/drone_msgs/package.dsv'
[1.727s] INFO:colcon.colcon_core.shell:Creating package script '/home/ishank/ros2_ws/install/drone_msgs/share/drone_msgs/package.sh'
[1.728s] INFO:colcon.colcon_core.shell:Creating package script '/home/ishank/ros2_ws/install/drone_msgs/share/drone_msgs/package.bash'
[1.728s] INFO:colcon.colcon_core.shell:Creating package script '/home/ishank/ros2_ws/install/drone_msgs/share/drone_msgs/package.zsh'
[1.728s] Level 1:colcon.colcon_core.environment:create_file_with_runtime_dependencies(/home/ishank/ros2_ws/install/drone_msgs/share/colcon-core/packages/drone_msgs)
[1.729s] Level 1:colcon.colcon_core.environment:create_environment_scripts_only(drone_msgs)
[1.729s] Level 1:colcon.colcon_core.environment:checking '/home/ishank/ros2_ws/install/drone_msgs' for CMake module files
[1.730s] Level 1:colcon.colcon_core.environment:checking '/home/ishank/ros2_ws/install/drone_msgs' for CMake config files
[1.730s] Level 1:colcon.colcon_core.shell:create_environment_hook('drone_msgs', 'cmake_prefix_path')
[1.730s] INFO:colcon.colcon_core.shell:Creating environment hook '/home/ishank/ros2_ws/install/drone_msgs/share/drone_msgs/hook/cmake_prefix_path.ps1'
[1.731s] INFO:colcon.colcon_core.shell:Creating environment descriptor '/home/ishank/ros2_ws/install/drone_msgs/share/drone_msgs/hook/cmake_prefix_path.dsv'
[1.732s] INFO:colcon.colcon_core.shell:Creating environment hook '/home/ishank/ros2_ws/install/drone_msgs/share/drone_msgs/hook/cmake_prefix_path.sh'
[1.734s] Level 1:colcon.colcon_core.environment:checking '/home/ishank/ros2_ws/install/drone_msgs/lib'
[1.734s] Level 1:colcon.colcon_core.shell:create_environment_hook('drone_msgs', 'ld_library_path_lib')
[1.734s] INFO:colcon.colcon_core.shell:Creating environment hook '/home/ishank/ros2_ws/install/drone_msgs/share/drone_msgs/hook/ld_library_path_lib.ps1'
[1.735s] INFO:colcon.colcon_core.shell:Creating environment descriptor '/home/ishank/ros2_ws/install/drone_msgs/share/drone_msgs/hook/ld_library_path_lib.dsv'
[1.736s] INFO:colcon.colcon_core.shell:Creating environment hook '/home/ishank/ros2_ws/install/drone_msgs/share/drone_msgs/hook/ld_library_path_lib.sh'
[1.736s] Level 1:colcon.colcon_core.environment:checking '/home/ishank/ros2_ws/install/drone_msgs/bin'
[1.736s] Level 1:colcon.colcon_core.environment:checking '/home/ishank/ros2_ws/install/drone_msgs/lib/pkgconfig/drone_msgs.pc'
[1.736s] Level 1:colcon.colcon_core.environment:checking '/home/ishank/ros2_ws/install/drone_msgs/lib/python3.10/site-packages'
[1.737s] Level 1:colcon.colcon_core.environment:checking '/home/ishank/ros2_ws/install/drone_msgs/bin'
[1.737s] INFO:colcon.colcon_core.shell:Creating package script '/home/ishank/ros2_ws/install/drone_msgs/share/drone_msgs/package.ps1'
[1.738s] INFO:colcon.colcon_core.shell:Creating package descriptor '/home/ishank/ros2_ws/install/drone_msgs/share/drone_msgs/package.dsv'
[1.738s] INFO:colcon.colcon_core.shell:Creating package script '/home/ishank/ros2_ws/install/drone_msgs/share/drone_msgs/package.sh'
[1.738s] INFO:colcon.colcon_core.shell:Creating package script '/home/ishank/ros2_ws/install/drone_msgs/share/drone_msgs/package.bash'
[1.739s] INFO:colcon.colcon_core.shell:Creating package script '/home/ishank/ros2_ws/install/drone_msgs/share/drone_msgs/package.zsh'
[1.739s] Level 1:colcon.colcon_core.environment:create_file_with_runtime_dependencies(/home/ishank/ros2_ws/install/drone_msgs/share/colcon-core/packages/drone_msgs)
[1.740s] INFO:colcon.colcon_ros.task.ament_cmake.build:Building ROS package in '/home/ishank/ros2_ws/src/drone_bridge' with build type 'ament_cmake'
[1.740s] INFO:colcon.colcon_cmake.task.cmake.build:Building CMake package in '/home/ishank/ros2_ws/src/drone_bridge'
[1.740s] INFO:colcon.colcon_core.shell:Skip shell extension 'powershell' for command environment: Not usable outside of PowerShell
[1.740s] DEBUG:colcon.colcon_core.shell:Skip shell extension 'dsv' for command environment
[1.744s] INFO:colcon.colcon_ros.task.ament_cmake.build:Building ROS package in '/home/ishank/ros2_ws/src/drone_controller' with build type 'ament_cmake'
[1.744s] INFO:colcon.colcon_cmake.task.cmake.build:Building CMake package in '/home/ishank/ros2_ws/src/drone_controller'
[1.744s] INFO:colcon.colcon_core.shell:Skip shell extension 'powershell' for command environment: Not usable outside of PowerShell
[1.744s] DEBUG:colcon.colcon_core.shell:Skip shell extension 'dsv' for command environment
[1.749s] INFO:colcon.colcon_ros.task.ament_cmake.build:Building ROS package in '/home/ishank/ros2_ws/src/drone_planner' with build type 'ament_cmake'
[1.750s] INFO:colcon.colcon_cmake.task.cmake.build:Building CMake package in '/home/ishank/ros2_ws/src/drone_planner'
[1.750s] INFO:colcon.colcon_core.shell:Skip shell extension 'powershell' for command environment: Not usable outside of PowerShell
[1.750s] DEBUG:colcon.colcon_core.shell:Skip shell extension 'dsv' for command environment
[1.756s] INFO:colcon.colcon_ros.task.ament_cmake.build:Building ROS package in '/home/ishank/ros2_ws/src/mission_manager' with build type 'ament_cmake'
[1.756s] INFO:colcon.colcon_cmake.task.cmake.build:Building CMake package in '/home/ishank/ros2_ws/src/mission_manager'
[1.757s] INFO:colcon.colcon_core.shell:Skip shell extension 'powershell' for command environment: Not usable outside of PowerShell
[1.757s] DEBUG:colcon.colcon_core.shell:Skip shell extension 'dsv' for command environment
[1.839s] DEBUG:colcon.colcon_core.event_handler.log_command:Invoking command in '/home/ishank/ros2_ws/build/drone_controller': CMAKE_PREFIX_PATH=/home/ishank/ros2_ws/install/drone_msgs:/home/ishank/ros2_ws/install/mission_manager:/home/ishank/ros2_ws/install/drone_planner:/home/ishank/ros2_ws/install/drone_common:/home/ishank/ros2_ws/install/drone_sim:/home/ishank/ros2_ws/install/drone_controller:/home/ishank/ros2_ws/install/drone_bridge:/opt/ros/humble /usr/bin/cmake --build /home/ishank/ros2_ws/build/drone_controller -- -j8 -l8
[1.845s] DEBUG:colcon.colcon_core.event_handler.log_command:Invoking command in '/home/ishank/ros2_ws/build/drone_bridge': CMAKE_PREFIX_PATH=/home/ishank/ros2_ws/install/drone_msgs:/home/ishank/ros2_ws/install/mission_manager:/home/ishank/ros2_ws/install/drone_planner:/home/ishank/ros2_ws/install/drone_common:/home/ishank/ros2_ws/install/drone_sim:/home/ishank/ros2_ws/install/drone_controller:/home/ishank/ros2_ws/install/drone_bridge:/opt/ros/humble /usr/bin/cmake --build /home/ishank/ros2_ws/build/drone_bridge -- -j8 -l8
[1.865s] DEBUG:colcon.colcon_core.event_handler.log_command:Invoking command in '/home/ishank/ros2_ws/build/drone_planner': CMAKE_PREFIX_PATH=/home/ishank/ros2_ws/install/drone_msgs:/home/ishank/ros2_ws/install/mission_manager:/home/ishank/ros2_ws/install/drone_planner:/home/ishank/ros2_ws/install/drone_common:/home/ishank/ros2_ws/install/drone_sim:/home/ishank/ros2_ws/install/drone_controller:/home/ishank/ros2_ws/install/drone_bridge:/opt/ros/humble /usr/bin/cmake --build /home/ishank/ros2_ws/build/drone_planner -- -j8 -l8
[1.872s] DEBUG:colcon.colcon_core.event_handler.log_command:Invoking command in '/home/ishank/ros2_ws/build/mission_manager': CMAKE_PREFIX_PATH=/home/ishank/ros2_ws/install/drone_msgs:/home/ishank/ros2_ws/install/mission_manager:/home/ishank/ros2_ws/install/drone_planner:/home/ishank/ros2_ws/install/drone_common:/home/ishank/ros2_ws/install/drone_sim:/home/ishank/ros2_ws/install/drone_controller:/home/ishank/ros2_ws/install/drone_bridge:/opt/ros/humble /usr/bin/cmake --build /home/ishank/ros2_ws/build/mission_manager -- -j8 -l8
[1.899s] DEBUG:colcon.colcon_core.event_handler.log_command:Invoked command in '/home/ishank/ros2_ws/build/drone_bridge' returned '0': CMAKE_PREFIX_PATH=/home/ishank/ros2_ws/install/drone_msgs:/home/ishank/ros2_ws/install/mission_manager:/home/ishank/ros2_ws/install/drone_planner:/home/ishank/ros2_ws/install/drone_common:/home/ishank/ros2_ws/install/drone_sim:/home/ishank/ros2_ws/install/drone_controller:/home/ishank/ros2_ws/install/drone_bridge:/opt/ros/humble /usr/bin/cmake --build /home/ishank/ros2_ws/build/drone_bridge -- -j8 -l8
[1.903s] DEBUG:colcon.colcon_core.event_handler.log_command:Invoking command in '/home/ishank/ros2_ws/build/drone_bridge': CMAKE_PREFIX_PATH=/home/ishank/ros2_ws/install/drone_msgs:/home/ishank/ros2_ws/install/mission_manager:/home/ishank/ros2_ws/install/drone_planner:/home/ishank/ros2_ws/install/drone_common:/home/ishank/ros2_ws/install/drone_sim:/home/ishank/ros2_ws/install/drone_controller:/home/ishank/ros2_ws/install/drone_bridge:/opt/ros/humble /usr/bin/cmake --install /home/ishank/ros2_ws/build/drone_bridge
[1.927s] DEBUG:colcon.colcon_core.event_handler.log_command:Invoked command in '/home/ishank/ros2_ws/build/mission_manager' returned '0': CMAKE_PREFIX_PATH=/home/ishank/ros2_ws/install/drone_msgs:/home/ishank/ros2_ws/install/mission_manager:/home/ishank/ros2_ws/install/drone_planner:/home/ishank/ros2_ws/install/drone_common:/home/ishank/ros2_ws/install/drone_sim:/home/ishank/ros2_ws/install/drone_controller:/home/ishank/ros2_ws/install/drone_bridge:/opt/ros/humble /usr/bin/cmake --build /home/ishank/ros2_ws/build/mission_manager -- -j8 -l8
[1.930s] DEBUG:colcon.colcon_core.event_handler.log_command:Invoking command in '/home/ishank/ros2_ws/build/mission_manager': CMAKE_PREFIX_PATH=/home/ishank/ros2_ws/install/drone_msgs:/home/ishank/ros2_ws/install/mission_manager:/home/ishank/ros2_ws/install/drone_planner:/home/ishank/ros2_ws/install/drone_common:/home/ishank/ros2_ws/install/drone_sim:/home/ishank/ros2_ws/install/drone_controller:/home/ishank/ros2_ws/install/drone_bridge:/opt/ros/humble /usr/bin/cmake --install /home/ishank/ros2_ws/build/mission_manager
[1.934s] DEBUG:colcon.colcon_core.event_handler.log_command:Invoked command in '/home/ishank/ros2_ws/build/drone_planner' returned '0': CMAKE_PREFIX_PATH=/home/ishank/ros2_ws/install/drone_msgs:/home/ishank/ros2_ws/install/mission_manager:/home/ishank/ros2_ws/install/drone_planner:/home/ishank/ros2_ws/install/drone_common:/home/ishank/ros2_ws/install/drone_sim:/home/ishank/ros2_ws/install/drone_controller:/home/ishank/ros2_ws/install/drone_bridge:/opt/ros/humble /usr/bin/cmake --build /home/ishank/ros2_ws/build/drone_planner -- -j8 -l8
[1.939s] DEBUG:colcon.colcon_core.event_handler.log_command:Invoking command in '/home/ishank/ros2_ws/build/drone_planner': CMAKE_PREFIX_PATH=/home/ishank/ros2_ws/install/drone_msgs:/home/ishank/ros2_ws/install/mission_manager:/home/ishank/ros2_ws/install/drone_planner:/home/ishank/ros2_ws/install/drone_common:/home/ishank/ros2_ws/install/drone_sim:/home/ishank/ros2_ws/install/drone_controller:/home/ishank/ros2_ws/install/drone_bridge:/opt/ros/humble /usr/bin/cmake --install /home/ishank/ros2_ws/build/drone_planner
[1.941s] Level 1:colcon.colcon_core.environment:create_environment_scripts_only(drone_bridge)
[1.942s] Level 1:colcon.colcon_core.environment:checking '/home/ishank/ros2_ws/install/drone_bridge' for CMake module files
[1.943s] DEBUG:colcon.colcon_core.event_handler.log_command:Invoked command in '/home/ishank/ros2_ws/build/drone_bridge' returned '0': CMAKE_PREFIX_PATH=/home/ishank/ros2_ws/install/drone_msgs:/home/ishank/ros2_ws/install/mission_manager:/home/ishank/ros2_ws/install/drone_planner:/home/ishank/ros2_ws/install/drone_common:/home/ishank/ros2_ws/install/drone_sim:/home/ishank/ros2_ws/install/drone_controller:/home/ishank/ros2_ws/install/drone_bridge:/opt/ros/humble /usr/bin/cmake --install /home/ishank/ros2_ws/build/drone_bridge
[1.946s] Level 1:colcon.colcon_core.environment:checking '/home/ishank/ros2_ws/install/drone_bridge' for CMake config files
[1.950s] Level 1:colcon.colcon_core.shell:create_environment_hook('drone_bridge', 'cmake_prefix_path')
[1.951s] INFO:colcon.colcon_core.shell:Creating environment hook '/home/ishank/ros2_ws/install/drone_bridge/share/drone_bridge/hook/cmake_prefix_path.ps1'
[1.954s] INFO:colcon.colcon_core.shell:Creating environment descriptor '/home/ishank/ros2_ws/install/drone_bridge/share/drone_bridge/hook/cmake_prefix_path.dsv'
[1.956s] INFO:colcon.colcon_core.shell:Creating environment hook '/home/ishank/ros2_ws/install/drone_bridge/share/drone_bridge/hook/cmake_prefix_path.sh'
[1.959s] Level 1:colcon.colcon_core.environment:checking '/home/ishank/ros2_ws/install/drone_bridge/bin'
[1.960s] Level 1:colcon.colcon_core.environment:checking '/home/ishank/ros2_ws/install/drone_bridge/lib/pkgconfig/drone_bridge.pc'
[1.961s] Level 1:colcon.colcon_core.environment:checking '/home/ishank/ros2_ws/install/drone_bridge/lib/python3.10/site-packages'
[1.962s] Level 1:colcon.colcon_core.environment:checking '/home/ishank/ros2_ws/install/drone_bridge/bin'
[1.962s] INFO:colcon.colcon_core.shell:Creating package script '/home/ishank/ros2_ws/install/drone_bridge/share/drone_bridge/package.ps1'
[1.964s] INFO:colcon.colcon_core.shell:Creating package descriptor '/home/ishank/ros2_ws/install/drone_bridge/share/drone_bridge/package.dsv'
[1.967s] INFO:colcon.colcon_core.shell:Creating package script '/home/ishank/ros2_ws/install/drone_bridge/share/drone_bridge/package.sh'
[1.969s] INFO:colcon.colcon_core.shell:Creating package script '/home/ishank/ros2_ws/install/drone_bridge/share/drone_bridge/package.bash'
[1.971s] INFO:colcon.colcon_core.shell:Creating package script '/home/ishank/ros2_ws/install/drone_bridge/share/drone_bridge/package.zsh'
[1.972s] Level 1:colcon.colcon_core.environment:create_file_with_runtime_dependencies(/home/ishank/ros2_ws/install/drone_bridge/share/colcon-core/packages/drone_bridge)
[1.973s] Level 1:colcon.colcon_core.environment:create_environment_scripts_only(drone_bridge)
[1.973s] Level 1:colcon.colcon_core.environment:checking '/home/ishank/ros2_ws/install/drone_bridge' for CMake module files
[1.974s] Level 1:colcon.colcon_core.environment:checking '/home/ishank/ros2_ws/install/drone_bridge' for CMake config files
[1.974s] Level 1:colcon.colcon_core.shell:create_environment_hook('drone_bridge', 'cmake_prefix_path')
[1.974s] INFO:colcon.colcon_core.shell:Creating environment hook '/home/ishank/ros2_ws/install/drone_bridge/share/drone_bridge/hook/cmake_prefix_path.ps1'
[1.975s] INFO:colcon.colcon_core.shell:Creating environment descriptor '/home/ishank/ros2_ws/install/drone_bridge/share/drone_bridge/hook/cmake_prefix_path.dsv'
[1.976s] INFO:colcon.colcon_core.shell:Creating environment hook '/home/ishank/ros2_ws/install/drone_bridge/share/drone_bridge/hook/cmake_prefix_path.sh'
[1.976s] Level 1:colcon.colcon_core.environment:checking '/home/ishank/ros2_ws/install/drone_bridge/bin'
[1.977s] Level 1:colcon.colcon_core.environment:checking '/home/ishank/ros2_ws/install/drone_bridge/lib/pkgconfig/drone_bridge.pc'
[1.977s] Level 1:colcon.colcon_core.environment:checking '/home/ishank/ros2_ws/install/drone_bridge/lib/python3.10/site-packages'
[1.977s] Level 1:colcon.colcon_core.environment:checking '/home/ishank/ros2_ws/install/drone_bridge/bin'
[1.978s] INFO:colcon.colcon_core.shell:Creating package script '/home/ishank/ros2_ws/install/drone_bridge/share/drone_bridge/package.ps1'
[1.979s] INFO:colcon.colcon_core.shell:Creating package descriptor '/home/ishank/ros2_ws/install/drone_bridge/share/drone_bridge/package.dsv'
[1.979s] INFO:colcon.colcon_core.shell:Creating package script '/home/ishank/ros2_ws/install/drone_bridge/share/drone_bridge/package.sh'
[1.980s] INFO:colcon.colcon_core.shell:Creating package script '/home/ishank/ros2_ws/install/drone_bridge/share/drone_bridge/package.bash'
[1.980s] INFO:colcon.colcon_core.shell:Creating package script '/home/ishank/ros2_ws/install/drone_bridge/share/drone_bridge/package.zsh'
[1.981s] Level 1:colcon.colcon_core.environment:create_file_with_runtime_dependencies(/home/ishank/ros2_ws/install/drone_bridge/share/colcon-core/packages/drone_bridge)
[1.984s] Level 1:colcon.colcon_core.environment:create_environment_scripts_only(mission_manager)
[1.984s] Level 1:colcon.colcon_core.environment:checking '/home/ishank/ros2_ws/install/mission_manager' for CMake module files
[1.985s] DEBUG:colcon.colcon_core.event_handler.log_command:Invoked command in '/home/ishank/ros2_ws/build/mission_manager' returned '0': CMAKE_PREFIX_PATH=/home/ishank/ros2_ws/install/drone_msgs:/home/ishank/ros2_ws/install/mission_manager:/home/ishank/ros2_ws/install/drone_planner:/home/ishank/ros2_ws/install/drone_common:/home/ishank/ros2_ws/install/drone_sim:/home/ishank/ros2_ws/install/drone_controller:/home/ishank/ros2_ws/install/drone_bridge:/opt/ros/humble /usr/bin/cmake --install /home/ishank/ros2_ws/build/mission_manager
[1.985s] Level 1:colcon.colcon_core.environment:checking '/home/ishank/ros2_ws/install/mission_manager' for CMake config files
[1.985s] Level 1:colcon.colcon_core.shell:create_environment_hook('mission_manager', 'cmake_prefix_path')
[1.986s] INFO:colcon.colcon_core.shell:Creating environment hook '/home/ishank/ros2_ws/install/mission_manager/share/mission_manager/hook/cmake_prefix_path.ps1'
[1.986s] INFO:colcon.colcon_core.shell:Creating environment descriptor '/home/ishank/ros2_ws/install/mission_manager/share/mission_manager/hook/cmake_prefix_path.dsv'
[1.987s] INFO:colcon.colcon_core.shell:Creating environment hook '/home/ishank/ros2_ws/install/mission_manager/share/mission_manager/hook/cmake_prefix_path.sh'
[1.988s] Level 1:colcon.colcon_core.environment:checking '/home/ishank/ros2_ws/install/mission_manager/bin'
[1.988s] Level 1:colcon.colcon_core.environment:checking '/home/ishank/ros2_ws/install/mission_manager/lib/pkgconfig/mission_manager.pc'
[1.988s] Level 1:colcon.colcon_core.environment:checking '/home/ishank/ros2_ws/install/mission_manager/lib/python3.10/site-packages'
[1.989s] Level 1:colcon.colcon_core.environment:checking '/home/ishank/ros2_ws/install/mission_manager/bin'
[1.989s] INFO:colcon.colcon_core.shell:Creating package script '/home/ishank/ros2_ws/install/mission_manager/share/mission_manager/package.ps1'
[1.990s] INFO:colcon.colcon_core.shell:Creating package descriptor '/home/ishank/ros2_ws/install/mission_manager/share/mission_manager/package.dsv'
[1.991s] INFO:colcon.colcon_core.shell:Creating package script '/home/ishank/ros2_ws/install/mission_manager/share/mission_manager/package.sh'
[1.992s] INFO:colcon.colcon_core.shell:Creating package script '/home/ishank/ros2_ws/install/mission_manager/share/mission_manager/package.bash'
[1.992s] INFO:colcon.colcon_core.shell:Creating package script '/home/ishank/ros2_ws/install/mission_manager/share/mission_manager/package.zsh'
[1.993s] Level 1:colcon.colcon_core.environment:create_file_with_runtime_dependencies(/home/ishank/ros2_ws/install/mission_manager/share/colcon-core/packages/mission_manager)
[1.994s] Level 1:colcon.colcon_core.environment:create_environment_scripts_only(mission_manager)
[1.994s] Level 1:colcon.colcon_core.environment:checking '/home/ishank/ros2_ws/install/mission_manager' for CMake module files
[1.995s] Level 1:colcon.colcon_core.environment:checking '/home/ishank/ros2_ws/install/mission_manager' for CMake config files
[1.995s] Level 1:colcon.colcon_core.shell:create_environment_hook('mission_manager', 'cmake_prefix_path')
[1.995s] INFO:colcon.colcon_core.shell:Creating environment hook '/home/ishank/ros2_ws/install/mission_manager/share/mission_manager/hook/cmake_prefix_path.ps1'
[1.996s] INFO:colcon.colcon_core.shell:Creating environment descriptor '/home/ishank/ros2_ws/install/mission_manager/share/mission_manager/hook/cmake_prefix_path.dsv'
[1.996s] INFO:colcon.colcon_core.shell:Creating environment hook '/home/ishank/ros2_ws/install/mission_manager/share/mission_manager/hook/cmake_prefix_path.sh'
[1.997s] Level 1:colcon.colcon_core.environment:checking '/home/ishank/ros2_ws/install/mission_manager/bin'
[1.998s] Level 1:colcon.colcon_core.environment:checking '/home/ishank/ros2_ws/install/mission_manager/lib/pkgconfig/mission_manager.pc'
[1.998s] Level 1:colcon.colcon_core.environment:checking '/home/ishank/ros2_ws/install/mission_manager/lib/python3.10/site-packages'
[1.999s] Level 1:colcon.colcon_core.environment:checking '/home/ishank/ros2_ws/install/mission_manager/bin'
[1.999s] INFO:colcon.colcon_core.shell:Creating package script '/home/ishank/ros2_ws/install/mission_manager/share/mission_manager/package.ps1'
[2.000s] INFO:colcon.colcon_core.shell:Creating package descriptor '/home/ishank/ros2_ws/install/mission_manager/share/mission_manager/package.dsv'
[2.001s] INFO:colcon.colcon_core.shell:Creating package script '/home/ishank/ros2_ws/install/mission_manager/share/mission_manager/package.sh'
[2.001s] INFO:colcon.colcon_core.shell:Creating package script '/home/ishank/ros2_ws/install/mission_manager/share/mission_manager/package.bash'
[2.002s] INFO:colcon.colcon_core.shell:Creating package script '/home/ishank/ros2_ws/install/mission_manager/share/mission_manager/package.zsh'
[2.002s] Level 1:colcon.colcon_core.environment:create_file_with_runtime_dependencies(/home/ishank/ros2_ws/install/mission_manager/share/colcon-core/packages/mission_manager)
[2.003s] Level 1:colcon.colcon_core.environment:create_environment_scripts_only(drone_planner)
[2.004s] Level 1:colcon.colcon_core.environment:checking '/home/ishank/ros2_ws/install/drone_planner' for CMake module files
[2.006s] DEBUG:colcon.colcon_core.event_handler.log_command:Invoked command in '/home/ishank/ros2_ws/build/drone_planner' returned '0': CMAKE_PREFIX_PATH=/home/ishank/ros2_ws/install/drone_msgs:/home/ishank/ros2_ws/install/mission_manager:/home/ishank/ros2_ws/install/drone_planner:/home/ishank/ros2_ws/install/drone_common:/home/ishank/ros2_ws/install/drone_sim:/home/ishank/ros2_ws/install/drone_controller:/home/ishank/ros2_ws/install/drone_bridge:/opt/ros/humble /usr/bin/cmake --install /home/ishank/ros2_ws/build/drone_planner
[2.006s] Level 1:colcon.colcon_core.environment:checking '/home/ishank/ros2_ws/install/drone_planner' for CMake config files
[2.006s] Level 1:colcon.colcon_core.shell:create_environment_hook('drone_planner', 'cmake_prefix_path')
[2.007s] INFO:colcon.colcon_core.shell:Creating environment hook '/home/ishank/ros2_ws/install/drone_planner/share/drone_planner/hook/cmake_prefix_path.ps1'
[2.009s] INFO:colcon.colcon_core.shell:Creating environment descriptor '/home/ishank/ros2_ws/install/drone_planner/share/drone_planner/hook/cmake_prefix_path.dsv'
[2.010s] INFO:colcon.colcon_core.shell:Creating environment hook '/home/ishank/ros2_ws/install/drone_planner/share/drone_planner/hook/cmake_prefix_path.sh'
[2.011s] Level 1:colcon.colcon_core.environment:checking '/home/ishank/ros2_ws/install/drone_planner/bin'
[2.011s] Level 1:colcon.colcon_core.environment:checking '/home/ishank/ros2_ws/install/drone_planner/lib/pkgconfig/drone_planner.pc'
[2.011s] Level 1:colcon.colcon_core.environment:checking '/home/ishank/ros2_ws/install/drone_planner/lib/python3.10/site-packages'
[2.012s] Level 1:colcon.colcon_core.environment:checking '/home/ishank/ros2_ws/install/drone_planner/bin'
[2.012s] INFO:colcon.colcon_core.shell:Creating package script '/home/ishank/ros2_ws/install/drone_planner/share/drone_planner/package.ps1'
[2.014s] INFO:colcon.colcon_core.shell:Creating package descriptor '/home/ishank/ros2_ws/install/drone_planner/share/drone_planner/package.dsv'
[2.015s] INFO:colcon.colcon_core.shell:Creating package script '/home/ishank/ros2_ws/install/drone_planner/share/drone_planner/package.sh'
[2.015s] INFO:colcon.colcon_core.shell:Creating package script '/home/ishank/ros2_ws/install/drone_planner/share/drone_planner/package.bash'
[2.016s] INFO:colcon.colcon_core.shell:Creating package script '/home/ishank/ros2_ws/install/drone_planner/share/drone_planner/package.zsh'
[2.016s] Level 1:colcon.colcon_core.environment:create_file_with_runtime_dependencies(/home/ishank/ros2_ws/install/drone_planner/share/colcon-core/packages/drone_planner)
[2.017s] Level 1:colcon.colcon_core.environment:create_environment_scripts_only(drone_planner)
[2.017s] Level 1:colcon.colcon_core.environment:checking '/home/ishank/ros2_ws/install/drone_planner' for CMake module files
[2.018s] Level 1:colcon.colcon_core.environment:checking '/home/ishank/ros2_ws/install/drone_planner' for CMake config files
[2.018s] Level 1:colcon.colcon_core.shell:create_environment_hook('drone_planner', 'cmake_prefix_path')
[2.018s] INFO:colcon.colcon_core.shell:Creating environment hook '/home/ishank/ros2_ws/install/drone_planner/share/drone_planner/hook/cmake_prefix_path.ps1'
[2.019s] INFO:colcon.colcon_core.shell:Creating environment descriptor '/home/ishank/ros2_ws/install/drone_planner/share/drone_planner/hook/cmake_prefix_path.dsv'
[2.019s] INFO:colcon.colcon_core.shell:Creating environment hook '/home/ishank/ros2_ws/install/drone_planner/share/drone_planner/hook/cmake_prefix_path.sh'
[2.020s] Level 1:colcon.colcon_core.environment:checking '/home/ishank/ros2_ws/install/drone_planner/bin'
[2.020s] Level 1:colcon.colcon_core.environment:checking '/home/ishank/ros2_ws/install/drone_planner/lib/pkgconfig/drone_planner.pc'
[2.020s] Level 1:colcon.colcon_core.environment:checking '/home/ishank/ros2_ws/install/drone_planner/lib/python3.10/site-packages'
[2.021s] Level 1:colcon.colcon_core.environment:checking '/home/ishank/ros2_ws/install/drone_planner/bin'
[2.021s] INFO:colcon.colcon_core.shell:Creating package script '/home/ishank/ros2_ws/install/drone_planner/share/drone_planner/package.ps1'
[2.022s] INFO:colcon.colcon_core.shell:Creating package descriptor '/home/ishank/ros2_ws/install/drone_planner/share/drone_planner/package.dsv'
[2.024s] INFO:colcon.colcon_core.shell:Creating package script '/home/ishank/ros2_ws/install/drone_planner/share/drone_planner/package.sh'
[2.024s] INFO:colcon.colcon_core.shell:Creating package script '/home/ishank/ros2_ws/install/drone_planner/share/drone_planner/package.bash'
[2.025s] INFO:colcon.colcon_core.shell:Creating package script '/home/ishank/ros2_ws/install/drone_planner/share/drone_planner/package.zsh'
[2.025s] Level 1:colcon.colcon_core.environment:create_file_with_runtime_dependencies(/home/ishank/ros2_ws/install/drone_planner/share/colcon-core/packages/drone_planner)
[12.634s] DEBUG:colcon.colcon_core.event_handler.log_command:Invoked command in '/home/ishank/ros2_ws/build/drone_controller' returned '0': CMAKE_PREFIX_PATH=/home/ishank/ros2_ws/install/drone_msgs:/home/ishank/ros2_ws/install/mission_manager:/home/ishank/ros2_ws/install/drone_planner:/home/ishank/ros2_ws/install/drone_common:/home/ishank/ros2_ws/install/drone_sim:/home/ishank/ros2_ws/install/drone_controller:/home/ishank/ros2_ws/install/drone_bridge:/opt/ros/humble /usr/bin/cmake --build /home/ishank/ros2_ws/build/drone_controller -- -j8 -l8
[12.644s] DEBUG:colcon.colcon_core.event_handler.log_command:Invoking command in '/home/ishank/ros2_ws/build/drone_controller': CMAKE_PREFIX_PATH=/home/ishank/ros2_ws/install/drone_msgs:/home/ishank/ros2_ws/install/mission_manager:/home/ishank/ros2_ws/install/drone_planner:/home/ishank/ros2_ws/install/drone_common:/home/ishank/ros2_ws/install/drone_sim:/home/ishank/ros2_ws/install/drone_controller:/home/ishank/ros2_ws/install/drone_bridge:/opt/ros/humble /usr/bin/cmake --install /home/ishank/ros2_ws/build/drone_controller
[12.671s] Level 1:colcon.colcon_core.environment:create_environment_scripts_only(drone_controller)
[12.674s] Level 1:colcon.colcon_core.environment:checking '/home/ishank/ros2_ws/install/drone_controller' for CMake module files
[12.675s] DEBUG:colcon.colcon_core.event_handler.log_command:Invoked command in '/home/ishank/ros2_ws/build/drone_controller' returned '0': CMAKE_PREFIX_PATH=/home/ishank/ros2_ws/install/drone_msgs:/home/ishank/ros2_ws/install/mission_manager:/home/ishank/ros2_ws/install/drone_planner:/home/ishank/ros2_ws/install/drone_common:/home/ishank/ros2_ws/install/drone_sim:/home/ishank/ros2_ws/install/drone_controller:/home/ishank/ros2_ws/install/drone_bridge:/opt/ros/humble /usr/bin/cmake --install /home/ishank/ros2_ws/build/drone_controller
[12.676s] Level 1:colcon.colcon_core.environment:checking '/home/ishank/ros2_ws/install/drone_controller' for CMake config files
[12.677s] Level 1:colcon.colcon_core.shell:create_environment_hook('drone_controller', 'cmake_prefix_path')
[12.678s] INFO:colcon.colcon_core.shell:Creating environment hook '/home/ishank/ros2_ws/install/drone_controller/share/drone_controller/hook/cmake_prefix_path.ps1'
[12.680s] INFO:colcon.colcon_core.shell:Creating environment descriptor '/home/ishank/ros2_ws/install/drone_controller/share/drone_controller/hook/cmake_prefix_path.dsv'
[12.681s] INFO:colcon.colcon_core.shell:Creating environment hook '/home/ishank/ros2_ws/install/drone_controller/share/drone_controller/hook/cmake_prefix_path.sh'
[12.682s] Level 1:colcon.colcon_core.environment:checking '/home/ishank/ros2_ws/install/drone_controller/lib'
[12.682s] Level 1:colcon.colcon_core.environment:checking '/home/ishank/ros2_ws/install/drone_controller/bin'
[12.682s] Level 1:colcon.colcon_core.environment:checking '/home/ishank/ros2_ws/install/drone_controller/lib/pkgconfig/drone_controller.pc'
[12.683s] Level 1:colcon.colcon_core.environment:checking '/home/ishank/ros2_ws/install/drone_controller/lib/python3.10/site-packages'
[12.683s] Level 1:colcon.colcon_core.environment:checking '/home/ishank/ros2_ws/install/drone_controller/bin'
[12.684s] INFO:colcon.colcon_core.shell:Creating package script '/home/ishank/ros2_ws/install/drone_controller/share/drone_controller/package.ps1'
[12.685s] INFO:colcon.colcon_core.shell:Creating package descriptor '/home/ishank/ros2_ws/install/drone_controller/share/drone_controller/package.dsv'
[12.685s] INFO:colcon.colcon_core.shell:Creating package script '/home/ishank/ros2_ws/install/drone_controller/share/drone_controller/package.sh'
[12.687s] INFO:colcon.colcon_core.shell:Creating package script '/home/ishank/ros2_ws/install/drone_controller/share/drone_controller/package.bash'
[12.688s] INFO:colcon.colcon_core.shell:Creating package script '/home/ishank/ros2_ws/install/drone_controller/share/drone_controller/package.zsh'
[12.689s] Level 1:colcon.colcon_core.environment:create_file_with_runtime_dependencies(/home/ishank/ros2_ws/install/drone_controller/share/colcon-core/packages/drone_controller)
[12.689s] Level 1:colcon.colcon_core.environment:create_environment_scripts_only(drone_controller)
[12.690s] Level 1:colcon.colcon_core.environment:checking '/home/ishank/ros2_ws/install/drone_controller' for CMake module files
[12.690s] Level 1:colcon.colcon_core.environment:checking '/home/ishank/ros2_ws/install/drone_controller' for CMake config files
[12.690s] Level 1:colcon.colcon_core.shell:create_environment_hook('drone_controller', 'cmake_prefix_path')
[12.690s] INFO:colcon.colcon_core.shell:Creating environment hook '/home/ishank/ros2_ws/install/drone_controller/share/drone_controller/hook/cmake_prefix_path.ps1'
[12.691s] INFO:colcon.colcon_core.shell:Creating environment descriptor '/home/ishank/ros2_ws/install/drone_controller/share/drone_controller/hook/cmake_prefix_path.dsv'
[12.691s] INFO:colcon.colcon_core.shell:Creating environment hook '/home/ishank/ros2_ws/install/drone_controller/share/drone_controller/hook/cmake_prefix_path.sh'
[12.692s] Level 1:colcon.colcon_core.environment:checking '/home/ishank/ros2_ws/install/drone_controller/lib'
[12.692s] Level 1:colcon.colcon_core.environment:checking '/home/ishank/ros2_ws/install/drone_controller/bin'
[12.692s] Level 1:colcon.colcon_core.environment:checking '/home/ishank/ros2_ws/install/drone_controller/lib/pkgconfig/drone_controller.pc'
[12.692s] Level 1:colcon.colcon_core.environment:checking '/home/ishank/ros2_ws/install/drone_controller/lib/python3.10/site-packages'
[12.692s] Level 1:colcon.colcon_core.environment:checking '/home/ishank/ros2_ws/install/drone_controller/bin'
[12.693s] INFO:colcon.colcon_core.shell:Creating package script '/home/ishank/ros2_ws/install/drone_controller/share/drone_controller/package.ps1'
[12.693s] INFO:colcon.colcon_core.shell:Creating package descriptor '/home/ishank/ros2_ws/install/drone_controller/share/drone_controller/package.dsv'
[12.694s] INFO:colcon.colcon_core.shell:Creating package script '/home/ishank/ros2_ws/install/drone_controller/share/drone_controller/package.sh'
[12.694s] INFO:colcon.colcon_core.shell:Creating package script '/home/ishank/ros2_ws/install/drone_controller/share/drone_controller/package.bash'
[12.694s] INFO:colcon.colcon_core.shell:Creating package script '/home/ishank/ros2_ws/install/drone_controller/share/drone_controller/package.zsh'
[12.695s] Level 1:colcon.colcon_core.environment:create_file_with_runtime_dependencies(/home/ishank/ros2_ws/install/drone_controller/share/colcon-core/packages/drone_controller)
[12.696s] DEBUG:colcon.colcon_parallel_executor.executor.parallel:closing loop
[12.697s] DEBUG:colcon.colcon_parallel_executor.executor.parallel:loop closed
[12.697s] DEBUG:colcon.colcon_parallel_executor.executor.parallel:run_until_complete finished with '0'
[12.698s] DEBUG:colcon.colcon_core.event_reactor:joining thread
[12.761s] INFO:colcon.colcon_core.plugin_system:Skipping extension 'colcon_notification.desktop_notification.notify_send': Could not find 'notify-send'
[12.761s] INFO:colcon.colcon_core.plugin_system:Skipping extension 'colcon_notification.desktop_notification.terminal_notifier': Not used on non-Darwin systems
[12.761s] INFO:colcon.colcon_core.plugin_system:Skipping extension 'colcon_notification.desktop_notification.win32': Not used on non-Windows systems
[12.761s] INFO:colcon.colcon_notification.desktop_notification:Sending desktop notification using 'notify2'
[12.763s] DEBUG:colcon.colcon_notification.desktop_notification.notify2:Failed to initialize notify2: org.freedesktop.DBus.Error.FileNotFound: Failed to connect to socket /run/user/1000/bus: No such file or directory
[12.763s] DEBUG:colcon.colcon_core.event_reactor:joined thread
[12.764s] INFO:colcon.colcon_core.shell:Creating prefix script '/home/ishank/ros2_ws/install/local_setup.ps1'
[12.766s] INFO:colcon.colcon_core.shell:Creating prefix util module '/home/ishank/ros2_ws/install/_local_setup_util_ps1.py'
[12.768s] INFO:colcon.colcon_core.shell:Creating prefix chain script '/home/ishank/ros2_ws/install/setup.ps1'
[12.770s] INFO:colcon.colcon_core.shell:Creating prefix script '/home/ishank/ros2_ws/install/local_setup.sh'
[12.771s] INFO:colcon.colcon_core.shell:Creating prefix util module '/home/ishank/ros2_ws/install/_local_setup_util_sh.py'
[12.772s] INFO:colcon.colcon_core.shell:Creating prefix chain script '/home/ishank/ros2_ws/install/setup.sh'
[12.774s] INFO:colcon.colcon_core.shell:Creating prefix script '/home/ishank/ros2_ws/install/local_setup.bash'
[12.776s] INFO:colcon.colcon_core.shell:Creating prefix chain script '/home/ishank/ros2_ws/install/setup.bash'
[12.777s] INFO:colcon.colcon_core.shell:Creating prefix script '/home/ishank/ros2_ws/install/local_setup.zsh'
[12.779s] INFO:colcon.colcon_core.shell:Creating prefix chain script '/home/ishank/ros2_ws/install/setup.zsh'
