[0.062s] Invoking command in '/home/ishank/ros2_ws/build/drone_msgs': CMAKE_PREFIX_PATH=${CMAKE_PREFIX_PATH}:/opt/ros/humble /usr/bin/cmake --build /home/ishank/ros2_ws/build/drone_msgs -- -j8 -l8
[0.286s] [35m[1mConsolidate compiler generated dependencies of target drone_msgs__rosidl_generator_c[0m
[0.308s] [  1%] Built target drone_msgs__rs
[0.309s] [  2%] Built target drone_msgs__cpp
[0.322s] [ 13%] Built target drone_msgs__rosidl_generator_c
[0.332s] [ 13%] Built target ament_cmake_python_symlink_drone_msgs
[0.345s] [35m[1mConsolidate compiler generated dependencies of target drone_msgs__rosidl_typesupport_fastrtps_cpp[0m
[0.346s] [35m[1mConsolidate compiler generated dependencies of target drone_msgs__rosidl_typesupport_cpp[0m
[0.346s] [35m[1mConsolidate compiler generated dependencies of target drone_msgs__rosidl_typesupport_introspection_cpp[0m
[0.363s] [35m[1mConsolidate compiler generated dependencies of target drone_msgs__rosidl_typesupport_fastrtps_c[0m
[0.366s] [35m[1mConsolidate compiler generated dependencies of target drone_msgs__rosidl_typesupport_introspection_c[0m
[0.372s] [35m[1mConsolidate compiler generated dependencies of target drone_msgs__rosidl_typesupport_c[0m
[0.400s] [ 25%] Built target drone_msgs__rosidl_typesupport_cpp
[0.401s] [ 36%] Built target drone_msgs__rosidl_typesupport_fastrtps_cpp
[0.406s] [ 47%] Built target drone_msgs__rosidl_typesupport_introspection_c
[0.406s] [ 58%] Built target drone_msgs__rosidl_typesupport_c
[0.406s] [ 70%] Built target drone_msgs__rosidl_typesupport_introspection_cpp
[0.406s] [ 80%] Built target drone_msgs__rosidl_typesupport_fastrtps_c
[0.449s] [ 80%] Built target drone_msgs
[0.499s] [ 81%] Built target drone_msgs__py
[0.526s] [35m[1mConsolidate compiler generated dependencies of target drone_msgs__rosidl_generator_py[0m
[0.564s] [ 91%] Built target drone_msgs__rosidl_generator_py
[0.582s] [35m[1mConsolidate compiler generated dependencies of target drone_msgs__rosidl_typesupport_fastrtps_c__pyext[0m
[0.584s] [35m[1mConsolidate compiler generated dependencies of target drone_msgs__rosidl_typesupport_introspection_c__pyext[0m
[0.588s] [35m[1mConsolidate compiler generated dependencies of target drone_msgs__rosidl_typesupport_c__pyext[0m
[0.611s] [ 94%] Built target drone_msgs__rosidl_typesupport_fastrtps_c__pyext
[0.616s] [ 97%] Built target drone_msgs__rosidl_typesupport_introspection_c__pyext
[0.618s] [100%] Built target drone_msgs__rosidl_typesupport_c__pyext
[1.072s] running egg_info
[1.075s] writing drone_msgs.egg-info/PKG-INFO
[1.077s] writing dependency_links to drone_msgs.egg-info/dependency_links.txt
[1.078s] writing top-level names to drone_msgs.egg-info/top_level.txt
[1.091s] reading manifest file 'drone_msgs.egg-info/SOURCES.txt'
[1.094s] writing manifest file 'drone_msgs.egg-info/SOURCES.txt'
[1.210s] [100%] Built target ament_cmake_python_build_drone_msgs_egg
[1.266s] Invoked command in '/home/ishank/ros2_ws/build/drone_msgs' returned '0': CMAKE_PREFIX_PATH=${CMAKE_PREFIX_PATH}:/opt/ros/humble /usr/bin/cmake --build /home/ishank/ros2_ws/build/drone_msgs -- -j8 -l8
[1.279s] Invoking command in '/home/ishank/ros2_ws/build/drone_msgs': CMAKE_PREFIX_PATH=${CMAKE_PREFIX_PATH}:/opt/ros/humble /usr/bin/cmake --install /home/ishank/ros2_ws/build/drone_msgs
[1.309s] -- Install configuration: ""
[1.313s] -- Execute custom install script
[1.315s] -- Up-to-date symlink: /home/ishank/ros2_ws/install/drone_msgs/share/ament_index/resource_index/rosidl_interfaces/drone_msgs
[1.318s] -- Up-to-date symlink: /home/ishank/ros2_ws/install/drone_msgs/include/drone_msgs/drone_msgs/msg/battery.h
[1.319s] -- Up-to-date symlink: /home/ishank/ros2_ws/install/drone_msgs/include/drone_msgs/drone_msgs/msg/detail/battery__functions.h
[1.320s] -- Up-to-date symlink: /home/ishank/ros2_ws/install/drone_msgs/include/drone_msgs/drone_msgs/msg/detail/battery__struct.h
[1.322s] -- Up-to-date symlink: /home/ishank/ros2_ws/install/drone_msgs/include/drone_msgs/drone_msgs/msg/detail/battery__type_support.h
[1.323s] -- Up-to-date symlink: /home/ishank/ros2_ws/install/drone_msgs/include/drone_msgs/drone_msgs/msg/detail/drone_state__functions.h
[1.323s] -- Up-to-date symlink: /home/ishank/ros2_ws/install/drone_msgs/include/drone_msgs/drone_msgs/msg/detail/drone_state__struct.h
[1.324s] -- Up-to-date symlink: /home/ishank/ros2_ws/install/drone_msgs/include/drone_msgs/drone_msgs/msg/detail/drone_state__type_support.h
[1.325s] -- Up-to-date symlink: /home/ishank/ros2_ws/install/drone_msgs/include/drone_msgs/drone_msgs/msg/detail/mission__functions.h
[1.326s] -- Up-to-date symlink: /home/ishank/ros2_ws/install/drone_msgs/include/drone_msgs/drone_msgs/msg/detail/mission__struct.h
[1.327s] -- Up-to-date symlink: /home/ishank/ros2_ws/install/drone_msgs/include/drone_msgs/drone_msgs/msg/detail/mission__type_support.h
[1.329s] -- Up-to-date symlink: /home/ishank/ros2_ws/install/drone_msgs/include/drone_msgs/drone_msgs/msg/detail/mission_plan__functions.h
[1.330s] -- Up-to-date symlink: /home/ishank/ros2_ws/install/drone_msgs/include/drone_msgs/drone_msgs/msg/detail/mission_plan__struct.h
[1.331s] -- Up-to-date symlink: /home/ishank/ros2_ws/install/drone_msgs/include/drone_msgs/drone_msgs/msg/detail/mission_plan__type_support.h
[1.332s] -- Up-to-date symlink: /home/ishank/ros2_ws/install/drone_msgs/include/drone_msgs/drone_msgs/msg/detail/primitive__functions.h
[1.333s] -- Up-to-date symlink: /home/ishank/ros2_ws/install/drone_msgs/include/drone_msgs/drone_msgs/msg/detail/primitive__struct.h
[1.334s] -- Up-to-date symlink: /home/ishank/ros2_ws/install/drone_msgs/include/drone_msgs/drone_msgs/msg/detail/primitive__type_support.h
[1.335s] -- Up-to-date symlink: /home/ishank/ros2_ws/install/drone_msgs/include/drone_msgs/drone_msgs/msg/detail/primitive_status__functions.h
[1.336s] -- Up-to-date symlink: /home/ishank/ros2_ws/install/drone_msgs/include/drone_msgs/drone_msgs/msg/detail/primitive_status__struct.h
[1.337s] -- Up-to-date symlink: /home/ishank/ros2_ws/install/drone_msgs/include/drone_msgs/drone_msgs/msg/detail/primitive_status__type_support.h
[1.338s] -- Up-to-date symlink: /home/ishank/ros2_ws/install/drone_msgs/include/drone_msgs/drone_msgs/msg/drone_state.h
[1.339s] -- Up-to-date symlink: /home/ishank/ros2_ws/install/drone_msgs/include/drone_msgs/drone_msgs/msg/mission.h
[1.339s] -- Up-to-date symlink: /home/ishank/ros2_ws/install/drone_msgs/include/drone_msgs/drone_msgs/msg/mission_plan.h
[1.339s] -- Up-to-date symlink: /home/ishank/ros2_ws/install/drone_msgs/include/drone_msgs/drone_msgs/msg/primitive.h
[1.340s] -- Up-to-date symlink: /home/ishank/ros2_ws/install/drone_msgs/include/drone_msgs/drone_msgs/msg/primitive_status.h
[1.341s] -- Up-to-date symlink: /home/ishank/ros2_ws/install/drone_msgs/include/drone_msgs/drone_msgs/msg/rosidl_generator_c__visibility_control.h
[1.341s] -- Up-to-date symlink: /home/ishank/ros2_ws/install/drone_msgs/share/drone_msgs/environment/library_path.sh
[1.342s] -- Up-to-date symlink: /home/ishank/ros2_ws/install/drone_msgs/share/drone_msgs/environment/library_path.dsv
[1.343s] -- Up-to-date symlink: /home/ishank/ros2_ws/install/drone_msgs/include/drone_msgs/drone_msgs/msg/detail/battery__rosidl_typesupport_fastrtps_c.h
[1.345s] -- Up-to-date symlink: /home/ishank/ros2_ws/install/drone_msgs/include/drone_msgs/drone_msgs/msg/detail/drone_state__rosidl_typesupport_fastrtps_c.h
[1.345s] -- Up-to-date symlink: /home/ishank/ros2_ws/install/drone_msgs/include/drone_msgs/drone_msgs/msg/detail/mission__rosidl_typesupport_fastrtps_c.h
[1.346s] -- Up-to-date symlink: /home/ishank/ros2_ws/install/drone_msgs/include/drone_msgs/drone_msgs/msg/detail/mission_plan__rosidl_typesupport_fastrtps_c.h
[1.346s] -- Up-to-date symlink: /home/ishank/ros2_ws/install/drone_msgs/include/drone_msgs/drone_msgs/msg/detail/primitive__rosidl_typesupport_fastrtps_c.h
[1.346s] -- Up-to-date symlink: /home/ishank/ros2_ws/install/drone_msgs/include/drone_msgs/drone_msgs/msg/detail/primitive_status__rosidl_typesupport_fastrtps_c.h
[1.346s] -- Up-to-date symlink: /home/ishank/ros2_ws/install/drone_msgs/include/drone_msgs/drone_msgs/msg/rosidl_typesupport_fastrtps_c__visibility_control.h
[1.348s] -- Up-to-date symlink: /home/ishank/ros2_ws/install/drone_msgs/include/drone_msgs/drone_msgs/msg/detail/battery__rosidl_typesupport_introspection_c.h
[1.348s] -- Up-to-date symlink: /home/ishank/ros2_ws/install/drone_msgs/include/drone_msgs/drone_msgs/msg/detail/drone_state__rosidl_typesupport_introspection_c.h
[1.349s] -- Up-to-date symlink: /home/ishank/ros2_ws/install/drone_msgs/include/drone_msgs/drone_msgs/msg/detail/mission__rosidl_typesupport_introspection_c.h
[1.350s] -- Up-to-date symlink: /home/ishank/ros2_ws/install/drone_msgs/include/drone_msgs/drone_msgs/msg/detail/mission_plan__rosidl_typesupport_introspection_c.h
[1.351s] -- Up-to-date symlink: /home/ishank/ros2_ws/install/drone_msgs/include/drone_msgs/drone_msgs/msg/detail/primitive__rosidl_typesupport_introspection_c.h
[1.351s] -- Up-to-date symlink: /home/ishank/ros2_ws/install/drone_msgs/include/drone_msgs/drone_msgs/msg/detail/primitive_status__rosidl_typesupport_introspection_c.h
[1.351s] -- Up-to-date symlink: /home/ishank/ros2_ws/install/drone_msgs/include/drone_msgs/drone_msgs/msg/rosidl_typesupport_introspection_c__visibility_control.h
[1.352s] -- Up-to-date symlink: /home/ishank/ros2_ws/install/drone_msgs/include/drone_msgs/drone_msgs/msg/battery.hpp
[1.353s] -- Up-to-date symlink: /home/ishank/ros2_ws/install/drone_msgs/include/drone_msgs/drone_msgs/msg/detail/battery__builder.hpp
[1.353s] -- Up-to-date symlink: /home/ishank/ros2_ws/install/drone_msgs/include/drone_msgs/drone_msgs/msg/detail/battery__struct.hpp
[1.354s] -- Up-to-date symlink: /home/ishank/ros2_ws/install/drone_msgs/include/drone_msgs/drone_msgs/msg/detail/battery__traits.hpp
[1.354s] -- Up-to-date symlink: /home/ishank/ros2_ws/install/drone_msgs/include/drone_msgs/drone_msgs/msg/detail/battery__type_support.hpp
[1.354s] -- Up-to-date symlink: /home/ishank/ros2_ws/install/drone_msgs/include/drone_msgs/drone_msgs/msg/detail/drone_state__builder.hpp
[1.355s] -- Up-to-date symlink: /home/ishank/ros2_ws/install/drone_msgs/include/drone_msgs/drone_msgs/msg/detail/drone_state__struct.hpp
[1.355s] -- Up-to-date symlink: /home/ishank/ros2_ws/install/drone_msgs/include/drone_msgs/drone_msgs/msg/detail/drone_state__traits.hpp
[1.356s] -- Up-to-date symlink: /home/ishank/ros2_ws/install/drone_msgs/include/drone_msgs/drone_msgs/msg/detail/drone_state__type_support.hpp
[1.357s] -- Up-to-date symlink: /home/ishank/ros2_ws/install/drone_msgs/include/drone_msgs/drone_msgs/msg/detail/mission__builder.hpp
[1.357s] -- Up-to-date symlink: /home/ishank/ros2_ws/install/drone_msgs/include/drone_msgs/drone_msgs/msg/detail/mission__struct.hpp
[1.358s] -- Up-to-date symlink: /home/ishank/ros2_ws/install/drone_msgs/include/drone_msgs/drone_msgs/msg/detail/mission__traits.hpp
[1.358s] -- Up-to-date symlink: /home/ishank/ros2_ws/install/drone_msgs/include/drone_msgs/drone_msgs/msg/detail/mission__type_support.hpp
[1.359s] -- Up-to-date symlink: /home/ishank/ros2_ws/install/drone_msgs/include/drone_msgs/drone_msgs/msg/detail/mission_plan__builder.hpp
[1.359s] -- Up-to-date symlink: /home/ishank/ros2_ws/install/drone_msgs/include/drone_msgs/drone_msgs/msg/detail/mission_plan__struct.hpp
[1.360s] -- Up-to-date symlink: /home/ishank/ros2_ws/install/drone_msgs/include/drone_msgs/drone_msgs/msg/detail/mission_plan__traits.hpp
[1.360s] -- Up-to-date symlink: /home/ishank/ros2_ws/install/drone_msgs/include/drone_msgs/drone_msgs/msg/detail/mission_plan__type_support.hpp
[1.360s] -- Up-to-date symlink: /home/ishank/ros2_ws/install/drone_msgs/include/drone_msgs/drone_msgs/msg/detail/primitive__builder.hpp
[1.361s] -- Up-to-date symlink: /home/ishank/ros2_ws/install/drone_msgs/include/drone_msgs/drone_msgs/msg/detail/primitive__struct.hpp
[1.361s] -- Up-to-date symlink: /home/ishank/ros2_ws/install/drone_msgs/include/drone_msgs/drone_msgs/msg/detail/primitive__traits.hpp
[1.361s] -- Up-to-date symlink: /home/ishank/ros2_ws/install/drone_msgs/include/drone_msgs/drone_msgs/msg/detail/primitive__type_support.hpp
[1.361s] -- Up-to-date symlink: /home/ishank/ros2_ws/install/drone_msgs/include/drone_msgs/drone_msgs/msg/detail/primitive_status__builder.hpp
[1.362s] -- Up-to-date symlink: /home/ishank/ros2_ws/install/drone_msgs/include/drone_msgs/drone_msgs/msg/detail/primitive_status__struct.hpp
[1.362s] -- Up-to-date symlink: /home/ishank/ros2_ws/install/drone_msgs/include/drone_msgs/drone_msgs/msg/detail/primitive_status__traits.hpp
[1.363s] -- Up-to-date symlink: /home/ishank/ros2_ws/install/drone_msgs/include/drone_msgs/drone_msgs/msg/detail/primitive_status__type_support.hpp
[1.363s] -- Up-to-date symlink: /home/ishank/ros2_ws/install/drone_msgs/include/drone_msgs/drone_msgs/msg/drone_state.hpp
[1.364s] -- Up-to-date symlink: /home/ishank/ros2_ws/install/drone_msgs/include/drone_msgs/drone_msgs/msg/mission.hpp
[1.364s] -- Up-to-date symlink: /home/ishank/ros2_ws/install/drone_msgs/include/drone_msgs/drone_msgs/msg/mission_plan.hpp
[1.364s] -- Up-to-date symlink: /home/ishank/ros2_ws/install/drone_msgs/include/drone_msgs/drone_msgs/msg/primitive.hpp
[1.364s] -- Up-to-date symlink: /home/ishank/ros2_ws/install/drone_msgs/include/drone_msgs/drone_msgs/msg/primitive_status.hpp
[1.365s] -- Up-to-date symlink: /home/ishank/ros2_ws/install/drone_msgs/include/drone_msgs/drone_msgs/msg/rosidl_generator_cpp__visibility_control.hpp
[1.365s] -- Up-to-date symlink: /home/ishank/ros2_ws/install/drone_msgs/include/drone_msgs/drone_msgs/msg/detail/battery__rosidl_typesupport_fastrtps_cpp.hpp
[1.365s] -- Up-to-date symlink: /home/ishank/ros2_ws/install/drone_msgs/include/drone_msgs/drone_msgs/msg/detail/drone_state__rosidl_typesupport_fastrtps_cpp.hpp
[1.366s] -- Up-to-date symlink: /home/ishank/ros2_ws/install/drone_msgs/include/drone_msgs/drone_msgs/msg/detail/mission__rosidl_typesupport_fastrtps_cpp.hpp
[1.366s] -- Up-to-date symlink: /home/ishank/ros2_ws/install/drone_msgs/include/drone_msgs/drone_msgs/msg/detail/mission_plan__rosidl_typesupport_fastrtps_cpp.hpp
[1.367s] -- Up-to-date symlink: /home/ishank/ros2_ws/install/drone_msgs/include/drone_msgs/drone_msgs/msg/detail/primitive__rosidl_typesupport_fastrtps_cpp.hpp
[1.367s] -- Up-to-date symlink: /home/ishank/ros2_ws/install/drone_msgs/include/drone_msgs/drone_msgs/msg/detail/primitive_status__rosidl_typesupport_fastrtps_cpp.hpp
[1.367s] -- Up-to-date symlink: /home/ishank/ros2_ws/install/drone_msgs/include/drone_msgs/drone_msgs/msg/rosidl_typesupport_fastrtps_cpp__visibility_control.h
[1.368s] -- Up-to-date symlink: /home/ishank/ros2_ws/install/drone_msgs/include/drone_msgs/drone_msgs/msg/detail/battery__rosidl_typesupport_introspection_cpp.hpp
[1.368s] -- Up-to-date symlink: /home/ishank/ros2_ws/install/drone_msgs/include/drone_msgs/drone_msgs/msg/detail/drone_state__rosidl_typesupport_introspection_cpp.hpp
[1.369s] -- Up-to-date symlink: /home/ishank/ros2_ws/install/drone_msgs/include/drone_msgs/drone_msgs/msg/detail/mission__rosidl_typesupport_introspection_cpp.hpp
[1.369s] -- Up-to-date symlink: /home/ishank/ros2_ws/install/drone_msgs/include/drone_msgs/drone_msgs/msg/detail/mission_plan__rosidl_typesupport_introspection_cpp.hpp
[1.370s] -- Up-to-date symlink: /home/ishank/ros2_ws/install/drone_msgs/include/drone_msgs/drone_msgs/msg/detail/primitive__rosidl_typesupport_introspection_cpp.hpp
[1.370s] -- Up-to-date symlink: /home/ishank/ros2_ws/install/drone_msgs/include/drone_msgs/drone_msgs/msg/detail/primitive_status__rosidl_typesupport_introspection_cpp.hpp
[1.370s] -- Up-to-date symlink: /home/ishank/ros2_ws/install/drone_msgs/share/drone_msgs/environment/pythonpath.sh
[1.371s] -- Up-to-date symlink: /home/ishank/ros2_ws/install/drone_msgs/share/drone_msgs/environment/pythonpath.dsv
[1.371s] -- Up-to-date symlink: /home/ishank/ros2_ws/install/drone_msgs/local/lib/python3.10/dist-packages/drone_msgs-0.0.0-py3.10.egg-info/PKG-INFO
[1.371s] -- Up-to-date symlink: /home/ishank/ros2_ws/install/drone_msgs/local/lib/python3.10/dist-packages/drone_msgs-0.0.0-py3.10.egg-info/SOURCES.txt
[1.372s] -- Up-to-date symlink: /home/ishank/ros2_ws/install/drone_msgs/local/lib/python3.10/dist-packages/drone_msgs-0.0.0-py3.10.egg-info/dependency_links.txt
[1.373s] -- Up-to-date symlink: /home/ishank/ros2_ws/install/drone_msgs/local/lib/python3.10/dist-packages/drone_msgs-0.0.0-py3.10.egg-info/top_level.txt
[1.375s] -- Up-to-date symlink: /home/ishank/ros2_ws/install/drone_msgs/local/lib/python3.10/dist-packages/drone_msgs/__init__.py
[1.375s] -- Up-to-date symlink: /home/ishank/ros2_ws/install/drone_msgs/local/lib/python3.10/dist-packages/drone_msgs/_drone_msgs_s.ep.rosidl_typesupport_c.c
[1.376s] -- Up-to-date symlink: /home/ishank/ros2_ws/install/drone_msgs/local/lib/python3.10/dist-packages/drone_msgs/_drone_msgs_s.ep.rosidl_typesupport_fastrtps_c.c
[1.377s] -- Up-to-date symlink: /home/ishank/ros2_ws/install/drone_msgs/local/lib/python3.10/dist-packages/drone_msgs/_drone_msgs_s.ep.rosidl_typesupport_introspection_c.c
[1.378s] -- Up-to-date symlink: /home/ishank/ros2_ws/install/drone_msgs/local/lib/python3.10/dist-packages/drone_msgs/drone_msgs_s__rosidl_typesupport_c.cpython-310-x86_64-linux-gnu.so
[1.378s] -- Up-to-date symlink: /home/ishank/ros2_ws/install/drone_msgs/local/lib/python3.10/dist-packages/drone_msgs/drone_msgs_s__rosidl_typesupport_fastrtps_c.cpython-310-x86_64-linux-gnu.so
[1.378s] -- Up-to-date symlink: /home/ishank/ros2_ws/install/drone_msgs/local/lib/python3.10/dist-packages/drone_msgs/drone_msgs_s__rosidl_typesupport_introspection_c.cpython-310-x86_64-linux-gnu.so
[1.379s] -- Up-to-date symlink: /home/ishank/ros2_ws/install/drone_msgs/local/lib/python3.10/dist-packages/drone_msgs/libdrone_msgs__rosidl_generator_py.so
[1.379s] -- Up-to-date symlink: /home/ishank/ros2_ws/install/drone_msgs/local/lib/python3.10/dist-packages/drone_msgs/msg/__init__.py
[1.379s] -- Up-to-date symlink: /home/ishank/ros2_ws/install/drone_msgs/local/lib/python3.10/dist-packages/drone_msgs/msg/_battery.py
[1.380s] -- Up-to-date symlink: /home/ishank/ros2_ws/install/drone_msgs/local/lib/python3.10/dist-packages/drone_msgs/msg/_battery_s.c
[1.380s] -- Up-to-date symlink: /home/ishank/ros2_ws/install/drone_msgs/local/lib/python3.10/dist-packages/drone_msgs/msg/_drone_state.py
[1.381s] -- Up-to-date symlink: /home/ishank/ros2_ws/install/drone_msgs/local/lib/python3.10/dist-packages/drone_msgs/msg/_drone_state_s.c
[1.382s] -- Up-to-date symlink: /home/ishank/ros2_ws/install/drone_msgs/local/lib/python3.10/dist-packages/drone_msgs/msg/_mission.py
[1.382s] -- Up-to-date symlink: /home/ishank/ros2_ws/install/drone_msgs/local/lib/python3.10/dist-packages/drone_msgs/msg/_mission_plan.py
[1.382s] -- Up-to-date symlink: /home/ishank/ros2_ws/install/drone_msgs/local/lib/python3.10/dist-packages/drone_msgs/msg/_mission_plan_s.c
[1.383s] -- Up-to-date symlink: /home/ishank/ros2_ws/install/drone_msgs/local/lib/python3.10/dist-packages/drone_msgs/msg/_mission_s.c
[1.383s] -- Up-to-date symlink: /home/ishank/ros2_ws/install/drone_msgs/local/lib/python3.10/dist-packages/drone_msgs/msg/_primitive.py
[1.383s] -- Up-to-date symlink: /home/ishank/ros2_ws/install/drone_msgs/local/lib/python3.10/dist-packages/drone_msgs/msg/_primitive_s.c
[1.384s] -- Up-to-date symlink: /home/ishank/ros2_ws/install/drone_msgs/local/lib/python3.10/dist-packages/drone_msgs/msg/_primitive_status.py
[1.384s] -- Up-to-date symlink: /home/ishank/ros2_ws/install/drone_msgs/local/lib/python3.10/dist-packages/drone_msgs/msg/_primitive_status_s.c
[1.385s] -- Up-to-date symlink: /home/ishank/ros2_ws/install/drone_msgs/local/lib/python3.10/dist-packages/drone_msgs/drone_msgs_s__rosidl_typesupport_fastrtps_c.cpython-310-x86_64-linux-gnu.so
[1.385s] -- Up-to-date symlink: /home/ishank/ros2_ws/install/drone_msgs/local/lib/python3.10/dist-packages/drone_msgs/drone_msgs_s__rosidl_typesupport_introspection_c.cpython-310-x86_64-linux-gnu.so
[1.385s] -- Up-to-date symlink: /home/ishank/ros2_ws/install/drone_msgs/local/lib/python3.10/dist-packages/drone_msgs/drone_msgs_s__rosidl_typesupport_c.cpython-310-x86_64-linux-gnu.so
[1.385s] -- Up-to-date symlink: /home/ishank/ros2_ws/install/drone_msgs/share/ament_index/resource_index/rust_packages/drone_msgs
[1.386s] -- Up-to-date symlink: /home/ishank/ros2_ws/install/drone_msgs/share/drone_msgs/rust/Cargo.toml
[1.386s] -- Up-to-date symlink: /home/ishank/ros2_ws/install/drone_msgs/share/drone_msgs/rust/build.rs
[1.386s] -- Up-to-date symlink: /home/ishank/ros2_ws/install/drone_msgs/share/drone_msgs/rust/src/lib.rs
[1.387s] -- Up-to-date symlink: /home/ishank/ros2_ws/install/drone_msgs/share/drone_msgs/rust/src/msg.rs
[1.388s] -- Up-to-date symlink: /home/ishank/ros2_ws/install/drone_msgs/share/drone_msgs/rust/src/msg/rmw.rs
[1.388s] -- Up-to-date symlink: /home/ishank/ros2_ws/install/drone_msgs/share/drone_msgs/msg/DroneState.idl
[1.389s] -- Up-to-date symlink: /home/ishank/ros2_ws/install/drone_msgs/share/drone_msgs/msg/Primitive.idl
[1.389s] -- Up-to-date symlink: /home/ishank/ros2_ws/install/drone_msgs/share/drone_msgs/msg/Mission.idl
[1.390s] -- Up-to-date symlink: /home/ishank/ros2_ws/install/drone_msgs/share/drone_msgs/msg/MissionPlan.idl
[1.390s] -- Up-to-date symlink: /home/ishank/ros2_ws/install/drone_msgs/share/drone_msgs/msg/PrimitiveStatus.idl
[1.391s] -- Up-to-date symlink: /home/ishank/ros2_ws/install/drone_msgs/share/drone_msgs/msg/Battery.idl
[1.392s] -- Up-to-date symlink: /home/ishank/ros2_ws/install/drone_msgs/share/drone_msgs/msg/DroneState.msg
[1.393s] -- Up-to-date symlink: /home/ishank/ros2_ws/install/drone_msgs/share/drone_msgs/msg/Primitive.msg
[1.393s] -- Up-to-date symlink: /home/ishank/ros2_ws/install/drone_msgs/share/drone_msgs/msg/Mission.msg
[1.393s] -- Up-to-date symlink: /home/ishank/ros2_ws/install/drone_msgs/share/drone_msgs/msg/MissionPlan.msg
[1.394s] -- Up-to-date symlink: /home/ishank/ros2_ws/install/drone_msgs/share/drone_msgs/msg/PrimitiveStatus.msg
[1.394s] -- Up-to-date symlink: /home/ishank/ros2_ws/install/drone_msgs/share/drone_msgs/msg/Battery.msg
[1.395s] -- Up-to-date symlink: /home/ishank/ros2_ws/install/drone_msgs/share/ament_index/resource_index/package_run_dependencies/drone_msgs
[1.395s] -- Up-to-date symlink: /home/ishank/ros2_ws/install/drone_msgs/share/ament_index/resource_index/parent_prefix_path/drone_msgs
[1.396s] -- Up-to-date symlink: /home/ishank/ros2_ws/install/drone_msgs/share/drone_msgs/environment/ament_prefix_path.sh
[1.396s] -- Up-to-date symlink: /home/ishank/ros2_ws/install/drone_msgs/share/drone_msgs/environment/ament_prefix_path.dsv
[1.396s] -- Up-to-date symlink: /home/ishank/ros2_ws/install/drone_msgs/share/drone_msgs/environment/path.sh
[1.397s] -- Up-to-date symlink: /home/ishank/ros2_ws/install/drone_msgs/share/drone_msgs/environment/path.dsv
[1.397s] -- Up-to-date symlink: /home/ishank/ros2_ws/install/drone_msgs/share/drone_msgs/local_setup.bash
[1.398s] -- Up-to-date symlink: /home/ishank/ros2_ws/install/drone_msgs/share/drone_msgs/local_setup.sh
[1.398s] -- Up-to-date symlink: /home/ishank/ros2_ws/install/drone_msgs/share/drone_msgs/local_setup.zsh
[1.399s] -- Up-to-date symlink: /home/ishank/ros2_ws/install/drone_msgs/share/drone_msgs/local_setup.dsv
[1.399s] -- Symlinking: /home/ishank/ros2_ws/install/drone_msgs/share/drone_msgs/package.dsv
[1.432s] -- Up-to-date symlink: /home/ishank/ros2_ws/install/drone_msgs/share/ament_index/resource_index/packages/drone_msgs
[1.433s] -- Up-to-date symlink: /home/ishank/ros2_ws/install/drone_msgs/share/drone_msgs/cmake/rosidl_cmake-extras.cmake
[1.434s] -- Up-to-date symlink: /home/ishank/ros2_ws/install/drone_msgs/share/drone_msgs/cmake/ament_cmake_export_dependencies-extras.cmake
[1.434s] -- Up-to-date symlink: /home/ishank/ros2_ws/install/drone_msgs/share/drone_msgs/cmake/ament_cmake_export_include_directories-extras.cmake
[1.434s] -- Up-to-date symlink: /home/ishank/ros2_ws/install/drone_msgs/share/drone_msgs/cmake/ament_cmake_export_libraries-extras.cmake
[1.435s] -- Up-to-date symlink: /home/ishank/ros2_ws/install/drone_msgs/share/drone_msgs/cmake/ament_cmake_export_targets-extras.cmake
[1.435s] -- Up-to-date symlink: /home/ishank/ros2_ws/install/drone_msgs/share/drone_msgs/cmake/rosidl_cmake_export_typesupport_targets-extras.cmake
[1.436s] -- Up-to-date symlink: /home/ishank/ros2_ws/install/drone_msgs/share/drone_msgs/cmake/rosidl_cmake_export_typesupport_libraries-extras.cmake
[1.437s] -- Up-to-date symlink: /home/ishank/ros2_ws/install/drone_msgs/share/drone_msgs/cmake/drone_msgsConfig.cmake
[1.437s] -- Up-to-date symlink: /home/ishank/ros2_ws/install/drone_msgs/share/drone_msgs/cmake/drone_msgsConfig-version.cmake
[1.438s] -- Up-to-date symlink: /home/ishank/ros2_ws/install/drone_msgs/share/drone_msgs/package.xml
[1.439s] -- Up-to-date: /home/ishank/ros2_ws/install/drone_msgs/lib/libdrone_msgs__rosidl_generator_c.so
[1.440s] -- Up-to-date: /home/ishank/ros2_ws/install/drone_msgs/lib/libdrone_msgs__rosidl_typesupport_fastrtps_c.so
[1.440s] -- Up-to-date: /home/ishank/ros2_ws/install/drone_msgs/lib/libdrone_msgs__rosidl_typesupport_introspection_c.so
[1.441s] -- Up-to-date: /home/ishank/ros2_ws/install/drone_msgs/lib/libdrone_msgs__rosidl_typesupport_c.so
[1.442s] -- Up-to-date: /home/ishank/ros2_ws/install/drone_msgs/lib/libdrone_msgs__rosidl_typesupport_fastrtps_cpp.so
[1.442s] -- Up-to-date: /home/ishank/ros2_ws/install/drone_msgs/lib/libdrone_msgs__rosidl_typesupport_introspection_cpp.so
[1.443s] -- Up-to-date: /home/ishank/ros2_ws/install/drone_msgs/lib/libdrone_msgs__rosidl_typesupport_cpp.so
[1.517s] Listing '/home/ishank/ros2_ws/install/drone_msgs/local/lib/python3.10/dist-packages/drone_msgs'...
[1.517s] Listing '/home/ishank/ros2_ws/install/drone_msgs/local/lib/python3.10/dist-packages/drone_msgs/msg'...
[1.529s] -- Up-to-date: /home/ishank/ros2_ws/install/drone_msgs/lib/libdrone_msgs__rosidl_generator_py.so
[1.530s] -- Up-to-date: /home/ishank/ros2_ws/install/drone_msgs/share/drone_msgs/cmake/export_drone_msgs__rosidl_generator_cExport.cmake
[1.531s] -- Up-to-date: /home/ishank/ros2_ws/install/drone_msgs/share/drone_msgs/cmake/export_drone_msgs__rosidl_generator_cExport-noconfig.cmake
[1.532s] -- Up-to-date: /home/ishank/ros2_ws/install/drone_msgs/share/drone_msgs/cmake/export_drone_msgs__rosidl_typesupport_fastrtps_cExport.cmake
[1.533s] -- Up-to-date: /home/ishank/ros2_ws/install/drone_msgs/share/drone_msgs/cmake/export_drone_msgs__rosidl_typesupport_fastrtps_cExport-noconfig.cmake
[1.534s] -- Up-to-date: /home/ishank/ros2_ws/install/drone_msgs/share/drone_msgs/cmake/drone_msgs__rosidl_typesupport_introspection_cExport.cmake
[1.536s] -- Up-to-date: /home/ishank/ros2_ws/install/drone_msgs/share/drone_msgs/cmake/drone_msgs__rosidl_typesupport_introspection_cExport-noconfig.cmake
[1.536s] -- Up-to-date: /home/ishank/ros2_ws/install/drone_msgs/share/drone_msgs/cmake/drone_msgs__rosidl_typesupport_cExport.cmake
[1.537s] -- Up-to-date: /home/ishank/ros2_ws/install/drone_msgs/share/drone_msgs/cmake/drone_msgs__rosidl_typesupport_cExport-noconfig.cmake
[1.537s] -- Up-to-date: /home/ishank/ros2_ws/install/drone_msgs/share/drone_msgs/cmake/export_drone_msgs__rosidl_generator_cppExport.cmake
[1.538s] -- Up-to-date: /home/ishank/ros2_ws/install/drone_msgs/share/drone_msgs/cmake/export_drone_msgs__rosidl_typesupport_fastrtps_cppExport.cmake
[1.538s] -- Up-to-date: /home/ishank/ros2_ws/install/drone_msgs/share/drone_msgs/cmake/export_drone_msgs__rosidl_typesupport_fastrtps_cppExport-noconfig.cmake
[1.538s] -- Up-to-date: /home/ishank/ros2_ws/install/drone_msgs/share/drone_msgs/cmake/drone_msgs__rosidl_typesupport_introspection_cppExport.cmake
[1.539s] -- Up-to-date: /home/ishank/ros2_ws/install/drone_msgs/share/drone_msgs/cmake/drone_msgs__rosidl_typesupport_introspection_cppExport-noconfig.cmake
[1.540s] -- Up-to-date: /home/ishank/ros2_ws/install/drone_msgs/share/drone_msgs/cmake/drone_msgs__rosidl_typesupport_cppExport.cmake
[1.541s] -- Up-to-date: /home/ishank/ros2_ws/install/drone_msgs/share/drone_msgs/cmake/drone_msgs__rosidl_typesupport_cppExport-noconfig.cmake
[1.542s] -- Up-to-date: /home/ishank/ros2_ws/install/drone_msgs/share/drone_msgs/cmake/export_drone_msgs__rosidl_generator_pyExport.cmake
[1.543s] -- Up-to-date: /home/ishank/ros2_ws/install/drone_msgs/share/drone_msgs/cmake/export_drone_msgs__rosidl_generator_pyExport-noconfig.cmake
[1.548s] Invoked command in '/home/ishank/ros2_ws/build/drone_msgs' returned '0': CMAKE_PREFIX_PATH=${CMAKE_PREFIX_PATH}:/opt/ros/humble /usr/bin/cmake --install /home/ishank/ros2_ws/build/drone_msgs
