[0.115s] Invoking command in '/home/ishank/ros2_ws/build/drone_planner': CMAKE_PREFIX_PATH=/home/ishank/ros2_ws/install/drone_msgs:/home/ishank/ros2_ws/install/mission_manager:/home/ishank/ros2_ws/install/drone_planner:/home/ishank/ros2_ws/install/drone_common:/home/ishank/ros2_ws/install/drone_sim:/home/ishank/ros2_ws/install/drone_controller:/home/ishank/ros2_ws/install/drone_bridge:/opt/ros/humble /usr/bin/cmake --build /home/ishank/ros2_ws/build/drone_planner -- -j8 -l8
[0.177s] Invoked command in '/home/ishank/ros2_ws/build/drone_planner' returned '0': CMAKE_PREFIX_PATH=/home/ishank/ros2_ws/install/drone_msgs:/home/ishank/ros2_ws/install/mission_manager:/home/ishank/ros2_ws/install/drone_planner:/home/ishank/ros2_ws/install/drone_common:/home/ishank/ros2_ws/install/drone_sim:/home/ishank/ros2_ws/install/drone_controller:/home/ishank/ros2_ws/install/drone_bridge:/opt/ros/humble /usr/bin/cmake --build /home/ishank/ros2_ws/build/drone_planner -- -j8 -l8
[0.179s] Invoking command in '/home/ishank/ros2_ws/build/drone_planner': CMAKE_PREFIX_PATH=/home/ishank/ros2_ws/install/drone_msgs:/home/ishank/ros2_ws/install/mission_manager:/home/ishank/ros2_ws/install/drone_planner:/home/ishank/ros2_ws/install/drone_common:/home/ishank/ros2_ws/install/drone_sim:/home/ishank/ros2_ws/install/drone_controller:/home/ishank/ros2_ws/install/drone_bridge:/opt/ros/humble /usr/bin/cmake --install /home/ishank/ros2_ws/build/drone_planner
[0.194s] -- Install configuration: ""
[0.195s] -- Execute custom install script
[0.196s] -- Up-to-date symlink: /home/ishank/ros2_ws/install/drone_planner/share/ament_index/resource_index/package_run_dependencies/drone_planner
[0.197s] -- Up-to-date symlink: /home/ishank/ros2_ws/install/drone_planner/share/ament_index/resource_index/parent_prefix_path/drone_planner
[0.197s] -- Up-to-date symlink: /home/ishank/ros2_ws/install/drone_planner/share/drone_planner/environment/ament_prefix_path.sh
[0.198s] -- Up-to-date symlink: /home/ishank/ros2_ws/install/drone_planner/share/drone_planner/environment/ament_prefix_path.dsv
[0.200s] -- Up-to-date symlink: /home/ishank/ros2_ws/install/drone_planner/share/drone_planner/environment/path.sh
[0.200s] -- Up-to-date symlink: /home/ishank/ros2_ws/install/drone_planner/share/drone_planner/environment/path.dsv
[0.201s] -- Up-to-date symlink: /home/ishank/ros2_ws/install/drone_planner/share/drone_planner/local_setup.bash
[0.202s] -- Up-to-date symlink: /home/ishank/ros2_ws/install/drone_planner/share/drone_planner/local_setup.sh
[0.202s] -- Up-to-date symlink: /home/ishank/ros2_ws/install/drone_planner/share/drone_planner/local_setup.zsh
[0.203s] -- Up-to-date symlink: /home/ishank/ros2_ws/install/drone_planner/share/drone_planner/local_setup.dsv
[0.203s] -- Symlinking: /home/ishank/ros2_ws/install/drone_planner/share/drone_planner/package.dsv
[0.214s] -- Up-to-date symlink: /home/ishank/ros2_ws/install/drone_planner/share/ament_index/resource_index/packages/drone_planner
[0.215s] -- Up-to-date symlink: /home/ishank/ros2_ws/install/drone_planner/share/drone_planner/cmake/drone_plannerConfig.cmake
[0.215s] -- Up-to-date symlink: /home/ishank/ros2_ws/install/drone_planner/share/drone_planner/cmake/drone_plannerConfig-version.cmake
[0.216s] -- Up-to-date symlink: /home/ishank/ros2_ws/install/drone_planner/share/drone_planner/package.xml
[0.234s] Invoked command in '/home/ishank/ros2_ws/build/drone_planner' returned '0': CMAKE_PREFIX_PATH=/home/ishank/ros2_ws/install/drone_msgs:/home/ishank/ros2_ws/install/mission_manager:/home/ishank/ros2_ws/install/drone_planner:/home/ishank/ros2_ws/install/drone_common:/home/ishank/ros2_ws/install/drone_sim:/home/ishank/ros2_ws/install/drone_controller:/home/ishank/ros2_ws/install/drone_bridge:/opt/ros/humble /usr/bin/cmake --install /home/ishank/ros2_ws/build/drone_planner
