[0.135s] Invoking command in '/home/ishank/ros2_ws/build/drone_planner': CMAKE_PREFIX_PATH=/home/ishank/ros2_ws/install/drone_msgs:/home/ishank/ros2_ws/install/drone_sim:/home/ishank/ros2_ws/install/drone_controller:/home/ishank/ros2_ws/install/drone_bridge:/opt/ros/humble /usr/bin/cmake /home/ishank/ros2_ws/src/drone_planner -DAMENT_CMAKE_SYMLINK_INSTALL=1 -DCMAKE_INSTALL_PREFIX=/home/ishank/ros2_ws/install/drone_planner
[0.269s] -- The C compiler identification is GNU 11.4.0
[0.618s] -- The CXX compiler identification is GNU 11.4.0
[0.893s] -- Detecting C compiler ABI info
[1.011s] -- Detecting C compiler ABI info - done
[1.020s] -- Check for working C compiler: /usr/bin/cc - skipped
[1.020s] -- Detecting C compile features
[1.021s] -- Detecting C compile features - done
[1.027s] -- Detecting CXX compiler ABI info
[1.201s] -- Detecting CXX compiler ABI info - done
[1.209s] -- Check for working CXX compiler: /usr/bin/c++ - skipped
[1.209s] -- Detecting CXX compile features
[1.210s] -- Detecting CXX compile features - done
[1.213s] -- Found ament_cmake: 1.3.14 (/opt/ros/humble/share/ament_cmake/cmake)
[1.401s] -- Found Python3: /usr/bin/python3 (found version "3.10.12") found components: Interpreter 
[1.500s] -- Override CMake install command with custom implementation using symlinks instead of copying resources
[1.544s] -- Found rclcpp: 16.0.19 (/opt/ros/humble/share/rclcpp/cmake)
[1.718s] -- Found rosidl_generator_c: 3.1.8 (/opt/ros/humble/share/rosidl_generator_c/cmake)
[1.723s] -- Found rosidl_adapter: 3.1.8 (/opt/ros/humble/share/rosidl_adapter/cmake)
[1.733s] -- Found rosidl_generator_cpp: 3.1.8 (/opt/ros/humble/share/rosidl_generator_cpp/cmake)
[1.747s] -- Using all available rosidl_typesupport_c: rosidl_typesupport_fastrtps_c;rosidl_typesupport_introspection_c
[1.768s] -- Using all available rosidl_typesupport_cpp: rosidl_typesupport_fastrtps_cpp;rosidl_typesupport_introspection_cpp
[1.842s] -- Found rmw_implementation_cmake: 6.1.2 (/opt/ros/humble/share/rmw_implementation_cmake/cmake)
[1.847s] -- Found rmw_fastrtps_cpp: 6.2.10 (/opt/ros/humble/share/rmw_fastrtps_cpp/cmake)
[2.563s] -- Found OpenSSL: /usr/lib/x86_64-linux-gnu/libcrypto.so (found version "3.0.2")  
[3.278s] -- Found FastRTPS: /opt/ros/humble/include  
[4.703s] -- Using RMW implementation 'rmw_fastrtps_cpp' as default
[4.728s] -- Looking for pthread.h
[4.872s] -- Looking for pthread.h - found
[4.874s] -- Performing Test CMAKE_HAVE_LIBC_PTHREAD
[5.017s] -- Performing Test CMAKE_HAVE_LIBC_PTHREAD - Success
[5.018s] -- Found Threads: TRUE  
[5.115s] -- Found geometry_msgs: 4.9.1 (/opt/ros/humble/share/geometry_msgs/cmake)
[5.131s] -- Found drone_msgs: 0.0.0 (/home/ishank/ros2_ws/install/drone_msgs/share/drone_msgs/cmake)
[5.151s] -- Found ament_lint_auto: 0.12.15 (/opt/ros/humble/share/ament_lint_auto/cmake)
[5.244s] -- Added test 'lint_cmake' to check CMake code style
[5.245s] -- Added test 'xmllint' to check XML markup files
[5.248s] -- Configuring done
[5.257s] -- Generating done
[5.261s] -- Build files have been written to: /home/ishank/ros2_ws/build/drone_planner
[5.278s] Invoked command in '/home/ishank/ros2_ws/build/drone_planner' returned '0': CMAKE_PREFIX_PATH=/home/ishank/ros2_ws/install/drone_msgs:/home/ishank/ros2_ws/install/drone_sim:/home/ishank/ros2_ws/install/drone_controller:/home/ishank/ros2_ws/install/drone_bridge:/opt/ros/humble /usr/bin/cmake /home/ishank/ros2_ws/src/drone_planner -DAMENT_CMAKE_SYMLINK_INSTALL=1 -DCMAKE_INSTALL_PREFIX=/home/ishank/ros2_ws/install/drone_planner
[5.282s] Invoking command in '/home/ishank/ros2_ws/build/drone_planner': CMAKE_PREFIX_PATH=/home/ishank/ros2_ws/install/drone_msgs:/home/ishank/ros2_ws/install/drone_sim:/home/ishank/ros2_ws/install/drone_controller:/home/ishank/ros2_ws/install/drone_bridge:/opt/ros/humble /usr/bin/cmake --build /home/ishank/ros2_ws/build/drone_planner -- -j8 -l8
[5.322s] Invoked command in '/home/ishank/ros2_ws/build/drone_planner' returned '0': CMAKE_PREFIX_PATH=/home/ishank/ros2_ws/install/drone_msgs:/home/ishank/ros2_ws/install/drone_sim:/home/ishank/ros2_ws/install/drone_controller:/home/ishank/ros2_ws/install/drone_bridge:/opt/ros/humble /usr/bin/cmake --build /home/ishank/ros2_ws/build/drone_planner -- -j8 -l8
[5.325s] Invoking command in '/home/ishank/ros2_ws/build/drone_planner': CMAKE_PREFIX_PATH=/home/ishank/ros2_ws/install/drone_msgs:/home/ishank/ros2_ws/install/drone_sim:/home/ishank/ros2_ws/install/drone_controller:/home/ishank/ros2_ws/install/drone_bridge:/opt/ros/humble /usr/bin/cmake --install /home/ishank/ros2_ws/build/drone_planner
[5.334s] -- Install configuration: ""
[5.334s] -- Execute custom install script
[5.336s] -- Symlinking: /home/ishank/ros2_ws/install/drone_planner/share/ament_index/resource_index/package_run_dependencies/drone_planner
[5.350s] -- Symlinking: /home/ishank/ros2_ws/install/drone_planner/share/ament_index/resource_index/parent_prefix_path/drone_planner
[5.364s] -- Symlinking: /home/ishank/ros2_ws/install/drone_planner/share/drone_planner/environment/ament_prefix_path.sh
[5.373s] -- Symlinking: /home/ishank/ros2_ws/install/drone_planner/share/drone_planner/environment/ament_prefix_path.dsv
[5.386s] -- Symlinking: /home/ishank/ros2_ws/install/drone_planner/share/drone_planner/environment/path.sh
[5.399s] -- Symlinking: /home/ishank/ros2_ws/install/drone_planner/share/drone_planner/environment/path.dsv
[5.411s] -- Symlinking: /home/ishank/ros2_ws/install/drone_planner/share/drone_planner/local_setup.bash
[5.420s] -- Symlinking: /home/ishank/ros2_ws/install/drone_planner/share/drone_planner/local_setup.sh
[5.429s] -- Symlinking: /home/ishank/ros2_ws/install/drone_planner/share/drone_planner/local_setup.zsh
[5.438s] -- Symlinking: /home/ishank/ros2_ws/install/drone_planner/share/drone_planner/local_setup.dsv
[5.447s] -- Symlinking: /home/ishank/ros2_ws/install/drone_planner/share/drone_planner/package.dsv
[5.463s] -- Symlinking: /home/ishank/ros2_ws/install/drone_planner/share/ament_index/resource_index/packages/drone_planner
[5.478s] -- Symlinking: /home/ishank/ros2_ws/install/drone_planner/share/drone_planner/cmake/drone_plannerConfig.cmake
[5.490s] -- Symlinking: /home/ishank/ros2_ws/install/drone_planner/share/drone_planner/cmake/drone_plannerConfig-version.cmake
[5.501s] -- Symlinking: /home/ishank/ros2_ws/install/drone_planner/share/drone_planner/package.xml
[5.514s] Invoked command in '/home/ishank/ros2_ws/build/drone_planner' returned '0': CMAKE_PREFIX_PATH=/home/ishank/ros2_ws/install/drone_msgs:/home/ishank/ros2_ws/install/drone_sim:/home/ishank/ros2_ws/install/drone_controller:/home/ishank/ros2_ws/install/drone_bridge:/opt/ros/humble /usr/bin/cmake --install /home/ishank/ros2_ws/build/drone_planner
