[0.090s] Invoking command in '/home/ishank/ros2_ws/build/drone_controller': CMAKE_PREFIX_PATH=/home/ishank/ros2_ws/install/drone_msgs:/home/ishank/ros2_ws/install/drone_sim:/home/ishank/ros2_ws/install/drone_controller:/home/ishank/ros2_ws/install/drone_bridge:/opt/ros/humble /usr/bin/cmake /home/ishank/ros2_ws/src/drone_controller -DAMENT_CMAKE_SYMLINK_INSTALL=1 -DCMAKE_INSTALL_PREFIX=/home/ishank/ros2_ws/install/drone_controller
[0.273s] -- The C compiler identification is GNU 11.4.0
[0.622s] -- The CXX compiler identification is GNU 11.4.0
[0.889s] -- Detecting C compiler ABI info
[1.017s] -- Detecting C compiler ABI info - done
[1.023s] -- Check for working C compiler: /usr/bin/cc - skipped
[1.024s] -- Detecting C compile features
[1.024s] -- Detecting C compile features - done
[1.028s] -- Detecting CXX compiler ABI info
[1.193s] -- Detecting CXX compiler ABI info - done
[1.201s] -- Check for working CXX compiler: /usr/bin/c++ - skipped
[1.201s] -- Detecting CXX compile features
[1.202s] -- Detecting CXX compile features - done
[1.204s] -- Found ament_cmake: 1.3.14 (/opt/ros/humble/share/ament_cmake/cmake)
[1.415s] -- Found Python3: /usr/bin/python3 (found version "3.10.12") found components: Interpreter 
[1.518s] -- Override CMake install command with custom implementation using symlinks instead of copying resources
[1.549s] -- Found rclcpp: 16.0.19 (/opt/ros/humble/share/rclcpp/cmake)
[1.721s] -- Found rosidl_generator_c: 3.1.8 (/opt/ros/humble/share/rosidl_generator_c/cmake)
[1.726s] -- Found rosidl_adapter: 3.1.8 (/opt/ros/humble/share/rosidl_adapter/cmake)
[1.737s] -- Found rosidl_generator_cpp: 3.1.8 (/opt/ros/humble/share/rosidl_generator_cpp/cmake)
[1.757s] -- Using all available rosidl_typesupport_c: rosidl_typesupport_fastrtps_c;rosidl_typesupport_introspection_c
[1.776s] -- Using all available rosidl_typesupport_cpp: rosidl_typesupport_fastrtps_cpp;rosidl_typesupport_introspection_cpp
[1.846s] -- Found rmw_implementation_cmake: 6.1.2 (/opt/ros/humble/share/rmw_implementation_cmake/cmake)
[1.851s] -- Found rmw_fastrtps_cpp: 6.2.10 (/opt/ros/humble/share/rmw_fastrtps_cpp/cmake)
[2.566s] -- Found OpenSSL: /usr/lib/x86_64-linux-gnu/libcrypto.so (found version "3.0.2")  
[4.009s] -- Found FastRTPS: /opt/ros/humble/include  
[5.333s] -- Using RMW implementation 'rmw_fastrtps_cpp' as default
[5.341s] -- Looking for pthread.h
[5.478s] -- Looking for pthread.h - found
[5.478s] -- Performing Test CMAKE_HAVE_LIBC_PTHREAD
[5.601s] -- Performing Test CMAKE_HAVE_LIBC_PTHREAD - Success
[5.601s] -- Found Threads: TRUE  
[5.655s] -- Found geometry_msgs: 4.9.1 (/opt/ros/humble/share/geometry_msgs/cmake)
[5.671s] -- Found drone_msgs: 0.0.0 (/home/ishank/ros2_ws/install/drone_msgs/share/drone_msgs/cmake)
[5.687s] -- Found ament_lint_auto: 0.12.15 (/opt/ros/humble/share/ament_lint_auto/cmake)
[5.776s] -- Added test 'lint_cmake' to check CMake code style
[5.779s] -- Added test 'xmllint' to check XML markup files
[5.782s] -- Configuring done
[5.789s] -- Generating done
[5.794s] -- Build files have been written to: /home/ishank/ros2_ws/build/drone_controller
[5.807s] Invoked command in '/home/ishank/ros2_ws/build/drone_controller' returned '0': CMAKE_PREFIX_PATH=/home/ishank/ros2_ws/install/drone_msgs:/home/ishank/ros2_ws/install/drone_sim:/home/ishank/ros2_ws/install/drone_controller:/home/ishank/ros2_ws/install/drone_bridge:/opt/ros/humble /usr/bin/cmake /home/ishank/ros2_ws/src/drone_controller -DAMENT_CMAKE_SYMLINK_INSTALL=1 -DCMAKE_INSTALL_PREFIX=/home/ishank/ros2_ws/install/drone_controller
[5.809s] Invoking command in '/home/ishank/ros2_ws/build/drone_controller': CMAKE_PREFIX_PATH=/home/ishank/ros2_ws/install/drone_msgs:/home/ishank/ros2_ws/install/drone_sim:/home/ishank/ros2_ws/install/drone_controller:/home/ishank/ros2_ws/install/drone_bridge:/opt/ros/humble /usr/bin/cmake --build /home/ishank/ros2_ws/build/drone_controller -- -j8 -l8
[5.847s] Invoked command in '/home/ishank/ros2_ws/build/drone_controller' returned '0': CMAKE_PREFIX_PATH=/home/ishank/ros2_ws/install/drone_msgs:/home/ishank/ros2_ws/install/drone_sim:/home/ishank/ros2_ws/install/drone_controller:/home/ishank/ros2_ws/install/drone_bridge:/opt/ros/humble /usr/bin/cmake --build /home/ishank/ros2_ws/build/drone_controller -- -j8 -l8
[5.849s] Invoking command in '/home/ishank/ros2_ws/build/drone_controller': CMAKE_PREFIX_PATH=/home/ishank/ros2_ws/install/drone_msgs:/home/ishank/ros2_ws/install/drone_sim:/home/ishank/ros2_ws/install/drone_controller:/home/ishank/ros2_ws/install/drone_bridge:/opt/ros/humble /usr/bin/cmake --install /home/ishank/ros2_ws/build/drone_controller
[5.856s] -- Install configuration: ""
[5.857s] -- Execute custom install script
[5.858s] -- Symlinking: /home/ishank/ros2_ws/install/drone_controller/share/ament_index/resource_index/package_run_dependencies/drone_controller
[5.874s] -- Symlinking: /home/ishank/ros2_ws/install/drone_controller/share/ament_index/resource_index/parent_prefix_path/drone_controller
[5.885s] -- Symlinking: /home/ishank/ros2_ws/install/drone_controller/share/drone_controller/environment/ament_prefix_path.sh
[5.894s] -- Symlinking: /home/ishank/ros2_ws/install/drone_controller/share/drone_controller/environment/ament_prefix_path.dsv
[5.904s] -- Symlinking: /home/ishank/ros2_ws/install/drone_controller/share/drone_controller/environment/path.sh
[5.911s] -- Symlinking: /home/ishank/ros2_ws/install/drone_controller/share/drone_controller/environment/path.dsv
[5.920s] -- Symlinking: /home/ishank/ros2_ws/install/drone_controller/share/drone_controller/local_setup.bash
[5.930s] -- Symlinking: /home/ishank/ros2_ws/install/drone_controller/share/drone_controller/local_setup.sh
[5.937s] -- Symlinking: /home/ishank/ros2_ws/install/drone_controller/share/drone_controller/local_setup.zsh
[5.946s] -- Symlinking: /home/ishank/ros2_ws/install/drone_controller/share/drone_controller/local_setup.dsv
[5.953s] -- Symlinking: /home/ishank/ros2_ws/install/drone_controller/share/drone_controller/package.dsv
[5.961s] -- Symlinking: /home/ishank/ros2_ws/install/drone_controller/share/ament_index/resource_index/packages/drone_controller
[5.971s] -- Symlinking: /home/ishank/ros2_ws/install/drone_controller/share/drone_controller/cmake/drone_controllerConfig.cmake
[5.982s] -- Symlinking: /home/ishank/ros2_ws/install/drone_controller/share/drone_controller/cmake/drone_controllerConfig-version.cmake
[5.990s] -- Symlinking: /home/ishank/ros2_ws/install/drone_controller/share/drone_controller/package.xml
[5.999s] Invoked command in '/home/ishank/ros2_ws/build/drone_controller' returned '0': CMAKE_PREFIX_PATH=/home/ishank/ros2_ws/install/drone_msgs:/home/ishank/ros2_ws/install/drone_sim:/home/ishank/ros2_ws/install/drone_controller:/home/ishank/ros2_ws/install/drone_bridge:/opt/ros/humble /usr/bin/cmake --install /home/ishank/ros2_ws/build/drone_controller
