[0.308s] DEBUG:colcon:Command line arguments: ['/usr/bin/colcon', 'build', '--packages-select', 'drone_bridge']
[0.308s] DEBUG:colcon:Parsed command line arguments: Namespace(log_base=None, log_level=None, verb_name='build', build_base='build', install_base='install', merge_install=False, symlink_install=False, test_result_base=None, continue_on_error=False, executor='parallel', parallel_workers=8, event_handlers=None, ignore_user_meta=False, metas=['./colcon.meta'], base_paths=['.'], packages_ignore=None, packages_ignore_regex=None, paths=None, packages_up_to=None, packages_up_to_regex=None, packages_above=None, packages_above_and_dependencies=None, packages_above_depth=None, packages_select_by_dep=None, packages_skip_by_dep=None, packages_skip_up_to=None, packages_select_build_failed=False, packages_skip_build_finished=False, packages_select_test_failures=False, packages_skip_test_passed=False, packages_select=['drone_bridge'], packages_skip=None, packages_select_regex=None, packages_skip_regex=None, packages_start=None, packages_end=None, allow_overriding=[], cmake_args=None, cmake_target=None, cmake_target_skip_unavailable=False, cmake_clean_cache=False, cmake_clean_first=False, cmake_force_configure=False, ament_cmake_args=None, catkin_cmake_args=None, catkin_skip_building_tests=False, verb_parser=<colcon_defaults.argument_parser.defaults.DefaultArgumentsDecorator object at 0x7bcf971a7430>, verb_extension=<colcon_core.verb.build.BuildVerb object at 0x7bcf97370af0>, main=<bound method BuildVerb.main of <colcon_core.verb.build.BuildVerb object at 0x7bcf97370af0>>)
[0.671s] Level 1:colcon.colcon_core.package_discovery:discover_packages(colcon_meta) check parameters
[0.671s] Level 1:colcon.colcon_core.package_discovery:discover_packages(recursive) check parameters
[0.672s] Level 1:colcon.colcon_core.package_discovery:discover_packages(ignore) check parameters
[0.672s] Level 1:colcon.colcon_core.package_discovery:discover_packages(path) check parameters
[0.672s] Level 1:colcon.colcon_core.package_discovery:discover_packages(colcon_meta) discover
[0.672s] Level 1:colcon.colcon_core.package_discovery:discover_packages(recursive) discover
[0.672s] INFO:colcon.colcon_core.package_discovery:Crawling recursively for packages in '/home/ishank/ros2_ws'
[0.672s] Level 1:colcon.colcon_core.package_identification:_identify(.) by extensions ['ignore', 'ignore_ament_install']
[0.672s] Level 1:colcon.colcon_core.package_identification:_identify(.) by extension 'ignore'
[0.672s] Level 1:colcon.colcon_core.package_identification:_identify(.) by extension 'ignore_ament_install'
[0.672s] Level 1:colcon.colcon_core.package_identification:_identify(.) by extensions ['colcon_pkg']
[0.673s] Level 1:colcon.colcon_core.package_identification:_identify(.) by extension 'colcon_pkg'
[0.673s] Level 1:colcon.colcon_core.package_identification:_identify(.) by extensions ['colcon_meta']
[0.673s] Level 1:colcon.colcon_core.package_identification:_identify(.) by extension 'colcon_meta'
[0.673s] Level 1:colcon.colcon_core.package_identification:_identify(.) by extensions ['ros']
[0.673s] Level 1:colcon.colcon_core.package_identification:_identify(.) by extension 'ros'
[0.689s] Level 1:colcon.colcon_core.package_identification:_identify(.) by extensions ['cmake', 'python']
[0.689s] Level 1:colcon.colcon_core.package_identification:_identify(.) by extension 'cmake'
[0.689s] Level 1:colcon.colcon_core.package_identification:_identify(.) by extension 'python'
[0.689s] Level 1:colcon.colcon_core.package_identification:_identify(.) by extensions ['python_setup_py']
[0.689s] Level 1:colcon.colcon_core.package_identification:_identify(.) by extension 'python_setup_py'
[0.690s] Level 1:colcon.colcon_core.package_identification:_identify(build) by extensions ['ignore', 'ignore_ament_install']
[0.690s] Level 1:colcon.colcon_core.package_identification:_identify(build) by extension 'ignore'
[0.690s] Level 1:colcon.colcon_core.package_identification:_identify(build) ignored
[0.690s] Level 1:colcon.colcon_core.package_identification:_identify(install) by extensions ['ignore', 'ignore_ament_install']
[0.690s] Level 1:colcon.colcon_core.package_identification:_identify(install) by extension 'ignore'
[0.690s] Level 1:colcon.colcon_core.package_identification:_identify(install) ignored
[0.690s] Level 1:colcon.colcon_core.package_identification:_identify(log) by extensions ['ignore', 'ignore_ament_install']
[0.690s] Level 1:colcon.colcon_core.package_identification:_identify(log) by extension 'ignore'
[0.690s] Level 1:colcon.colcon_core.package_identification:_identify(log) ignored
[0.690s] Level 1:colcon.colcon_core.package_identification:_identify(src) by extensions ['ignore', 'ignore_ament_install']
[0.691s] Level 1:colcon.colcon_core.package_identification:_identify(src) by extension 'ignore'
[0.691s] Level 1:colcon.colcon_core.package_identification:_identify(src) by extension 'ignore_ament_install'
[0.691s] Level 1:colcon.colcon_core.package_identification:_identify(src) by extensions ['colcon_pkg']
[0.691s] Level 1:colcon.colcon_core.package_identification:_identify(src) by extension 'colcon_pkg'
[0.691s] Level 1:colcon.colcon_core.package_identification:_identify(src) by extensions ['colcon_meta']
[0.691s] Level 1:colcon.colcon_core.package_identification:_identify(src) by extension 'colcon_meta'
[0.691s] Level 1:colcon.colcon_core.package_identification:_identify(src) by extensions ['ros']
[0.691s] Level 1:colcon.colcon_core.package_identification:_identify(src) by extension 'ros'
[0.691s] Level 1:colcon.colcon_core.package_identification:_identify(src) by extensions ['cmake', 'python']
[0.691s] Level 1:colcon.colcon_core.package_identification:_identify(src) by extension 'cmake'
[0.691s] Level 1:colcon.colcon_core.package_identification:_identify(src) by extension 'python'
[0.691s] Level 1:colcon.colcon_core.package_identification:_identify(src) by extensions ['python_setup_py']
[0.691s] Level 1:colcon.colcon_core.package_identification:_identify(src) by extension 'python_setup_py'
[0.691s] Level 1:colcon.colcon_core.package_identification:_identify(src/drone_bridge) by extensions ['ignore', 'ignore_ament_install']
[0.692s] Level 1:colcon.colcon_core.package_identification:_identify(src/drone_bridge) by extension 'ignore'
[0.692s] Level 1:colcon.colcon_core.package_identification:_identify(src/drone_bridge) by extension 'ignore_ament_install'
[0.692s] Level 1:colcon.colcon_core.package_identification:_identify(src/drone_bridge) by extensions ['colcon_pkg']
[0.692s] Level 1:colcon.colcon_core.package_identification:_identify(src/drone_bridge) by extension 'colcon_pkg'
[0.692s] Level 1:colcon.colcon_core.package_identification:_identify(src/drone_bridge) by extensions ['colcon_meta']
[0.692s] Level 1:colcon.colcon_core.package_identification:_identify(src/drone_bridge) by extension 'colcon_meta'
[0.692s] Level 1:colcon.colcon_core.package_identification:_identify(src/drone_bridge) by extensions ['ros']
[0.692s] Level 1:colcon.colcon_core.package_identification:_identify(src/drone_bridge) by extension 'ros'
[0.696s] DEBUG:colcon.colcon_core.package_identification:Package 'src/drone_bridge' with type 'ros.ament_cmake' and name 'drone_bridge'
[0.696s] Level 1:colcon.colcon_core.package_identification:_identify(src/drone_common) by extensions ['ignore', 'ignore_ament_install']
[0.696s] Level 1:colcon.colcon_core.package_identification:_identify(src/drone_common) by extension 'ignore'
[0.697s] Level 1:colcon.colcon_core.package_identification:_identify(src/drone_common) by extension 'ignore_ament_install'
[0.697s] Level 1:colcon.colcon_core.package_identification:_identify(src/drone_common) by extensions ['colcon_pkg']
[0.697s] Level 1:colcon.colcon_core.package_identification:_identify(src/drone_common) by extension 'colcon_pkg'
[0.697s] Level 1:colcon.colcon_core.package_identification:_identify(src/drone_common) by extensions ['colcon_meta']
[0.697s] Level 1:colcon.colcon_core.package_identification:_identify(src/drone_common) by extension 'colcon_meta'
[0.697s] Level 1:colcon.colcon_core.package_identification:_identify(src/drone_common) by extensions ['ros']
[0.697s] Level 1:colcon.colcon_core.package_identification:_identify(src/drone_common) by extension 'ros'
[0.698s] DEBUG:colcon.colcon_core.package_identification:Package 'src/drone_common' with type 'ros.ament_cmake' and name 'drone_common'
[0.698s] Level 1:colcon.colcon_core.package_identification:_identify(src/drone_controller) by extensions ['ignore', 'ignore_ament_install']
[0.698s] Level 1:colcon.colcon_core.package_identification:_identify(src/drone_controller) by extension 'ignore'
[0.698s] Level 1:colcon.colcon_core.package_identification:_identify(src/drone_controller) by extension 'ignore_ament_install'
[0.698s] Level 1:colcon.colcon_core.package_identification:_identify(src/drone_controller) by extensions ['colcon_pkg']
[0.698s] Level 1:colcon.colcon_core.package_identification:_identify(src/drone_controller) by extension 'colcon_pkg'
[0.698s] Level 1:colcon.colcon_core.package_identification:_identify(src/drone_controller) by extensions ['colcon_meta']
[0.698s] Level 1:colcon.colcon_core.package_identification:_identify(src/drone_controller) by extension 'colcon_meta'
[0.698s] Level 1:colcon.colcon_core.package_identification:_identify(src/drone_controller) by extensions ['ros']
[0.698s] Level 1:colcon.colcon_core.package_identification:_identify(src/drone_controller) by extension 'ros'
[0.699s] DEBUG:colcon.colcon_core.package_identification:Package 'src/drone_controller' with type 'ros.ament_cmake' and name 'drone_controller'
[0.700s] Level 1:colcon.colcon_core.package_identification:_identify(src/drone_msgs) by extensions ['ignore', 'ignore_ament_install']
[0.700s] Level 1:colcon.colcon_core.package_identification:_identify(src/drone_msgs) by extension 'ignore'
[0.700s] Level 1:colcon.colcon_core.package_identification:_identify(src/drone_msgs) by extension 'ignore_ament_install'
[0.700s] Level 1:colcon.colcon_core.package_identification:_identify(src/drone_msgs) by extensions ['colcon_pkg']
[0.700s] Level 1:colcon.colcon_core.package_identification:_identify(src/drone_msgs) by extension 'colcon_pkg'
[0.700s] Level 1:colcon.colcon_core.package_identification:_identify(src/drone_msgs) by extensions ['colcon_meta']
[0.700s] Level 1:colcon.colcon_core.package_identification:_identify(src/drone_msgs) by extension 'colcon_meta'
[0.700s] Level 1:colcon.colcon_core.package_identification:_identify(src/drone_msgs) by extensions ['ros']
[0.700s] Level 1:colcon.colcon_core.package_identification:_identify(src/drone_msgs) by extension 'ros'
[0.701s] DEBUG:colcon.colcon_core.package_identification:Package 'src/drone_msgs' with type 'ros.ament_cmake' and name 'drone_msgs'
[0.701s] Level 1:colcon.colcon_core.package_identification:_identify(src/drone_planner) by extensions ['ignore', 'ignore_ament_install']
[0.701s] Level 1:colcon.colcon_core.package_identification:_identify(src/drone_planner) by extension 'ignore'
[0.701s] Level 1:colcon.colcon_core.package_identification:_identify(src/drone_planner) by extension 'ignore_ament_install'
[0.702s] Level 1:colcon.colcon_core.package_identification:_identify(src/drone_planner) by extensions ['colcon_pkg']
[0.702s] Level 1:colcon.colcon_core.package_identification:_identify(src/drone_planner) by extension 'colcon_pkg'
[0.702s] Level 1:colcon.colcon_core.package_identification:_identify(src/drone_planner) by extensions ['colcon_meta']
[0.702s] Level 1:colcon.colcon_core.package_identification:_identify(src/drone_planner) by extension 'colcon_meta'
[0.702s] Level 1:colcon.colcon_core.package_identification:_identify(src/drone_planner) by extensions ['ros']
[0.702s] Level 1:colcon.colcon_core.package_identification:_identify(src/drone_planner) by extension 'ros'
[0.703s] DEBUG:colcon.colcon_core.package_identification:Package 'src/drone_planner' with type 'ros.ament_cmake' and name 'drone_planner'
[0.703s] Level 1:colcon.colcon_core.package_identification:_identify(src/drone_sim) by extensions ['ignore', 'ignore_ament_install']
[0.703s] Level 1:colcon.colcon_core.package_identification:_identify(src/drone_sim) by extension 'ignore'
[0.703s] Level 1:colcon.colcon_core.package_identification:_identify(src/drone_sim) by extension 'ignore_ament_install'
[0.703s] Level 1:colcon.colcon_core.package_identification:_identify(src/drone_sim) by extensions ['colcon_pkg']
[0.703s] Level 1:colcon.colcon_core.package_identification:_identify(src/drone_sim) by extension 'colcon_pkg'
[0.703s] Level 1:colcon.colcon_core.package_identification:_identify(src/drone_sim) by extensions ['colcon_meta']
[0.703s] Level 1:colcon.colcon_core.package_identification:_identify(src/drone_sim) by extension 'colcon_meta'
[0.703s] Level 1:colcon.colcon_core.package_identification:_identify(src/drone_sim) by extensions ['ros']
[0.704s] Level 1:colcon.colcon_core.package_identification:_identify(src/drone_sim) by extension 'ros'
[0.704s] DEBUG:colcon.colcon_core.package_identification:Package 'src/drone_sim' with type 'ros.ament_cmake' and name 'drone_sim'
[0.705s] Level 1:colcon.colcon_core.package_identification:_identify(src/mission_manager) by extensions ['ignore', 'ignore_ament_install']
[0.705s] Level 1:colcon.colcon_core.package_identification:_identify(src/mission_manager) by extension 'ignore'
[0.705s] Level 1:colcon.colcon_core.package_identification:_identify(src/mission_manager) by extension 'ignore_ament_install'
[0.705s] Level 1:colcon.colcon_core.package_identification:_identify(src/mission_manager) by extensions ['colcon_pkg']
[0.705s] Level 1:colcon.colcon_core.package_identification:_identify(src/mission_manager) by extension 'colcon_pkg'
[0.705s] Level 1:colcon.colcon_core.package_identification:_identify(src/mission_manager) by extensions ['colcon_meta']
[0.705s] Level 1:colcon.colcon_core.package_identification:_identify(src/mission_manager) by extension 'colcon_meta'
[0.705s] Level 1:colcon.colcon_core.package_identification:_identify(src/mission_manager) by extensions ['ros']
[0.705s] Level 1:colcon.colcon_core.package_identification:_identify(src/mission_manager) by extension 'ros'
[0.706s] DEBUG:colcon.colcon_core.package_identification:Package 'src/mission_manager' with type 'ros.ament_cmake' and name 'mission_manager'
[0.706s] Level 1:colcon.colcon_core.package_discovery:discover_packages(recursive) using defaults
[0.706s] Level 1:colcon.colcon_core.package_discovery:discover_packages(ignore) discover
[0.706s] Level 1:colcon.colcon_core.package_discovery:discover_packages(ignore) using defaults
[0.706s] Level 1:colcon.colcon_core.package_discovery:discover_packages(path) discover
[0.706s] Level 1:colcon.colcon_core.package_discovery:discover_packages(path) using defaults
[0.742s] INFO:colcon.colcon_core.package_selection:Skipping not selected package 'drone_common' in 'src/drone_common'
[0.742s] INFO:colcon.colcon_core.package_selection:Skipping not selected package 'drone_msgs' in 'src/drone_msgs'
[0.743s] INFO:colcon.colcon_core.package_selection:Skipping not selected package 'drone_sim' in 'src/drone_sim'
[0.743s] INFO:colcon.colcon_core.package_selection:Skipping not selected package 'drone_controller' in 'src/drone_controller'
[0.743s] INFO:colcon.colcon_core.package_selection:Skipping not selected package 'drone_planner' in 'src/drone_planner'
[0.743s] INFO:colcon.colcon_core.package_selection:Skipping not selected package 'mission_manager' in 'src/mission_manager'
[0.744s] Level 1:colcon.colcon_core.package_discovery:discover_packages(prefix_path) check parameters
[0.744s] Level 1:colcon.colcon_core.package_discovery:discover_packages(prefix_path) discover
[0.751s] DEBUG:colcon.colcon_installed_package_information.package_discovery:Found 7 installed packages in /home/ishank/ros2_ws/install
[0.755s] DEBUG:colcon.colcon_installed_package_information.package_discovery:Found 288 installed packages in /opt/ros/humble
[0.774s] Level 1:colcon.colcon_core.package_discovery:discover_packages(prefix_path) using defaults
[0.914s] Level 5:colcon.colcon_core.verb:set package 'drone_bridge' build argument 'cmake_args' from command line to 'None'
[0.914s] Level 5:colcon.colcon_core.verb:set package 'drone_bridge' build argument 'cmake_target' from command line to 'None'
[0.915s] Level 5:colcon.colcon_core.verb:set package 'drone_bridge' build argument 'cmake_target_skip_unavailable' from command line to 'False'
[0.915s] Level 5:colcon.colcon_core.verb:set package 'drone_bridge' build argument 'cmake_clean_cache' from command line to 'False'
[0.915s] Level 5:colcon.colcon_core.verb:set package 'drone_bridge' build argument 'cmake_clean_first' from command line to 'False'
[0.915s] Level 5:colcon.colcon_core.verb:set package 'drone_bridge' build argument 'cmake_force_configure' from command line to 'False'
[0.915s] Level 5:colcon.colcon_core.verb:set package 'drone_bridge' build argument 'ament_cmake_args' from command line to 'None'
[0.915s] Level 5:colcon.colcon_core.verb:set package 'drone_bridge' build argument 'catkin_cmake_args' from command line to 'None'
[0.915s] Level 5:colcon.colcon_core.verb:set package 'drone_bridge' build argument 'catkin_skip_building_tests' from command line to 'False'
[0.915s] DEBUG:colcon.colcon_core.verb:Building package 'drone_bridge' with the following arguments: {'ament_cmake_args': None, 'build_base': '/home/ishank/ros2_ws/build/drone_bridge', 'catkin_cmake_args': None, 'catkin_skip_building_tests': False, 'cmake_args': None, 'cmake_clean_cache': False, 'cmake_clean_first': False, 'cmake_force_configure': False, 'cmake_target': None, 'cmake_target_skip_unavailable': False, 'install_base': '/home/ishank/ros2_ws/install/drone_bridge', 'merge_install': False, 'path': '/home/ishank/ros2_ws/src/drone_bridge', 'symlink_install': False, 'test_result_base': None}
[0.915s] INFO:colcon.colcon_core.executor:Executing jobs using 'parallel' executor
[0.917s] DEBUG:colcon.colcon_parallel_executor.executor.parallel:run_until_complete
[0.917s] INFO:colcon.colcon_ros.task.ament_cmake.build:Building ROS package in '/home/ishank/ros2_ws/src/drone_bridge' with build type 'ament_cmake'
[0.917s] INFO:colcon.colcon_cmake.task.cmake.build:Building CMake package in '/home/ishank/ros2_ws/src/drone_bridge'
[0.925s] INFO:colcon.colcon_core.plugin_system:Skipping extension 'colcon_core.shell.bat': Not used on non-Windows systems
[0.926s] INFO:colcon.colcon_core.shell:Skip shell extension 'powershell' for command environment: Not usable outside of PowerShell
[0.926s] DEBUG:colcon.colcon_core.shell:Skip shell extension 'dsv' for command environment
[1.016s] DEBUG:colcon.colcon_core.event_handler.log_command:Invoking command in '/home/ishank/ros2_ws/build/drone_bridge': CMAKE_PREFIX_PATH=/home/ishank/ros2_ws/install/drone_msgs:/home/ishank/ros2_ws/install/mission_manager:/home/ishank/ros2_ws/install/drone_planner:/home/ishank/ros2_ws/install/drone_common:/home/ishank/ros2_ws/install/drone_sim:/home/ishank/ros2_ws/install/drone_controller:/home/ishank/ros2_ws/install/drone_bridge:/opt/ros/humble /usr/bin/cmake --build /home/ishank/ros2_ws/build/drone_bridge -- -j8 -l8
[12.370s] DEBUG:colcon.colcon_core.event_handler.log_command:Invoked command in '/home/ishank/ros2_ws/build/drone_bridge' returned '0': CMAKE_PREFIX_PATH=/home/ishank/ros2_ws/install/drone_msgs:/home/ishank/ros2_ws/install/mission_manager:/home/ishank/ros2_ws/install/drone_planner:/home/ishank/ros2_ws/install/drone_common:/home/ishank/ros2_ws/install/drone_sim:/home/ishank/ros2_ws/install/drone_controller:/home/ishank/ros2_ws/install/drone_bridge:/opt/ros/humble /usr/bin/cmake --build /home/ishank/ros2_ws/build/drone_bridge -- -j8 -l8
[12.379s] DEBUG:colcon.colcon_core.event_handler.log_command:Invoking command in '/home/ishank/ros2_ws/build/drone_bridge': CMAKE_PREFIX_PATH=/home/ishank/ros2_ws/install/drone_msgs:/home/ishank/ros2_ws/install/mission_manager:/home/ishank/ros2_ws/install/drone_planner:/home/ishank/ros2_ws/install/drone_common:/home/ishank/ros2_ws/install/drone_sim:/home/ishank/ros2_ws/install/drone_controller:/home/ishank/ros2_ws/install/drone_bridge:/opt/ros/humble /usr/bin/cmake --install /home/ishank/ros2_ws/build/drone_bridge
[12.411s] Level 1:colcon.colcon_core.environment:create_environment_scripts_only(drone_bridge)
[12.412s] DEBUG:colcon.colcon_core.event_handler.log_command:Invoked command in '/home/ishank/ros2_ws/build/drone_bridge' returned '0': CMAKE_PREFIX_PATH=/home/ishank/ros2_ws/install/drone_msgs:/home/ishank/ros2_ws/install/mission_manager:/home/ishank/ros2_ws/install/drone_planner:/home/ishank/ros2_ws/install/drone_common:/home/ishank/ros2_ws/install/drone_sim:/home/ishank/ros2_ws/install/drone_controller:/home/ishank/ros2_ws/install/drone_bridge:/opt/ros/humble /usr/bin/cmake --install /home/ishank/ros2_ws/build/drone_bridge
[12.419s] Level 1:colcon.colcon_core.environment:checking '/home/ishank/ros2_ws/install/drone_bridge' for CMake module files
[12.420s] Level 1:colcon.colcon_core.environment:checking '/home/ishank/ros2_ws/install/drone_bridge' for CMake config files
[12.420s] Level 1:colcon.colcon_core.shell:create_environment_hook('drone_bridge', 'cmake_prefix_path')
[12.420s] INFO:colcon.colcon_core.shell:Creating environment hook '/home/ishank/ros2_ws/install/drone_bridge/share/drone_bridge/hook/cmake_prefix_path.ps1'
[12.421s] INFO:colcon.colcon_core.shell:Creating environment descriptor '/home/ishank/ros2_ws/install/drone_bridge/share/drone_bridge/hook/cmake_prefix_path.dsv'
[12.422s] INFO:colcon.colcon_core.shell:Creating environment hook '/home/ishank/ros2_ws/install/drone_bridge/share/drone_bridge/hook/cmake_prefix_path.sh'
[12.423s] Level 1:colcon.colcon_core.environment:checking '/home/ishank/ros2_ws/install/drone_bridge/lib'
[12.423s] Level 1:colcon.colcon_core.environment:checking '/home/ishank/ros2_ws/install/drone_bridge/bin'
[12.424s] Level 1:colcon.colcon_core.environment:checking '/home/ishank/ros2_ws/install/drone_bridge/lib/pkgconfig/drone_bridge.pc'
[12.424s] Level 1:colcon.colcon_core.environment:checking '/home/ishank/ros2_ws/install/drone_bridge/lib/python3.10/site-packages'
[12.424s] Level 1:colcon.colcon_core.environment:checking '/home/ishank/ros2_ws/install/drone_bridge/bin'
[12.424s] INFO:colcon.colcon_core.shell:Creating package script '/home/ishank/ros2_ws/install/drone_bridge/share/drone_bridge/package.ps1'
[12.426s] INFO:colcon.colcon_core.shell:Creating package descriptor '/home/ishank/ros2_ws/install/drone_bridge/share/drone_bridge/package.dsv'
[12.427s] INFO:colcon.colcon_core.shell:Creating package script '/home/ishank/ros2_ws/install/drone_bridge/share/drone_bridge/package.sh'
[12.427s] INFO:colcon.colcon_core.shell:Creating package script '/home/ishank/ros2_ws/install/drone_bridge/share/drone_bridge/package.bash'
[12.428s] INFO:colcon.colcon_core.shell:Creating package script '/home/ishank/ros2_ws/install/drone_bridge/share/drone_bridge/package.zsh'
[12.429s] Level 1:colcon.colcon_core.environment:create_file_with_runtime_dependencies(/home/ishank/ros2_ws/install/drone_bridge/share/colcon-core/packages/drone_bridge)
[12.430s] Level 1:colcon.colcon_core.environment:create_environment_scripts_only(drone_bridge)
[12.430s] Level 1:colcon.colcon_core.environment:checking '/home/ishank/ros2_ws/install/drone_bridge' for CMake module files
[12.430s] Level 1:colcon.colcon_core.environment:checking '/home/ishank/ros2_ws/install/drone_bridge' for CMake config files
[12.430s] Level 1:colcon.colcon_core.shell:create_environment_hook('drone_bridge', 'cmake_prefix_path')
[12.431s] INFO:colcon.colcon_core.shell:Creating environment hook '/home/ishank/ros2_ws/install/drone_bridge/share/drone_bridge/hook/cmake_prefix_path.ps1'
[12.431s] INFO:colcon.colcon_core.shell:Creating environment descriptor '/home/ishank/ros2_ws/install/drone_bridge/share/drone_bridge/hook/cmake_prefix_path.dsv'
[12.432s] INFO:colcon.colcon_core.shell:Creating environment hook '/home/ishank/ros2_ws/install/drone_bridge/share/drone_bridge/hook/cmake_prefix_path.sh'
[12.432s] Level 1:colcon.colcon_core.environment:checking '/home/ishank/ros2_ws/install/drone_bridge/lib'
[12.432s] Level 1:colcon.colcon_core.environment:checking '/home/ishank/ros2_ws/install/drone_bridge/bin'
[12.432s] Level 1:colcon.colcon_core.environment:checking '/home/ishank/ros2_ws/install/drone_bridge/lib/pkgconfig/drone_bridge.pc'
[12.432s] Level 1:colcon.colcon_core.environment:checking '/home/ishank/ros2_ws/install/drone_bridge/lib/python3.10/site-packages'
[12.433s] Level 1:colcon.colcon_core.environment:checking '/home/ishank/ros2_ws/install/drone_bridge/bin'
[12.433s] INFO:colcon.colcon_core.shell:Creating package script '/home/ishank/ros2_ws/install/drone_bridge/share/drone_bridge/package.ps1'
[12.434s] INFO:colcon.colcon_core.shell:Creating package descriptor '/home/ishank/ros2_ws/install/drone_bridge/share/drone_bridge/package.dsv'
[12.434s] INFO:colcon.colcon_core.shell:Creating package script '/home/ishank/ros2_ws/install/drone_bridge/share/drone_bridge/package.sh'
[12.435s] INFO:colcon.colcon_core.shell:Creating package script '/home/ishank/ros2_ws/install/drone_bridge/share/drone_bridge/package.bash'
[12.435s] INFO:colcon.colcon_core.shell:Creating package script '/home/ishank/ros2_ws/install/drone_bridge/share/drone_bridge/package.zsh'
[12.436s] Level 1:colcon.colcon_core.environment:create_file_with_runtime_dependencies(/home/ishank/ros2_ws/install/drone_bridge/share/colcon-core/packages/drone_bridge)
[12.436s] DEBUG:colcon.colcon_parallel_executor.executor.parallel:closing loop
[12.436s] DEBUG:colcon.colcon_parallel_executor.executor.parallel:loop closed
[12.437s] DEBUG:colcon.colcon_parallel_executor.executor.parallel:run_until_complete finished with '0'
[12.437s] DEBUG:colcon.colcon_core.event_reactor:joining thread
[12.480s] INFO:colcon.colcon_core.plugin_system:Skipping extension 'colcon_notification.desktop_notification.notify_send': Could not find 'notify-send'
[12.480s] INFO:colcon.colcon_core.plugin_system:Skipping extension 'colcon_notification.desktop_notification.terminal_notifier': Not used on non-Darwin systems
[12.481s] INFO:colcon.colcon_core.plugin_system:Skipping extension 'colcon_notification.desktop_notification.win32': Not used on non-Windows systems
[12.481s] INFO:colcon.colcon_notification.desktop_notification:Sending desktop notification using 'notify2'
[12.481s] DEBUG:colcon.colcon_notification.desktop_notification.notify2:Failed to initialize notify2: org.freedesktop.DBus.Error.FileNotFound: Failed to connect to socket /run/user/1000/bus: No such file or directory
[12.481s] DEBUG:colcon.colcon_core.event_reactor:joined thread
[12.481s] INFO:colcon.colcon_core.shell:Creating prefix script '/home/ishank/ros2_ws/install/local_setup.ps1'
[12.483s] INFO:colcon.colcon_core.shell:Creating prefix util module '/home/ishank/ros2_ws/install/_local_setup_util_ps1.py'
[12.484s] INFO:colcon.colcon_core.shell:Creating prefix chain script '/home/ishank/ros2_ws/install/setup.ps1'
[12.487s] INFO:colcon.colcon_core.shell:Creating prefix script '/home/ishank/ros2_ws/install/local_setup.sh'
[12.488s] INFO:colcon.colcon_core.shell:Creating prefix util module '/home/ishank/ros2_ws/install/_local_setup_util_sh.py'
[12.488s] INFO:colcon.colcon_core.shell:Creating prefix chain script '/home/ishank/ros2_ws/install/setup.sh'
[12.490s] INFO:colcon.colcon_core.shell:Creating prefix script '/home/ishank/ros2_ws/install/local_setup.bash'
[12.490s] INFO:colcon.colcon_core.shell:Creating prefix chain script '/home/ishank/ros2_ws/install/setup.bash'
[12.492s] INFO:colcon.colcon_core.shell:Creating prefix script '/home/ishank/ros2_ws/install/local_setup.zsh'
[12.492s] INFO:colcon.colcon_core.shell:Creating prefix chain script '/home/ishank/ros2_ws/install/setup.zsh'
