[0.088s] Invoking command in '/home/ishank/ros2_ws/build/drone_planner': CMAKE_PREFIX_PATH=/home/ishank/ros2_ws/install/drone_msgs:/home/ishank/ros2_ws/install/drone_sim:/home/ishank/ros2_ws/install/drone_controller:/home/ishank/ros2_ws/install/drone_bridge:/opt/ros/humble /usr/bin/cmake /home/ishank/ros2_ws/src/drone_planner -DAMENT_CMAKE_SYMLINK_INSTALL=1 -DCMAKE_INSTALL_PREFIX=/home/ishank/ros2_ws/install/drone_planner
[0.205s] -- The C compiler identification is GNU 11.4.0
[0.642s] -- The CXX compiler identification is GNU 11.4.0
[1.016s] -- Detecting C compiler ABI info
[1.211s] -- Detecting C compiler ABI info - done
[1.222s] -- Check for working C compiler: /usr/bin/cc - skipped
[1.222s] -- Detecting C compile features
[1.223s] -- Detecting C compile features - done
[1.227s] -- Detecting CXX compiler ABI info
[1.407s] -- Detecting CXX compiler ABI info - done
[1.419s] -- Check for working CXX compiler: /usr/bin/c++ - skipped
[1.419s] -- Detecting CXX compile features
[1.420s] -- Detecting CXX compile features - done
[1.425s] -- Found ament_cmake: 1.3.14 (/opt/ros/humble/share/ament_cmake/cmake)
[1.646s] -- Found Python3: /usr/bin/python3 (found version "3.10.12") found components: Interpreter 
[1.751s] -- Override CMake install command with custom implementation using symlinks instead of copying resources
[1.778s] -- Found rclcpp: 16.0.19 (/opt/ros/humble/share/rclcpp/cmake)
[1.987s] -- Found rosidl_generator_c: 3.1.8 (/opt/ros/humble/share/rosidl_generator_c/cmake)
[1.993s] -- Found rosidl_adapter: 3.1.8 (/opt/ros/humble/share/rosidl_adapter/cmake)
[2.003s] -- Found rosidl_generator_cpp: 3.1.8 (/opt/ros/humble/share/rosidl_generator_cpp/cmake)
[2.015s] -- Using all available rosidl_typesupport_c: rosidl_typesupport_fastrtps_c;rosidl_typesupport_introspection_c
[2.037s] -- Using all available rosidl_typesupport_cpp: rosidl_typesupport_fastrtps_cpp;rosidl_typesupport_introspection_cpp
[2.104s] -- Found rmw_implementation_cmake: 6.1.2 (/opt/ros/humble/share/rmw_implementation_cmake/cmake)
[2.108s] -- Found rmw_fastrtps_cpp: 6.2.10 (/opt/ros/humble/share/rmw_fastrtps_cpp/cmake)
[3.056s] -- Found OpenSSL: /usr/lib/x86_64-linux-gnu/libcrypto.so (found version "3.0.2")  
[4.048s] -- Found FastRTPS: /opt/ros/humble/include  
[6.536s] -- Using RMW implementation 'rmw_fastrtps_cpp' as default
[6.554s] -- Looking for pthread.h
[6.697s] -- Looking for pthread.h - found
[6.698s] -- Performing Test CMAKE_HAVE_LIBC_PTHREAD
[6.837s] -- Performing Test CMAKE_HAVE_LIBC_PTHREAD - Success
[6.838s] -- Found Threads: TRUE  
[6.932s] -- Found geometry_msgs: 4.9.1 (/opt/ros/humble/share/geometry_msgs/cmake)
[6.950s] -- Found drone_msgs: 0.0.0 (/home/ishank/ros2_ws/install/drone_msgs/share/drone_msgs/cmake)
[6.971s] -- Found ament_lint_auto: 0.12.15 (/opt/ros/humble/share/ament_lint_auto/cmake)
[7.093s] -- Added test 'lint_cmake' to check CMake code style
[7.095s] -- Added test 'xmllint' to check XML markup files
[7.098s] -- Configuring done
[7.108s] -- Generating done
[7.112s] -- Build files have been written to: /home/ishank/ros2_ws/build/drone_planner
[7.128s] Invoked command in '/home/ishank/ros2_ws/build/drone_planner' returned '0': CMAKE_PREFIX_PATH=/home/ishank/ros2_ws/install/drone_msgs:/home/ishank/ros2_ws/install/drone_sim:/home/ishank/ros2_ws/install/drone_controller:/home/ishank/ros2_ws/install/drone_bridge:/opt/ros/humble /usr/bin/cmake /home/ishank/ros2_ws/src/drone_planner -DAMENT_CMAKE_SYMLINK_INSTALL=1 -DCMAKE_INSTALL_PREFIX=/home/ishank/ros2_ws/install/drone_planner
[7.131s] Invoking command in '/home/ishank/ros2_ws/build/drone_planner': CMAKE_PREFIX_PATH=/home/ishank/ros2_ws/install/drone_msgs:/home/ishank/ros2_ws/install/drone_sim:/home/ishank/ros2_ws/install/drone_controller:/home/ishank/ros2_ws/install/drone_bridge:/opt/ros/humble /usr/bin/cmake --build /home/ishank/ros2_ws/build/drone_planner -- -j8 -l8
[7.183s] Invoked command in '/home/ishank/ros2_ws/build/drone_planner' returned '0': CMAKE_PREFIX_PATH=/home/ishank/ros2_ws/install/drone_msgs:/home/ishank/ros2_ws/install/drone_sim:/home/ishank/ros2_ws/install/drone_controller:/home/ishank/ros2_ws/install/drone_bridge:/opt/ros/humble /usr/bin/cmake --build /home/ishank/ros2_ws/build/drone_planner -- -j8 -l8
[7.185s] Invoking command in '/home/ishank/ros2_ws/build/drone_planner': CMAKE_PREFIX_PATH=/home/ishank/ros2_ws/install/drone_msgs:/home/ishank/ros2_ws/install/drone_sim:/home/ishank/ros2_ws/install/drone_controller:/home/ishank/ros2_ws/install/drone_bridge:/opt/ros/humble /usr/bin/cmake --install /home/ishank/ros2_ws/build/drone_planner
[7.196s] -- Install configuration: ""
[7.198s] -- Execute custom install script
[7.198s] -- Symlinking: /home/ishank/ros2_ws/install/drone_planner/share/ament_index/resource_index/package_run_dependencies/drone_planner
[7.212s] -- Symlinking: /home/ishank/ros2_ws/install/drone_planner/share/ament_index/resource_index/parent_prefix_path/drone_planner
[7.222s] -- Symlinking: /home/ishank/ros2_ws/install/drone_planner/share/drone_planner/environment/ament_prefix_path.sh
[7.232s] -- Symlinking: /home/ishank/ros2_ws/install/drone_planner/share/drone_planner/environment/ament_prefix_path.dsv
[7.247s] -- Symlinking: /home/ishank/ros2_ws/install/drone_planner/share/drone_planner/environment/path.sh
[7.264s] -- Symlinking: /home/ishank/ros2_ws/install/drone_planner/share/drone_planner/environment/path.dsv
[7.279s] -- Symlinking: /home/ishank/ros2_ws/install/drone_planner/share/drone_planner/local_setup.bash
[7.293s] -- Symlinking: /home/ishank/ros2_ws/install/drone_planner/share/drone_planner/local_setup.sh
[7.303s] -- Symlinking: /home/ishank/ros2_ws/install/drone_planner/share/drone_planner/local_setup.zsh
[7.314s] -- Symlinking: /home/ishank/ros2_ws/install/drone_planner/share/drone_planner/local_setup.dsv
[7.327s] -- Symlinking: /home/ishank/ros2_ws/install/drone_planner/share/drone_planner/package.dsv
[7.339s] -- Symlinking: /home/ishank/ros2_ws/install/drone_planner/share/ament_index/resource_index/packages/drone_planner
[7.352s] -- Symlinking: /home/ishank/ros2_ws/install/drone_planner/share/drone_planner/cmake/drone_plannerConfig.cmake
[7.363s] -- Symlinking: /home/ishank/ros2_ws/install/drone_planner/share/drone_planner/cmake/drone_plannerConfig-version.cmake
[7.375s] -- Symlinking: /home/ishank/ros2_ws/install/drone_planner/share/drone_planner/package.xml
[7.387s] Invoked command in '/home/ishank/ros2_ws/build/drone_planner' returned '0': CMAKE_PREFIX_PATH=/home/ishank/ros2_ws/install/drone_msgs:/home/ishank/ros2_ws/install/drone_sim:/home/ishank/ros2_ws/install/drone_controller:/home/ishank/ros2_ws/install/drone_bridge:/opt/ros/humble /usr/bin/cmake --install /home/ishank/ros2_ws/build/drone_planner
