[0.118s] Invoking command in '/home/ishank/ros2_ws/build/drone_bridge': CMAKE_PREFIX_PATH=/home/ishank/ros2_ws/install/drone_msgs:/home/ishank/ros2_ws/install/mission_manager:/home/ishank/ros2_ws/install/drone_planner:/home/ishank/ros2_ws/install/drone_common:/home/ishank/ros2_ws/install/drone_sim:/home/ishank/ros2_ws/install/drone_controller:/home/ishank/ros2_ws/install/drone_bridge:/opt/ros/humble /usr/bin/cmake --build /home/ishank/ros2_ws/build/drone_bridge -- -j8 -l8
[0.295s] [35m[1mConsolidate compiler generated dependencies of target gazebo_bridge_node[0m
[0.327s] [ 33%] [32mBuilding CXX object CMakeFiles/gazebo_bridge_node.dir/src/gazebo_bridge_node.cpp.o[0m
[0.332s] [ 66%] [32mBuilding CXX object CMakeFiles/gazebo_bridge_node.dir/src/main.cpp.o[0m
[12.039s] [100%] [32m[1mLinking CXX executable gazebo_bridge_node[0m
[14.537s] [100%] Built target gazebo_bridge_node
[14.573s] Invoked command in '/home/ishank/ros2_ws/build/drone_bridge' returned '0': CMAKE_PREFIX_PATH=/home/ishank/ros2_ws/install/drone_msgs:/home/ishank/ros2_ws/install/mission_manager:/home/ishank/ros2_ws/install/drone_planner:/home/ishank/ros2_ws/install/drone_common:/home/ishank/ros2_ws/install/drone_sim:/home/ishank/ros2_ws/install/drone_controller:/home/ishank/ros2_ws/install/drone_bridge:/opt/ros/humble /usr/bin/cmake --build /home/ishank/ros2_ws/build/drone_bridge -- -j8 -l8
[14.623s] Invoking command in '/home/ishank/ros2_ws/build/drone_bridge': CMAKE_PREFIX_PATH=/home/ishank/ros2_ws/install/drone_msgs:/home/ishank/ros2_ws/install/mission_manager:/home/ishank/ros2_ws/install/drone_planner:/home/ishank/ros2_ws/install/drone_common:/home/ishank/ros2_ws/install/drone_sim:/home/ishank/ros2_ws/install/drone_controller:/home/ishank/ros2_ws/install/drone_bridge:/opt/ros/humble /usr/bin/cmake --install /home/ishank/ros2_ws/build/drone_bridge
[14.634s] -- Install configuration: ""
[14.664s] -- Execute custom install script
[14.691s] -- Up-to-date symlink: /home/ishank/ros2_ws/install/drone_bridge/lib/drone_bridge/gazebo_bridge_node
[14.708s] -- Up-to-date symlink: /home/ishank/ros2_ws/install/drone_bridge/include/drone_bridge/gazebo_bridge_node.hpp
[14.708s] -- Up-to-date symlink: /home/ishank/ros2_ws/install/drone_bridge/share/ament_index/resource_index/package_run_dependencies/drone_bridge
[14.723s] -- Up-to-date symlink: /home/ishank/ros2_ws/install/drone_bridge/share/ament_index/resource_index/parent_prefix_path/drone_bridge
[14.724s] -- Up-to-date symlink: /home/ishank/ros2_ws/install/drone_bridge/share/drone_bridge/environment/ament_prefix_path.sh
[14.738s] -- Up-to-date symlink: /home/ishank/ros2_ws/install/drone_bridge/share/drone_bridge/environment/ament_prefix_path.dsv
[14.755s] -- Up-to-date symlink: /home/ishank/ros2_ws/install/drone_bridge/share/drone_bridge/environment/path.sh
[14.757s] -- Up-to-date symlink: /home/ishank/ros2_ws/install/drone_bridge/share/drone_bridge/environment/path.dsv
[14.757s] -- Up-to-date symlink: /home/ishank/ros2_ws/install/drone_bridge/share/drone_bridge/local_setup.bash
[14.764s] -- Up-to-date symlink: /home/ishank/ros2_ws/install/drone_bridge/share/drone_bridge/local_setup.sh
[14.785s] -- Up-to-date symlink: /home/ishank/ros2_ws/install/drone_bridge/share/drone_bridge/local_setup.zsh
[14.787s] -- Up-to-date symlink: /home/ishank/ros2_ws/install/drone_bridge/share/drone_bridge/local_setup.dsv
[14.787s] -- Symlinking: /home/ishank/ros2_ws/install/drone_bridge/share/drone_bridge/package.dsv
[14.816s] -- Up-to-date symlink: /home/ishank/ros2_ws/install/drone_bridge/share/ament_index/resource_index/packages/drone_bridge
[14.845s] -- Up-to-date symlink: /home/ishank/ros2_ws/install/drone_bridge/share/drone_bridge/cmake/drone_bridgeConfig.cmake
[14.853s] -- Up-to-date symlink: /home/ishank/ros2_ws/install/drone_bridge/share/drone_bridge/cmake/drone_bridgeConfig-version.cmake
[14.855s] -- Up-to-date symlink: /home/ishank/ros2_ws/install/drone_bridge/share/drone_bridge/package.xml
[14.867s] Invoked command in '/home/ishank/ros2_ws/build/drone_bridge' returned '0': CMAKE_PREFIX_PATH=/home/ishank/ros2_ws/install/drone_msgs:/home/ishank/ros2_ws/install/mission_manager:/home/ishank/ros2_ws/install/drone_planner:/home/ishank/ros2_ws/install/drone_common:/home/ishank/ros2_ws/install/drone_sim:/home/ishank/ros2_ws/install/drone_controller:/home/ishank/ros2_ws/install/drone_bridge:/opt/ros/humble /usr/bin/cmake --install /home/ishank/ros2_ws/build/drone_bridge
