[0.023s] Invoking command in '/home/ishank/ros2_ws/build/drone_msgs': CMAKE_PREFIX_PATH=${CMAKE_PREFIX_PATH}:/opt/ros/humble /usr/bin/cmake /home/ishank/ros2_ws/src/drone_msgs -DAMENT_CMAKE_SYMLINK_INSTALL=1 -DCMAKE_INSTALL_PREFIX=/home/ishank/ros2_ws/install/drone_msgs
[0.307s] -- The C compiler identification is GNU 11.4.0
[0.678s] -- The CXX compiler identification is GNU 11.4.0
[0.976s] -- Detecting C compiler ABI info
[1.116s] -- Detecting C compiler ABI info - done
[1.127s] -- Check for working C compiler: /usr/bin/cc - skipped
[1.128s] -- Detecting C compile features
[1.128s] -- Detecting C compile features - done
[1.131s] -- Detecting CXX compiler ABI info
[1.291s] -- Detecting CXX compiler ABI info - done
[1.299s] -- Check for working CXX compiler: /usr/bin/c++ - skipped
[1.299s] -- Detecting CXX compile features
[1.300s] -- Detecting CXX compile features - done
[1.302s] -- Found ament_cmake: 1.3.14 (/opt/ros/humble/share/ament_cmake/cmake)
[1.465s] -- Found Python3: /usr/bin/python3 (found version "3.10.12") found components: Interpreter 
[1.541s] -- Override CMake install command with custom implementation using symlinks instead of copying resources
[1.561s] -- Found rosidl_default_generators: 1.2.1 (/opt/ros/humble/share/rosidl_default_generators/cmake)
[1.568s] -- Using all available rosidl_typesupport_c: rosidl_typesupport_fastrtps_c;rosidl_typesupport_introspection_c
[1.577s] -- Found rosidl_adapter: 3.1.8 (/opt/ros/humble/share/rosidl_adapter/cmake)
[1.794s] -- Using all available rosidl_typesupport_cpp: rosidl_typesupport_fastrtps_cpp;rosidl_typesupport_introspection_cpp
[1.866s] -- Found std_msgs: 4.9.1 (/opt/ros/humble/share/std_msgs/cmake)
[1.913s] -- Found geometry_msgs: 4.9.1 (/opt/ros/humble/share/geometry_msgs/cmake)
[2.217s] -- Found ament_cmake_ros: 0.10.0 (/opt/ros/humble/share/ament_cmake_ros/cmake)
[2.449s] -- Using all available rosidl_typesupport_c: rosidl_typesupport_fastrtps_c;rosidl_typesupport_introspection_c
[2.763s] -- Using all available rosidl_typesupport_cpp: rosidl_typesupport_fastrtps_cpp;rosidl_typesupport_introspection_cpp
[2.857s] -- Found PythonInterp: /usr/bin/python3 (found suitable version "3.10.12", minimum required is "3.6") 
[2.869s] -- Found python_cmake_module: 0.10.0 (/opt/ros/humble/share/python_cmake_module/cmake)
[3.129s] -- Found PythonLibs: /usr/lib/x86_64-linux-gnu/libpython3.10.so (found suitable version "3.10.12", minimum required is "3.5") 
[3.129s] -- Using PYTHON_EXECUTABLE: /usr/bin/python3
[3.129s] -- Using PYTHON_INCLUDE_DIRS: /usr/include/python3.10
[3.129s] -- Using PYTHON_LIBRARIES: /usr/lib/x86_64-linux-gnu/libpython3.10.so
[3.146s] -- Found PythonExtra: .so  
[3.322s] -- Configuring done
[3.378s] -- Generating done
[3.393s] -- Build files have been written to: /home/ishank/ros2_ws/build/drone_msgs
[3.401s] Invoked command in '/home/ishank/ros2_ws/build/drone_msgs' returned '0': CMAKE_PREFIX_PATH=${CMAKE_PREFIX_PATH}:/opt/ros/humble /usr/bin/cmake /home/ishank/ros2_ws/src/drone_msgs -DAMENT_CMAKE_SYMLINK_INSTALL=1 -DCMAKE_INSTALL_PREFIX=/home/ishank/ros2_ws/install/drone_msgs
[3.402s] Invoking command in '/home/ishank/ros2_ws/build/drone_msgs': CMAKE_PREFIX_PATH=${CMAKE_PREFIX_PATH}:/opt/ros/humble /usr/bin/cmake --build /home/ishank/ros2_ws/build/drone_msgs -- -j8 -l8
[3.436s] [  1%] [34m[1mGenerating C code for ROS interfaces[0m
[3.449s] [  2%] [34m[1mGenerating Rust code for ROS interfaces[0m
[3.449s] [  4%] [34m[1mGenerating C++ code for ROS interfaces[0m
[3.458s] [  4%] Built target ament_cmake_python_symlink_drone_msgs
[3.888s] running egg_info
[3.889s] creating drone_msgs.egg-info
[3.890s] writing drone_msgs.egg-info/PKG-INFO
[3.891s] writing dependency_links to drone_msgs.egg-info/dependency_links.txt
[3.891s] writing top-level names to drone_msgs.egg-info/top_level.txt
[3.892s] writing manifest file 'drone_msgs.egg-info/SOURCES.txt'
[3.897s] reading manifest file 'drone_msgs.egg-info/SOURCES.txt'
[3.897s] writing manifest file 'drone_msgs.egg-info/SOURCES.txt'
[3.963s] [  4%] Built target ament_cmake_python_build_drone_msgs_egg
[4.000s] [  4%] Built target drone_msgs__rs
[4.363s] [  4%] Built target drone_msgs__cpp
[4.364s] [  6%] [32mBuilding C object CMakeFiles/drone_msgs__rosidl_generator_c.dir/rosidl_generator_c/drone_msgs/msg/detail/mission__functions.c.o[0m
[4.365s] [  8%] [32mBuilding C object CMakeFiles/drone_msgs__rosidl_generator_c.dir/rosidl_generator_c/drone_msgs/msg/detail/primitive_status__functions.c.o[0m
[4.365s] [  8%] [32mBuilding C object CMakeFiles/drone_msgs__rosidl_generator_c.dir/rosidl_generator_c/drone_msgs/msg/detail/drone_state__functions.c.o[0m
[4.365s] [  9%] [32mBuilding C object CMakeFiles/drone_msgs__rosidl_generator_c.dir/rosidl_generator_c/drone_msgs/msg/detail/mission_plan__functions.c.o[0m
[4.365s] [ 11%] [32mBuilding C object CMakeFiles/drone_msgs__rosidl_generator_c.dir/rosidl_generator_c/drone_msgs/msg/detail/primitive__functions.c.o[0m
[4.367s] [ 12%] [32mBuilding C object CMakeFiles/drone_msgs__rosidl_generator_c.dir/rosidl_generator_c/drone_msgs/msg/detail/battery__functions.c.o[0m
[4.386s] [ 15%] [34m[1mGenerating C++ introspection for ROS interfaces[0m
[4.386s] [ 15%] [34m[1mGenerating C++ type support for eProsima Fast-RTPS[0m
[4.501s] [ 16%] [34m[1mGenerating C++ type support dispatch for ROS interfaces[0m
[4.501s] [ 18%] [32m[1mLinking C shared library libdrone_msgs__rosidl_generator_c.so[0m
[4.692s] [ 18%] Built target drone_msgs__rosidl_generator_c
[4.710s] [ 19%] [34m[1mGenerating C type support dispatch for ROS interfaces[0m
[4.712s] [ 20%] [34m[1mGenerating C type support for eProsima Fast-RTPS[0m
[4.712s] [ 22%] [34m[1mGenerating C introspection for ROS interfaces[0m
[5.268s] [ 23%] [32mBuilding CXX object CMakeFiles/drone_msgs__rosidl_typesupport_cpp.dir/rosidl_typesupport_cpp/drone_msgs/msg/drone_state__type_support.cpp.o[0m
[5.290s] [ 25%] [32mBuilding CXX object CMakeFiles/drone_msgs__rosidl_typesupport_cpp.dir/rosidl_typesupport_cpp/drone_msgs/msg/primitive__type_support.cpp.o[0m
[5.316s] [ 26%] [32mBuilding CXX object CMakeFiles/drone_msgs__rosidl_typesupport_cpp.dir/rosidl_typesupport_cpp/drone_msgs/msg/mission__type_support.cpp.o[0m
[5.346s] [ 27%] [32mBuilding CXX object CMakeFiles/drone_msgs__rosidl_typesupport_introspection_cpp.dir/rosidl_typesupport_introspection_cpp/drone_msgs/msg/detail/drone_state__type_support.cpp.o[0m
[5.532s] [ 29%] [32mBuilding CXX object CMakeFiles/drone_msgs__rosidl_typesupport_fastrtps_cpp.dir/rosidl_typesupport_fastrtps_cpp/drone_msgs/msg/detail/dds_fastrtps/drone_state__type_support.cpp.o[0m
[5.627s] [ 30%] [32mBuilding CXX object CMakeFiles/drone_msgs__rosidl_typesupport_c.dir/rosidl_typesupport_c/drone_msgs/msg/drone_state__type_support.cpp.o[0m
[5.700s] [ 31%] [32mBuilding CXX object CMakeFiles/drone_msgs__rosidl_typesupport_c.dir/rosidl_typesupport_c/drone_msgs/msg/primitive__type_support.cpp.o[0m
[5.766s] [ 33%] [32mBuilding CXX object CMakeFiles/drone_msgs__rosidl_typesupport_c.dir/rosidl_typesupport_c/drone_msgs/msg/mission__type_support.cpp.o[0m
[5.820s] [ 34%] [32mBuilding CXX object CMakeFiles/drone_msgs__rosidl_typesupport_c.dir/rosidl_typesupport_c/drone_msgs/msg/mission_plan__type_support.cpp.o[0m
[5.867s] [ 36%] [32mBuilding C object CMakeFiles/drone_msgs__rosidl_typesupport_introspection_c.dir/rosidl_typesupport_introspection_c/drone_msgs/msg/detail/drone_state__type_support.c.o[0m
[5.884s] [ 37%] [32mBuilding CXX object CMakeFiles/drone_msgs__rosidl_typesupport_c.dir/rosidl_typesupport_c/drone_msgs/msg/primitive_status__type_support.cpp.o[0m
[5.927s] [ 38%] [32mBuilding CXX object CMakeFiles/drone_msgs__rosidl_typesupport_fastrtps_c.dir/rosidl_typesupport_fastrtps_c/drone_msgs/msg/detail/drone_state__type_support_c.cpp.o[0m
[5.941s] [ 40%] [32mBuilding C object CMakeFiles/drone_msgs__rosidl_typesupport_introspection_c.dir/rosidl_typesupport_introspection_c/drone_msgs/msg/detail/primitive__type_support.c.o[0m
[5.946s] [ 41%] [32mBuilding C object CMakeFiles/drone_msgs__rosidl_typesupport_introspection_c.dir/rosidl_typesupport_introspection_c/drone_msgs/msg/detail/mission__type_support.c.o[0m
[5.950s] [ 43%] [32mBuilding CXX object CMakeFiles/drone_msgs__rosidl_typesupport_fastrtps_c.dir/rosidl_typesupport_fastrtps_c/drone_msgs/msg/detail/primitive__type_support_c.cpp.o[0m
[5.951s] [ 44%] [32mBuilding CXX object CMakeFiles/drone_msgs__rosidl_typesupport_c.dir/rosidl_typesupport_c/drone_msgs/msg/battery__type_support.cpp.o[0m
[5.968s] [ 45%] [32mBuilding CXX object CMakeFiles/drone_msgs__rosidl_typesupport_cpp.dir/rosidl_typesupport_cpp/drone_msgs/msg/mission_plan__type_support.cpp.o[0m
[6.008s] [ 47%] [32mBuilding CXX object CMakeFiles/drone_msgs__rosidl_typesupport_cpp.dir/rosidl_typesupport_cpp/drone_msgs/msg/primitive_status__type_support.cpp.o[0m
[6.014s] [ 48%] [32m[1mLinking CXX shared library libdrone_msgs__rosidl_typesupport_c.so[0m
[6.026s] [ 50%] [32mBuilding C object CMakeFiles/drone_msgs__rosidl_typesupport_introspection_c.dir/rosidl_typesupport_introspection_c/drone_msgs/msg/detail/mission_plan__type_support.c.o[0m
[6.117s] [ 51%] [32mBuilding C object CMakeFiles/drone_msgs__rosidl_typesupport_introspection_c.dir/rosidl_typesupport_introspection_c/drone_msgs/msg/detail/primitive_status__type_support.c.o[0m
[6.187s] [ 52%] [32mBuilding C object CMakeFiles/drone_msgs__rosidl_typesupport_introspection_c.dir/rosidl_typesupport_introspection_c/drone_msgs/msg/detail/battery__type_support.c.o[0m
[6.236s] [ 52%] Built target drone_msgs__rosidl_typesupport_c
[6.243s] [ 54%] [32mBuilding CXX object CMakeFiles/drone_msgs__rosidl_typesupport_introspection_cpp.dir/rosidl_typesupport_introspection_cpp/drone_msgs/msg/detail/primitive__type_support.cpp.o[0m
[6.258s] [ 56%] [32m[1mLinking C shared library libdrone_msgs__rosidl_typesupport_introspection_c.so[0m
[6.258s] [ 56%] [32mBuilding CXX object CMakeFiles/drone_msgs__rosidl_typesupport_fastrtps_cpp.dir/rosidl_typesupport_fastrtps_cpp/drone_msgs/msg/detail/dds_fastrtps/primitive__type_support.cpp.o[0m
[6.458s] [ 56%] Built target drone_msgs__rosidl_typesupport_introspection_c
[6.473s] [ 58%] [32mBuilding CXX object CMakeFiles/drone_msgs__rosidl_typesupport_introspection_cpp.dir/rosidl_typesupport_introspection_cpp/drone_msgs/msg/detail/mission__type_support.cpp.o[0m
[6.473s] [ 59%] [32mBuilding CXX object CMakeFiles/drone_msgs__rosidl_typesupport_fastrtps_cpp.dir/rosidl_typesupport_fastrtps_cpp/drone_msgs/msg/detail/dds_fastrtps/mission__type_support.cpp.o[0m
[6.641s] [ 61%] [32mBuilding CXX object CMakeFiles/drone_msgs__rosidl_typesupport_fastrtps_c.dir/rosidl_typesupport_fastrtps_c/drone_msgs/msg/detail/mission__type_support_c.cpp.o[0m
[6.656s] [ 62%] [32mBuilding CXX object CMakeFiles/drone_msgs__rosidl_typesupport_cpp.dir/rosidl_typesupport_cpp/drone_msgs/msg/battery__type_support.cpp.o[0m
[6.733s] [ 63%] [32mBuilding CXX object CMakeFiles/drone_msgs__rosidl_typesupport_introspection_cpp.dir/rosidl_typesupport_introspection_cpp/drone_msgs/msg/detail/mission_plan__type_support.cpp.o[0m
[6.773s] [ 65%] [32mBuilding CXX object CMakeFiles/drone_msgs__rosidl_typesupport_fastrtps_c.dir/rosidl_typesupport_fastrtps_c/drone_msgs/msg/detail/mission_plan__type_support_c.cpp.o[0m
[7.106s] [ 66%] [32mBuilding CXX object CMakeFiles/drone_msgs__rosidl_typesupport_fastrtps_cpp.dir/rosidl_typesupport_fastrtps_cpp/drone_msgs/msg/detail/dds_fastrtps/mission_plan__type_support.cpp.o[0m
[7.229s] [ 68%] [32m[1mLinking CXX shared library libdrone_msgs__rosidl_typesupport_cpp.so[0m
[7.231s] [ 69%] [32mBuilding CXX object CMakeFiles/drone_msgs__rosidl_typesupport_fastrtps_cpp.dir/rosidl_typesupport_fastrtps_cpp/drone_msgs/msg/detail/dds_fastrtps/primitive_status__type_support.cpp.o[0m
[7.398s] [ 70%] [32mBuilding CXX object CMakeFiles/drone_msgs__rosidl_typesupport_fastrtps_c.dir/rosidl_typesupport_fastrtps_c/drone_msgs/msg/detail/primitive_status__type_support_c.cpp.o[0m
[7.401s] [ 72%] [32mBuilding CXX object CMakeFiles/drone_msgs__rosidl_typesupport_fastrtps_cpp.dir/rosidl_typesupport_fastrtps_cpp/drone_msgs/msg/detail/dds_fastrtps/battery__type_support.cpp.o[0m
[7.461s] [ 72%] Built target drone_msgs__rosidl_typesupport_cpp
[7.476s] [ 73%] [32mBuilding CXX object CMakeFiles/drone_msgs__rosidl_typesupport_fastrtps_c.dir/rosidl_typesupport_fastrtps_c/drone_msgs/msg/detail/battery__type_support_c.cpp.o[0m
[7.476s] [ 75%] [32mBuilding CXX object CMakeFiles/drone_msgs__rosidl_typesupport_introspection_cpp.dir/rosidl_typesupport_introspection_cpp/drone_msgs/msg/detail/primitive_status__type_support.cpp.o[0m
[7.531s] [ 76%] [32mBuilding CXX object CMakeFiles/drone_msgs__rosidl_typesupport_introspection_cpp.dir/rosidl_typesupport_introspection_cpp/drone_msgs/msg/detail/battery__type_support.cpp.o[0m
[8.134s] [ 77%] [32m[1mLinking CXX shared library libdrone_msgs__rosidl_typesupport_fastrtps_c.so[0m
[8.178s] [ 79%] [32m[1mLinking CXX shared library libdrone_msgs__rosidl_typesupport_fastrtps_cpp.so[0m
[8.217s] [ 80%] [32m[1mLinking CXX shared library libdrone_msgs__rosidl_typesupport_introspection_cpp.so[0m
[8.327s] [ 80%] Built target drone_msgs__rosidl_typesupport_fastrtps_c
[8.400s] [ 80%] Built target drone_msgs__rosidl_typesupport_fastrtps_cpp
[8.468s] [ 80%] Built target drone_msgs__rosidl_typesupport_introspection_cpp
[8.496s] [ 80%] Built target drone_msgs
[8.516s] [ 81%] [34m[1mGenerating Python code for ROS interfaces[0m
[9.250s] [ 81%] Built target drone_msgs__py
[9.268s] [ 84%] [32mBuilding C object CMakeFiles/drone_msgs__rosidl_generator_py.dir/rosidl_generator_py/drone_msgs/msg/_primitive_status_s.c.o[0m
[9.268s] [ 84%] [32mBuilding C object CMakeFiles/drone_msgs__rosidl_generator_py.dir/rosidl_generator_py/drone_msgs/msg/_mission_plan_s.c.o[0m
[9.269s] [ 86%] [32mBuilding C object CMakeFiles/drone_msgs__rosidl_generator_py.dir/rosidl_generator_py/drone_msgs/msg/_drone_state_s.c.o[0m
[9.269s] [ 88%] [32mBuilding C object CMakeFiles/drone_msgs__rosidl_generator_py.dir/rosidl_generator_py/drone_msgs/msg/_primitive_s.c.o[0m
[9.269s] [ 88%] [32mBuilding C object CMakeFiles/drone_msgs__rosidl_generator_py.dir/rosidl_generator_py/drone_msgs/msg/_mission_s.c.o[0m
[9.270s] [ 90%] [32mBuilding C object CMakeFiles/drone_msgs__rosidl_generator_py.dir/rosidl_generator_py/drone_msgs/msg/_battery_s.c.o[0m
[9.480s] [ 91%] [32m[1mLinking C shared library rosidl_generator_py/drone_msgs/libdrone_msgs__rosidl_generator_py.so[0m
[9.573s] [ 91%] Built target drone_msgs__rosidl_generator_py
[9.590s] [ 93%] [32mBuilding C object CMakeFiles/drone_msgs__rosidl_typesupport_introspection_c__pyext.dir/rosidl_generator_py/drone_msgs/_drone_msgs_s.ep.rosidl_typesupport_introspection_c.c.o[0m
[9.593s] [ 95%] [32mBuilding C object CMakeFiles/drone_msgs__rosidl_typesupport_fastrtps_c__pyext.dir/rosidl_generator_py/drone_msgs/_drone_msgs_s.ep.rosidl_typesupport_fastrtps_c.c.o[0m
[9.593s] [ 95%] [32mBuilding C object CMakeFiles/drone_msgs__rosidl_typesupport_c__pyext.dir/rosidl_generator_py/drone_msgs/_drone_msgs_s.ep.rosidl_typesupport_c.c.o[0m
[9.737s] [ 97%] [32m[1mLinking C shared library rosidl_generator_py/drone_msgs/drone_msgs_s__rosidl_typesupport_introspection_c.cpython-310-x86_64-linux-gnu.so[0m
[9.738s] [ 98%] [32m[1mLinking C shared library rosidl_generator_py/drone_msgs/drone_msgs_s__rosidl_typesupport_fastrtps_c.cpython-310-x86_64-linux-gnu.so[0m
[9.739s] [100%] [32m[1mLinking C shared library rosidl_generator_py/drone_msgs/drone_msgs_s__rosidl_typesupport_c.cpython-310-x86_64-linux-gnu.so[0m
[9.821s] [100%] Built target drone_msgs__rosidl_typesupport_introspection_c__pyext
[9.826s] [100%] Built target drone_msgs__rosidl_typesupport_fastrtps_c__pyext
[9.826s] [100%] Built target drone_msgs__rosidl_typesupport_c__pyext
[9.840s] Invoked command in '/home/ishank/ros2_ws/build/drone_msgs' returned '0': CMAKE_PREFIX_PATH=${CMAKE_PREFIX_PATH}:/opt/ros/humble /usr/bin/cmake --build /home/ishank/ros2_ws/build/drone_msgs -- -j8 -l8
[9.843s] Invoking command in '/home/ishank/ros2_ws/build/drone_msgs': CMAKE_PREFIX_PATH=${CMAKE_PREFIX_PATH}:/opt/ros/humble /usr/bin/cmake --install /home/ishank/ros2_ws/build/drone_msgs
[9.849s] -- Install configuration: ""
[9.849s] -- Execute custom install script
[9.851s] -- Symlinking: /home/ishank/ros2_ws/install/drone_msgs/share/ament_index/resource_index/rosidl_interfaces/drone_msgs
[9.860s] -- Symlinking: /home/ishank/ros2_ws/install/drone_msgs/include/drone_msgs/drone_msgs/msg/battery.h
[9.867s] -- Symlinking: /home/ishank/ros2_ws/install/drone_msgs/include/drone_msgs/drone_msgs/msg/detail/battery__functions.h
[9.874s] -- Symlinking: /home/ishank/ros2_ws/install/drone_msgs/include/drone_msgs/drone_msgs/msg/detail/battery__struct.h
[9.881s] -- Symlinking: /home/ishank/ros2_ws/install/drone_msgs/include/drone_msgs/drone_msgs/msg/detail/battery__type_support.h
[9.888s] -- Symlinking: /home/ishank/ros2_ws/install/drone_msgs/include/drone_msgs/drone_msgs/msg/detail/drone_state__functions.h
[9.897s] -- Symlinking: /home/ishank/ros2_ws/install/drone_msgs/include/drone_msgs/drone_msgs/msg/detail/drone_state__struct.h
[9.906s] -- Symlinking: /home/ishank/ros2_ws/install/drone_msgs/include/drone_msgs/drone_msgs/msg/detail/drone_state__type_support.h
[9.914s] -- Symlinking: /home/ishank/ros2_ws/install/drone_msgs/include/drone_msgs/drone_msgs/msg/detail/mission__functions.h
[9.921s] -- Symlinking: /home/ishank/ros2_ws/install/drone_msgs/include/drone_msgs/drone_msgs/msg/detail/mission__struct.h
[9.929s] -- Symlinking: /home/ishank/ros2_ws/install/drone_msgs/include/drone_msgs/drone_msgs/msg/detail/mission__type_support.h
[9.936s] -- Symlinking: /home/ishank/ros2_ws/install/drone_msgs/include/drone_msgs/drone_msgs/msg/detail/mission_plan__functions.h
[9.942s] -- Symlinking: /home/ishank/ros2_ws/install/drone_msgs/include/drone_msgs/drone_msgs/msg/detail/mission_plan__struct.h
[9.950s] -- Symlinking: /home/ishank/ros2_ws/install/drone_msgs/include/drone_msgs/drone_msgs/msg/detail/mission_plan__type_support.h
[9.957s] -- Symlinking: /home/ishank/ros2_ws/install/drone_msgs/include/drone_msgs/drone_msgs/msg/detail/primitive__functions.h
[9.964s] -- Symlinking: /home/ishank/ros2_ws/install/drone_msgs/include/drone_msgs/drone_msgs/msg/detail/primitive__struct.h
[9.971s] -- Symlinking: /home/ishank/ros2_ws/install/drone_msgs/include/drone_msgs/drone_msgs/msg/detail/primitive__type_support.h
[9.978s] -- Symlinking: /home/ishank/ros2_ws/install/drone_msgs/include/drone_msgs/drone_msgs/msg/detail/primitive_status__functions.h
[9.984s] -- Symlinking: /home/ishank/ros2_ws/install/drone_msgs/include/drone_msgs/drone_msgs/msg/detail/primitive_status__struct.h
[9.992s] -- Symlinking: /home/ishank/ros2_ws/install/drone_msgs/include/drone_msgs/drone_msgs/msg/detail/primitive_status__type_support.h
[10.000s] -- Symlinking: /home/ishank/ros2_ws/install/drone_msgs/include/drone_msgs/drone_msgs/msg/drone_state.h
[10.008s] -- Symlinking: /home/ishank/ros2_ws/install/drone_msgs/include/drone_msgs/drone_msgs/msg/mission.h
[10.015s] -- Symlinking: /home/ishank/ros2_ws/install/drone_msgs/include/drone_msgs/drone_msgs/msg/mission_plan.h
[10.023s] -- Symlinking: /home/ishank/ros2_ws/install/drone_msgs/include/drone_msgs/drone_msgs/msg/primitive.h
[10.030s] -- Symlinking: /home/ishank/ros2_ws/install/drone_msgs/include/drone_msgs/drone_msgs/msg/primitive_status.h
[10.037s] -- Symlinking: /home/ishank/ros2_ws/install/drone_msgs/include/drone_msgs/drone_msgs/msg/rosidl_generator_c__visibility_control.h
[10.044s] -- Symlinking: /home/ishank/ros2_ws/install/drone_msgs/share/drone_msgs/environment/library_path.sh
[10.052s] -- Symlinking: /home/ishank/ros2_ws/install/drone_msgs/share/drone_msgs/environment/library_path.dsv
[10.059s] -- Symlinking: /home/ishank/ros2_ws/install/drone_msgs/include/drone_msgs/drone_msgs/msg/detail/battery__rosidl_typesupport_fastrtps_c.h
[10.066s] -- Symlinking: /home/ishank/ros2_ws/install/drone_msgs/include/drone_msgs/drone_msgs/msg/detail/drone_state__rosidl_typesupport_fastrtps_c.h
[10.073s] -- Symlinking: /home/ishank/ros2_ws/install/drone_msgs/include/drone_msgs/drone_msgs/msg/detail/mission__rosidl_typesupport_fastrtps_c.h
[10.079s] -- Symlinking: /home/ishank/ros2_ws/install/drone_msgs/include/drone_msgs/drone_msgs/msg/detail/mission_plan__rosidl_typesupport_fastrtps_c.h
[10.086s] -- Symlinking: /home/ishank/ros2_ws/install/drone_msgs/include/drone_msgs/drone_msgs/msg/detail/primitive__rosidl_typesupport_fastrtps_c.h
[10.094s] -- Symlinking: /home/ishank/ros2_ws/install/drone_msgs/include/drone_msgs/drone_msgs/msg/detail/primitive_status__rosidl_typesupport_fastrtps_c.h
[10.103s] -- Symlinking: /home/ishank/ros2_ws/install/drone_msgs/include/drone_msgs/drone_msgs/msg/rosidl_typesupport_fastrtps_c__visibility_control.h
[10.110s] -- Symlinking: /home/ishank/ros2_ws/install/drone_msgs/include/drone_msgs/drone_msgs/msg/detail/battery__rosidl_typesupport_introspection_c.h
[10.118s] -- Symlinking: /home/ishank/ros2_ws/install/drone_msgs/include/drone_msgs/drone_msgs/msg/detail/drone_state__rosidl_typesupport_introspection_c.h
[10.125s] -- Symlinking: /home/ishank/ros2_ws/install/drone_msgs/include/drone_msgs/drone_msgs/msg/detail/mission__rosidl_typesupport_introspection_c.h
[10.133s] -- Symlinking: /home/ishank/ros2_ws/install/drone_msgs/include/drone_msgs/drone_msgs/msg/detail/mission_plan__rosidl_typesupport_introspection_c.h
[10.141s] -- Symlinking: /home/ishank/ros2_ws/install/drone_msgs/include/drone_msgs/drone_msgs/msg/detail/primitive__rosidl_typesupport_introspection_c.h
[10.150s] -- Symlinking: /home/ishank/ros2_ws/install/drone_msgs/include/drone_msgs/drone_msgs/msg/detail/primitive_status__rosidl_typesupport_introspection_c.h
[10.157s] -- Symlinking: /home/ishank/ros2_ws/install/drone_msgs/include/drone_msgs/drone_msgs/msg/rosidl_typesupport_introspection_c__visibility_control.h
[10.168s] -- Symlinking: /home/ishank/ros2_ws/install/drone_msgs/include/drone_msgs/drone_msgs/msg/battery.hpp
[10.180s] -- Symlinking: /home/ishank/ros2_ws/install/drone_msgs/include/drone_msgs/drone_msgs/msg/detail/battery__builder.hpp
[10.193s] -- Symlinking: /home/ishank/ros2_ws/install/drone_msgs/include/drone_msgs/drone_msgs/msg/detail/battery__struct.hpp
[10.203s] -- Symlinking: /home/ishank/ros2_ws/install/drone_msgs/include/drone_msgs/drone_msgs/msg/detail/battery__traits.hpp
[10.217s] -- Symlinking: /home/ishank/ros2_ws/install/drone_msgs/include/drone_msgs/drone_msgs/msg/detail/battery__type_support.hpp
[10.234s] -- Symlinking: /home/ishank/ros2_ws/install/drone_msgs/include/drone_msgs/drone_msgs/msg/detail/drone_state__builder.hpp
[10.249s] -- Symlinking: /home/ishank/ros2_ws/install/drone_msgs/include/drone_msgs/drone_msgs/msg/detail/drone_state__struct.hpp
[10.260s] -- Symlinking: /home/ishank/ros2_ws/install/drone_msgs/include/drone_msgs/drone_msgs/msg/detail/drone_state__traits.hpp
[10.272s] -- Symlinking: /home/ishank/ros2_ws/install/drone_msgs/include/drone_msgs/drone_msgs/msg/detail/drone_state__type_support.hpp
[10.293s] -- Symlinking: /home/ishank/ros2_ws/install/drone_msgs/include/drone_msgs/drone_msgs/msg/detail/mission__builder.hpp
[10.319s] -- Symlinking: /home/ishank/ros2_ws/install/drone_msgs/include/drone_msgs/drone_msgs/msg/detail/mission__struct.hpp
[10.336s] -- Symlinking: /home/ishank/ros2_ws/install/drone_msgs/include/drone_msgs/drone_msgs/msg/detail/mission__traits.hpp
[10.350s] -- Symlinking: /home/ishank/ros2_ws/install/drone_msgs/include/drone_msgs/drone_msgs/msg/detail/mission__type_support.hpp
[10.359s] -- Symlinking: /home/ishank/ros2_ws/install/drone_msgs/include/drone_msgs/drone_msgs/msg/detail/mission_plan__builder.hpp
[10.368s] -- Symlinking: /home/ishank/ros2_ws/install/drone_msgs/include/drone_msgs/drone_msgs/msg/detail/mission_plan__struct.hpp
[10.380s] -- Symlinking: /home/ishank/ros2_ws/install/drone_msgs/include/drone_msgs/drone_msgs/msg/detail/mission_plan__traits.hpp
[10.388s] -- Symlinking: /home/ishank/ros2_ws/install/drone_msgs/include/drone_msgs/drone_msgs/msg/detail/mission_plan__type_support.hpp
[10.397s] -- Symlinking: /home/ishank/ros2_ws/install/drone_msgs/include/drone_msgs/drone_msgs/msg/detail/primitive__builder.hpp
[10.407s] -- Symlinking: /home/ishank/ros2_ws/install/drone_msgs/include/drone_msgs/drone_msgs/msg/detail/primitive__struct.hpp
[10.415s] -- Symlinking: /home/ishank/ros2_ws/install/drone_msgs/include/drone_msgs/drone_msgs/msg/detail/primitive__traits.hpp
[10.426s] -- Symlinking: /home/ishank/ros2_ws/install/drone_msgs/include/drone_msgs/drone_msgs/msg/detail/primitive__type_support.hpp
[10.435s] -- Symlinking: /home/ishank/ros2_ws/install/drone_msgs/include/drone_msgs/drone_msgs/msg/detail/primitive_status__builder.hpp
[10.444s] -- Symlinking: /home/ishank/ros2_ws/install/drone_msgs/include/drone_msgs/drone_msgs/msg/detail/primitive_status__struct.hpp
[10.454s] -- Symlinking: /home/ishank/ros2_ws/install/drone_msgs/include/drone_msgs/drone_msgs/msg/detail/primitive_status__traits.hpp
[10.462s] -- Symlinking: /home/ishank/ros2_ws/install/drone_msgs/include/drone_msgs/drone_msgs/msg/detail/primitive_status__type_support.hpp
[10.471s] -- Symlinking: /home/ishank/ros2_ws/install/drone_msgs/include/drone_msgs/drone_msgs/msg/drone_state.hpp
[10.479s] -- Symlinking: /home/ishank/ros2_ws/install/drone_msgs/include/drone_msgs/drone_msgs/msg/mission.hpp
[10.489s] -- Symlinking: /home/ishank/ros2_ws/install/drone_msgs/include/drone_msgs/drone_msgs/msg/mission_plan.hpp
[10.497s] -- Symlinking: /home/ishank/ros2_ws/install/drone_msgs/include/drone_msgs/drone_msgs/msg/primitive.hpp
[10.506s] -- Symlinking: /home/ishank/ros2_ws/install/drone_msgs/include/drone_msgs/drone_msgs/msg/primitive_status.hpp
[10.515s] -- Symlinking: /home/ishank/ros2_ws/install/drone_msgs/include/drone_msgs/drone_msgs/msg/rosidl_generator_cpp__visibility_control.hpp
[10.523s] -- Symlinking: /home/ishank/ros2_ws/install/drone_msgs/include/drone_msgs/drone_msgs/msg/detail/battery__rosidl_typesupport_fastrtps_cpp.hpp
[10.532s] -- Symlinking: /home/ishank/ros2_ws/install/drone_msgs/include/drone_msgs/drone_msgs/msg/detail/drone_state__rosidl_typesupport_fastrtps_cpp.hpp
[10.539s] -- Symlinking: /home/ishank/ros2_ws/install/drone_msgs/include/drone_msgs/drone_msgs/msg/detail/mission__rosidl_typesupport_fastrtps_cpp.hpp
[10.549s] -- Symlinking: /home/ishank/ros2_ws/install/drone_msgs/include/drone_msgs/drone_msgs/msg/detail/mission_plan__rosidl_typesupport_fastrtps_cpp.hpp
[10.557s] -- Symlinking: /home/ishank/ros2_ws/install/drone_msgs/include/drone_msgs/drone_msgs/msg/detail/primitive__rosidl_typesupport_fastrtps_cpp.hpp
[10.566s] -- Symlinking: /home/ishank/ros2_ws/install/drone_msgs/include/drone_msgs/drone_msgs/msg/detail/primitive_status__rosidl_typesupport_fastrtps_cpp.hpp
[10.575s] -- Symlinking: /home/ishank/ros2_ws/install/drone_msgs/include/drone_msgs/drone_msgs/msg/rosidl_typesupport_fastrtps_cpp__visibility_control.h
[10.582s] -- Symlinking: /home/ishank/ros2_ws/install/drone_msgs/include/drone_msgs/drone_msgs/msg/detail/battery__rosidl_typesupport_introspection_cpp.hpp
[10.591s] -- Symlinking: /home/ishank/ros2_ws/install/drone_msgs/include/drone_msgs/drone_msgs/msg/detail/drone_state__rosidl_typesupport_introspection_cpp.hpp
[10.598s] -- Symlinking: /home/ishank/ros2_ws/install/drone_msgs/include/drone_msgs/drone_msgs/msg/detail/mission__rosidl_typesupport_introspection_cpp.hpp
[10.607s] -- Symlinking: /home/ishank/ros2_ws/install/drone_msgs/include/drone_msgs/drone_msgs/msg/detail/mission_plan__rosidl_typesupport_introspection_cpp.hpp
[10.614s] -- Symlinking: /home/ishank/ros2_ws/install/drone_msgs/include/drone_msgs/drone_msgs/msg/detail/primitive__rosidl_typesupport_introspection_cpp.hpp
[10.624s] -- Symlinking: /home/ishank/ros2_ws/install/drone_msgs/include/drone_msgs/drone_msgs/msg/detail/primitive_status__rosidl_typesupport_introspection_cpp.hpp
[10.630s] -- Symlinking: /home/ishank/ros2_ws/install/drone_msgs/share/drone_msgs/environment/pythonpath.sh
[10.640s] -- Symlinking: /home/ishank/ros2_ws/install/drone_msgs/share/drone_msgs/environment/pythonpath.dsv
[10.655s] -- Symlinking: /home/ishank/ros2_ws/install/drone_msgs/local/lib/python3.10/dist-packages/drone_msgs-0.0.0-py3.10.egg-info/PKG-INFO
[10.664s] -- Symlinking: /home/ishank/ros2_ws/install/drone_msgs/local/lib/python3.10/dist-packages/drone_msgs-0.0.0-py3.10.egg-info/SOURCES.txt
[10.673s] -- Symlinking: /home/ishank/ros2_ws/install/drone_msgs/local/lib/python3.10/dist-packages/drone_msgs-0.0.0-py3.10.egg-info/dependency_links.txt
[10.684s] -- Symlinking: /home/ishank/ros2_ws/install/drone_msgs/local/lib/python3.10/dist-packages/drone_msgs-0.0.0-py3.10.egg-info/top_level.txt
[10.696s] -- Symlinking: /home/ishank/ros2_ws/install/drone_msgs/local/lib/python3.10/dist-packages/drone_msgs/__init__.py
[10.705s] -- Symlinking: /home/ishank/ros2_ws/install/drone_msgs/local/lib/python3.10/dist-packages/drone_msgs/_drone_msgs_s.ep.rosidl_typesupport_c.c
[10.716s] -- Symlinking: /home/ishank/ros2_ws/install/drone_msgs/local/lib/python3.10/dist-packages/drone_msgs/_drone_msgs_s.ep.rosidl_typesupport_fastrtps_c.c
[10.726s] -- Symlinking: /home/ishank/ros2_ws/install/drone_msgs/local/lib/python3.10/dist-packages/drone_msgs/_drone_msgs_s.ep.rosidl_typesupport_introspection_c.c
[10.735s] -- Symlinking: /home/ishank/ros2_ws/install/drone_msgs/local/lib/python3.10/dist-packages/drone_msgs/drone_msgs_s__rosidl_typesupport_c.cpython-310-x86_64-linux-gnu.so
[10.746s] -- Symlinking: /home/ishank/ros2_ws/install/drone_msgs/local/lib/python3.10/dist-packages/drone_msgs/drone_msgs_s__rosidl_typesupport_fastrtps_c.cpython-310-x86_64-linux-gnu.so
[10.754s] -- Symlinking: /home/ishank/ros2_ws/install/drone_msgs/local/lib/python3.10/dist-packages/drone_msgs/drone_msgs_s__rosidl_typesupport_introspection_c.cpython-310-x86_64-linux-gnu.so
[10.763s] -- Symlinking: /home/ishank/ros2_ws/install/drone_msgs/local/lib/python3.10/dist-packages/drone_msgs/libdrone_msgs__rosidl_generator_py.so
[10.772s] -- Symlinking: /home/ishank/ros2_ws/install/drone_msgs/local/lib/python3.10/dist-packages/drone_msgs/msg/__init__.py
[10.779s] -- Symlinking: /home/ishank/ros2_ws/install/drone_msgs/local/lib/python3.10/dist-packages/drone_msgs/msg/_battery.py
[10.788s] -- Symlinking: /home/ishank/ros2_ws/install/drone_msgs/local/lib/python3.10/dist-packages/drone_msgs/msg/_battery_s.c
[10.795s] -- Symlinking: /home/ishank/ros2_ws/install/drone_msgs/local/lib/python3.10/dist-packages/drone_msgs/msg/_drone_state.py
[10.803s] -- Symlinking: /home/ishank/ros2_ws/install/drone_msgs/local/lib/python3.10/dist-packages/drone_msgs/msg/_drone_state_s.c
[10.811s] -- Symlinking: /home/ishank/ros2_ws/install/drone_msgs/local/lib/python3.10/dist-packages/drone_msgs/msg/_mission.py
[10.821s] -- Symlinking: /home/ishank/ros2_ws/install/drone_msgs/local/lib/python3.10/dist-packages/drone_msgs/msg/_mission_plan.py
[10.828s] -- Symlinking: /home/ishank/ros2_ws/install/drone_msgs/local/lib/python3.10/dist-packages/drone_msgs/msg/_mission_plan_s.c
[10.837s] -- Symlinking: /home/ishank/ros2_ws/install/drone_msgs/local/lib/python3.10/dist-packages/drone_msgs/msg/_mission_s.c
[10.846s] -- Symlinking: /home/ishank/ros2_ws/install/drone_msgs/local/lib/python3.10/dist-packages/drone_msgs/msg/_primitive.py
[10.855s] -- Symlinking: /home/ishank/ros2_ws/install/drone_msgs/local/lib/python3.10/dist-packages/drone_msgs/msg/_primitive_s.c
[10.864s] -- Symlinking: /home/ishank/ros2_ws/install/drone_msgs/local/lib/python3.10/dist-packages/drone_msgs/msg/_primitive_status.py
[10.871s] -- Symlinking: /home/ishank/ros2_ws/install/drone_msgs/local/lib/python3.10/dist-packages/drone_msgs/msg/_primitive_status_s.c
[10.880s] -- Up-to-date symlink: /home/ishank/ros2_ws/install/drone_msgs/local/lib/python3.10/dist-packages/drone_msgs/drone_msgs_s__rosidl_typesupport_fastrtps_c.cpython-310-x86_64-linux-gnu.so
[10.881s] -- Up-to-date symlink: /home/ishank/ros2_ws/install/drone_msgs/local/lib/python3.10/dist-packages/drone_msgs/drone_msgs_s__rosidl_typesupport_introspection_c.cpython-310-x86_64-linux-gnu.so
[10.881s] -- Up-to-date symlink: /home/ishank/ros2_ws/install/drone_msgs/local/lib/python3.10/dist-packages/drone_msgs/drone_msgs_s__rosidl_typesupport_c.cpython-310-x86_64-linux-gnu.so
[10.881s] -- Symlinking: /home/ishank/ros2_ws/install/drone_msgs/share/ament_index/resource_index/rust_packages/drone_msgs
[10.889s] -- Symlinking: /home/ishank/ros2_ws/install/drone_msgs/share/drone_msgs/rust/Cargo.toml
[10.898s] -- Symlinking: /home/ishank/ros2_ws/install/drone_msgs/share/drone_msgs/rust/build.rs
[10.906s] -- Symlinking: /home/ishank/ros2_ws/install/drone_msgs/share/drone_msgs/rust/src/lib.rs
[10.915s] -- Symlinking: /home/ishank/ros2_ws/install/drone_msgs/share/drone_msgs/rust/src/msg.rs
[10.924s] -- Symlinking: /home/ishank/ros2_ws/install/drone_msgs/share/drone_msgs/rust/src/msg/rmw.rs
[10.932s] -- Symlinking: /home/ishank/ros2_ws/install/drone_msgs/share/drone_msgs/msg/DroneState.idl
[10.940s] -- Symlinking: /home/ishank/ros2_ws/install/drone_msgs/share/drone_msgs/msg/Primitive.idl
[10.947s] -- Symlinking: /home/ishank/ros2_ws/install/drone_msgs/share/drone_msgs/msg/Mission.idl
[10.958s] -- Symlinking: /home/ishank/ros2_ws/install/drone_msgs/share/drone_msgs/msg/MissionPlan.idl
[10.965s] -- Symlinking: /home/ishank/ros2_ws/install/drone_msgs/share/drone_msgs/msg/PrimitiveStatus.idl
[10.974s] -- Symlinking: /home/ishank/ros2_ws/install/drone_msgs/share/drone_msgs/msg/Battery.idl
[10.981s] -- Symlinking: /home/ishank/ros2_ws/install/drone_msgs/share/drone_msgs/msg/DroneState.msg
[10.989s] -- Symlinking: /home/ishank/ros2_ws/install/drone_msgs/share/drone_msgs/msg/Primitive.msg
[10.996s] -- Symlinking: /home/ishank/ros2_ws/install/drone_msgs/share/drone_msgs/msg/Mission.msg
[11.004s] -- Symlinking: /home/ishank/ros2_ws/install/drone_msgs/share/drone_msgs/msg/MissionPlan.msg
[11.011s] -- Symlinking: /home/ishank/ros2_ws/install/drone_msgs/share/drone_msgs/msg/PrimitiveStatus.msg
[11.020s] -- Symlinking: /home/ishank/ros2_ws/install/drone_msgs/share/drone_msgs/msg/Battery.msg
[11.027s] -- Symlinking: /home/ishank/ros2_ws/install/drone_msgs/share/ament_index/resource_index/package_run_dependencies/drone_msgs
[11.035s] -- Symlinking: /home/ishank/ros2_ws/install/drone_msgs/share/ament_index/resource_index/parent_prefix_path/drone_msgs
[11.042s] -- Symlinking: /home/ishank/ros2_ws/install/drone_msgs/share/drone_msgs/environment/ament_prefix_path.sh
[11.049s] -- Symlinking: /home/ishank/ros2_ws/install/drone_msgs/share/drone_msgs/environment/ament_prefix_path.dsv
[11.057s] -- Symlinking: /home/ishank/ros2_ws/install/drone_msgs/share/drone_msgs/environment/path.sh
[11.064s] -- Symlinking: /home/ishank/ros2_ws/install/drone_msgs/share/drone_msgs/environment/path.dsv
[11.071s] -- Symlinking: /home/ishank/ros2_ws/install/drone_msgs/share/drone_msgs/local_setup.bash
[11.077s] -- Symlinking: /home/ishank/ros2_ws/install/drone_msgs/share/drone_msgs/local_setup.sh
[11.084s] -- Symlinking: /home/ishank/ros2_ws/install/drone_msgs/share/drone_msgs/local_setup.zsh
[11.092s] -- Symlinking: /home/ishank/ros2_ws/install/drone_msgs/share/drone_msgs/local_setup.dsv
[11.100s] -- Symlinking: /home/ishank/ros2_ws/install/drone_msgs/share/drone_msgs/package.dsv
[11.110s] -- Symlinking: /home/ishank/ros2_ws/install/drone_msgs/share/ament_index/resource_index/packages/drone_msgs
[11.117s] -- Symlinking: /home/ishank/ros2_ws/install/drone_msgs/share/drone_msgs/cmake/rosidl_cmake-extras.cmake
[11.130s] -- Symlinking: /home/ishank/ros2_ws/install/drone_msgs/share/drone_msgs/cmake/ament_cmake_export_dependencies-extras.cmake
[11.140s] -- Symlinking: /home/ishank/ros2_ws/install/drone_msgs/share/drone_msgs/cmake/ament_cmake_export_include_directories-extras.cmake
[11.149s] -- Symlinking: /home/ishank/ros2_ws/install/drone_msgs/share/drone_msgs/cmake/ament_cmake_export_libraries-extras.cmake
[11.157s] -- Symlinking: /home/ishank/ros2_ws/install/drone_msgs/share/drone_msgs/cmake/ament_cmake_export_targets-extras.cmake
[11.163s] -- Symlinking: /home/ishank/ros2_ws/install/drone_msgs/share/drone_msgs/cmake/rosidl_cmake_export_typesupport_targets-extras.cmake
[11.170s] -- Symlinking: /home/ishank/ros2_ws/install/drone_msgs/share/drone_msgs/cmake/rosidl_cmake_export_typesupport_libraries-extras.cmake
[11.177s] -- Symlinking: /home/ishank/ros2_ws/install/drone_msgs/share/drone_msgs/cmake/drone_msgsConfig.cmake
[11.185s] -- Symlinking: /home/ishank/ros2_ws/install/drone_msgs/share/drone_msgs/cmake/drone_msgsConfig-version.cmake
[11.191s] -- Symlinking: /home/ishank/ros2_ws/install/drone_msgs/share/drone_msgs/package.xml
[11.201s] -- Installing: /home/ishank/ros2_ws/install/drone_msgs/lib/libdrone_msgs__rosidl_generator_c.so
[11.202s] -- Set runtime path of "/home/ishank/ros2_ws/install/drone_msgs/lib/libdrone_msgs__rosidl_generator_c.so" to ""
[11.202s] -- Installing: /home/ishank/ros2_ws/install/drone_msgs/lib/libdrone_msgs__rosidl_typesupport_fastrtps_c.so
[11.202s] -- Set runtime path of "/home/ishank/ros2_ws/install/drone_msgs/lib/libdrone_msgs__rosidl_typesupport_fastrtps_c.so" to ""
[11.202s] -- Installing: /home/ishank/ros2_ws/install/drone_msgs/lib/libdrone_msgs__rosidl_typesupport_introspection_c.so
[11.202s] -- Set runtime path of "/home/ishank/ros2_ws/install/drone_msgs/lib/libdrone_msgs__rosidl_typesupport_introspection_c.so" to ""
[11.203s] -- Installing: /home/ishank/ros2_ws/install/drone_msgs/lib/libdrone_msgs__rosidl_typesupport_c.so
[11.203s] -- Set runtime path of "/home/ishank/ros2_ws/install/drone_msgs/lib/libdrone_msgs__rosidl_typesupport_c.so" to ""
[11.203s] -- Installing: /home/ishank/ros2_ws/install/drone_msgs/lib/libdrone_msgs__rosidl_typesupport_fastrtps_cpp.so
[11.203s] -- Set runtime path of "/home/ishank/ros2_ws/install/drone_msgs/lib/libdrone_msgs__rosidl_typesupport_fastrtps_cpp.so" to ""
[11.203s] -- Installing: /home/ishank/ros2_ws/install/drone_msgs/lib/libdrone_msgs__rosidl_typesupport_introspection_cpp.so
[11.204s] -- Set runtime path of "/home/ishank/ros2_ws/install/drone_msgs/lib/libdrone_msgs__rosidl_typesupport_introspection_cpp.so" to ""
[11.204s] -- Installing: /home/ishank/ros2_ws/install/drone_msgs/lib/libdrone_msgs__rosidl_typesupport_cpp.so
[11.204s] -- Set runtime path of "/home/ishank/ros2_ws/install/drone_msgs/lib/libdrone_msgs__rosidl_typesupport_cpp.so" to ""
[11.249s] Listing '/home/ishank/ros2_ws/install/drone_msgs/local/lib/python3.10/dist-packages/drone_msgs'...
[11.249s] Compiling '/home/ishank/ros2_ws/install/drone_msgs/local/lib/python3.10/dist-packages/drone_msgs/__init__.py'...
[11.249s] Listing '/home/ishank/ros2_ws/install/drone_msgs/local/lib/python3.10/dist-packages/drone_msgs/msg'...
[11.249s] Compiling '/home/ishank/ros2_ws/install/drone_msgs/local/lib/python3.10/dist-packages/drone_msgs/msg/__init__.py'...
[11.249s] Compiling '/home/ishank/ros2_ws/install/drone_msgs/local/lib/python3.10/dist-packages/drone_msgs/msg/_battery.py'...
[11.249s] Compiling '/home/ishank/ros2_ws/install/drone_msgs/local/lib/python3.10/dist-packages/drone_msgs/msg/_drone_state.py'...
[11.249s] Compiling '/home/ishank/ros2_ws/install/drone_msgs/local/lib/python3.10/dist-packages/drone_msgs/msg/_mission.py'...
[11.249s] Compiling '/home/ishank/ros2_ws/install/drone_msgs/local/lib/python3.10/dist-packages/drone_msgs/msg/_mission_plan.py'...
[11.249s] Compiling '/home/ishank/ros2_ws/install/drone_msgs/local/lib/python3.10/dist-packages/drone_msgs/msg/_primitive.py'...
[11.249s] Compiling '/home/ishank/ros2_ws/install/drone_msgs/local/lib/python3.10/dist-packages/drone_msgs/msg/_primitive_status.py'...
[11.253s] -- Installing: /home/ishank/ros2_ws/install/drone_msgs/lib/libdrone_msgs__rosidl_generator_py.so
[11.253s] -- Set runtime path of "/home/ishank/ros2_ws/install/drone_msgs/lib/libdrone_msgs__rosidl_generator_py.so" to ""
[11.253s] -- Installing: /home/ishank/ros2_ws/install/drone_msgs/share/drone_msgs/cmake/export_drone_msgs__rosidl_generator_cExport.cmake
[11.253s] -- Installing: /home/ishank/ros2_ws/install/drone_msgs/share/drone_msgs/cmake/export_drone_msgs__rosidl_generator_cExport-noconfig.cmake
[11.254s] -- Installing: /home/ishank/ros2_ws/install/drone_msgs/share/drone_msgs/cmake/export_drone_msgs__rosidl_typesupport_fastrtps_cExport.cmake
[11.254s] -- Installing: /home/ishank/ros2_ws/install/drone_msgs/share/drone_msgs/cmake/export_drone_msgs__rosidl_typesupport_fastrtps_cExport-noconfig.cmake
[11.254s] -- Installing: /home/ishank/ros2_ws/install/drone_msgs/share/drone_msgs/cmake/drone_msgs__rosidl_typesupport_introspection_cExport.cmake
[11.254s] -- Installing: /home/ishank/ros2_ws/install/drone_msgs/share/drone_msgs/cmake/drone_msgs__rosidl_typesupport_introspection_cExport-noconfig.cmake
[11.254s] -- Installing: /home/ishank/ros2_ws/install/drone_msgs/share/drone_msgs/cmake/drone_msgs__rosidl_typesupport_cExport.cmake
[11.255s] -- Installing: /home/ishank/ros2_ws/install/drone_msgs/share/drone_msgs/cmake/drone_msgs__rosidl_typesupport_cExport-noconfig.cmake
[11.255s] -- Installing: /home/ishank/ros2_ws/install/drone_msgs/share/drone_msgs/cmake/export_drone_msgs__rosidl_generator_cppExport.cmake
[11.255s] -- Installing: /home/ishank/ros2_ws/install/drone_msgs/share/drone_msgs/cmake/export_drone_msgs__rosidl_typesupport_fastrtps_cppExport.cmake
[11.255s] -- Installing: /home/ishank/ros2_ws/install/drone_msgs/share/drone_msgs/cmake/export_drone_msgs__rosidl_typesupport_fastrtps_cppExport-noconfig.cmake
[11.255s] -- Installing: /home/ishank/ros2_ws/install/drone_msgs/share/drone_msgs/cmake/drone_msgs__rosidl_typesupport_introspection_cppExport.cmake
[11.255s] -- Installing: /home/ishank/ros2_ws/install/drone_msgs/share/drone_msgs/cmake/drone_msgs__rosidl_typesupport_introspection_cppExport-noconfig.cmake
[11.255s] -- Installing: /home/ishank/ros2_ws/install/drone_msgs/share/drone_msgs/cmake/drone_msgs__rosidl_typesupport_cppExport.cmake
[11.256s] -- Installing: /home/ishank/ros2_ws/install/drone_msgs/share/drone_msgs/cmake/drone_msgs__rosidl_typesupport_cppExport-noconfig.cmake
[11.256s] -- Installing: /home/ishank/ros2_ws/install/drone_msgs/share/drone_msgs/cmake/export_drone_msgs__rosidl_generator_pyExport.cmake
[11.256s] -- Installing: /home/ishank/ros2_ws/install/drone_msgs/share/drone_msgs/cmake/export_drone_msgs__rosidl_generator_pyExport-noconfig.cmake
[11.258s] Invoked command in '/home/ishank/ros2_ws/build/drone_msgs' returned '0': CMAKE_PREFIX_PATH=${CMAKE_PREFIX_PATH}:/opt/ros/humble /usr/bin/cmake --install /home/ishank/ros2_ws/build/drone_msgs
