[0.182s] DEBUG:colcon:Command line arguments: ['/usr/bin/colcon', 'build', '--symlink-install']
[0.182s] DEBUG:colcon:Parsed command line arguments: Namespace(log_base=None, log_level=None, verb_name='build', build_base='build', install_base='install', merge_install=False, symlink_install=True, test_result_base=None, continue_on_error=False, executor='parallel', parallel_workers=8, event_handlers=None, ignore_user_meta=False, metas=['./colcon.meta'], base_paths=['.'], packages_ignore=None, packages_ignore_regex=None, paths=None, packages_up_to=None, packages_up_to_regex=None, packages_above=None, packages_above_and_dependencies=None, packages_above_depth=None, packages_select_by_dep=None, packages_skip_by_dep=None, packages_skip_up_to=None, packages_select_build_failed=False, packages_skip_build_finished=False, packages_select_test_failures=False, packages_skip_test_passed=False, packages_select=None, packages_skip=None, packages_select_regex=None, packages_skip_regex=None, packages_start=None, packages_end=None, allow_overriding=[], cmake_args=None, cmake_target=None, cmake_target_skip_unavailable=False, cmake_clean_cache=False, cmake_clean_first=False, cmake_force_configure=False, ament_cmake_args=None, catkin_cmake_args=None, catkin_skip_building_tests=False, verb_parser=<colcon_defaults.argument_parser.defaults.DefaultArgumentsDecorator object at 0x71bbd6423400>, verb_extension=<colcon_core.verb.build.BuildVerb object at 0x71bbd6568ac0>, main=<bound method BuildVerb.main of <colcon_core.verb.build.BuildVerb object at 0x71bbd6568ac0>>)
[0.333s] Level 1:colcon.colcon_core.package_discovery:discover_packages(colcon_meta) check parameters
[0.334s] Level 1:colcon.colcon_core.package_discovery:discover_packages(recursive) check parameters
[0.334s] Level 1:colcon.colcon_core.package_discovery:discover_packages(ignore) check parameters
[0.334s] Level 1:colcon.colcon_core.package_discovery:discover_packages(path) check parameters
[0.334s] Level 1:colcon.colcon_core.package_discovery:discover_packages(colcon_meta) discover
[0.334s] Level 1:colcon.colcon_core.package_discovery:discover_packages(recursive) discover
[0.334s] INFO:colcon.colcon_core.package_discovery:Crawling recursively for packages in '/home/ishank/ros2_ws'
[0.334s] Level 1:colcon.colcon_core.package_identification:_identify(.) by extensions ['ignore', 'ignore_ament_install']
[0.334s] Level 1:colcon.colcon_core.package_identification:_identify(.) by extension 'ignore'
[0.334s] Level 1:colcon.colcon_core.package_identification:_identify(.) by extension 'ignore_ament_install'
[0.334s] Level 1:colcon.colcon_core.package_identification:_identify(.) by extensions ['colcon_pkg']
[0.334s] Level 1:colcon.colcon_core.package_identification:_identify(.) by extension 'colcon_pkg'
[0.334s] Level 1:colcon.colcon_core.package_identification:_identify(.) by extensions ['colcon_meta']
[0.334s] Level 1:colcon.colcon_core.package_identification:_identify(.) by extension 'colcon_meta'
[0.334s] Level 1:colcon.colcon_core.package_identification:_identify(.) by extensions ['ros']
[0.334s] Level 1:colcon.colcon_core.package_identification:_identify(.) by extension 'ros'
[0.348s] Level 1:colcon.colcon_core.package_identification:_identify(.) by extensions ['cmake', 'python']
[0.348s] Level 1:colcon.colcon_core.package_identification:_identify(.) by extension 'cmake'
[0.348s] Level 1:colcon.colcon_core.package_identification:_identify(.) by extension 'python'
[0.348s] Level 1:colcon.colcon_core.package_identification:_identify(.) by extensions ['python_setup_py']
[0.348s] Level 1:colcon.colcon_core.package_identification:_identify(.) by extension 'python_setup_py'
[0.349s] Level 1:colcon.colcon_core.package_identification:_identify(build) by extensions ['ignore', 'ignore_ament_install']
[0.349s] Level 1:colcon.colcon_core.package_identification:_identify(build) by extension 'ignore'
[0.349s] Level 1:colcon.colcon_core.package_identification:_identify(build) ignored
[0.349s] Level 1:colcon.colcon_core.package_identification:_identify(install) by extensions ['ignore', 'ignore_ament_install']
[0.349s] Level 1:colcon.colcon_core.package_identification:_identify(install) by extension 'ignore'
[0.349s] Level 1:colcon.colcon_core.package_identification:_identify(install) ignored
[0.349s] Level 1:colcon.colcon_core.package_identification:_identify(log) by extensions ['ignore', 'ignore_ament_install']
[0.349s] Level 1:colcon.colcon_core.package_identification:_identify(log) by extension 'ignore'
[0.349s] Level 1:colcon.colcon_core.package_identification:_identify(log) ignored
[0.349s] Level 1:colcon.colcon_core.package_identification:_identify(src) by extensions ['ignore', 'ignore_ament_install']
[0.349s] Level 1:colcon.colcon_core.package_identification:_identify(src) by extension 'ignore'
[0.349s] Level 1:colcon.colcon_core.package_identification:_identify(src) by extension 'ignore_ament_install'
[0.349s] Level 1:colcon.colcon_core.package_identification:_identify(src) by extensions ['colcon_pkg']
[0.349s] Level 1:colcon.colcon_core.package_identification:_identify(src) by extension 'colcon_pkg'
[0.350s] Level 1:colcon.colcon_core.package_identification:_identify(src) by extensions ['colcon_meta']
[0.350s] Level 1:colcon.colcon_core.package_identification:_identify(src) by extension 'colcon_meta'
[0.350s] Level 1:colcon.colcon_core.package_identification:_identify(src) by extensions ['ros']
[0.350s] Level 1:colcon.colcon_core.package_identification:_identify(src) by extension 'ros'
[0.350s] Level 1:colcon.colcon_core.package_identification:_identify(src) by extensions ['cmake', 'python']
[0.350s] Level 1:colcon.colcon_core.package_identification:_identify(src) by extension 'cmake'
[0.350s] Level 1:colcon.colcon_core.package_identification:_identify(src) by extension 'python'
[0.350s] Level 1:colcon.colcon_core.package_identification:_identify(src) by extensions ['python_setup_py']
[0.350s] Level 1:colcon.colcon_core.package_identification:_identify(src) by extension 'python_setup_py'
[0.350s] Level 1:colcon.colcon_core.package_identification:_identify(src/drone_bridge) by extensions ['ignore', 'ignore_ament_install']
[0.350s] Level 1:colcon.colcon_core.package_identification:_identify(src/drone_bridge) by extension 'ignore'
[0.350s] Level 1:colcon.colcon_core.package_identification:_identify(src/drone_bridge) by extension 'ignore_ament_install'
[0.350s] Level 1:colcon.colcon_core.package_identification:_identify(src/drone_bridge) by extensions ['colcon_pkg']
[0.350s] Level 1:colcon.colcon_core.package_identification:_identify(src/drone_bridge) by extension 'colcon_pkg'
[0.350s] Level 1:colcon.colcon_core.package_identification:_identify(src/drone_bridge) by extensions ['colcon_meta']
[0.350s] Level 1:colcon.colcon_core.package_identification:_identify(src/drone_bridge) by extension 'colcon_meta'
[0.350s] Level 1:colcon.colcon_core.package_identification:_identify(src/drone_bridge) by extensions ['ros']
[0.350s] Level 1:colcon.colcon_core.package_identification:_identify(src/drone_bridge) by extension 'ros'
[0.353s] DEBUG:colcon.colcon_core.package_identification:Package 'src/drone_bridge' with type 'ros.ament_cmake' and name 'drone_bridge'
[0.353s] Level 1:colcon.colcon_core.package_identification:_identify(src/drone_common) by extensions ['ignore', 'ignore_ament_install']
[0.353s] Level 1:colcon.colcon_core.package_identification:_identify(src/drone_common) by extension 'ignore'
[0.353s] Level 1:colcon.colcon_core.package_identification:_identify(src/drone_common) by extension 'ignore_ament_install'
[0.353s] Level 1:colcon.colcon_core.package_identification:_identify(src/drone_common) by extensions ['colcon_pkg']
[0.353s] Level 1:colcon.colcon_core.package_identification:_identify(src/drone_common) by extension 'colcon_pkg'
[0.353s] Level 1:colcon.colcon_core.package_identification:_identify(src/drone_common) by extensions ['colcon_meta']
[0.353s] Level 1:colcon.colcon_core.package_identification:_identify(src/drone_common) by extension 'colcon_meta'
[0.353s] Level 1:colcon.colcon_core.package_identification:_identify(src/drone_common) by extensions ['ros']
[0.353s] Level 1:colcon.colcon_core.package_identification:_identify(src/drone_common) by extension 'ros'
[0.354s] DEBUG:colcon.colcon_core.package_identification:Package 'src/drone_common' with type 'ros.ament_cmake' and name 'drone_common'
[0.354s] Level 1:colcon.colcon_core.package_identification:_identify(src/drone_controller) by extensions ['ignore', 'ignore_ament_install']
[0.354s] Level 1:colcon.colcon_core.package_identification:_identify(src/drone_controller) by extension 'ignore'
[0.354s] Level 1:colcon.colcon_core.package_identification:_identify(src/drone_controller) by extension 'ignore_ament_install'
[0.354s] Level 1:colcon.colcon_core.package_identification:_identify(src/drone_controller) by extensions ['colcon_pkg']
[0.354s] Level 1:colcon.colcon_core.package_identification:_identify(src/drone_controller) by extension 'colcon_pkg'
[0.354s] Level 1:colcon.colcon_core.package_identification:_identify(src/drone_controller) by extensions ['colcon_meta']
[0.354s] Level 1:colcon.colcon_core.package_identification:_identify(src/drone_controller) by extension 'colcon_meta'
[0.354s] Level 1:colcon.colcon_core.package_identification:_identify(src/drone_controller) by extensions ['ros']
[0.354s] Level 1:colcon.colcon_core.package_identification:_identify(src/drone_controller) by extension 'ros'
[0.355s] DEBUG:colcon.colcon_core.package_identification:Package 'src/drone_controller' with type 'ros.ament_cmake' and name 'drone_controller'
[0.355s] Level 1:colcon.colcon_core.package_identification:_identify(src/drone_msgs) by extensions ['ignore', 'ignore_ament_install']
[0.355s] Level 1:colcon.colcon_core.package_identification:_identify(src/drone_msgs) by extension 'ignore'
[0.355s] Level 1:colcon.colcon_core.package_identification:_identify(src/drone_msgs) by extension 'ignore_ament_install'
[0.356s] Level 1:colcon.colcon_core.package_identification:_identify(src/drone_msgs) by extensions ['colcon_pkg']
[0.356s] Level 1:colcon.colcon_core.package_identification:_identify(src/drone_msgs) by extension 'colcon_pkg'
[0.356s] Level 1:colcon.colcon_core.package_identification:_identify(src/drone_msgs) by extensions ['colcon_meta']
[0.356s] Level 1:colcon.colcon_core.package_identification:_identify(src/drone_msgs) by extension 'colcon_meta'
[0.356s] Level 1:colcon.colcon_core.package_identification:_identify(src/drone_msgs) by extensions ['ros']
[0.356s] Level 1:colcon.colcon_core.package_identification:_identify(src/drone_msgs) by extension 'ros'
[0.357s] DEBUG:colcon.colcon_core.package_identification:Package 'src/drone_msgs' with type 'ros.ament_cmake' and name 'drone_msgs'
[0.357s] Level 1:colcon.colcon_core.package_identification:_identify(src/drone_planner) by extensions ['ignore', 'ignore_ament_install']
[0.357s] Level 1:colcon.colcon_core.package_identification:_identify(src/drone_planner) by extension 'ignore'
[0.357s] Level 1:colcon.colcon_core.package_identification:_identify(src/drone_planner) by extension 'ignore_ament_install'
[0.357s] Level 1:colcon.colcon_core.package_identification:_identify(src/drone_planner) by extensions ['colcon_pkg']
[0.357s] Level 1:colcon.colcon_core.package_identification:_identify(src/drone_planner) by extension 'colcon_pkg'
[0.357s] Level 1:colcon.colcon_core.package_identification:_identify(src/drone_planner) by extensions ['colcon_meta']
[0.357s] Level 1:colcon.colcon_core.package_identification:_identify(src/drone_planner) by extension 'colcon_meta'
[0.357s] Level 1:colcon.colcon_core.package_identification:_identify(src/drone_planner) by extensions ['ros']
[0.357s] Level 1:colcon.colcon_core.package_identification:_identify(src/drone_planner) by extension 'ros'
[0.358s] DEBUG:colcon.colcon_core.package_identification:Package 'src/drone_planner' with type 'ros.ament_cmake' and name 'drone_planner'
[0.358s] Level 1:colcon.colcon_core.package_identification:_identify(src/drone_sim) by extensions ['ignore', 'ignore_ament_install']
[0.358s] Level 1:colcon.colcon_core.package_identification:_identify(src/drone_sim) by extension 'ignore'
[0.359s] Level 1:colcon.colcon_core.package_identification:_identify(src/drone_sim) by extension 'ignore_ament_install'
[0.359s] Level 1:colcon.colcon_core.package_identification:_identify(src/drone_sim) by extensions ['colcon_pkg']
[0.359s] Level 1:colcon.colcon_core.package_identification:_identify(src/drone_sim) by extension 'colcon_pkg'
[0.359s] Level 1:colcon.colcon_core.package_identification:_identify(src/drone_sim) by extensions ['colcon_meta']
[0.359s] Level 1:colcon.colcon_core.package_identification:_identify(src/drone_sim) by extension 'colcon_meta'
[0.359s] Level 1:colcon.colcon_core.package_identification:_identify(src/drone_sim) by extensions ['ros']
[0.359s] Level 1:colcon.colcon_core.package_identification:_identify(src/drone_sim) by extension 'ros'
[0.359s] DEBUG:colcon.colcon_core.package_identification:Package 'src/drone_sim' with type 'ros.ament_cmake' and name 'drone_sim'
[0.359s] Level 1:colcon.colcon_core.package_identification:_identify(src/mission_manager) by extensions ['ignore', 'ignore_ament_install']
[0.360s] Level 1:colcon.colcon_core.package_identification:_identify(src/mission_manager) by extension 'ignore'
[0.360s] Level 1:colcon.colcon_core.package_identification:_identify(src/mission_manager) by extension 'ignore_ament_install'
[0.360s] Level 1:colcon.colcon_core.package_identification:_identify(src/mission_manager) by extensions ['colcon_pkg']
[0.360s] Level 1:colcon.colcon_core.package_identification:_identify(src/mission_manager) by extension 'colcon_pkg'
[0.360s] Level 1:colcon.colcon_core.package_identification:_identify(src/mission_manager) by extensions ['colcon_meta']
[0.360s] Level 1:colcon.colcon_core.package_identification:_identify(src/mission_manager) by extension 'colcon_meta'
[0.360s] Level 1:colcon.colcon_core.package_identification:_identify(src/mission_manager) by extensions ['ros']
[0.360s] Level 1:colcon.colcon_core.package_identification:_identify(src/mission_manager) by extension 'ros'
[0.361s] DEBUG:colcon.colcon_core.package_identification:Package 'src/mission_manager' with type 'ros.ament_cmake' and name 'mission_manager'
[0.361s] Level 1:colcon.colcon_core.package_discovery:discover_packages(recursive) using defaults
[0.361s] Level 1:colcon.colcon_core.package_discovery:discover_packages(ignore) discover
[0.361s] Level 1:colcon.colcon_core.package_discovery:discover_packages(ignore) using defaults
[0.361s] Level 1:colcon.colcon_core.package_discovery:discover_packages(path) discover
[0.361s] Level 1:colcon.colcon_core.package_discovery:discover_packages(path) using defaults
[0.380s] Level 1:colcon.colcon_core.package_discovery:discover_packages(prefix_path) check parameters
[0.380s] Level 1:colcon.colcon_core.package_discovery:discover_packages(prefix_path) discover
[0.382s] DEBUG:colcon.colcon_installed_package_information.package_discovery:Found 7 installed packages in /home/ishank/ros2_ws/install
[0.383s] DEBUG:colcon.colcon_installed_package_information.package_discovery:Found 288 installed packages in /opt/ros/humble
[0.394s] Level 1:colcon.colcon_core.package_discovery:discover_packages(prefix_path) using defaults
[0.438s] Level 5:colcon.colcon_core.verb:set package 'drone_common' build argument 'cmake_args' from command line to 'None'
[0.438s] Level 5:colcon.colcon_core.verb:set package 'drone_common' build argument 'cmake_target' from command line to 'None'
[0.438s] Level 5:colcon.colcon_core.verb:set package 'drone_common' build argument 'cmake_target_skip_unavailable' from command line to 'False'
[0.438s] Level 5:colcon.colcon_core.verb:set package 'drone_common' build argument 'cmake_clean_cache' from command line to 'False'
[0.438s] Level 5:colcon.colcon_core.verb:set package 'drone_common' build argument 'cmake_clean_first' from command line to 'False'
[0.438s] Level 5:colcon.colcon_core.verb:set package 'drone_common' build argument 'cmake_force_configure' from command line to 'False'
[0.438s] Level 5:colcon.colcon_core.verb:set package 'drone_common' build argument 'ament_cmake_args' from command line to 'None'
[0.438s] Level 5:colcon.colcon_core.verb:set package 'drone_common' build argument 'catkin_cmake_args' from command line to 'None'
[0.438s] Level 5:colcon.colcon_core.verb:set package 'drone_common' build argument 'catkin_skip_building_tests' from command line to 'False'
[0.438s] DEBUG:colcon.colcon_core.verb:Building package 'drone_common' with the following arguments: {'ament_cmake_args': None, 'build_base': '/home/ishank/ros2_ws/build/drone_common', 'catkin_cmake_args': None, 'catkin_skip_building_tests': False, 'cmake_args': None, 'cmake_clean_cache': False, 'cmake_clean_first': False, 'cmake_force_configure': False, 'cmake_target': None, 'cmake_target_skip_unavailable': False, 'install_base': '/home/ishank/ros2_ws/install/drone_common', 'merge_install': False, 'path': '/home/ishank/ros2_ws/src/drone_common', 'symlink_install': True, 'test_result_base': None}
[0.438s] Level 5:colcon.colcon_core.verb:set package 'drone_msgs' build argument 'cmake_args' from command line to 'None'
[0.438s] Level 5:colcon.colcon_core.verb:set package 'drone_msgs' build argument 'cmake_target' from command line to 'None'
[0.438s] Level 5:colcon.colcon_core.verb:set package 'drone_msgs' build argument 'cmake_target_skip_unavailable' from command line to 'False'
[0.438s] Level 5:colcon.colcon_core.verb:set package 'drone_msgs' build argument 'cmake_clean_cache' from command line to 'False'
[0.438s] Level 5:colcon.colcon_core.verb:set package 'drone_msgs' build argument 'cmake_clean_first' from command line to 'False'
[0.438s] Level 5:colcon.colcon_core.verb:set package 'drone_msgs' build argument 'cmake_force_configure' from command line to 'False'
[0.438s] Level 5:colcon.colcon_core.verb:set package 'drone_msgs' build argument 'ament_cmake_args' from command line to 'None'
[0.438s] Level 5:colcon.colcon_core.verb:set package 'drone_msgs' build argument 'catkin_cmake_args' from command line to 'None'
[0.438s] Level 5:colcon.colcon_core.verb:set package 'drone_msgs' build argument 'catkin_skip_building_tests' from command line to 'False'
[0.439s] DEBUG:colcon.colcon_core.verb:Building package 'drone_msgs' with the following arguments: {'ament_cmake_args': None, 'build_base': '/home/ishank/ros2_ws/build/drone_msgs', 'catkin_cmake_args': None, 'catkin_skip_building_tests': False, 'cmake_args': None, 'cmake_clean_cache': False, 'cmake_clean_first': False, 'cmake_force_configure': False, 'cmake_target': None, 'cmake_target_skip_unavailable': False, 'install_base': '/home/ishank/ros2_ws/install/drone_msgs', 'merge_install': False, 'path': '/home/ishank/ros2_ws/src/drone_msgs', 'symlink_install': True, 'test_result_base': None}
[0.439s] Level 5:colcon.colcon_core.verb:set package 'drone_sim' build argument 'cmake_args' from command line to 'None'
[0.439s] Level 5:colcon.colcon_core.verb:set package 'drone_sim' build argument 'cmake_target' from command line to 'None'
[0.439s] Level 5:colcon.colcon_core.verb:set package 'drone_sim' build argument 'cmake_target_skip_unavailable' from command line to 'False'
[0.439s] Level 5:colcon.colcon_core.verb:set package 'drone_sim' build argument 'cmake_clean_cache' from command line to 'False'
[0.439s] Level 5:colcon.colcon_core.verb:set package 'drone_sim' build argument 'cmake_clean_first' from command line to 'False'
[0.439s] Level 5:colcon.colcon_core.verb:set package 'drone_sim' build argument 'cmake_force_configure' from command line to 'False'
[0.439s] Level 5:colcon.colcon_core.verb:set package 'drone_sim' build argument 'ament_cmake_args' from command line to 'None'
[0.439s] Level 5:colcon.colcon_core.verb:set package 'drone_sim' build argument 'catkin_cmake_args' from command line to 'None'
[0.439s] Level 5:colcon.colcon_core.verb:set package 'drone_sim' build argument 'catkin_skip_building_tests' from command line to 'False'
[0.439s] DEBUG:colcon.colcon_core.verb:Building package 'drone_sim' with the following arguments: {'ament_cmake_args': None, 'build_base': '/home/ishank/ros2_ws/build/drone_sim', 'catkin_cmake_args': None, 'catkin_skip_building_tests': False, 'cmake_args': None, 'cmake_clean_cache': False, 'cmake_clean_first': False, 'cmake_force_configure': False, 'cmake_target': None, 'cmake_target_skip_unavailable': False, 'install_base': '/home/ishank/ros2_ws/install/drone_sim', 'merge_install': False, 'path': '/home/ishank/ros2_ws/src/drone_sim', 'symlink_install': True, 'test_result_base': None}
[0.439s] Level 5:colcon.colcon_core.verb:set package 'drone_bridge' build argument 'cmake_args' from command line to 'None'
[0.439s] Level 5:colcon.colcon_core.verb:set package 'drone_bridge' build argument 'cmake_target' from command line to 'None'
[0.439s] Level 5:colcon.colcon_core.verb:set package 'drone_bridge' build argument 'cmake_target_skip_unavailable' from command line to 'False'
[0.439s] Level 5:colcon.colcon_core.verb:set package 'drone_bridge' build argument 'cmake_clean_cache' from command line to 'False'
[0.439s] Level 5:colcon.colcon_core.verb:set package 'drone_bridge' build argument 'cmake_clean_first' from command line to 'False'
[0.439s] Level 5:colcon.colcon_core.verb:set package 'drone_bridge' build argument 'cmake_force_configure' from command line to 'False'
[0.439s] Level 5:colcon.colcon_core.verb:set package 'drone_bridge' build argument 'ament_cmake_args' from command line to 'None'
[0.440s] Level 5:colcon.colcon_core.verb:set package 'drone_bridge' build argument 'catkin_cmake_args' from command line to 'None'
[0.440s] Level 5:colcon.colcon_core.verb:set package 'drone_bridge' build argument 'catkin_skip_building_tests' from command line to 'False'
[0.440s] DEBUG:colcon.colcon_core.verb:Building package 'drone_bridge' with the following arguments: {'ament_cmake_args': None, 'build_base': '/home/ishank/ros2_ws/build/drone_bridge', 'catkin_cmake_args': None, 'catkin_skip_building_tests': False, 'cmake_args': None, 'cmake_clean_cache': False, 'cmake_clean_first': False, 'cmake_force_configure': False, 'cmake_target': None, 'cmake_target_skip_unavailable': False, 'install_base': '/home/ishank/ros2_ws/install/drone_bridge', 'merge_install': False, 'path': '/home/ishank/ros2_ws/src/drone_bridge', 'symlink_install': True, 'test_result_base': None}
[0.440s] Level 5:colcon.colcon_core.verb:set package 'drone_controller' build argument 'cmake_args' from command line to 'None'
[0.440s] Level 5:colcon.colcon_core.verb:set package 'drone_controller' build argument 'cmake_target' from command line to 'None'
[0.440s] Level 5:colcon.colcon_core.verb:set package 'drone_controller' build argument 'cmake_target_skip_unavailable' from command line to 'False'
[0.440s] Level 5:colcon.colcon_core.verb:set package 'drone_controller' build argument 'cmake_clean_cache' from command line to 'False'
[0.440s] Level 5:colcon.colcon_core.verb:set package 'drone_controller' build argument 'cmake_clean_first' from command line to 'False'
[0.440s] Level 5:colcon.colcon_core.verb:set package 'drone_controller' build argument 'cmake_force_configure' from command line to 'False'
[0.440s] Level 5:colcon.colcon_core.verb:set package 'drone_controller' build argument 'ament_cmake_args' from command line to 'None'
[0.440s] Level 5:colcon.colcon_core.verb:set package 'drone_controller' build argument 'catkin_cmake_args' from command line to 'None'
[0.440s] Level 5:colcon.colcon_core.verb:set package 'drone_controller' build argument 'catkin_skip_building_tests' from command line to 'False'
[0.440s] DEBUG:colcon.colcon_core.verb:Building package 'drone_controller' with the following arguments: {'ament_cmake_args': None, 'build_base': '/home/ishank/ros2_ws/build/drone_controller', 'catkin_cmake_args': None, 'catkin_skip_building_tests': False, 'cmake_args': None, 'cmake_clean_cache': False, 'cmake_clean_first': False, 'cmake_force_configure': False, 'cmake_target': None, 'cmake_target_skip_unavailable': False, 'install_base': '/home/ishank/ros2_ws/install/drone_controller', 'merge_install': False, 'path': '/home/ishank/ros2_ws/src/drone_controller', 'symlink_install': True, 'test_result_base': None}
[0.440s] Level 5:colcon.colcon_core.verb:set package 'drone_planner' build argument 'cmake_args' from command line to 'None'
[0.440s] Level 5:colcon.colcon_core.verb:set package 'drone_planner' build argument 'cmake_target' from command line to 'None'
[0.441s] Level 5:colcon.colcon_core.verb:set package 'drone_planner' build argument 'cmake_target_skip_unavailable' from command line to 'False'
[0.441s] Level 5:colcon.colcon_core.verb:set package 'drone_planner' build argument 'cmake_clean_cache' from command line to 'False'
[0.441s] Level 5:colcon.colcon_core.verb:set package 'drone_planner' build argument 'cmake_clean_first' from command line to 'False'
[0.441s] Level 5:colcon.colcon_core.verb:set package 'drone_planner' build argument 'cmake_force_configure' from command line to 'False'
[0.441s] Level 5:colcon.colcon_core.verb:set package 'drone_planner' build argument 'ament_cmake_args' from command line to 'None'
[0.441s] Level 5:colcon.colcon_core.verb:set package 'drone_planner' build argument 'catkin_cmake_args' from command line to 'None'
[0.441s] Level 5:colcon.colcon_core.verb:set package 'drone_planner' build argument 'catkin_skip_building_tests' from command line to 'False'
[0.441s] DEBUG:colcon.colcon_core.verb:Building package 'drone_planner' with the following arguments: {'ament_cmake_args': None, 'build_base': '/home/ishank/ros2_ws/build/drone_planner', 'catkin_cmake_args': None, 'catkin_skip_building_tests': False, 'cmake_args': None, 'cmake_clean_cache': False, 'cmake_clean_first': False, 'cmake_force_configure': False, 'cmake_target': None, 'cmake_target_skip_unavailable': False, 'install_base': '/home/ishank/ros2_ws/install/drone_planner', 'merge_install': False, 'path': '/home/ishank/ros2_ws/src/drone_planner', 'symlink_install': True, 'test_result_base': None}
[0.441s] Level 5:colcon.colcon_core.verb:set package 'mission_manager' build argument 'cmake_args' from command line to 'None'
[0.441s] Level 5:colcon.colcon_core.verb:set package 'mission_manager' build argument 'cmake_target' from command line to 'None'
[0.441s] Level 5:colcon.colcon_core.verb:set package 'mission_manager' build argument 'cmake_target_skip_unavailable' from command line to 'False'
[0.441s] Level 5:colcon.colcon_core.verb:set package 'mission_manager' build argument 'cmake_clean_cache' from command line to 'False'
[0.441s] Level 5:colcon.colcon_core.verb:set package 'mission_manager' build argument 'cmake_clean_first' from command line to 'False'
[0.441s] Level 5:colcon.colcon_core.verb:set package 'mission_manager' build argument 'cmake_force_configure' from command line to 'False'
[0.441s] Level 5:colcon.colcon_core.verb:set package 'mission_manager' build argument 'ament_cmake_args' from command line to 'None'
[0.441s] Level 5:colcon.colcon_core.verb:set package 'mission_manager' build argument 'catkin_cmake_args' from command line to 'None'
[0.441s] Level 5:colcon.colcon_core.verb:set package 'mission_manager' build argument 'catkin_skip_building_tests' from command line to 'False'
[0.441s] DEBUG:colcon.colcon_core.verb:Building package 'mission_manager' with the following arguments: {'ament_cmake_args': None, 'build_base': '/home/ishank/ros2_ws/build/mission_manager', 'catkin_cmake_args': None, 'catkin_skip_building_tests': False, 'cmake_args': None, 'cmake_clean_cache': False, 'cmake_clean_first': False, 'cmake_force_configure': False, 'cmake_target': None, 'cmake_target_skip_unavailable': False, 'install_base': '/home/ishank/ros2_ws/install/mission_manager', 'merge_install': False, 'path': '/home/ishank/ros2_ws/src/mission_manager', 'symlink_install': True, 'test_result_base': None}
[0.441s] INFO:colcon.colcon_core.executor:Executing jobs using 'parallel' executor
[0.442s] DEBUG:colcon.colcon_parallel_executor.executor.parallel:run_until_complete
[0.443s] INFO:colcon.colcon_ros.task.ament_cmake.build:Building ROS package in '/home/ishank/ros2_ws/src/drone_msgs' with build type 'ament_cmake'
[0.443s] INFO:colcon.colcon_cmake.task.cmake.build:Building CMake package in '/home/ishank/ros2_ws/src/drone_msgs'
[0.446s] INFO:colcon.colcon_core.plugin_system:Skipping extension 'colcon_core.shell.bat': Not used on non-Windows systems
[0.446s] INFO:colcon.colcon_core.shell:Skip shell extension 'powershell' for command environment: Not usable outside of PowerShell
[0.446s] DEBUG:colcon.colcon_core.shell:Skip shell extension 'dsv' for command environment
[0.450s] INFO:colcon.colcon_ros.task.ament_cmake.build:Building ROS package in '/home/ishank/ros2_ws/src/drone_common' with build type 'ament_cmake'
[0.450s] INFO:colcon.colcon_cmake.task.cmake.build:Building CMake package in '/home/ishank/ros2_ws/src/drone_common'
[0.451s] INFO:colcon.colcon_core.shell:Skip shell extension 'powershell' for command environment: Not usable outside of PowerShell
[0.451s] DEBUG:colcon.colcon_core.shell:Skip shell extension 'dsv' for command environment
[0.455s] INFO:colcon.colcon_ros.task.ament_cmake.build:Building ROS package in '/home/ishank/ros2_ws/src/drone_sim' with build type 'ament_cmake'
[0.455s] INFO:colcon.colcon_cmake.task.cmake.build:Building CMake package in '/home/ishank/ros2_ws/src/drone_sim'
[0.456s] INFO:colcon.colcon_core.shell:Skip shell extension 'powershell' for command environment: Not usable outside of PowerShell
[0.456s] DEBUG:colcon.colcon_core.shell:Skip shell extension 'dsv' for command environment
[0.472s] DEBUG:colcon.colcon_core.event_handler.log_command:Invoking command in '/home/ishank/ros2_ws/build/drone_msgs': CMAKE_PREFIX_PATH=${CMAKE_PREFIX_PATH}:/opt/ros/humble /usr/bin/cmake --build /home/ishank/ros2_ws/build/drone_msgs -- -j8 -l8
[0.480s] DEBUG:colcon.colcon_core.event_handler.log_command:Invoking command in '/home/ishank/ros2_ws/build/drone_common': CMAKE_PREFIX_PATH=${CMAKE_PREFIX_PATH}:/opt/ros/humble /usr/bin/cmake --build /home/ishank/ros2_ws/build/drone_common -- -j8 -l8
[0.487s] DEBUG:colcon.colcon_core.event_handler.log_command:Invoking command in '/home/ishank/ros2_ws/build/drone_sim': CMAKE_PREFIX_PATH=${CMAKE_PREFIX_PATH}:/opt/ros/humble /usr/bin/cmake --build /home/ishank/ros2_ws/build/drone_sim -- -j8 -l8
[0.537s] DEBUG:colcon.colcon_core.event_handler.log_command:Invoked command in '/home/ishank/ros2_ws/build/drone_sim' returned '0': CMAKE_PREFIX_PATH=${CMAKE_PREFIX_PATH}:/opt/ros/humble /usr/bin/cmake --build /home/ishank/ros2_ws/build/drone_sim -- -j8 -l8
[0.554s] DEBUG:colcon.colcon_core.event_handler.log_command:Invoking command in '/home/ishank/ros2_ws/build/drone_sim': CMAKE_PREFIX_PATH=${CMAKE_PREFIX_PATH}:/opt/ros/humble /usr/bin/cmake --install /home/ishank/ros2_ws/build/drone_sim
[0.563s] DEBUG:colcon.colcon_core.event_handler.log_command:Invoked command in '/home/ishank/ros2_ws/build/drone_common' returned '0': CMAKE_PREFIX_PATH=${CMAKE_PREFIX_PATH}:/opt/ros/humble /usr/bin/cmake --build /home/ishank/ros2_ws/build/drone_common -- -j8 -l8
[0.564s] DEBUG:colcon.colcon_core.event_handler.log_command:Invoking command in '/home/ishank/ros2_ws/build/drone_common': CMAKE_PREFIX_PATH=${CMAKE_PREFIX_PATH}:/opt/ros/humble /usr/bin/cmake --install /home/ishank/ros2_ws/build/drone_common
[0.605s] Level 1:colcon.colcon_core.environment:create_environment_scripts_only(drone_sim)
[0.606s] DEBUG:colcon.colcon_core.event_handler.log_command:Invoked command in '/home/ishank/ros2_ws/build/drone_sim' returned '0': CMAKE_PREFIX_PATH=${CMAKE_PREFIX_PATH}:/opt/ros/humble /usr/bin/cmake --install /home/ishank/ros2_ws/build/drone_sim
[0.611s] Level 1:colcon.colcon_core.environment:checking '/home/ishank/ros2_ws/install/drone_sim' for CMake module files
[0.612s] Level 1:colcon.colcon_core.environment:checking '/home/ishank/ros2_ws/install/drone_sim' for CMake config files
[0.613s] Level 1:colcon.colcon_core.shell:create_environment_hook('drone_sim', 'cmake_prefix_path')
[0.613s] INFO:colcon.colcon_core.shell:Creating environment hook '/home/ishank/ros2_ws/install/drone_sim/share/drone_sim/hook/cmake_prefix_path.ps1'
[0.615s] INFO:colcon.colcon_core.shell:Creating environment descriptor '/home/ishank/ros2_ws/install/drone_sim/share/drone_sim/hook/cmake_prefix_path.dsv'
[0.616s] INFO:colcon.colcon_core.shell:Creating environment hook '/home/ishank/ros2_ws/install/drone_sim/share/drone_sim/hook/cmake_prefix_path.sh'
[0.620s] Level 1:colcon.colcon_core.environment:checking '/home/ishank/ros2_ws/install/drone_sim/bin'
[0.625s] Level 1:colcon.colcon_core.environment:checking '/home/ishank/ros2_ws/install/drone_sim/lib/pkgconfig/drone_sim.pc'
[0.626s] Level 1:colcon.colcon_core.environment:checking '/home/ishank/ros2_ws/install/drone_sim/lib/python3.10/site-packages'
[0.627s] Level 1:colcon.colcon_core.environment:checking '/home/ishank/ros2_ws/install/drone_sim/bin'
[0.627s] INFO:colcon.colcon_core.shell:Creating package script '/home/ishank/ros2_ws/install/drone_sim/share/drone_sim/package.ps1'
[0.631s] INFO:colcon.colcon_core.shell:Creating package descriptor '/home/ishank/ros2_ws/install/drone_sim/share/drone_sim/package.dsv'
[0.633s] INFO:colcon.colcon_core.shell:Creating package script '/home/ishank/ros2_ws/install/drone_sim/share/drone_sim/package.sh'
[0.635s] INFO:colcon.colcon_core.shell:Creating package script '/home/ishank/ros2_ws/install/drone_sim/share/drone_sim/package.bash'
[0.637s] INFO:colcon.colcon_core.shell:Creating package script '/home/ishank/ros2_ws/install/drone_sim/share/drone_sim/package.zsh'
[0.638s] Level 1:colcon.colcon_core.environment:create_file_with_runtime_dependencies(/home/ishank/ros2_ws/install/drone_sim/share/colcon-core/packages/drone_sim)
[0.639s] Level 1:colcon.colcon_core.environment:create_environment_scripts_only(drone_sim)
[0.639s] Level 1:colcon.colcon_core.environment:checking '/home/ishank/ros2_ws/install/drone_sim' for CMake module files
[0.640s] Level 1:colcon.colcon_core.environment:checking '/home/ishank/ros2_ws/install/drone_sim' for CMake config files
[0.640s] Level 1:colcon.colcon_core.shell:create_environment_hook('drone_sim', 'cmake_prefix_path')
[0.640s] INFO:colcon.colcon_core.shell:Creating environment hook '/home/ishank/ros2_ws/install/drone_sim/share/drone_sim/hook/cmake_prefix_path.ps1'
[0.641s] INFO:colcon.colcon_core.shell:Creating environment descriptor '/home/ishank/ros2_ws/install/drone_sim/share/drone_sim/hook/cmake_prefix_path.dsv'
[0.641s] INFO:colcon.colcon_core.shell:Creating environment hook '/home/ishank/ros2_ws/install/drone_sim/share/drone_sim/hook/cmake_prefix_path.sh'
[0.642s] Level 1:colcon.colcon_core.environment:checking '/home/ishank/ros2_ws/install/drone_sim/bin'
[0.642s] Level 1:colcon.colcon_core.environment:checking '/home/ishank/ros2_ws/install/drone_sim/lib/pkgconfig/drone_sim.pc'
[0.643s] Level 1:colcon.colcon_core.environment:checking '/home/ishank/ros2_ws/install/drone_sim/lib/python3.10/site-packages'
[0.643s] Level 1:colcon.colcon_core.environment:checking '/home/ishank/ros2_ws/install/drone_sim/bin'
[0.644s] INFO:colcon.colcon_core.shell:Creating package script '/home/ishank/ros2_ws/install/drone_sim/share/drone_sim/package.ps1'
[0.645s] INFO:colcon.colcon_core.shell:Creating package descriptor '/home/ishank/ros2_ws/install/drone_sim/share/drone_sim/package.dsv'
[0.645s] INFO:colcon.colcon_core.shell:Creating package script '/home/ishank/ros2_ws/install/drone_sim/share/drone_sim/package.sh'
[0.646s] INFO:colcon.colcon_core.shell:Creating package script '/home/ishank/ros2_ws/install/drone_sim/share/drone_sim/package.bash'
[0.646s] INFO:colcon.colcon_core.shell:Creating package script '/home/ishank/ros2_ws/install/drone_sim/share/drone_sim/package.zsh'
[0.647s] Level 1:colcon.colcon_core.environment:create_file_with_runtime_dependencies(/home/ishank/ros2_ws/install/drone_sim/share/colcon-core/packages/drone_sim)
[0.649s] Level 1:colcon.colcon_core.environment:create_environment_scripts_only(drone_common)
[0.650s] Level 1:colcon.colcon_core.environment:checking '/home/ishank/ros2_ws/install/drone_common' for CMake module files
[0.651s] DEBUG:colcon.colcon_core.event_handler.log_command:Invoked command in '/home/ishank/ros2_ws/build/drone_common' returned '0': CMAKE_PREFIX_PATH=${CMAKE_PREFIX_PATH}:/opt/ros/humble /usr/bin/cmake --install /home/ishank/ros2_ws/build/drone_common
[0.652s] Level 1:colcon.colcon_core.environment:checking '/home/ishank/ros2_ws/install/drone_common' for CMake config files
[0.652s] Level 1:colcon.colcon_core.shell:create_environment_hook('drone_common', 'cmake_prefix_path')
[0.653s] INFO:colcon.colcon_core.shell:Creating environment hook '/home/ishank/ros2_ws/install/drone_common/share/drone_common/hook/cmake_prefix_path.ps1'
[0.654s] INFO:colcon.colcon_core.shell:Creating environment descriptor '/home/ishank/ros2_ws/install/drone_common/share/drone_common/hook/cmake_prefix_path.dsv'
[0.655s] INFO:colcon.colcon_core.shell:Creating environment hook '/home/ishank/ros2_ws/install/drone_common/share/drone_common/hook/cmake_prefix_path.sh'
[0.656s] Level 1:colcon.colcon_core.environment:checking '/home/ishank/ros2_ws/install/drone_common/bin'
[0.656s] Level 1:colcon.colcon_core.environment:checking '/home/ishank/ros2_ws/install/drone_common/lib/pkgconfig/drone_common.pc'
[0.656s] Level 1:colcon.colcon_core.environment:checking '/home/ishank/ros2_ws/install/drone_common/lib/python3.10/site-packages'
[0.657s] Level 1:colcon.colcon_core.environment:checking '/home/ishank/ros2_ws/install/drone_common/bin'
[0.658s] INFO:colcon.colcon_core.shell:Creating package script '/home/ishank/ros2_ws/install/drone_common/share/drone_common/package.ps1'
[0.659s] INFO:colcon.colcon_core.shell:Creating package descriptor '/home/ishank/ros2_ws/install/drone_common/share/drone_common/package.dsv'
[0.661s] INFO:colcon.colcon_core.shell:Creating package script '/home/ishank/ros2_ws/install/drone_common/share/drone_common/package.sh'
[0.661s] INFO:colcon.colcon_core.shell:Creating package script '/home/ishank/ros2_ws/install/drone_common/share/drone_common/package.bash'
[0.662s] INFO:colcon.colcon_core.shell:Creating package script '/home/ishank/ros2_ws/install/drone_common/share/drone_common/package.zsh'
[0.662s] Level 1:colcon.colcon_core.environment:create_file_with_runtime_dependencies(/home/ishank/ros2_ws/install/drone_common/share/colcon-core/packages/drone_common)
[0.663s] Level 1:colcon.colcon_core.environment:create_environment_scripts_only(drone_common)
[0.664s] Level 1:colcon.colcon_core.environment:checking '/home/ishank/ros2_ws/install/drone_common' for CMake module files
[0.666s] Level 1:colcon.colcon_core.environment:checking '/home/ishank/ros2_ws/install/drone_common' for CMake config files
[0.667s] Level 1:colcon.colcon_core.shell:create_environment_hook('drone_common', 'cmake_prefix_path')
[0.667s] INFO:colcon.colcon_core.shell:Creating environment hook '/home/ishank/ros2_ws/install/drone_common/share/drone_common/hook/cmake_prefix_path.ps1'
[0.668s] INFO:colcon.colcon_core.shell:Creating environment descriptor '/home/ishank/ros2_ws/install/drone_common/share/drone_common/hook/cmake_prefix_path.dsv'
[0.669s] INFO:colcon.colcon_core.shell:Creating environment hook '/home/ishank/ros2_ws/install/drone_common/share/drone_common/hook/cmake_prefix_path.sh'
[0.671s] Level 1:colcon.colcon_core.environment:checking '/home/ishank/ros2_ws/install/drone_common/bin'
[0.671s] Level 1:colcon.colcon_core.environment:checking '/home/ishank/ros2_ws/install/drone_common/lib/pkgconfig/drone_common.pc'
[0.672s] Level 1:colcon.colcon_core.environment:checking '/home/ishank/ros2_ws/install/drone_common/lib/python3.10/site-packages'
[0.673s] Level 1:colcon.colcon_core.environment:checking '/home/ishank/ros2_ws/install/drone_common/bin'
[0.673s] INFO:colcon.colcon_core.shell:Creating package script '/home/ishank/ros2_ws/install/drone_common/share/drone_common/package.ps1'
[0.674s] INFO:colcon.colcon_core.shell:Creating package descriptor '/home/ishank/ros2_ws/install/drone_common/share/drone_common/package.dsv'
[0.675s] INFO:colcon.colcon_core.shell:Creating package script '/home/ishank/ros2_ws/install/drone_common/share/drone_common/package.sh'
[0.677s] INFO:colcon.colcon_core.shell:Creating package script '/home/ishank/ros2_ws/install/drone_common/share/drone_common/package.bash'
[0.677s] INFO:colcon.colcon_core.shell:Creating package script '/home/ishank/ros2_ws/install/drone_common/share/drone_common/package.zsh'
[0.678s] Level 1:colcon.colcon_core.environment:create_file_with_runtime_dependencies(/home/ishank/ros2_ws/install/drone_common/share/colcon-core/packages/drone_common)
[0.932s] DEBUG:colcon.colcon_core.event_handler.log_command:Invoked command in '/home/ishank/ros2_ws/build/drone_msgs' returned '0': CMAKE_PREFIX_PATH=${CMAKE_PREFIX_PATH}:/opt/ros/humble /usr/bin/cmake --build /home/ishank/ros2_ws/build/drone_msgs -- -j8 -l8
[0.933s] DEBUG:colcon.colcon_core.event_handler.log_command:Invoking command in '/home/ishank/ros2_ws/build/drone_msgs': CMAKE_PREFIX_PATH=${CMAKE_PREFIX_PATH}:/opt/ros/humble /usr/bin/cmake --install /home/ishank/ros2_ws/build/drone_msgs
[1.016s] Level 1:colcon.colcon_core.environment:create_environment_scripts_only(drone_msgs)
[1.016s] Level 1:colcon.colcon_core.environment:checking '/home/ishank/ros2_ws/install/drone_msgs' for CMake module files
[1.017s] DEBUG:colcon.colcon_core.event_handler.log_command:Invoked command in '/home/ishank/ros2_ws/build/drone_msgs' returned '0': CMAKE_PREFIX_PATH=${CMAKE_PREFIX_PATH}:/opt/ros/humble /usr/bin/cmake --install /home/ishank/ros2_ws/build/drone_msgs
[1.017s] Level 1:colcon.colcon_core.environment:checking '/home/ishank/ros2_ws/install/drone_msgs' for CMake config files
[1.018s] Level 1:colcon.colcon_core.shell:create_environment_hook('drone_msgs', 'cmake_prefix_path')
[1.018s] INFO:colcon.colcon_core.shell:Creating environment hook '/home/ishank/ros2_ws/install/drone_msgs/share/drone_msgs/hook/cmake_prefix_path.ps1'
[1.019s] INFO:colcon.colcon_core.shell:Creating environment descriptor '/home/ishank/ros2_ws/install/drone_msgs/share/drone_msgs/hook/cmake_prefix_path.dsv'
[1.019s] INFO:colcon.colcon_core.shell:Creating environment hook '/home/ishank/ros2_ws/install/drone_msgs/share/drone_msgs/hook/cmake_prefix_path.sh'
[1.020s] Level 1:colcon.colcon_core.environment:checking '/home/ishank/ros2_ws/install/drone_msgs/lib'
[1.020s] Level 1:colcon.colcon_core.shell:create_environment_hook('drone_msgs', 'ld_library_path_lib')
[1.020s] INFO:colcon.colcon_core.shell:Creating environment hook '/home/ishank/ros2_ws/install/drone_msgs/share/drone_msgs/hook/ld_library_path_lib.ps1'
[1.020s] INFO:colcon.colcon_core.shell:Creating environment descriptor '/home/ishank/ros2_ws/install/drone_msgs/share/drone_msgs/hook/ld_library_path_lib.dsv'
[1.021s] INFO:colcon.colcon_core.shell:Creating environment hook '/home/ishank/ros2_ws/install/drone_msgs/share/drone_msgs/hook/ld_library_path_lib.sh'
[1.021s] Level 1:colcon.colcon_core.environment:checking '/home/ishank/ros2_ws/install/drone_msgs/bin'
[1.021s] Level 1:colcon.colcon_core.environment:checking '/home/ishank/ros2_ws/install/drone_msgs/lib/pkgconfig/drone_msgs.pc'
[1.021s] Level 1:colcon.colcon_core.environment:checking '/home/ishank/ros2_ws/install/drone_msgs/lib/python3.10/site-packages'
[1.021s] Level 1:colcon.colcon_core.environment:checking '/home/ishank/ros2_ws/install/drone_msgs/bin'
[1.022s] INFO:colcon.colcon_core.shell:Creating package script '/home/ishank/ros2_ws/install/drone_msgs/share/drone_msgs/package.ps1'
[1.022s] INFO:colcon.colcon_core.shell:Creating package descriptor '/home/ishank/ros2_ws/install/drone_msgs/share/drone_msgs/package.dsv'
[1.023s] INFO:colcon.colcon_core.shell:Creating package script '/home/ishank/ros2_ws/install/drone_msgs/share/drone_msgs/package.sh'
[1.023s] INFO:colcon.colcon_core.shell:Creating package script '/home/ishank/ros2_ws/install/drone_msgs/share/drone_msgs/package.bash'
[1.023s] INFO:colcon.colcon_core.shell:Creating package script '/home/ishank/ros2_ws/install/drone_msgs/share/drone_msgs/package.zsh'
[1.024s] Level 1:colcon.colcon_core.environment:create_file_with_runtime_dependencies(/home/ishank/ros2_ws/install/drone_msgs/share/colcon-core/packages/drone_msgs)
[1.024s] Level 1:colcon.colcon_core.environment:create_environment_scripts_only(drone_msgs)
[1.025s] Level 1:colcon.colcon_core.environment:checking '/home/ishank/ros2_ws/install/drone_msgs' for CMake module files
[1.025s] Level 1:colcon.colcon_core.environment:checking '/home/ishank/ros2_ws/install/drone_msgs' for CMake config files
[1.026s] Level 1:colcon.colcon_core.shell:create_environment_hook('drone_msgs', 'cmake_prefix_path')
[1.026s] INFO:colcon.colcon_core.shell:Creating environment hook '/home/ishank/ros2_ws/install/drone_msgs/share/drone_msgs/hook/cmake_prefix_path.ps1'
[1.026s] INFO:colcon.colcon_core.shell:Creating environment descriptor '/home/ishank/ros2_ws/install/drone_msgs/share/drone_msgs/hook/cmake_prefix_path.dsv'
[1.026s] INFO:colcon.colcon_core.shell:Creating environment hook '/home/ishank/ros2_ws/install/drone_msgs/share/drone_msgs/hook/cmake_prefix_path.sh'
[1.027s] Level 1:colcon.colcon_core.environment:checking '/home/ishank/ros2_ws/install/drone_msgs/lib'
[1.027s] Level 1:colcon.colcon_core.shell:create_environment_hook('drone_msgs', 'ld_library_path_lib')
[1.027s] INFO:colcon.colcon_core.shell:Creating environment hook '/home/ishank/ros2_ws/install/drone_msgs/share/drone_msgs/hook/ld_library_path_lib.ps1'
[1.027s] INFO:colcon.colcon_core.shell:Creating environment descriptor '/home/ishank/ros2_ws/install/drone_msgs/share/drone_msgs/hook/ld_library_path_lib.dsv'
[1.028s] INFO:colcon.colcon_core.shell:Creating environment hook '/home/ishank/ros2_ws/install/drone_msgs/share/drone_msgs/hook/ld_library_path_lib.sh'
[1.029s] Level 1:colcon.colcon_core.environment:checking '/home/ishank/ros2_ws/install/drone_msgs/bin'
[1.029s] Level 1:colcon.colcon_core.environment:checking '/home/ishank/ros2_ws/install/drone_msgs/lib/pkgconfig/drone_msgs.pc'
[1.029s] Level 1:colcon.colcon_core.environment:checking '/home/ishank/ros2_ws/install/drone_msgs/lib/python3.10/site-packages'
[1.029s] Level 1:colcon.colcon_core.environment:checking '/home/ishank/ros2_ws/install/drone_msgs/bin'
[1.030s] INFO:colcon.colcon_core.shell:Creating package script '/home/ishank/ros2_ws/install/drone_msgs/share/drone_msgs/package.ps1'
[1.031s] INFO:colcon.colcon_core.shell:Creating package descriptor '/home/ishank/ros2_ws/install/drone_msgs/share/drone_msgs/package.dsv'
[1.031s] INFO:colcon.colcon_core.shell:Creating package script '/home/ishank/ros2_ws/install/drone_msgs/share/drone_msgs/package.sh'
[1.031s] INFO:colcon.colcon_core.shell:Creating package script '/home/ishank/ros2_ws/install/drone_msgs/share/drone_msgs/package.bash'
[1.032s] INFO:colcon.colcon_core.shell:Creating package script '/home/ishank/ros2_ws/install/drone_msgs/share/drone_msgs/package.zsh'
[1.032s] Level 1:colcon.colcon_core.environment:create_file_with_runtime_dependencies(/home/ishank/ros2_ws/install/drone_msgs/share/colcon-core/packages/drone_msgs)
[1.033s] INFO:colcon.colcon_ros.task.ament_cmake.build:Building ROS package in '/home/ishank/ros2_ws/src/drone_bridge' with build type 'ament_cmake'
[1.033s] INFO:colcon.colcon_cmake.task.cmake.build:Building CMake package in '/home/ishank/ros2_ws/src/drone_bridge'
[1.033s] INFO:colcon.colcon_core.shell:Skip shell extension 'powershell' for command environment: Not usable outside of PowerShell
[1.034s] DEBUG:colcon.colcon_core.shell:Skip shell extension 'dsv' for command environment
[1.037s] INFO:colcon.colcon_ros.task.ament_cmake.build:Building ROS package in '/home/ishank/ros2_ws/src/drone_controller' with build type 'ament_cmake'
[1.037s] INFO:colcon.colcon_cmake.task.cmake.build:Building CMake package in '/home/ishank/ros2_ws/src/drone_controller'
[1.037s] INFO:colcon.colcon_core.shell:Skip shell extension 'powershell' for command environment: Not usable outside of PowerShell
[1.037s] DEBUG:colcon.colcon_core.shell:Skip shell extension 'dsv' for command environment
[1.040s] INFO:colcon.colcon_ros.task.ament_cmake.build:Building ROS package in '/home/ishank/ros2_ws/src/drone_planner' with build type 'ament_cmake'
[1.041s] INFO:colcon.colcon_cmake.task.cmake.build:Building CMake package in '/home/ishank/ros2_ws/src/drone_planner'
[1.041s] INFO:colcon.colcon_core.shell:Skip shell extension 'powershell' for command environment: Not usable outside of PowerShell
[1.041s] DEBUG:colcon.colcon_core.shell:Skip shell extension 'dsv' for command environment
[1.048s] INFO:colcon.colcon_ros.task.ament_cmake.build:Building ROS package in '/home/ishank/ros2_ws/src/mission_manager' with build type 'ament_cmake'
[1.048s] INFO:colcon.colcon_cmake.task.cmake.build:Building CMake package in '/home/ishank/ros2_ws/src/mission_manager'
[1.049s] INFO:colcon.colcon_core.shell:Skip shell extension 'powershell' for command environment: Not usable outside of PowerShell
[1.049s] DEBUG:colcon.colcon_core.shell:Skip shell extension 'dsv' for command environment
[1.126s] DEBUG:colcon.colcon_core.event_handler.log_command:Invoking command in '/home/ishank/ros2_ws/build/drone_controller': CMAKE_PREFIX_PATH=/home/ishank/ros2_ws/install/drone_msgs:/home/ishank/ros2_ws/install/mission_manager:/home/ishank/ros2_ws/install/drone_planner:/home/ishank/ros2_ws/install/drone_common:/home/ishank/ros2_ws/install/drone_sim:/home/ishank/ros2_ws/install/drone_controller:/home/ishank/ros2_ws/install/drone_bridge:/opt/ros/humble /usr/bin/cmake --build /home/ishank/ros2_ws/build/drone_controller -- -j8 -l8
[1.132s] DEBUG:colcon.colcon_core.event_handler.log_command:Invoking command in '/home/ishank/ros2_ws/build/drone_bridge': CMAKE_PREFIX_PATH=/home/ishank/ros2_ws/install/drone_msgs:/home/ishank/ros2_ws/install/mission_manager:/home/ishank/ros2_ws/install/drone_planner:/home/ishank/ros2_ws/install/drone_common:/home/ishank/ros2_ws/install/drone_sim:/home/ishank/ros2_ws/install/drone_controller:/home/ishank/ros2_ws/install/drone_bridge:/opt/ros/humble /usr/bin/cmake --build /home/ishank/ros2_ws/build/drone_bridge -- -j8 -l8
[1.156s] DEBUG:colcon.colcon_core.event_handler.log_command:Invoking command in '/home/ishank/ros2_ws/build/drone_planner': CMAKE_PREFIX_PATH=/home/ishank/ros2_ws/install/drone_msgs:/home/ishank/ros2_ws/install/mission_manager:/home/ishank/ros2_ws/install/drone_planner:/home/ishank/ros2_ws/install/drone_common:/home/ishank/ros2_ws/install/drone_sim:/home/ishank/ros2_ws/install/drone_controller:/home/ishank/ros2_ws/install/drone_bridge:/opt/ros/humble /usr/bin/cmake --build /home/ishank/ros2_ws/build/drone_planner -- -j8 -l8
[1.167s] DEBUG:colcon.colcon_core.event_handler.log_command:Invoking command in '/home/ishank/ros2_ws/build/mission_manager': CMAKE_PREFIX_PATH=/home/ishank/ros2_ws/install/drone_msgs:/home/ishank/ros2_ws/install/mission_manager:/home/ishank/ros2_ws/install/drone_planner:/home/ishank/ros2_ws/install/drone_common:/home/ishank/ros2_ws/install/drone_sim:/home/ishank/ros2_ws/install/drone_controller:/home/ishank/ros2_ws/install/drone_bridge:/opt/ros/humble /usr/bin/cmake --build /home/ishank/ros2_ws/build/mission_manager -- -j8 -l8
[1.194s] DEBUG:colcon.colcon_core.event_handler.log_command:Invoked command in '/home/ishank/ros2_ws/build/drone_bridge' returned '0': CMAKE_PREFIX_PATH=/home/ishank/ros2_ws/install/drone_msgs:/home/ishank/ros2_ws/install/mission_manager:/home/ishank/ros2_ws/install/drone_planner:/home/ishank/ros2_ws/install/drone_common:/home/ishank/ros2_ws/install/drone_sim:/home/ishank/ros2_ws/install/drone_controller:/home/ishank/ros2_ws/install/drone_bridge:/opt/ros/humble /usr/bin/cmake --build /home/ishank/ros2_ws/build/drone_bridge -- -j8 -l8
[1.197s] DEBUG:colcon.colcon_core.event_handler.log_command:Invoking command in '/home/ishank/ros2_ws/build/drone_bridge': CMAKE_PREFIX_PATH=/home/ishank/ros2_ws/install/drone_msgs:/home/ishank/ros2_ws/install/mission_manager:/home/ishank/ros2_ws/install/drone_planner:/home/ishank/ros2_ws/install/drone_common:/home/ishank/ros2_ws/install/drone_sim:/home/ishank/ros2_ws/install/drone_controller:/home/ishank/ros2_ws/install/drone_bridge:/opt/ros/humble /usr/bin/cmake --install /home/ishank/ros2_ws/build/drone_bridge
[1.217s] DEBUG:colcon.colcon_core.event_handler.log_command:Invoked command in '/home/ishank/ros2_ws/build/drone_planner' returned '0': CMAKE_PREFIX_PATH=/home/ishank/ros2_ws/install/drone_msgs:/home/ishank/ros2_ws/install/mission_manager:/home/ishank/ros2_ws/install/drone_planner:/home/ishank/ros2_ws/install/drone_common:/home/ishank/ros2_ws/install/drone_sim:/home/ishank/ros2_ws/install/drone_controller:/home/ishank/ros2_ws/install/drone_bridge:/opt/ros/humble /usr/bin/cmake --build /home/ishank/ros2_ws/build/drone_planner -- -j8 -l8
[1.221s] DEBUG:colcon.colcon_core.event_handler.log_command:Invoking command in '/home/ishank/ros2_ws/build/drone_planner': CMAKE_PREFIX_PATH=/home/ishank/ros2_ws/install/drone_msgs:/home/ishank/ros2_ws/install/mission_manager:/home/ishank/ros2_ws/install/drone_planner:/home/ishank/ros2_ws/install/drone_common:/home/ishank/ros2_ws/install/drone_sim:/home/ishank/ros2_ws/install/drone_controller:/home/ishank/ros2_ws/install/drone_bridge:/opt/ros/humble /usr/bin/cmake --install /home/ishank/ros2_ws/build/drone_planner
[1.225s] DEBUG:colcon.colcon_core.event_handler.log_command:Invoked command in '/home/ishank/ros2_ws/build/mission_manager' returned '0': CMAKE_PREFIX_PATH=/home/ishank/ros2_ws/install/drone_msgs:/home/ishank/ros2_ws/install/mission_manager:/home/ishank/ros2_ws/install/drone_planner:/home/ishank/ros2_ws/install/drone_common:/home/ishank/ros2_ws/install/drone_sim:/home/ishank/ros2_ws/install/drone_controller:/home/ishank/ros2_ws/install/drone_bridge:/opt/ros/humble /usr/bin/cmake --build /home/ishank/ros2_ws/build/mission_manager -- -j8 -l8
[1.229s] DEBUG:colcon.colcon_core.event_handler.log_command:Invoking command in '/home/ishank/ros2_ws/build/mission_manager': CMAKE_PREFIX_PATH=/home/ishank/ros2_ws/install/drone_msgs:/home/ishank/ros2_ws/install/mission_manager:/home/ishank/ros2_ws/install/drone_planner:/home/ishank/ros2_ws/install/drone_common:/home/ishank/ros2_ws/install/drone_sim:/home/ishank/ros2_ws/install/drone_controller:/home/ishank/ros2_ws/install/drone_bridge:/opt/ros/humble /usr/bin/cmake --install /home/ishank/ros2_ws/build/mission_manager
[1.231s] Level 1:colcon.colcon_core.environment:create_environment_scripts_only(drone_bridge)
[1.232s] Level 1:colcon.colcon_core.environment:checking '/home/ishank/ros2_ws/install/drone_bridge' for CMake module files
[1.234s] DEBUG:colcon.colcon_core.event_handler.log_command:Invoked command in '/home/ishank/ros2_ws/build/drone_bridge' returned '0': CMAKE_PREFIX_PATH=/home/ishank/ros2_ws/install/drone_msgs:/home/ishank/ros2_ws/install/mission_manager:/home/ishank/ros2_ws/install/drone_planner:/home/ishank/ros2_ws/install/drone_common:/home/ishank/ros2_ws/install/drone_sim:/home/ishank/ros2_ws/install/drone_controller:/home/ishank/ros2_ws/install/drone_bridge:/opt/ros/humble /usr/bin/cmake --install /home/ishank/ros2_ws/build/drone_bridge
[1.236s] Level 1:colcon.colcon_core.environment:checking '/home/ishank/ros2_ws/install/drone_bridge' for CMake config files
[1.238s] Level 1:colcon.colcon_core.shell:create_environment_hook('drone_bridge', 'cmake_prefix_path')
[1.239s] INFO:colcon.colcon_core.shell:Creating environment hook '/home/ishank/ros2_ws/install/drone_bridge/share/drone_bridge/hook/cmake_prefix_path.ps1'
[1.242s] INFO:colcon.colcon_core.shell:Creating environment descriptor '/home/ishank/ros2_ws/install/drone_bridge/share/drone_bridge/hook/cmake_prefix_path.dsv'
[1.245s] INFO:colcon.colcon_core.shell:Creating environment hook '/home/ishank/ros2_ws/install/drone_bridge/share/drone_bridge/hook/cmake_prefix_path.sh'
[1.248s] Level 1:colcon.colcon_core.environment:checking '/home/ishank/ros2_ws/install/drone_bridge/bin'
[1.248s] Level 1:colcon.colcon_core.environment:checking '/home/ishank/ros2_ws/install/drone_bridge/lib/pkgconfig/drone_bridge.pc'
[1.249s] Level 1:colcon.colcon_core.environment:checking '/home/ishank/ros2_ws/install/drone_bridge/lib/python3.10/site-packages'
[1.249s] Level 1:colcon.colcon_core.environment:checking '/home/ishank/ros2_ws/install/drone_bridge/bin'
[1.250s] INFO:colcon.colcon_core.shell:Creating package script '/home/ishank/ros2_ws/install/drone_bridge/share/drone_bridge/package.ps1'
[1.252s] INFO:colcon.colcon_core.shell:Creating package descriptor '/home/ishank/ros2_ws/install/drone_bridge/share/drone_bridge/package.dsv'
[1.255s] INFO:colcon.colcon_core.shell:Creating package script '/home/ishank/ros2_ws/install/drone_bridge/share/drone_bridge/package.sh'
[1.256s] INFO:colcon.colcon_core.shell:Creating package script '/home/ishank/ros2_ws/install/drone_bridge/share/drone_bridge/package.bash'
[1.257s] INFO:colcon.colcon_core.shell:Creating package script '/home/ishank/ros2_ws/install/drone_bridge/share/drone_bridge/package.zsh'
[1.258s] Level 1:colcon.colcon_core.environment:create_file_with_runtime_dependencies(/home/ishank/ros2_ws/install/drone_bridge/share/colcon-core/packages/drone_bridge)
[1.262s] Level 1:colcon.colcon_core.environment:create_environment_scripts_only(drone_bridge)
[1.263s] Level 1:colcon.colcon_core.environment:checking '/home/ishank/ros2_ws/install/drone_bridge' for CMake module files
[1.264s] Level 1:colcon.colcon_core.environment:checking '/home/ishank/ros2_ws/install/drone_bridge' for CMake config files
[1.265s] Level 1:colcon.colcon_core.shell:create_environment_hook('drone_bridge', 'cmake_prefix_path')
[1.265s] INFO:colcon.colcon_core.shell:Creating environment hook '/home/ishank/ros2_ws/install/drone_bridge/share/drone_bridge/hook/cmake_prefix_path.ps1'
[1.265s] INFO:colcon.colcon_core.shell:Creating environment descriptor '/home/ishank/ros2_ws/install/drone_bridge/share/drone_bridge/hook/cmake_prefix_path.dsv'
[1.266s] INFO:colcon.colcon_core.shell:Creating environment hook '/home/ishank/ros2_ws/install/drone_bridge/share/drone_bridge/hook/cmake_prefix_path.sh'
[1.267s] Level 1:colcon.colcon_core.environment:checking '/home/ishank/ros2_ws/install/drone_bridge/bin'
[1.267s] Level 1:colcon.colcon_core.environment:checking '/home/ishank/ros2_ws/install/drone_bridge/lib/pkgconfig/drone_bridge.pc'
[1.267s] Level 1:colcon.colcon_core.environment:checking '/home/ishank/ros2_ws/install/drone_bridge/lib/python3.10/site-packages'
[1.268s] Level 1:colcon.colcon_core.environment:checking '/home/ishank/ros2_ws/install/drone_bridge/bin'
[1.268s] INFO:colcon.colcon_core.shell:Creating package script '/home/ishank/ros2_ws/install/drone_bridge/share/drone_bridge/package.ps1'
[1.269s] INFO:colcon.colcon_core.shell:Creating package descriptor '/home/ishank/ros2_ws/install/drone_bridge/share/drone_bridge/package.dsv'
[1.269s] INFO:colcon.colcon_core.shell:Creating package script '/home/ishank/ros2_ws/install/drone_bridge/share/drone_bridge/package.sh'
[1.270s] INFO:colcon.colcon_core.shell:Creating package script '/home/ishank/ros2_ws/install/drone_bridge/share/drone_bridge/package.bash'
[1.270s] INFO:colcon.colcon_core.shell:Creating package script '/home/ishank/ros2_ws/install/drone_bridge/share/drone_bridge/package.zsh'
[1.271s] Level 1:colcon.colcon_core.environment:create_file_with_runtime_dependencies(/home/ishank/ros2_ws/install/drone_bridge/share/colcon-core/packages/drone_bridge)
[1.273s] Level 1:colcon.colcon_core.environment:create_environment_scripts_only(drone_planner)
[1.274s] Level 1:colcon.colcon_core.environment:checking '/home/ishank/ros2_ws/install/drone_planner' for CMake module files
[1.275s] DEBUG:colcon.colcon_core.event_handler.log_command:Invoked command in '/home/ishank/ros2_ws/build/drone_planner' returned '0': CMAKE_PREFIX_PATH=/home/ishank/ros2_ws/install/drone_msgs:/home/ishank/ros2_ws/install/mission_manager:/home/ishank/ros2_ws/install/drone_planner:/home/ishank/ros2_ws/install/drone_common:/home/ishank/ros2_ws/install/drone_sim:/home/ishank/ros2_ws/install/drone_controller:/home/ishank/ros2_ws/install/drone_bridge:/opt/ros/humble /usr/bin/cmake --install /home/ishank/ros2_ws/build/drone_planner
[1.275s] Level 1:colcon.colcon_core.environment:checking '/home/ishank/ros2_ws/install/drone_planner' for CMake config files
[1.276s] Level 1:colcon.colcon_core.shell:create_environment_hook('drone_planner', 'cmake_prefix_path')
[1.276s] INFO:colcon.colcon_core.shell:Creating environment hook '/home/ishank/ros2_ws/install/drone_planner/share/drone_planner/hook/cmake_prefix_path.ps1'
[1.277s] INFO:colcon.colcon_core.shell:Creating environment descriptor '/home/ishank/ros2_ws/install/drone_planner/share/drone_planner/hook/cmake_prefix_path.dsv'
[1.277s] INFO:colcon.colcon_core.shell:Creating environment hook '/home/ishank/ros2_ws/install/drone_planner/share/drone_planner/hook/cmake_prefix_path.sh'
[1.278s] Level 1:colcon.colcon_core.environment:checking '/home/ishank/ros2_ws/install/drone_planner/bin'
[1.278s] Level 1:colcon.colcon_core.environment:checking '/home/ishank/ros2_ws/install/drone_planner/lib/pkgconfig/drone_planner.pc'
[1.278s] Level 1:colcon.colcon_core.environment:checking '/home/ishank/ros2_ws/install/drone_planner/lib/python3.10/site-packages'
[1.278s] Level 1:colcon.colcon_core.environment:checking '/home/ishank/ros2_ws/install/drone_planner/bin'
[1.279s] INFO:colcon.colcon_core.shell:Creating package script '/home/ishank/ros2_ws/install/drone_planner/share/drone_planner/package.ps1'
[1.280s] INFO:colcon.colcon_core.shell:Creating package descriptor '/home/ishank/ros2_ws/install/drone_planner/share/drone_planner/package.dsv'
[1.280s] INFO:colcon.colcon_core.shell:Creating package script '/home/ishank/ros2_ws/install/drone_planner/share/drone_planner/package.sh'
[1.281s] INFO:colcon.colcon_core.shell:Creating package script '/home/ishank/ros2_ws/install/drone_planner/share/drone_planner/package.bash'
[1.281s] INFO:colcon.colcon_core.shell:Creating package script '/home/ishank/ros2_ws/install/drone_planner/share/drone_planner/package.zsh'
[1.282s] Level 1:colcon.colcon_core.environment:create_file_with_runtime_dependencies(/home/ishank/ros2_ws/install/drone_planner/share/colcon-core/packages/drone_planner)
[1.283s] Level 1:colcon.colcon_core.environment:create_environment_scripts_only(drone_planner)
[1.283s] Level 1:colcon.colcon_core.environment:checking '/home/ishank/ros2_ws/install/drone_planner' for CMake module files
[1.284s] Level 1:colcon.colcon_core.environment:checking '/home/ishank/ros2_ws/install/drone_planner' for CMake config files
[1.284s] Level 1:colcon.colcon_core.shell:create_environment_hook('drone_planner', 'cmake_prefix_path')
[1.285s] INFO:colcon.colcon_core.shell:Creating environment hook '/home/ishank/ros2_ws/install/drone_planner/share/drone_planner/hook/cmake_prefix_path.ps1'
[1.285s] INFO:colcon.colcon_core.shell:Creating environment descriptor '/home/ishank/ros2_ws/install/drone_planner/share/drone_planner/hook/cmake_prefix_path.dsv'
[1.286s] INFO:colcon.colcon_core.shell:Creating environment hook '/home/ishank/ros2_ws/install/drone_planner/share/drone_planner/hook/cmake_prefix_path.sh'
[1.287s] Level 1:colcon.colcon_core.environment:checking '/home/ishank/ros2_ws/install/drone_planner/bin'
[1.288s] Level 1:colcon.colcon_core.environment:checking '/home/ishank/ros2_ws/install/drone_planner/lib/pkgconfig/drone_planner.pc'
[1.288s] Level 1:colcon.colcon_core.environment:checking '/home/ishank/ros2_ws/install/drone_planner/lib/python3.10/site-packages'
[1.288s] Level 1:colcon.colcon_core.environment:checking '/home/ishank/ros2_ws/install/drone_planner/bin'
[1.289s] INFO:colcon.colcon_core.shell:Creating package script '/home/ishank/ros2_ws/install/drone_planner/share/drone_planner/package.ps1'
[1.290s] INFO:colcon.colcon_core.shell:Creating package descriptor '/home/ishank/ros2_ws/install/drone_planner/share/drone_planner/package.dsv'
[1.291s] INFO:colcon.colcon_core.shell:Creating package script '/home/ishank/ros2_ws/install/drone_planner/share/drone_planner/package.sh'
[1.293s] INFO:colcon.colcon_core.shell:Creating package script '/home/ishank/ros2_ws/install/drone_planner/share/drone_planner/package.bash'
[1.294s] INFO:colcon.colcon_core.shell:Creating package script '/home/ishank/ros2_ws/install/drone_planner/share/drone_planner/package.zsh'
[1.295s] Level 1:colcon.colcon_core.environment:create_file_with_runtime_dependencies(/home/ishank/ros2_ws/install/drone_planner/share/colcon-core/packages/drone_planner)
[1.295s] Level 1:colcon.colcon_core.environment:create_environment_scripts_only(mission_manager)
[1.296s] Level 1:colcon.colcon_core.environment:checking '/home/ishank/ros2_ws/install/mission_manager' for CMake module files
[1.298s] Level 1:colcon.colcon_core.environment:checking '/home/ishank/ros2_ws/install/mission_manager' for CMake config files
[1.298s] DEBUG:colcon.colcon_core.event_handler.log_command:Invoked command in '/home/ishank/ros2_ws/build/mission_manager' returned '0': CMAKE_PREFIX_PATH=/home/ishank/ros2_ws/install/drone_msgs:/home/ishank/ros2_ws/install/mission_manager:/home/ishank/ros2_ws/install/drone_planner:/home/ishank/ros2_ws/install/drone_common:/home/ishank/ros2_ws/install/drone_sim:/home/ishank/ros2_ws/install/drone_controller:/home/ishank/ros2_ws/install/drone_bridge:/opt/ros/humble /usr/bin/cmake --install /home/ishank/ros2_ws/build/mission_manager
[1.298s] Level 1:colcon.colcon_core.shell:create_environment_hook('mission_manager', 'cmake_prefix_path')
[1.298s] INFO:colcon.colcon_core.shell:Creating environment hook '/home/ishank/ros2_ws/install/mission_manager/share/mission_manager/hook/cmake_prefix_path.ps1'
[1.299s] INFO:colcon.colcon_core.shell:Creating environment descriptor '/home/ishank/ros2_ws/install/mission_manager/share/mission_manager/hook/cmake_prefix_path.dsv'
[1.299s] INFO:colcon.colcon_core.shell:Creating environment hook '/home/ishank/ros2_ws/install/mission_manager/share/mission_manager/hook/cmake_prefix_path.sh'
[1.300s] Level 1:colcon.colcon_core.environment:checking '/home/ishank/ros2_ws/install/mission_manager/bin'
[1.300s] Level 1:colcon.colcon_core.environment:checking '/home/ishank/ros2_ws/install/mission_manager/lib/pkgconfig/mission_manager.pc'
[1.300s] Level 1:colcon.colcon_core.environment:checking '/home/ishank/ros2_ws/install/mission_manager/lib/python3.10/site-packages'
[1.300s] Level 1:colcon.colcon_core.environment:checking '/home/ishank/ros2_ws/install/mission_manager/bin'
[1.301s] INFO:colcon.colcon_core.shell:Creating package script '/home/ishank/ros2_ws/install/mission_manager/share/mission_manager/package.ps1'
[1.301s] INFO:colcon.colcon_core.shell:Creating package descriptor '/home/ishank/ros2_ws/install/mission_manager/share/mission_manager/package.dsv'
[1.302s] INFO:colcon.colcon_core.shell:Creating package script '/home/ishank/ros2_ws/install/mission_manager/share/mission_manager/package.sh'
[1.302s] INFO:colcon.colcon_core.shell:Creating package script '/home/ishank/ros2_ws/install/mission_manager/share/mission_manager/package.bash'
[1.303s] INFO:colcon.colcon_core.shell:Creating package script '/home/ishank/ros2_ws/install/mission_manager/share/mission_manager/package.zsh'
[1.303s] Level 1:colcon.colcon_core.environment:create_file_with_runtime_dependencies(/home/ishank/ros2_ws/install/mission_manager/share/colcon-core/packages/mission_manager)
[1.304s] Level 1:colcon.colcon_core.environment:create_environment_scripts_only(mission_manager)
[1.304s] Level 1:colcon.colcon_core.environment:checking '/home/ishank/ros2_ws/install/mission_manager' for CMake module files
[1.305s] Level 1:colcon.colcon_core.environment:checking '/home/ishank/ros2_ws/install/mission_manager' for CMake config files
[1.305s] Level 1:colcon.colcon_core.shell:create_environment_hook('mission_manager', 'cmake_prefix_path')
[1.306s] INFO:colcon.colcon_core.shell:Creating environment hook '/home/ishank/ros2_ws/install/mission_manager/share/mission_manager/hook/cmake_prefix_path.ps1'
[1.307s] INFO:colcon.colcon_core.shell:Creating environment descriptor '/home/ishank/ros2_ws/install/mission_manager/share/mission_manager/hook/cmake_prefix_path.dsv'
[1.307s] INFO:colcon.colcon_core.shell:Creating environment hook '/home/ishank/ros2_ws/install/mission_manager/share/mission_manager/hook/cmake_prefix_path.sh'
[1.308s] Level 1:colcon.colcon_core.environment:checking '/home/ishank/ros2_ws/install/mission_manager/bin'
[1.308s] Level 1:colcon.colcon_core.environment:checking '/home/ishank/ros2_ws/install/mission_manager/lib/pkgconfig/mission_manager.pc'
[1.308s] Level 1:colcon.colcon_core.environment:checking '/home/ishank/ros2_ws/install/mission_manager/lib/python3.10/site-packages'
[1.309s] Level 1:colcon.colcon_core.environment:checking '/home/ishank/ros2_ws/install/mission_manager/bin'
[1.309s] INFO:colcon.colcon_core.shell:Creating package script '/home/ishank/ros2_ws/install/mission_manager/share/mission_manager/package.ps1'
[1.310s] INFO:colcon.colcon_core.shell:Creating package descriptor '/home/ishank/ros2_ws/install/mission_manager/share/mission_manager/package.dsv'
[1.310s] INFO:colcon.colcon_core.shell:Creating package script '/home/ishank/ros2_ws/install/mission_manager/share/mission_manager/package.sh'
[1.311s] INFO:colcon.colcon_core.shell:Creating package script '/home/ishank/ros2_ws/install/mission_manager/share/mission_manager/package.bash'
[1.311s] INFO:colcon.colcon_core.shell:Creating package script '/home/ishank/ros2_ws/install/mission_manager/share/mission_manager/package.zsh'
[1.312s] Level 1:colcon.colcon_core.environment:create_file_with_runtime_dependencies(/home/ishank/ros2_ws/install/mission_manager/share/colcon-core/packages/mission_manager)
[11.139s] DEBUG:colcon.colcon_core.event_handler.log_command:Invoked command in '/home/ishank/ros2_ws/build/drone_controller' returned '0': CMAKE_PREFIX_PATH=/home/ishank/ros2_ws/install/drone_msgs:/home/ishank/ros2_ws/install/mission_manager:/home/ishank/ros2_ws/install/drone_planner:/home/ishank/ros2_ws/install/drone_common:/home/ishank/ros2_ws/install/drone_sim:/home/ishank/ros2_ws/install/drone_controller:/home/ishank/ros2_ws/install/drone_bridge:/opt/ros/humble /usr/bin/cmake --build /home/ishank/ros2_ws/build/drone_controller -- -j8 -l8
[11.145s] DEBUG:colcon.colcon_core.event_handler.log_command:Invoking command in '/home/ishank/ros2_ws/build/drone_controller': CMAKE_PREFIX_PATH=/home/ishank/ros2_ws/install/drone_msgs:/home/ishank/ros2_ws/install/mission_manager:/home/ishank/ros2_ws/install/drone_planner:/home/ishank/ros2_ws/install/drone_common:/home/ishank/ros2_ws/install/drone_sim:/home/ishank/ros2_ws/install/drone_controller:/home/ishank/ros2_ws/install/drone_bridge:/opt/ros/humble /usr/bin/cmake --install /home/ishank/ros2_ws/build/drone_controller
[11.167s] Level 1:colcon.colcon_core.environment:create_environment_scripts_only(drone_controller)
[11.168s] Level 1:colcon.colcon_core.environment:checking '/home/ishank/ros2_ws/install/drone_controller' for CMake module files
[11.169s] DEBUG:colcon.colcon_core.event_handler.log_command:Invoked command in '/home/ishank/ros2_ws/build/drone_controller' returned '0': CMAKE_PREFIX_PATH=/home/ishank/ros2_ws/install/drone_msgs:/home/ishank/ros2_ws/install/mission_manager:/home/ishank/ros2_ws/install/drone_planner:/home/ishank/ros2_ws/install/drone_common:/home/ishank/ros2_ws/install/drone_sim:/home/ishank/ros2_ws/install/drone_controller:/home/ishank/ros2_ws/install/drone_bridge:/opt/ros/humble /usr/bin/cmake --install /home/ishank/ros2_ws/build/drone_controller
[11.169s] Level 1:colcon.colcon_core.environment:checking '/home/ishank/ros2_ws/install/drone_controller' for CMake config files
[11.170s] Level 1:colcon.colcon_core.shell:create_environment_hook('drone_controller', 'cmake_prefix_path')
[11.170s] INFO:colcon.colcon_core.shell:Creating environment hook '/home/ishank/ros2_ws/install/drone_controller/share/drone_controller/hook/cmake_prefix_path.ps1'
[11.172s] INFO:colcon.colcon_core.shell:Creating environment descriptor '/home/ishank/ros2_ws/install/drone_controller/share/drone_controller/hook/cmake_prefix_path.dsv'
[11.173s] INFO:colcon.colcon_core.shell:Creating environment hook '/home/ishank/ros2_ws/install/drone_controller/share/drone_controller/hook/cmake_prefix_path.sh'
[11.174s] Level 1:colcon.colcon_core.environment:checking '/home/ishank/ros2_ws/install/drone_controller/lib'
[11.174s] Level 1:colcon.colcon_core.environment:checking '/home/ishank/ros2_ws/install/drone_controller/bin'
[11.174s] Level 1:colcon.colcon_core.environment:checking '/home/ishank/ros2_ws/install/drone_controller/lib/pkgconfig/drone_controller.pc'
[11.174s] Level 1:colcon.colcon_core.environment:checking '/home/ishank/ros2_ws/install/drone_controller/lib/python3.10/site-packages'
[11.174s] Level 1:colcon.colcon_core.environment:checking '/home/ishank/ros2_ws/install/drone_controller/bin'
[11.175s] INFO:colcon.colcon_core.shell:Creating package script '/home/ishank/ros2_ws/install/drone_controller/share/drone_controller/package.ps1'
[11.175s] INFO:colcon.colcon_core.shell:Creating package descriptor '/home/ishank/ros2_ws/install/drone_controller/share/drone_controller/package.dsv'
[11.176s] INFO:colcon.colcon_core.shell:Creating package script '/home/ishank/ros2_ws/install/drone_controller/share/drone_controller/package.sh'
[11.176s] INFO:colcon.colcon_core.shell:Creating package script '/home/ishank/ros2_ws/install/drone_controller/share/drone_controller/package.bash'
[11.177s] INFO:colcon.colcon_core.shell:Creating package script '/home/ishank/ros2_ws/install/drone_controller/share/drone_controller/package.zsh'
[11.177s] Level 1:colcon.colcon_core.environment:create_file_with_runtime_dependencies(/home/ishank/ros2_ws/install/drone_controller/share/colcon-core/packages/drone_controller)
[11.178s] Level 1:colcon.colcon_core.environment:create_environment_scripts_only(drone_controller)
[11.178s] Level 1:colcon.colcon_core.environment:checking '/home/ishank/ros2_ws/install/drone_controller' for CMake module files
[11.178s] Level 1:colcon.colcon_core.environment:checking '/home/ishank/ros2_ws/install/drone_controller' for CMake config files
[11.178s] Level 1:colcon.colcon_core.shell:create_environment_hook('drone_controller', 'cmake_prefix_path')
[11.178s] INFO:colcon.colcon_core.shell:Creating environment hook '/home/ishank/ros2_ws/install/drone_controller/share/drone_controller/hook/cmake_prefix_path.ps1'
[11.179s] INFO:colcon.colcon_core.shell:Creating environment descriptor '/home/ishank/ros2_ws/install/drone_controller/share/drone_controller/hook/cmake_prefix_path.dsv'
[11.179s] INFO:colcon.colcon_core.shell:Creating environment hook '/home/ishank/ros2_ws/install/drone_controller/share/drone_controller/hook/cmake_prefix_path.sh'
[11.180s] Level 1:colcon.colcon_core.environment:checking '/home/ishank/ros2_ws/install/drone_controller/lib'
[11.180s] Level 1:colcon.colcon_core.environment:checking '/home/ishank/ros2_ws/install/drone_controller/bin'
[11.180s] Level 1:colcon.colcon_core.environment:checking '/home/ishank/ros2_ws/install/drone_controller/lib/pkgconfig/drone_controller.pc'
[11.180s] Level 1:colcon.colcon_core.environment:checking '/home/ishank/ros2_ws/install/drone_controller/lib/python3.10/site-packages'
[11.181s] Level 1:colcon.colcon_core.environment:checking '/home/ishank/ros2_ws/install/drone_controller/bin'
[11.181s] INFO:colcon.colcon_core.shell:Creating package script '/home/ishank/ros2_ws/install/drone_controller/share/drone_controller/package.ps1'
[11.183s] INFO:colcon.colcon_core.shell:Creating package descriptor '/home/ishank/ros2_ws/install/drone_controller/share/drone_controller/package.dsv'
[11.183s] INFO:colcon.colcon_core.shell:Creating package script '/home/ishank/ros2_ws/install/drone_controller/share/drone_controller/package.sh'
[11.184s] INFO:colcon.colcon_core.shell:Creating package script '/home/ishank/ros2_ws/install/drone_controller/share/drone_controller/package.bash'
[11.184s] INFO:colcon.colcon_core.shell:Creating package script '/home/ishank/ros2_ws/install/drone_controller/share/drone_controller/package.zsh'
[11.185s] Level 1:colcon.colcon_core.environment:create_file_with_runtime_dependencies(/home/ishank/ros2_ws/install/drone_controller/share/colcon-core/packages/drone_controller)
[11.186s] DEBUG:colcon.colcon_parallel_executor.executor.parallel:closing loop
[11.187s] DEBUG:colcon.colcon_parallel_executor.executor.parallel:loop closed
[11.187s] DEBUG:colcon.colcon_parallel_executor.executor.parallel:run_until_complete finished with '0'
[11.187s] DEBUG:colcon.colcon_core.event_reactor:joining thread
[14.192s] INFO:colcon.colcon_core.plugin_system:Skipping extension 'colcon_notification.desktop_notification.notify_send': Could not find 'notify-send'
[14.192s] INFO:colcon.colcon_core.plugin_system:Skipping extension 'colcon_notification.desktop_notification.terminal_notifier': Not used on non-Darwin systems
[14.192s] INFO:colcon.colcon_core.plugin_system:Skipping extension 'colcon_notification.desktop_notification.win32': Not used on non-Windows systems
[14.192s] INFO:colcon.colcon_notification.desktop_notification:Sending desktop notification using 'notify2'
[14.192s] DEBUG:colcon.colcon_notification.desktop_notification.notify2:Failed to initialize notify2: org.freedesktop.DBus.Error.FileNotFound: Failed to connect to socket /run/user/1000/bus: No such file or directory
[14.192s] DEBUG:colcon.colcon_core.event_reactor:joined thread
[14.193s] INFO:colcon.colcon_core.shell:Creating prefix script '/home/ishank/ros2_ws/install/local_setup.ps1'
[14.194s] INFO:colcon.colcon_core.shell:Creating prefix util module '/home/ishank/ros2_ws/install/_local_setup_util_ps1.py'
[14.195s] INFO:colcon.colcon_core.shell:Creating prefix chain script '/home/ishank/ros2_ws/install/setup.ps1'
[14.197s] INFO:colcon.colcon_core.shell:Creating prefix script '/home/ishank/ros2_ws/install/local_setup.sh'
[14.197s] INFO:colcon.colcon_core.shell:Creating prefix util module '/home/ishank/ros2_ws/install/_local_setup_util_sh.py'
[14.198s] INFO:colcon.colcon_core.shell:Creating prefix chain script '/home/ishank/ros2_ws/install/setup.sh'
[14.200s] INFO:colcon.colcon_core.shell:Creating prefix script '/home/ishank/ros2_ws/install/local_setup.bash'
[14.202s] INFO:colcon.colcon_core.shell:Creating prefix chain script '/home/ishank/ros2_ws/install/setup.bash'
[14.205s] INFO:colcon.colcon_core.shell:Creating prefix script '/home/ishank/ros2_ws/install/local_setup.zsh'
[14.205s] INFO:colcon.colcon_core.shell:Creating prefix chain script '/home/ishank/ros2_ws/install/setup.zsh'
