[0.026s] Invoking command in '/home/ishank/ros2_ws/build/drone_common': CMAKE_PREFIX_PATH=${CMAKE_PREFIX_PATH}:/opt/ros/humble /usr/bin/cmake --build /home/ishank/ros2_ws/build/drone_common -- -j8 -l8
[0.151s] Invoked command in '/home/ishank/ros2_ws/build/drone_common' returned '0': CMAKE_PREFIX_PATH=${CMAKE_PREFIX_PATH}:/opt/ros/humble /usr/bin/cmake --build /home/ishank/ros2_ws/build/drone_common -- -j8 -l8
[0.166s] Invoking command in '/home/ishank/ros2_ws/build/drone_common': CMAKE_PREFIX_PATH=${CMAKE_PREFIX_PATH}:/opt/ros/humble /usr/bin/cmake --install /home/ishank/ros2_ws/build/drone_common
[0.178s] -- Install configuration: ""
[0.186s] -- Execute custom install script
[0.187s] -- Up-to-date symlink: /home/ishank/ros2_ws/install/drone_common/include/drone_common/battery_cost.hpp
[0.187s] -- Up-to-date symlink: /home/ishank/ros2_ws/install/drone_common/share/ament_index/resource_index/package_run_dependencies/drone_common
[0.187s] -- Up-to-date symlink: /home/ishank/ros2_ws/install/drone_common/share/ament_index/resource_index/parent_prefix_path/drone_common
[0.188s] -- Up-to-date symlink: /home/ishank/ros2_ws/install/drone_common/share/drone_common/environment/ament_prefix_path.sh
[0.188s] -- Up-to-date symlink: /home/ishank/ros2_ws/install/drone_common/share/drone_common/environment/ament_prefix_path.dsv
[0.190s] -- Up-to-date symlink: /home/ishank/ros2_ws/install/drone_common/share/drone_common/environment/path.sh
[0.191s] -- Up-to-date symlink: /home/ishank/ros2_ws/install/drone_common/share/drone_common/environment/path.dsv
[0.191s] -- Up-to-date symlink: /home/ishank/ros2_ws/install/drone_common/share/drone_common/local_setup.bash
[0.191s] -- Up-to-date symlink: /home/ishank/ros2_ws/install/drone_common/share/drone_common/local_setup.sh
[0.192s] -- Up-to-date symlink: /home/ishank/ros2_ws/install/drone_common/share/drone_common/local_setup.zsh
[0.192s] -- Up-to-date symlink: /home/ishank/ros2_ws/install/drone_common/share/drone_common/local_setup.dsv
[0.196s] -- Symlinking: /home/ishank/ros2_ws/install/drone_common/share/drone_common/package.dsv
[0.211s] -- Up-to-date symlink: /home/ishank/ros2_ws/install/drone_common/share/ament_index/resource_index/packages/drone_common
[0.219s] -- Up-to-date symlink: /home/ishank/ros2_ws/install/drone_common/share/drone_common/cmake/ament_cmake_export_include_directories-extras.cmake
[0.219s] -- Up-to-date symlink: /home/ishank/ros2_ws/install/drone_common/share/drone_common/cmake/drone_commonConfig.cmake
[0.219s] -- Up-to-date symlink: /home/ishank/ros2_ws/install/drone_common/share/drone_common/cmake/drone_commonConfig-version.cmake
[0.219s] -- Up-to-date symlink: /home/ishank/ros2_ws/install/drone_common/share/drone_common/package.xml
[0.262s] Invoked command in '/home/ishank/ros2_ws/build/drone_common' returned '0': CMAKE_PREFIX_PATH=${CMAKE_PREFIX_PATH}:/opt/ros/humble /usr/bin/cmake --install /home/ishank/ros2_ws/build/drone_common
