[0.110s] Invoking command in '/home/ishank/ros2_ws/build/mission_manager': CMAKE_PREFIX_PATH=/home/ishank/ros2_ws/install/drone_msgs:/home/ishank/ros2_ws/install/mission_manager:/home/ishank/ros2_ws/install/drone_planner:/home/ishank/ros2_ws/install/drone_common:/home/ishank/ros2_ws/install/drone_sim:/home/ishank/ros2_ws/install/drone_controller:/home/ishank/ros2_ws/install/drone_bridge:/opt/ros/humble /usr/bin/cmake --build /home/ishank/ros2_ws/build/mission_manager -- -j8 -l8
[0.175s] Invoked command in '/home/ishank/ros2_ws/build/mission_manager' returned '0': CMAKE_PREFIX_PATH=/home/ishank/ros2_ws/install/drone_msgs:/home/ishank/ros2_ws/install/mission_manager:/home/ishank/ros2_ws/install/drone_planner:/home/ishank/ros2_ws/install/drone_common:/home/ishank/ros2_ws/install/drone_sim:/home/ishank/ros2_ws/install/drone_controller:/home/ishank/ros2_ws/install/drone_bridge:/opt/ros/humble /usr/bin/cmake --build /home/ishank/ros2_ws/build/mission_manager -- -j8 -l8
[0.179s] Invoking command in '/home/ishank/ros2_ws/build/mission_manager': CMAKE_PREFIX_PATH=/home/ishank/ros2_ws/install/drone_msgs:/home/ishank/ros2_ws/install/mission_manager:/home/ishank/ros2_ws/install/drone_planner:/home/ishank/ros2_ws/install/drone_common:/home/ishank/ros2_ws/install/drone_sim:/home/ishank/ros2_ws/install/drone_controller:/home/ishank/ros2_ws/install/drone_bridge:/opt/ros/humble /usr/bin/cmake --install /home/ishank/ros2_ws/build/mission_manager
[0.193s] -- Install configuration: ""
[0.194s] -- Execute custom install script
[0.195s] -- Up-to-date symlink: /home/ishank/ros2_ws/install/mission_manager/share/ament_index/resource_index/package_run_dependencies/mission_manager
[0.195s] -- Up-to-date symlink: /home/ishank/ros2_ws/install/mission_manager/share/ament_index/resource_index/parent_prefix_path/mission_manager
[0.195s] -- Up-to-date symlink: /home/ishank/ros2_ws/install/mission_manager/share/mission_manager/environment/ament_prefix_path.sh
[0.195s] -- Up-to-date symlink: /home/ishank/ros2_ws/install/mission_manager/share/mission_manager/environment/ament_prefix_path.dsv
[0.195s] -- Up-to-date symlink: /home/ishank/ros2_ws/install/mission_manager/share/mission_manager/environment/path.sh
[0.195s] -- Up-to-date symlink: /home/ishank/ros2_ws/install/mission_manager/share/mission_manager/environment/path.dsv
[0.195s] -- Up-to-date symlink: /home/ishank/ros2_ws/install/mission_manager/share/mission_manager/local_setup.bash
[0.195s] -- Up-to-date symlink: /home/ishank/ros2_ws/install/mission_manager/share/mission_manager/local_setup.sh
[0.196s] -- Up-to-date symlink: /home/ishank/ros2_ws/install/mission_manager/share/mission_manager/local_setup.zsh
[0.196s] -- Up-to-date symlink: /home/ishank/ros2_ws/install/mission_manager/share/mission_manager/local_setup.dsv
[0.196s] -- Symlinking: /home/ishank/ros2_ws/install/mission_manager/share/mission_manager/package.dsv
[0.227s] -- Up-to-date symlink: /home/ishank/ros2_ws/install/mission_manager/share/ament_index/resource_index/packages/mission_manager
[0.228s] -- Up-to-date symlink: /home/ishank/ros2_ws/install/mission_manager/share/mission_manager/cmake/mission_managerConfig.cmake
[0.228s] -- Up-to-date symlink: /home/ishank/ros2_ws/install/mission_manager/share/mission_manager/cmake/mission_managerConfig-version.cmake
[0.230s] -- Up-to-date symlink: /home/ishank/ros2_ws/install/mission_manager/share/mission_manager/package.xml
[0.251s] Invoked command in '/home/ishank/ros2_ws/build/mission_manager' returned '0': CMAKE_PREFIX_PATH=/home/ishank/ros2_ws/install/drone_msgs:/home/ishank/ros2_ws/install/mission_manager:/home/ishank/ros2_ws/install/drone_planner:/home/ishank/ros2_ws/install/drone_common:/home/ishank/ros2_ws/install/drone_sim:/home/ishank/ros2_ws/install/drone_controller:/home/ishank/ros2_ws/install/drone_bridge:/opt/ros/humble /usr/bin/cmake --install /home/ishank/ros2_ws/build/mission_manager
