[0.204s] Invoking command in '/home/ishank/ros2_ws/build/drone_planner': CMAKE_PREFIX_PATH=/home/ishank/ros2_ws/install/drone_msgs:/home/ishank/ros2_ws/install/mission_manager:/home/ishank/ros2_ws/install/drone_planner:/home/ishank/ros2_ws/install/drone_common:/home/ishank/ros2_ws/install/drone_sim:/home/ishank/ros2_ws/install/drone_controller:/home/ishank/ros2_ws/install/drone_bridge:/opt/ros/humble /usr/bin/cmake --build /home/ishank/ros2_ws/build/drone_planner -- -j8 -l8
[0.282s] Invoked command in '/home/ishank/ros2_ws/build/drone_planner' returned '0': CMAKE_PREFIX_PATH=/home/ishank/ros2_ws/install/drone_msgs:/home/ishank/ros2_ws/install/mission_manager:/home/ishank/ros2_ws/install/drone_planner:/home/ishank/ros2_ws/install/drone_common:/home/ishank/ros2_ws/install/drone_sim:/home/ishank/ros2_ws/install/drone_controller:/home/ishank/ros2_ws/install/drone_bridge:/opt/ros/humble /usr/bin/cmake --build /home/ishank/ros2_ws/build/drone_planner -- -j8 -l8
[0.284s] Invoking command in '/home/ishank/ros2_ws/build/drone_planner': CMAKE_PREFIX_PATH=/home/ishank/ros2_ws/install/drone_msgs:/home/ishank/ros2_ws/install/mission_manager:/home/ishank/ros2_ws/install/drone_planner:/home/ishank/ros2_ws/install/drone_common:/home/ishank/ros2_ws/install/drone_sim:/home/ishank/ros2_ws/install/drone_controller:/home/ishank/ros2_ws/install/drone_bridge:/opt/ros/humble /usr/bin/cmake --install /home/ishank/ros2_ws/build/drone_planner
[0.303s] -- Install configuration: ""
[0.304s] -- Execute custom install script
[0.304s] -- Up-to-date symlink: /home/ishank/ros2_ws/install/drone_planner/share/ament_index/resource_index/package_run_dependencies/drone_planner
[0.305s] -- Up-to-date symlink: /home/ishank/ros2_ws/install/drone_planner/share/ament_index/resource_index/parent_prefix_path/drone_planner
[0.305s] -- Up-to-date symlink: /home/ishank/ros2_ws/install/drone_planner/share/drone_planner/environment/ament_prefix_path.sh
[0.305s] -- Up-to-date symlink: /home/ishank/ros2_ws/install/drone_planner/share/drone_planner/environment/ament_prefix_path.dsv
[0.305s] -- Up-to-date symlink: /home/ishank/ros2_ws/install/drone_planner/share/drone_planner/environment/path.sh
[0.306s] -- Up-to-date symlink: /home/ishank/ros2_ws/install/drone_planner/share/drone_planner/environment/path.dsv
[0.306s] -- Up-to-date symlink: /home/ishank/ros2_ws/install/drone_planner/share/drone_planner/local_setup.bash
[0.306s] -- Up-to-date symlink: /home/ishank/ros2_ws/install/drone_planner/share/drone_planner/local_setup.sh
[0.306s] -- Up-to-date symlink: /home/ishank/ros2_ws/install/drone_planner/share/drone_planner/local_setup.zsh
[0.306s] -- Up-to-date symlink: /home/ishank/ros2_ws/install/drone_planner/share/drone_planner/local_setup.dsv
[0.307s] -- Symlinking: /home/ishank/ros2_ws/install/drone_planner/share/drone_planner/package.dsv
[0.327s] -- Up-to-date symlink: /home/ishank/ros2_ws/install/drone_planner/share/ament_index/resource_index/packages/drone_planner
[0.328s] -- Up-to-date symlink: /home/ishank/ros2_ws/install/drone_planner/share/drone_planner/cmake/drone_plannerConfig.cmake
[0.330s] -- Up-to-date symlink: /home/ishank/ros2_ws/install/drone_planner/share/drone_planner/cmake/drone_plannerConfig-version.cmake
[0.331s] -- Up-to-date symlink: /home/ishank/ros2_ws/install/drone_planner/share/drone_planner/package.xml
[0.369s] Invoked command in '/home/ishank/ros2_ws/build/drone_planner' returned '0': CMAKE_PREFIX_PATH=/home/ishank/ros2_ws/install/drone_msgs:/home/ishank/ros2_ws/install/mission_manager:/home/ishank/ros2_ws/install/drone_planner:/home/ishank/ros2_ws/install/drone_common:/home/ishank/ros2_ws/install/drone_sim:/home/ishank/ros2_ws/install/drone_controller:/home/ishank/ros2_ws/install/drone_bridge:/opt/ros/humble /usr/bin/cmake --install /home/ishank/ros2_ws/build/drone_planner
