[0.037s] Invoking command in '/home/ishank/ros2_ws/build/drone_common': CMAKE_PREFIX_PATH=${CMAKE_PREFIX_PATH}:/opt/ros/humble /usr/bin/cmake --build /home/ishank/ros2_ws/build/drone_common -- -j8 -l8
[0.188s] Invoked command in '/home/ishank/ros2_ws/build/drone_common' returned '0': CMAKE_PREFIX_PATH=${CMAKE_PREFIX_PATH}:/opt/ros/humble /usr/bin/cmake --build /home/ishank/ros2_ws/build/drone_common -- -j8 -l8
[0.195s] Invoking command in '/home/ishank/ros2_ws/build/drone_common': CMAKE_PREFIX_PATH=${CMAKE_PREFIX_PATH}:/opt/ros/humble /usr/bin/cmake --install /home/ishank/ros2_ws/build/drone_common
[0.209s] -- Install configuration: ""
[0.211s] -- Execute custom install script
[0.214s] -- Up-to-date symlink: /home/ishank/ros2_ws/install/drone_common/include/drone_common/battery_cost.hpp
[0.215s] -- Up-to-date symlink: /home/ishank/ros2_ws/install/drone_common/share/ament_index/resource_index/package_run_dependencies/drone_common
[0.215s] -- Up-to-date symlink: /home/ishank/ros2_ws/install/drone_common/share/ament_index/resource_index/parent_prefix_path/drone_common
[0.216s] -- Up-to-date symlink: /home/ishank/ros2_ws/install/drone_common/share/drone_common/environment/ament_prefix_path.sh
[0.218s] -- Up-to-date symlink: /home/ishank/ros2_ws/install/drone_common/share/drone_common/environment/ament_prefix_path.dsv
[0.220s] -- Up-to-date symlink: /home/ishank/ros2_ws/install/drone_common/share/drone_common/environment/path.sh
[0.224s] -- Up-to-date symlink: /home/ishank/ros2_ws/install/drone_common/share/drone_common/environment/path.dsv
[0.228s] -- Up-to-date symlink: /home/ishank/ros2_ws/install/drone_common/share/drone_common/local_setup.bash
[0.228s] -- Up-to-date symlink: /home/ishank/ros2_ws/install/drone_common/share/drone_common/local_setup.sh
[0.229s] -- Up-to-date symlink: /home/ishank/ros2_ws/install/drone_common/share/drone_common/local_setup.zsh
[0.236s] -- Up-to-date symlink: /home/ishank/ros2_ws/install/drone_common/share/drone_common/local_setup.dsv
[0.236s] -- Symlinking: /home/ishank/ros2_ws/install/drone_common/share/drone_common/package.dsv
[0.259s] -- Up-to-date symlink: /home/ishank/ros2_ws/install/drone_common/share/ament_index/resource_index/packages/drone_common
[0.259s] -- Up-to-date symlink: /home/ishank/ros2_ws/install/drone_common/share/drone_common/cmake/ament_cmake_export_include_directories-extras.cmake
[0.259s] -- Up-to-date symlink: /home/ishank/ros2_ws/install/drone_common/share/drone_common/cmake/drone_commonConfig.cmake
[0.259s] -- Up-to-date symlink: /home/ishank/ros2_ws/install/drone_common/share/drone_common/cmake/drone_commonConfig-version.cmake
[0.259s] -- Up-to-date symlink: /home/ishank/ros2_ws/install/drone_common/share/drone_common/package.xml
[0.294s] Invoked command in '/home/ishank/ros2_ws/build/drone_common' returned '0': CMAKE_PREFIX_PATH=${CMAKE_PREFIX_PATH}:/opt/ros/humble /usr/bin/cmake --install /home/ishank/ros2_ws/build/drone_common
