[0.039s] Invoking command in '/home/ishank/ros2_ws/build/drone_common': CMAKE_PREFIX_PATH=${CMAKE_PREFIX_PATH}:/opt/ros/humble /usr/bin/cmake --build /home/ishank/ros2_ws/build/drone_common -- -j8 -l8
[0.194s] Invoked command in '/home/ishank/ros2_ws/build/drone_common' returned '0': CMAKE_PREFIX_PATH=${CMAKE_PREFIX_PATH}:/opt/ros/humble /usr/bin/cmake --build /home/ishank/ros2_ws/build/drone_common -- -j8 -l8
[0.201s] Invoking command in '/home/ishank/ros2_ws/build/drone_common': CMAKE_PREFIX_PATH=${CMAKE_PREFIX_PATH}:/opt/ros/humble /usr/bin/cmake --install /home/ishank/ros2_ws/build/drone_common
[0.214s] -- Install configuration: ""
[0.218s] -- Execute custom install script
[0.223s] -- Up-to-date symlink: /home/ishank/ros2_ws/install/drone_common/include/drone_common/battery_cost.hpp
[0.223s] -- Up-to-date symlink: /home/ishank/ros2_ws/install/drone_common/share/ament_index/resource_index/package_run_dependencies/drone_common
[0.224s] -- Up-to-date symlink: /home/ishank/ros2_ws/install/drone_common/share/ament_index/resource_index/parent_prefix_path/drone_common
[0.224s] -- Up-to-date symlink: /home/ishank/ros2_ws/install/drone_common/share/drone_common/environment/ament_prefix_path.sh
[0.224s] -- Up-to-date symlink: /home/ishank/ros2_ws/install/drone_common/share/drone_common/environment/ament_prefix_path.dsv
[0.224s] -- Up-to-date symlink: /home/ishank/ros2_ws/install/drone_common/share/drone_common/environment/path.sh
[0.225s] -- Up-to-date symlink: /home/ishank/ros2_ws/install/drone_common/share/drone_common/environment/path.dsv
[0.225s] -- Up-to-date symlink: /home/ishank/ros2_ws/install/drone_common/share/drone_common/local_setup.bash
[0.226s] -- Up-to-date symlink: /home/ishank/ros2_ws/install/drone_common/share/drone_common/local_setup.sh
[0.226s] -- Up-to-date symlink: /home/ishank/ros2_ws/install/drone_common/share/drone_common/local_setup.zsh
[0.226s] -- Up-to-date symlink: /home/ishank/ros2_ws/install/drone_common/share/drone_common/local_setup.dsv
[0.226s] -- Symlinking: /home/ishank/ros2_ws/install/drone_common/share/drone_common/package.dsv
[0.245s] -- Up-to-date symlink: /home/ishank/ros2_ws/install/drone_common/share/ament_index/resource_index/packages/drone_common
[0.245s] -- Up-to-date symlink: /home/ishank/ros2_ws/install/drone_common/share/drone_common/cmake/ament_cmake_export_include_directories-extras.cmake
[0.246s] -- Up-to-date symlink: /home/ishank/ros2_ws/install/drone_common/share/drone_common/cmake/drone_commonConfig.cmake
[0.247s] -- Up-to-date symlink: /home/ishank/ros2_ws/install/drone_common/share/drone_common/cmake/drone_commonConfig-version.cmake
[0.247s] -- Up-to-date symlink: /home/ishank/ros2_ws/install/drone_common/share/drone_common/package.xml
[0.249s] Invoked command in '/home/ishank/ros2_ws/build/drone_common' returned '0': CMAKE_PREFIX_PATH=${CMAKE_PREFIX_PATH}:/opt/ros/humble /usr/bin/cmake --install /home/ishank/ros2_ws/build/drone_common
