[0.128s] Invoking command in '/home/ishank/ros2_ws/build/drone_controller': CMAKE_PREFIX_PATH=/home/ishank/ros2_ws/install/drone_msgs:/home/ishank/ros2_ws/install/drone_common:/home/ishank/ros2_ws/install/mission_manager:/home/ishank/ros2_ws/install/drone_planner:/home/ishank/ros2_ws/install/drone_sim:/home/ishank/ros2_ws/install/drone_controller:/home/ishank/ros2_ws/install/drone_bridge:/opt/ros/humble /usr/bin/cmake --build /home/ishank/ros2_ws/build/drone_controller -- -j8 -l8
[0.170s] -- Found ament_cmake: 1.3.14 (/opt/ros/humble/share/ament_cmake/cmake)
[0.324s] -- Override CMake install command with custom implementation using symlinks instead of copying resources
[0.347s] -- Found rclcpp: 16.0.19 (/opt/ros/humble/share/rclcpp/cmake)
[0.508s] -- Found rosidl_generator_c: 3.1.8 (/opt/ros/humble/share/rosidl_generator_c/cmake)
[0.512s] -- Found rosidl_adapter: 3.1.8 (/opt/ros/humble/share/rosidl_adapter/cmake)
[0.524s] -- Found rosidl_generator_cpp: 3.1.8 (/opt/ros/humble/share/rosidl_generator_cpp/cmake)
[0.540s] -- Using all available rosidl_typesupport_c: rosidl_typesupport_fastrtps_c;rosidl_typesupport_introspection_c
[0.560s] -- Using all available rosidl_typesupport_cpp: rosidl_typesupport_fastrtps_cpp;rosidl_typesupport_introspection_cpp
[0.616s] -- Found rmw_implementation_cmake: 6.1.2 (/opt/ros/humble/share/rmw_implementation_cmake/cmake)
[0.619s] -- Found rmw_fastrtps_cpp: 6.2.10 (/opt/ros/humble/share/rmw_fastrtps_cpp/cmake)
[4.347s] -- Using RMW implementation 'rmw_fastrtps_cpp' as default
[4.444s] -- Found geometry_msgs: 4.9.1 (/opt/ros/humble/share/geometry_msgs/cmake)
[4.464s] -- Found drone_msgs: 0.0.0 (/home/ishank/ros2_ws/install/drone_msgs/share/drone_msgs/cmake)
[4.483s] -- Found drone_common: 0.0.0 (/home/ishank/ros2_ws/install/drone_common/share/drone_common/cmake)
[4.488s] -- Found ament_lint_auto: 0.12.15 (/opt/ros/humble/share/ament_lint_auto/cmake)
[4.570s] -- Added test 'cppcheck' to perform static code analysis on C / C++ code
[4.570s] -- Configured cppcheck include dirs: /home/ishank/ros2_ws/src/drone_controller/include
[4.570s] -- Configured cppcheck exclude dirs and/or files: 
[4.570s] -- Added test 'lint_cmake' to check CMake code style
[4.571s] -- Added test 'uncrustify' to check C / C++ code style
[4.572s] -- Configured uncrustify additional arguments: 
[4.572s] -- Added test 'xmllint' to check XML markup files
[4.575s] -- Configuring done
[4.591s] -- Generating done
[4.596s] -- Build files have been written to: /home/ishank/ros2_ws/build/drone_controller
[4.624s] [35m[1mConsolidate compiler generated dependencies of target executor_node[0m
[4.643s] [ 66%] [32mBuilding CXX object CMakeFiles/executor_node.dir/src/main.cpp.o[0m
[4.643s] [ 66%] [32mBuilding CXX object CMakeFiles/executor_node.dir/src/executor_node.cpp.o[0m
[15.382s] [100%] [32m[1mLinking CXX executable executor_node[0m
[16.055s] [100%] Built target executor_node
[16.093s] Invoked command in '/home/ishank/ros2_ws/build/drone_controller' returned '0': CMAKE_PREFIX_PATH=/home/ishank/ros2_ws/install/drone_msgs:/home/ishank/ros2_ws/install/drone_common:/home/ishank/ros2_ws/install/mission_manager:/home/ishank/ros2_ws/install/drone_planner:/home/ishank/ros2_ws/install/drone_sim:/home/ishank/ros2_ws/install/drone_controller:/home/ishank/ros2_ws/install/drone_bridge:/opt/ros/humble /usr/bin/cmake --build /home/ishank/ros2_ws/build/drone_controller -- -j8 -l8
[16.110s] Invoking command in '/home/ishank/ros2_ws/build/drone_controller': CMAKE_PREFIX_PATH=/home/ishank/ros2_ws/install/drone_msgs:/home/ishank/ros2_ws/install/drone_common:/home/ishank/ros2_ws/install/mission_manager:/home/ishank/ros2_ws/install/drone_planner:/home/ishank/ros2_ws/install/drone_sim:/home/ishank/ros2_ws/install/drone_controller:/home/ishank/ros2_ws/install/drone_bridge:/opt/ros/humble /usr/bin/cmake --install /home/ishank/ros2_ws/build/drone_controller
[16.121s] -- Install configuration: ""
[16.123s] -- Execute custom install script
[16.124s] -- Up-to-date symlink: /home/ishank/ros2_ws/install/drone_controller/lib/drone_controller/executor_node
[16.124s] -- Up-to-date symlink: /home/ishank/ros2_ws/install/drone_controller/share/ament_index/resource_index/package_run_dependencies/drone_controller
[16.125s] -- Up-to-date symlink: /home/ishank/ros2_ws/install/drone_controller/share/ament_index/resource_index/parent_prefix_path/drone_controller
[16.126s] -- Up-to-date symlink: /home/ishank/ros2_ws/install/drone_controller/share/drone_controller/environment/ament_prefix_path.sh
[16.127s] -- Up-to-date symlink: /home/ishank/ros2_ws/install/drone_controller/share/drone_controller/environment/ament_prefix_path.dsv
[16.128s] -- Up-to-date symlink: /home/ishank/ros2_ws/install/drone_controller/share/drone_controller/environment/path.sh
[16.128s] -- Up-to-date symlink: /home/ishank/ros2_ws/install/drone_controller/share/drone_controller/environment/path.dsv
[16.128s] -- Up-to-date symlink: /home/ishank/ros2_ws/install/drone_controller/share/drone_controller/local_setup.bash
[16.129s] -- Up-to-date symlink: /home/ishank/ros2_ws/install/drone_controller/share/drone_controller/local_setup.sh
[16.129s] -- Up-to-date symlink: /home/ishank/ros2_ws/install/drone_controller/share/drone_controller/local_setup.zsh
[16.130s] -- Up-to-date symlink: /home/ishank/ros2_ws/install/drone_controller/share/drone_controller/local_setup.dsv
[16.130s] -- Symlinking: /home/ishank/ros2_ws/install/drone_controller/share/drone_controller/package.dsv
[16.142s] -- Up-to-date symlink: /home/ishank/ros2_ws/install/drone_controller/share/ament_index/resource_index/packages/drone_controller
[16.142s] -- Up-to-date symlink: /home/ishank/ros2_ws/install/drone_controller/share/drone_controller/cmake/drone_controllerConfig.cmake
[16.143s] -- Up-to-date symlink: /home/ishank/ros2_ws/install/drone_controller/share/drone_controller/cmake/drone_controllerConfig-version.cmake
[16.143s] -- Up-to-date symlink: /home/ishank/ros2_ws/install/drone_controller/share/drone_controller/package.xml
[16.149s] Invoked command in '/home/ishank/ros2_ws/build/drone_controller' returned '0': CMAKE_PREFIX_PATH=/home/ishank/ros2_ws/install/drone_msgs:/home/ishank/ros2_ws/install/drone_common:/home/ishank/ros2_ws/install/mission_manager:/home/ishank/ros2_ws/install/drone_planner:/home/ishank/ros2_ws/install/drone_sim:/home/ishank/ros2_ws/install/drone_controller:/home/ishank/ros2_ws/install/drone_bridge:/opt/ros/humble /usr/bin/cmake --install /home/ishank/ros2_ws/build/drone_controller
