[0.152s] DEBUG:colcon:Command line arguments: ['/usr/bin/colcon', 'build', '--symlink-install']
[0.152s] DEBUG:colcon:Parsed command line arguments: Namespace(log_base=None, log_level=None, verb_name='build', build_base='build', install_base='install', merge_install=False, symlink_install=True, test_result_base=None, continue_on_error=False, executor='parallel', parallel_workers=8, event_handlers=None, ignore_user_meta=False, metas=['./colcon.meta'], base_paths=['.'], packages_ignore=None, packages_ignore_regex=None, paths=None, packages_up_to=None, packages_up_to_regex=None, packages_above=None, packages_above_and_dependencies=None, packages_above_depth=None, packages_select_by_dep=None, packages_skip_by_dep=None, packages_skip_up_to=None, packages_select_build_failed=False, packages_skip_build_finished=False, packages_select_test_failures=False, packages_skip_test_passed=False, packages_select=None, packages_skip=None, packages_select_regex=None, packages_skip_regex=None, packages_start=None, packages_end=None, allow_overriding=[], cmake_args=None, cmake_target=None, cmake_target_skip_unavailable=False, cmake_clean_cache=False, cmake_clean_first=False, cmake_force_configure=False, ament_cmake_args=None, catkin_cmake_args=None, catkin_skip_building_tests=False, verb_parser=<colcon_defaults.argument_parser.defaults.DefaultArgumentsDecorator object at 0x7baf33c23400>, verb_extension=<colcon_core.verb.build.BuildVerb object at 0x7baf33d68ac0>, main=<bound method BuildVerb.main of <colcon_core.verb.build.BuildVerb object at 0x7baf33d68ac0>>)
[0.288s] Level 1:colcon.colcon_core.package_discovery:discover_packages(colcon_meta) check parameters
[0.288s] Level 1:colcon.colcon_core.package_discovery:discover_packages(recursive) check parameters
[0.288s] Level 1:colcon.colcon_core.package_discovery:discover_packages(ignore) check parameters
[0.288s] Level 1:colcon.colcon_core.package_discovery:discover_packages(path) check parameters
[0.288s] Level 1:colcon.colcon_core.package_discovery:discover_packages(colcon_meta) discover
[0.288s] Level 1:colcon.colcon_core.package_discovery:discover_packages(recursive) discover
[0.288s] INFO:colcon.colcon_core.package_discovery:Crawling recursively for packages in '/home/ishank/ros2_ws'
[0.288s] Level 1:colcon.colcon_core.package_identification:_identify(.) by extensions ['ignore', 'ignore_ament_install']
[0.289s] Level 1:colcon.colcon_core.package_identification:_identify(.) by extension 'ignore'
[0.289s] Level 1:colcon.colcon_core.package_identification:_identify(.) by extension 'ignore_ament_install'
[0.289s] Level 1:colcon.colcon_core.package_identification:_identify(.) by extensions ['colcon_pkg']
[0.289s] Level 1:colcon.colcon_core.package_identification:_identify(.) by extension 'colcon_pkg'
[0.289s] Level 1:colcon.colcon_core.package_identification:_identify(.) by extensions ['colcon_meta']
[0.289s] Level 1:colcon.colcon_core.package_identification:_identify(.) by extension 'colcon_meta'
[0.289s] Level 1:colcon.colcon_core.package_identification:_identify(.) by extensions ['ros']
[0.289s] Level 1:colcon.colcon_core.package_identification:_identify(.) by extension 'ros'
[0.299s] Level 1:colcon.colcon_core.package_identification:_identify(.) by extensions ['cmake', 'python']
[0.299s] Level 1:colcon.colcon_core.package_identification:_identify(.) by extension 'cmake'
[0.299s] Level 1:colcon.colcon_core.package_identification:_identify(.) by extension 'python'
[0.299s] Level 1:colcon.colcon_core.package_identification:_identify(.) by extensions ['python_setup_py']
[0.299s] Level 1:colcon.colcon_core.package_identification:_identify(.) by extension 'python_setup_py'
[0.299s] Level 1:colcon.colcon_core.package_identification:_identify(build) by extensions ['ignore', 'ignore_ament_install']
[0.300s] Level 1:colcon.colcon_core.package_identification:_identify(build) by extension 'ignore'
[0.300s] Level 1:colcon.colcon_core.package_identification:_identify(build) ignored
[0.300s] Level 1:colcon.colcon_core.package_identification:_identify(install) by extensions ['ignore', 'ignore_ament_install']
[0.300s] Level 1:colcon.colcon_core.package_identification:_identify(install) by extension 'ignore'
[0.300s] Level 1:colcon.colcon_core.package_identification:_identify(install) ignored
[0.300s] Level 1:colcon.colcon_core.package_identification:_identify(log) by extensions ['ignore', 'ignore_ament_install']
[0.300s] Level 1:colcon.colcon_core.package_identification:_identify(log) by extension 'ignore'
[0.300s] Level 1:colcon.colcon_core.package_identification:_identify(log) ignored
[0.300s] Level 1:colcon.colcon_core.package_identification:_identify(src) by extensions ['ignore', 'ignore_ament_install']
[0.300s] Level 1:colcon.colcon_core.package_identification:_identify(src) by extension 'ignore'
[0.300s] Level 1:colcon.colcon_core.package_identification:_identify(src) by extension 'ignore_ament_install'
[0.300s] Level 1:colcon.colcon_core.package_identification:_identify(src) by extensions ['colcon_pkg']
[0.300s] Level 1:colcon.colcon_core.package_identification:_identify(src) by extension 'colcon_pkg'
[0.301s] Level 1:colcon.colcon_core.package_identification:_identify(src) by extensions ['colcon_meta']
[0.301s] Level 1:colcon.colcon_core.package_identification:_identify(src) by extension 'colcon_meta'
[0.301s] Level 1:colcon.colcon_core.package_identification:_identify(src) by extensions ['ros']
[0.301s] Level 1:colcon.colcon_core.package_identification:_identify(src) by extension 'ros'
[0.301s] Level 1:colcon.colcon_core.package_identification:_identify(src) by extensions ['cmake', 'python']
[0.301s] Level 1:colcon.colcon_core.package_identification:_identify(src) by extension 'cmake'
[0.301s] Level 1:colcon.colcon_core.package_identification:_identify(src) by extension 'python'
[0.301s] Level 1:colcon.colcon_core.package_identification:_identify(src) by extensions ['python_setup_py']
[0.301s] Level 1:colcon.colcon_core.package_identification:_identify(src) by extension 'python_setup_py'
[0.301s] Level 1:colcon.colcon_core.package_identification:_identify(src/drone_bridge) by extensions ['ignore', 'ignore_ament_install']
[0.301s] Level 1:colcon.colcon_core.package_identification:_identify(src/drone_bridge) by extension 'ignore'
[0.301s] Level 1:colcon.colcon_core.package_identification:_identify(src/drone_bridge) by extension 'ignore_ament_install'
[0.301s] Level 1:colcon.colcon_core.package_identification:_identify(src/drone_bridge) by extensions ['colcon_pkg']
[0.301s] Level 1:colcon.colcon_core.package_identification:_identify(src/drone_bridge) by extension 'colcon_pkg'
[0.301s] Level 1:colcon.colcon_core.package_identification:_identify(src/drone_bridge) by extensions ['colcon_meta']
[0.301s] Level 1:colcon.colcon_core.package_identification:_identify(src/drone_bridge) by extension 'colcon_meta'
[0.301s] Level 1:colcon.colcon_core.package_identification:_identify(src/drone_bridge) by extensions ['ros']
[0.302s] Level 1:colcon.colcon_core.package_identification:_identify(src/drone_bridge) by extension 'ros'
[0.304s] DEBUG:colcon.colcon_core.package_identification:Package 'src/drone_bridge' with type 'ros.ament_cmake' and name 'drone_bridge'
[0.304s] Level 1:colcon.colcon_core.package_identification:_identify(src/drone_common) by extensions ['ignore', 'ignore_ament_install']
[0.304s] Level 1:colcon.colcon_core.package_identification:_identify(src/drone_common) by extension 'ignore'
[0.304s] Level 1:colcon.colcon_core.package_identification:_identify(src/drone_common) by extension 'ignore_ament_install'
[0.304s] Level 1:colcon.colcon_core.package_identification:_identify(src/drone_common) by extensions ['colcon_pkg']
[0.304s] Level 1:colcon.colcon_core.package_identification:_identify(src/drone_common) by extension 'colcon_pkg'
[0.304s] Level 1:colcon.colcon_core.package_identification:_identify(src/drone_common) by extensions ['colcon_meta']
[0.304s] Level 1:colcon.colcon_core.package_identification:_identify(src/drone_common) by extension 'colcon_meta'
[0.304s] Level 1:colcon.colcon_core.package_identification:_identify(src/drone_common) by extensions ['ros']
[0.304s] Level 1:colcon.colcon_core.package_identification:_identify(src/drone_common) by extension 'ros'
[0.305s] DEBUG:colcon.colcon_core.package_identification:Package 'src/drone_common' with type 'ros.ament_cmake' and name 'drone_common'
[0.305s] Level 1:colcon.colcon_core.package_identification:_identify(src/drone_controller) by extensions ['ignore', 'ignore_ament_install']
[0.305s] Level 1:colcon.colcon_core.package_identification:_identify(src/drone_controller) by extension 'ignore'
[0.305s] Level 1:colcon.colcon_core.package_identification:_identify(src/drone_controller) by extension 'ignore_ament_install'
[0.305s] Level 1:colcon.colcon_core.package_identification:_identify(src/drone_controller) by extensions ['colcon_pkg']
[0.305s] Level 1:colcon.colcon_core.package_identification:_identify(src/drone_controller) by extension 'colcon_pkg'
[0.305s] Level 1:colcon.colcon_core.package_identification:_identify(src/drone_controller) by extensions ['colcon_meta']
[0.305s] Level 1:colcon.colcon_core.package_identification:_identify(src/drone_controller) by extension 'colcon_meta'
[0.305s] Level 1:colcon.colcon_core.package_identification:_identify(src/drone_controller) by extensions ['ros']
[0.305s] Level 1:colcon.colcon_core.package_identification:_identify(src/drone_controller) by extension 'ros'
[0.306s] DEBUG:colcon.colcon_core.package_identification:Package 'src/drone_controller' with type 'ros.ament_cmake' and name 'drone_controller'
[0.306s] Level 1:colcon.colcon_core.package_identification:_identify(src/drone_msgs) by extensions ['ignore', 'ignore_ament_install']
[0.306s] Level 1:colcon.colcon_core.package_identification:_identify(src/drone_msgs) by extension 'ignore'
[0.306s] Level 1:colcon.colcon_core.package_identification:_identify(src/drone_msgs) by extension 'ignore_ament_install'
[0.306s] Level 1:colcon.colcon_core.package_identification:_identify(src/drone_msgs) by extensions ['colcon_pkg']
[0.306s] Level 1:colcon.colcon_core.package_identification:_identify(src/drone_msgs) by extension 'colcon_pkg'
[0.306s] Level 1:colcon.colcon_core.package_identification:_identify(src/drone_msgs) by extensions ['colcon_meta']
[0.306s] Level 1:colcon.colcon_core.package_identification:_identify(src/drone_msgs) by extension 'colcon_meta'
[0.306s] Level 1:colcon.colcon_core.package_identification:_identify(src/drone_msgs) by extensions ['ros']
[0.306s] Level 1:colcon.colcon_core.package_identification:_identify(src/drone_msgs) by extension 'ros'
[0.307s] DEBUG:colcon.colcon_core.package_identification:Package 'src/drone_msgs' with type 'ros.ament_cmake' and name 'drone_msgs'
[0.307s] Level 1:colcon.colcon_core.package_identification:_identify(src/drone_planner) by extensions ['ignore', 'ignore_ament_install']
[0.307s] Level 1:colcon.colcon_core.package_identification:_identify(src/drone_planner) by extension 'ignore'
[0.307s] Level 1:colcon.colcon_core.package_identification:_identify(src/drone_planner) by extension 'ignore_ament_install'
[0.307s] Level 1:colcon.colcon_core.package_identification:_identify(src/drone_planner) by extensions ['colcon_pkg']
[0.307s] Level 1:colcon.colcon_core.package_identification:_identify(src/drone_planner) by extension 'colcon_pkg'
[0.307s] Level 1:colcon.colcon_core.package_identification:_identify(src/drone_planner) by extensions ['colcon_meta']
[0.307s] Level 1:colcon.colcon_core.package_identification:_identify(src/drone_planner) by extension 'colcon_meta'
[0.307s] Level 1:colcon.colcon_core.package_identification:_identify(src/drone_planner) by extensions ['ros']
[0.307s] Level 1:colcon.colcon_core.package_identification:_identify(src/drone_planner) by extension 'ros'
[0.308s] DEBUG:colcon.colcon_core.package_identification:Package 'src/drone_planner' with type 'ros.ament_cmake' and name 'drone_planner'
[0.308s] Level 1:colcon.colcon_core.package_identification:_identify(src/drone_sim) by extensions ['ignore', 'ignore_ament_install']
[0.308s] Level 1:colcon.colcon_core.package_identification:_identify(src/drone_sim) by extension 'ignore'
[0.308s] Level 1:colcon.colcon_core.package_identification:_identify(src/drone_sim) by extension 'ignore_ament_install'
[0.308s] Level 1:colcon.colcon_core.package_identification:_identify(src/drone_sim) by extensions ['colcon_pkg']
[0.308s] Level 1:colcon.colcon_core.package_identification:_identify(src/drone_sim) by extension 'colcon_pkg'
[0.308s] Level 1:colcon.colcon_core.package_identification:_identify(src/drone_sim) by extensions ['colcon_meta']
[0.308s] Level 1:colcon.colcon_core.package_identification:_identify(src/drone_sim) by extension 'colcon_meta'
[0.308s] Level 1:colcon.colcon_core.package_identification:_identify(src/drone_sim) by extensions ['ros']
[0.308s] Level 1:colcon.colcon_core.package_identification:_identify(src/drone_sim) by extension 'ros'
[0.309s] DEBUG:colcon.colcon_core.package_identification:Package 'src/drone_sim' with type 'ros.ament_cmake' and name 'drone_sim'
[0.309s] Level 1:colcon.colcon_core.package_identification:_identify(src/mission_manager) by extensions ['ignore', 'ignore_ament_install']
[0.309s] Level 1:colcon.colcon_core.package_identification:_identify(src/mission_manager) by extension 'ignore'
[0.309s] Level 1:colcon.colcon_core.package_identification:_identify(src/mission_manager) by extension 'ignore_ament_install'
[0.309s] Level 1:colcon.colcon_core.package_identification:_identify(src/mission_manager) by extensions ['colcon_pkg']
[0.309s] Level 1:colcon.colcon_core.package_identification:_identify(src/mission_manager) by extension 'colcon_pkg'
[0.309s] Level 1:colcon.colcon_core.package_identification:_identify(src/mission_manager) by extensions ['colcon_meta']
[0.309s] Level 1:colcon.colcon_core.package_identification:_identify(src/mission_manager) by extension 'colcon_meta'
[0.309s] Level 1:colcon.colcon_core.package_identification:_identify(src/mission_manager) by extensions ['ros']
[0.310s] Level 1:colcon.colcon_core.package_identification:_identify(src/mission_manager) by extension 'ros'
[0.310s] DEBUG:colcon.colcon_core.package_identification:Package 'src/mission_manager' with type 'ros.ament_cmake' and name 'mission_manager'
[0.310s] Level 1:colcon.colcon_core.package_discovery:discover_packages(recursive) using defaults
[0.310s] Level 1:colcon.colcon_core.package_discovery:discover_packages(ignore) discover
[0.310s] Level 1:colcon.colcon_core.package_discovery:discover_packages(ignore) using defaults
[0.310s] Level 1:colcon.colcon_core.package_discovery:discover_packages(path) discover
[0.310s] Level 1:colcon.colcon_core.package_discovery:discover_packages(path) using defaults
[0.328s] Level 1:colcon.colcon_core.package_discovery:discover_packages(prefix_path) check parameters
[0.328s] Level 1:colcon.colcon_core.package_discovery:discover_packages(prefix_path) discover
[0.329s] DEBUG:colcon.colcon_installed_package_information.package_discovery:Found 7 installed packages in /home/ishank/ros2_ws/install
[0.331s] DEBUG:colcon.colcon_installed_package_information.package_discovery:Found 288 installed packages in /opt/ros/humble
[0.340s] Level 1:colcon.colcon_core.package_discovery:discover_packages(prefix_path) using defaults
[0.374s] Level 5:colcon.colcon_core.verb:set package 'drone_common' build argument 'cmake_args' from command line to 'None'
[0.374s] Level 5:colcon.colcon_core.verb:set package 'drone_common' build argument 'cmake_target' from command line to 'None'
[0.374s] Level 5:colcon.colcon_core.verb:set package 'drone_common' build argument 'cmake_target_skip_unavailable' from command line to 'False'
[0.374s] Level 5:colcon.colcon_core.verb:set package 'drone_common' build argument 'cmake_clean_cache' from command line to 'False'
[0.374s] Level 5:colcon.colcon_core.verb:set package 'drone_common' build argument 'cmake_clean_first' from command line to 'False'
[0.374s] Level 5:colcon.colcon_core.verb:set package 'drone_common' build argument 'cmake_force_configure' from command line to 'False'
[0.374s] Level 5:colcon.colcon_core.verb:set package 'drone_common' build argument 'ament_cmake_args' from command line to 'None'
[0.374s] Level 5:colcon.colcon_core.verb:set package 'drone_common' build argument 'catkin_cmake_args' from command line to 'None'
[0.374s] Level 5:colcon.colcon_core.verb:set package 'drone_common' build argument 'catkin_skip_building_tests' from command line to 'False'
[0.374s] DEBUG:colcon.colcon_core.verb:Building package 'drone_common' with the following arguments: {'ament_cmake_args': None, 'build_base': '/home/ishank/ros2_ws/build/drone_common', 'catkin_cmake_args': None, 'catkin_skip_building_tests': False, 'cmake_args': None, 'cmake_clean_cache': False, 'cmake_clean_first': False, 'cmake_force_configure': False, 'cmake_target': None, 'cmake_target_skip_unavailable': False, 'install_base': '/home/ishank/ros2_ws/install/drone_common', 'merge_install': False, 'path': '/home/ishank/ros2_ws/src/drone_common', 'symlink_install': True, 'test_result_base': None}
[0.374s] Level 5:colcon.colcon_core.verb:set package 'drone_msgs' build argument 'cmake_args' from command line to 'None'
[0.374s] Level 5:colcon.colcon_core.verb:set package 'drone_msgs' build argument 'cmake_target' from command line to 'None'
[0.374s] Level 5:colcon.colcon_core.verb:set package 'drone_msgs' build argument 'cmake_target_skip_unavailable' from command line to 'False'
[0.374s] Level 5:colcon.colcon_core.verb:set package 'drone_msgs' build argument 'cmake_clean_cache' from command line to 'False'
[0.374s] Level 5:colcon.colcon_core.verb:set package 'drone_msgs' build argument 'cmake_clean_first' from command line to 'False'
[0.374s] Level 5:colcon.colcon_core.verb:set package 'drone_msgs' build argument 'cmake_force_configure' from command line to 'False'
[0.374s] Level 5:colcon.colcon_core.verb:set package 'drone_msgs' build argument 'ament_cmake_args' from command line to 'None'
[0.374s] Level 5:colcon.colcon_core.verb:set package 'drone_msgs' build argument 'catkin_cmake_args' from command line to 'None'
[0.374s] Level 5:colcon.colcon_core.verb:set package 'drone_msgs' build argument 'catkin_skip_building_tests' from command line to 'False'
[0.375s] DEBUG:colcon.colcon_core.verb:Building package 'drone_msgs' with the following arguments: {'ament_cmake_args': None, 'build_base': '/home/ishank/ros2_ws/build/drone_msgs', 'catkin_cmake_args': None, 'catkin_skip_building_tests': False, 'cmake_args': None, 'cmake_clean_cache': False, 'cmake_clean_first': False, 'cmake_force_configure': False, 'cmake_target': None, 'cmake_target_skip_unavailable': False, 'install_base': '/home/ishank/ros2_ws/install/drone_msgs', 'merge_install': False, 'path': '/home/ishank/ros2_ws/src/drone_msgs', 'symlink_install': True, 'test_result_base': None}
[0.375s] Level 5:colcon.colcon_core.verb:set package 'drone_sim' build argument 'cmake_args' from command line to 'None'
[0.375s] Level 5:colcon.colcon_core.verb:set package 'drone_sim' build argument 'cmake_target' from command line to 'None'
[0.375s] Level 5:colcon.colcon_core.verb:set package 'drone_sim' build argument 'cmake_target_skip_unavailable' from command line to 'False'
[0.375s] Level 5:colcon.colcon_core.verb:set package 'drone_sim' build argument 'cmake_clean_cache' from command line to 'False'
[0.375s] Level 5:colcon.colcon_core.verb:set package 'drone_sim' build argument 'cmake_clean_first' from command line to 'False'
[0.375s] Level 5:colcon.colcon_core.verb:set package 'drone_sim' build argument 'cmake_force_configure' from command line to 'False'
[0.375s] Level 5:colcon.colcon_core.verb:set package 'drone_sim' build argument 'ament_cmake_args' from command line to 'None'
[0.375s] Level 5:colcon.colcon_core.verb:set package 'drone_sim' build argument 'catkin_cmake_args' from command line to 'None'
[0.375s] Level 5:colcon.colcon_core.verb:set package 'drone_sim' build argument 'catkin_skip_building_tests' from command line to 'False'
[0.375s] DEBUG:colcon.colcon_core.verb:Building package 'drone_sim' with the following arguments: {'ament_cmake_args': None, 'build_base': '/home/ishank/ros2_ws/build/drone_sim', 'catkin_cmake_args': None, 'catkin_skip_building_tests': False, 'cmake_args': None, 'cmake_clean_cache': False, 'cmake_clean_first': False, 'cmake_force_configure': False, 'cmake_target': None, 'cmake_target_skip_unavailable': False, 'install_base': '/home/ishank/ros2_ws/install/drone_sim', 'merge_install': False, 'path': '/home/ishank/ros2_ws/src/drone_sim', 'symlink_install': True, 'test_result_base': None}
[0.375s] Level 5:colcon.colcon_core.verb:set package 'drone_bridge' build argument 'cmake_args' from command line to 'None'
[0.375s] Level 5:colcon.colcon_core.verb:set package 'drone_bridge' build argument 'cmake_target' from command line to 'None'
[0.375s] Level 5:colcon.colcon_core.verb:set package 'drone_bridge' build argument 'cmake_target_skip_unavailable' from command line to 'False'
[0.376s] Level 5:colcon.colcon_core.verb:set package 'drone_bridge' build argument 'cmake_clean_cache' from command line to 'False'
[0.376s] Level 5:colcon.colcon_core.verb:set package 'drone_bridge' build argument 'cmake_clean_first' from command line to 'False'
[0.376s] Level 5:colcon.colcon_core.verb:set package 'drone_bridge' build argument 'cmake_force_configure' from command line to 'False'
[0.376s] Level 5:colcon.colcon_core.verb:set package 'drone_bridge' build argument 'ament_cmake_args' from command line to 'None'
[0.376s] Level 5:colcon.colcon_core.verb:set package 'drone_bridge' build argument 'catkin_cmake_args' from command line to 'None'
[0.376s] Level 5:colcon.colcon_core.verb:set package 'drone_bridge' build argument 'catkin_skip_building_tests' from command line to 'False'
[0.376s] DEBUG:colcon.colcon_core.verb:Building package 'drone_bridge' with the following arguments: {'ament_cmake_args': None, 'build_base': '/home/ishank/ros2_ws/build/drone_bridge', 'catkin_cmake_args': None, 'catkin_skip_building_tests': False, 'cmake_args': None, 'cmake_clean_cache': False, 'cmake_clean_first': False, 'cmake_force_configure': False, 'cmake_target': None, 'cmake_target_skip_unavailable': False, 'install_base': '/home/ishank/ros2_ws/install/drone_bridge', 'merge_install': False, 'path': '/home/ishank/ros2_ws/src/drone_bridge', 'symlink_install': True, 'test_result_base': None}
[0.376s] Level 5:colcon.colcon_core.verb:set package 'drone_controller' build argument 'cmake_args' from command line to 'None'
[0.376s] Level 5:colcon.colcon_core.verb:set package 'drone_controller' build argument 'cmake_target' from command line to 'None'
[0.376s] Level 5:colcon.colcon_core.verb:set package 'drone_controller' build argument 'cmake_target_skip_unavailable' from command line to 'False'
[0.376s] Level 5:colcon.colcon_core.verb:set package 'drone_controller' build argument 'cmake_clean_cache' from command line to 'False'
[0.376s] Level 5:colcon.colcon_core.verb:set package 'drone_controller' build argument 'cmake_clean_first' from command line to 'False'
[0.376s] Level 5:colcon.colcon_core.verb:set package 'drone_controller' build argument 'cmake_force_configure' from command line to 'False'
[0.376s] Level 5:colcon.colcon_core.verb:set package 'drone_controller' build argument 'ament_cmake_args' from command line to 'None'
[0.376s] Level 5:colcon.colcon_core.verb:set package 'drone_controller' build argument 'catkin_cmake_args' from command line to 'None'
[0.376s] Level 5:colcon.colcon_core.verb:set package 'drone_controller' build argument 'catkin_skip_building_tests' from command line to 'False'
[0.376s] DEBUG:colcon.colcon_core.verb:Building package 'drone_controller' with the following arguments: {'ament_cmake_args': None, 'build_base': '/home/ishank/ros2_ws/build/drone_controller', 'catkin_cmake_args': None, 'catkin_skip_building_tests': False, 'cmake_args': None, 'cmake_clean_cache': False, 'cmake_clean_first': False, 'cmake_force_configure': False, 'cmake_target': None, 'cmake_target_skip_unavailable': False, 'install_base': '/home/ishank/ros2_ws/install/drone_controller', 'merge_install': False, 'path': '/home/ishank/ros2_ws/src/drone_controller', 'symlink_install': True, 'test_result_base': None}
[0.376s] Level 5:colcon.colcon_core.verb:set package 'drone_planner' build argument 'cmake_args' from command line to 'None'
[0.377s] Level 5:colcon.colcon_core.verb:set package 'drone_planner' build argument 'cmake_target' from command line to 'None'
[0.377s] Level 5:colcon.colcon_core.verb:set package 'drone_planner' build argument 'cmake_target_skip_unavailable' from command line to 'False'
[0.377s] Level 5:colcon.colcon_core.verb:set package 'drone_planner' build argument 'cmake_clean_cache' from command line to 'False'
[0.377s] Level 5:colcon.colcon_core.verb:set package 'drone_planner' build argument 'cmake_clean_first' from command line to 'False'
[0.377s] Level 5:colcon.colcon_core.verb:set package 'drone_planner' build argument 'cmake_force_configure' from command line to 'False'
[0.377s] Level 5:colcon.colcon_core.verb:set package 'drone_planner' build argument 'ament_cmake_args' from command line to 'None'
[0.377s] Level 5:colcon.colcon_core.verb:set package 'drone_planner' build argument 'catkin_cmake_args' from command line to 'None'
[0.377s] Level 5:colcon.colcon_core.verb:set package 'drone_planner' build argument 'catkin_skip_building_tests' from command line to 'False'
[0.377s] DEBUG:colcon.colcon_core.verb:Building package 'drone_planner' with the following arguments: {'ament_cmake_args': None, 'build_base': '/home/ishank/ros2_ws/build/drone_planner', 'catkin_cmake_args': None, 'catkin_skip_building_tests': False, 'cmake_args': None, 'cmake_clean_cache': False, 'cmake_clean_first': False, 'cmake_force_configure': False, 'cmake_target': None, 'cmake_target_skip_unavailable': False, 'install_base': '/home/ishank/ros2_ws/install/drone_planner', 'merge_install': False, 'path': '/home/ishank/ros2_ws/src/drone_planner', 'symlink_install': True, 'test_result_base': None}
[0.377s] Level 5:colcon.colcon_core.verb:set package 'mission_manager' build argument 'cmake_args' from command line to 'None'
[0.377s] Level 5:colcon.colcon_core.verb:set package 'mission_manager' build argument 'cmake_target' from command line to 'None'
[0.377s] Level 5:colcon.colcon_core.verb:set package 'mission_manager' build argument 'cmake_target_skip_unavailable' from command line to 'False'
[0.377s] Level 5:colcon.colcon_core.verb:set package 'mission_manager' build argument 'cmake_clean_cache' from command line to 'False'
[0.377s] Level 5:colcon.colcon_core.verb:set package 'mission_manager' build argument 'cmake_clean_first' from command line to 'False'
[0.377s] Level 5:colcon.colcon_core.verb:set package 'mission_manager' build argument 'cmake_force_configure' from command line to 'False'
[0.377s] Level 5:colcon.colcon_core.verb:set package 'mission_manager' build argument 'ament_cmake_args' from command line to 'None'
[0.377s] Level 5:colcon.colcon_core.verb:set package 'mission_manager' build argument 'catkin_cmake_args' from command line to 'None'
[0.377s] Level 5:colcon.colcon_core.verb:set package 'mission_manager' build argument 'catkin_skip_building_tests' from command line to 'False'
[0.377s] DEBUG:colcon.colcon_core.verb:Building package 'mission_manager' with the following arguments: {'ament_cmake_args': None, 'build_base': '/home/ishank/ros2_ws/build/mission_manager', 'catkin_cmake_args': None, 'catkin_skip_building_tests': False, 'cmake_args': None, 'cmake_clean_cache': False, 'cmake_clean_first': False, 'cmake_force_configure': False, 'cmake_target': None, 'cmake_target_skip_unavailable': False, 'install_base': '/home/ishank/ros2_ws/install/mission_manager', 'merge_install': False, 'path': '/home/ishank/ros2_ws/src/mission_manager', 'symlink_install': True, 'test_result_base': None}
[0.377s] INFO:colcon.colcon_core.executor:Executing jobs using 'parallel' executor
[0.379s] DEBUG:colcon.colcon_parallel_executor.executor.parallel:run_until_complete
[0.379s] INFO:colcon.colcon_ros.task.ament_cmake.build:Building ROS package in '/home/ishank/ros2_ws/src/drone_msgs' with build type 'ament_cmake'
[0.379s] INFO:colcon.colcon_cmake.task.cmake.build:Building CMake package in '/home/ishank/ros2_ws/src/drone_msgs'
[0.382s] INFO:colcon.colcon_core.plugin_system:Skipping extension 'colcon_core.shell.bat': Not used on non-Windows systems
[0.382s] INFO:colcon.colcon_core.shell:Skip shell extension 'powershell' for command environment: Not usable outside of PowerShell
[0.383s] DEBUG:colcon.colcon_core.shell:Skip shell extension 'dsv' for command environment
[0.386s] INFO:colcon.colcon_ros.task.ament_cmake.build:Building ROS package in '/home/ishank/ros2_ws/src/drone_common' with build type 'ament_cmake'
[0.386s] INFO:colcon.colcon_cmake.task.cmake.build:Building CMake package in '/home/ishank/ros2_ws/src/drone_common'
[0.387s] INFO:colcon.colcon_core.shell:Skip shell extension 'powershell' for command environment: Not usable outside of PowerShell
[0.387s] DEBUG:colcon.colcon_core.shell:Skip shell extension 'dsv' for command environment
[0.391s] INFO:colcon.colcon_ros.task.ament_cmake.build:Building ROS package in '/home/ishank/ros2_ws/src/drone_sim' with build type 'ament_cmake'
[0.392s] INFO:colcon.colcon_cmake.task.cmake.build:Building CMake package in '/home/ishank/ros2_ws/src/drone_sim'
[0.392s] INFO:colcon.colcon_core.shell:Skip shell extension 'powershell' for command environment: Not usable outside of PowerShell
[0.392s] DEBUG:colcon.colcon_core.shell:Skip shell extension 'dsv' for command environment
[0.408s] DEBUG:colcon.colcon_core.event_handler.log_command:Invoking command in '/home/ishank/ros2_ws/build/drone_msgs': CMAKE_PREFIX_PATH=${CMAKE_PREFIX_PATH}:/opt/ros/humble /usr/bin/cmake --build /home/ishank/ros2_ws/build/drone_msgs -- -j8 -l8
[0.418s] DEBUG:colcon.colcon_core.event_handler.log_command:Invoking command in '/home/ishank/ros2_ws/build/drone_common': CMAKE_PREFIX_PATH=${CMAKE_PREFIX_PATH}:/opt/ros/humble /usr/bin/cmake --build /home/ishank/ros2_ws/build/drone_common -- -j8 -l8
[0.423s] DEBUG:colcon.colcon_core.event_handler.log_command:Invoking command in '/home/ishank/ros2_ws/build/drone_sim': CMAKE_PREFIX_PATH=${CMAKE_PREFIX_PATH}:/opt/ros/humble /usr/bin/cmake --build /home/ishank/ros2_ws/build/drone_sim -- -j8 -l8
[0.465s] DEBUG:colcon.colcon_core.event_handler.log_command:Invoked command in '/home/ishank/ros2_ws/build/drone_common' returned '0': CMAKE_PREFIX_PATH=${CMAKE_PREFIX_PATH}:/opt/ros/humble /usr/bin/cmake --build /home/ishank/ros2_ws/build/drone_common -- -j8 -l8
[0.482s] DEBUG:colcon.colcon_core.event_handler.log_command:Invoking command in '/home/ishank/ros2_ws/build/drone_common': CMAKE_PREFIX_PATH=${CMAKE_PREFIX_PATH}:/opt/ros/humble /usr/bin/cmake --install /home/ishank/ros2_ws/build/drone_common
[0.485s] DEBUG:colcon.colcon_core.event_handler.log_command:Invoked command in '/home/ishank/ros2_ws/build/drone_sim' returned '0': CMAKE_PREFIX_PATH=${CMAKE_PREFIX_PATH}:/opt/ros/humble /usr/bin/cmake --build /home/ishank/ros2_ws/build/drone_sim -- -j8 -l8
[0.494s] DEBUG:colcon.colcon_core.event_handler.log_command:Invoking command in '/home/ishank/ros2_ws/build/drone_sim': CMAKE_PREFIX_PATH=${CMAKE_PREFIX_PATH}:/opt/ros/humble /usr/bin/cmake --install /home/ishank/ros2_ws/build/drone_sim
[0.530s] Level 1:colcon.colcon_core.environment:create_environment_scripts_only(drone_common)
[0.535s] DEBUG:colcon.colcon_core.event_handler.log_command:Invoked command in '/home/ishank/ros2_ws/build/drone_common' returned '0': CMAKE_PREFIX_PATH=${CMAKE_PREFIX_PATH}:/opt/ros/humble /usr/bin/cmake --install /home/ishank/ros2_ws/build/drone_common
[0.538s] Level 1:colcon.colcon_core.environment:checking '/home/ishank/ros2_ws/install/drone_common' for CMake module files
[0.539s] Level 1:colcon.colcon_core.environment:checking '/home/ishank/ros2_ws/install/drone_common' for CMake config files
[0.539s] Level 1:colcon.colcon_core.shell:create_environment_hook('drone_common', 'cmake_prefix_path')
[0.540s] INFO:colcon.colcon_core.shell:Creating environment hook '/home/ishank/ros2_ws/install/drone_common/share/drone_common/hook/cmake_prefix_path.ps1'
[0.542s] INFO:colcon.colcon_core.shell:Creating environment descriptor '/home/ishank/ros2_ws/install/drone_common/share/drone_common/hook/cmake_prefix_path.dsv'
[0.542s] INFO:colcon.colcon_core.shell:Creating environment hook '/home/ishank/ros2_ws/install/drone_common/share/drone_common/hook/cmake_prefix_path.sh'
[0.544s] Level 1:colcon.colcon_core.environment:checking '/home/ishank/ros2_ws/install/drone_common/bin'
[0.544s] Level 1:colcon.colcon_core.environment:checking '/home/ishank/ros2_ws/install/drone_common/lib/pkgconfig/drone_common.pc'
[0.545s] Level 1:colcon.colcon_core.environment:checking '/home/ishank/ros2_ws/install/drone_common/lib/python3.10/site-packages'
[0.545s] Level 1:colcon.colcon_core.environment:checking '/home/ishank/ros2_ws/install/drone_common/bin'
[0.546s] INFO:colcon.colcon_core.shell:Creating package script '/home/ishank/ros2_ws/install/drone_common/share/drone_common/package.ps1'
[0.548s] INFO:colcon.colcon_core.shell:Creating package descriptor '/home/ishank/ros2_ws/install/drone_common/share/drone_common/package.dsv'
[0.550s] INFO:colcon.colcon_core.shell:Creating package script '/home/ishank/ros2_ws/install/drone_common/share/drone_common/package.sh'
[0.551s] INFO:colcon.colcon_core.shell:Creating package script '/home/ishank/ros2_ws/install/drone_common/share/drone_common/package.bash'
[0.552s] INFO:colcon.colcon_core.shell:Creating package script '/home/ishank/ros2_ws/install/drone_common/share/drone_common/package.zsh'
[0.553s] Level 1:colcon.colcon_core.environment:create_file_with_runtime_dependencies(/home/ishank/ros2_ws/install/drone_common/share/colcon-core/packages/drone_common)
[0.553s] Level 1:colcon.colcon_core.environment:create_environment_scripts_only(drone_common)
[0.554s] Level 1:colcon.colcon_core.environment:checking '/home/ishank/ros2_ws/install/drone_common' for CMake module files
[0.554s] Level 1:colcon.colcon_core.environment:checking '/home/ishank/ros2_ws/install/drone_common' for CMake config files
[0.554s] Level 1:colcon.colcon_core.shell:create_environment_hook('drone_common', 'cmake_prefix_path')
[0.554s] INFO:colcon.colcon_core.shell:Creating environment hook '/home/ishank/ros2_ws/install/drone_common/share/drone_common/hook/cmake_prefix_path.ps1'
[0.555s] INFO:colcon.colcon_core.shell:Creating environment descriptor '/home/ishank/ros2_ws/install/drone_common/share/drone_common/hook/cmake_prefix_path.dsv'
[0.555s] INFO:colcon.colcon_core.shell:Creating environment hook '/home/ishank/ros2_ws/install/drone_common/share/drone_common/hook/cmake_prefix_path.sh'
[0.556s] Level 1:colcon.colcon_core.environment:checking '/home/ishank/ros2_ws/install/drone_common/bin'
[0.556s] Level 1:colcon.colcon_core.environment:checking '/home/ishank/ros2_ws/install/drone_common/lib/pkgconfig/drone_common.pc'
[0.557s] Level 1:colcon.colcon_core.environment:checking '/home/ishank/ros2_ws/install/drone_common/lib/python3.10/site-packages'
[0.557s] Level 1:colcon.colcon_core.environment:checking '/home/ishank/ros2_ws/install/drone_common/bin'
[0.557s] INFO:colcon.colcon_core.shell:Creating package script '/home/ishank/ros2_ws/install/drone_common/share/drone_common/package.ps1'
[0.558s] INFO:colcon.colcon_core.shell:Creating package descriptor '/home/ishank/ros2_ws/install/drone_common/share/drone_common/package.dsv'
[0.559s] INFO:colcon.colcon_core.shell:Creating package script '/home/ishank/ros2_ws/install/drone_common/share/drone_common/package.sh'
[0.559s] INFO:colcon.colcon_core.shell:Creating package script '/home/ishank/ros2_ws/install/drone_common/share/drone_common/package.bash'
[0.560s] INFO:colcon.colcon_core.shell:Creating package script '/home/ishank/ros2_ws/install/drone_common/share/drone_common/package.zsh'
[0.560s] Level 1:colcon.colcon_core.environment:create_file_with_runtime_dependencies(/home/ishank/ros2_ws/install/drone_common/share/colcon-core/packages/drone_common)
[0.563s] Level 1:colcon.colcon_core.environment:create_environment_scripts_only(drone_sim)
[0.563s] Level 1:colcon.colcon_core.environment:checking '/home/ishank/ros2_ws/install/drone_sim' for CMake module files
[0.564s] DEBUG:colcon.colcon_core.event_handler.log_command:Invoked command in '/home/ishank/ros2_ws/build/drone_sim' returned '0': CMAKE_PREFIX_PATH=${CMAKE_PREFIX_PATH}:/opt/ros/humble /usr/bin/cmake --install /home/ishank/ros2_ws/build/drone_sim
[0.565s] Level 1:colcon.colcon_core.environment:checking '/home/ishank/ros2_ws/install/drone_sim' for CMake config files
[0.565s] Level 1:colcon.colcon_core.shell:create_environment_hook('drone_sim', 'cmake_prefix_path')
[0.566s] INFO:colcon.colcon_core.shell:Creating environment hook '/home/ishank/ros2_ws/install/drone_sim/share/drone_sim/hook/cmake_prefix_path.ps1'
[0.566s] INFO:colcon.colcon_core.shell:Creating environment descriptor '/home/ishank/ros2_ws/install/drone_sim/share/drone_sim/hook/cmake_prefix_path.dsv'
[0.567s] INFO:colcon.colcon_core.shell:Creating environment hook '/home/ishank/ros2_ws/install/drone_sim/share/drone_sim/hook/cmake_prefix_path.sh'
[0.568s] Level 1:colcon.colcon_core.environment:checking '/home/ishank/ros2_ws/install/drone_sim/bin'
[0.568s] Level 1:colcon.colcon_core.environment:checking '/home/ishank/ros2_ws/install/drone_sim/lib/pkgconfig/drone_sim.pc'
[0.568s] Level 1:colcon.colcon_core.environment:checking '/home/ishank/ros2_ws/install/drone_sim/lib/python3.10/site-packages'
[0.569s] Level 1:colcon.colcon_core.environment:checking '/home/ishank/ros2_ws/install/drone_sim/bin'
[0.569s] INFO:colcon.colcon_core.shell:Creating package script '/home/ishank/ros2_ws/install/drone_sim/share/drone_sim/package.ps1'
[0.570s] INFO:colcon.colcon_core.shell:Creating package descriptor '/home/ishank/ros2_ws/install/drone_sim/share/drone_sim/package.dsv'
[0.571s] INFO:colcon.colcon_core.shell:Creating package script '/home/ishank/ros2_ws/install/drone_sim/share/drone_sim/package.sh'
[0.571s] INFO:colcon.colcon_core.shell:Creating package script '/home/ishank/ros2_ws/install/drone_sim/share/drone_sim/package.bash'
[0.572s] INFO:colcon.colcon_core.shell:Creating package script '/home/ishank/ros2_ws/install/drone_sim/share/drone_sim/package.zsh'
[0.573s] Level 1:colcon.colcon_core.environment:create_file_with_runtime_dependencies(/home/ishank/ros2_ws/install/drone_sim/share/colcon-core/packages/drone_sim)
[0.574s] Level 1:colcon.colcon_core.environment:create_environment_scripts_only(drone_sim)
[0.575s] Level 1:colcon.colcon_core.environment:checking '/home/ishank/ros2_ws/install/drone_sim' for CMake module files
[0.577s] Level 1:colcon.colcon_core.environment:checking '/home/ishank/ros2_ws/install/drone_sim' for CMake config files
[0.577s] Level 1:colcon.colcon_core.shell:create_environment_hook('drone_sim', 'cmake_prefix_path')
[0.578s] INFO:colcon.colcon_core.shell:Creating environment hook '/home/ishank/ros2_ws/install/drone_sim/share/drone_sim/hook/cmake_prefix_path.ps1'
[0.579s] INFO:colcon.colcon_core.shell:Creating environment descriptor '/home/ishank/ros2_ws/install/drone_sim/share/drone_sim/hook/cmake_prefix_path.dsv'
[0.580s] INFO:colcon.colcon_core.shell:Creating environment hook '/home/ishank/ros2_ws/install/drone_sim/share/drone_sim/hook/cmake_prefix_path.sh'
[0.583s] Level 1:colcon.colcon_core.environment:checking '/home/ishank/ros2_ws/install/drone_sim/bin'
[0.583s] Level 1:colcon.colcon_core.environment:checking '/home/ishank/ros2_ws/install/drone_sim/lib/pkgconfig/drone_sim.pc'
[0.584s] Level 1:colcon.colcon_core.environment:checking '/home/ishank/ros2_ws/install/drone_sim/lib/python3.10/site-packages'
[0.584s] Level 1:colcon.colcon_core.environment:checking '/home/ishank/ros2_ws/install/drone_sim/bin'
[0.585s] INFO:colcon.colcon_core.shell:Creating package script '/home/ishank/ros2_ws/install/drone_sim/share/drone_sim/package.ps1'
[0.586s] INFO:colcon.colcon_core.shell:Creating package descriptor '/home/ishank/ros2_ws/install/drone_sim/share/drone_sim/package.dsv'
[0.587s] INFO:colcon.colcon_core.shell:Creating package script '/home/ishank/ros2_ws/install/drone_sim/share/drone_sim/package.sh'
[0.587s] INFO:colcon.colcon_core.shell:Creating package script '/home/ishank/ros2_ws/install/drone_sim/share/drone_sim/package.bash'
[0.588s] INFO:colcon.colcon_core.shell:Creating package script '/home/ishank/ros2_ws/install/drone_sim/share/drone_sim/package.zsh'
[0.588s] Level 1:colcon.colcon_core.environment:create_file_with_runtime_dependencies(/home/ishank/ros2_ws/install/drone_sim/share/colcon-core/packages/drone_sim)
[0.860s] DEBUG:colcon.colcon_core.event_handler.log_command:Invoked command in '/home/ishank/ros2_ws/build/drone_msgs' returned '0': CMAKE_PREFIX_PATH=${CMAKE_PREFIX_PATH}:/opt/ros/humble /usr/bin/cmake --build /home/ishank/ros2_ws/build/drone_msgs -- -j8 -l8
[0.861s] DEBUG:colcon.colcon_core.event_handler.log_command:Invoking command in '/home/ishank/ros2_ws/build/drone_msgs': CMAKE_PREFIX_PATH=${CMAKE_PREFIX_PATH}:/opt/ros/humble /usr/bin/cmake --install /home/ishank/ros2_ws/build/drone_msgs
[0.948s] Level 1:colcon.colcon_core.environment:create_environment_scripts_only(drone_msgs)
[0.949s] Level 1:colcon.colcon_core.environment:checking '/home/ishank/ros2_ws/install/drone_msgs' for CMake module files
[0.949s] DEBUG:colcon.colcon_core.event_handler.log_command:Invoked command in '/home/ishank/ros2_ws/build/drone_msgs' returned '0': CMAKE_PREFIX_PATH=${CMAKE_PREFIX_PATH}:/opt/ros/humble /usr/bin/cmake --install /home/ishank/ros2_ws/build/drone_msgs
[0.950s] Level 1:colcon.colcon_core.environment:checking '/home/ishank/ros2_ws/install/drone_msgs' for CMake config files
[0.950s] Level 1:colcon.colcon_core.shell:create_environment_hook('drone_msgs', 'cmake_prefix_path')
[0.950s] INFO:colcon.colcon_core.shell:Creating environment hook '/home/ishank/ros2_ws/install/drone_msgs/share/drone_msgs/hook/cmake_prefix_path.ps1'
[0.951s] INFO:colcon.colcon_core.shell:Creating environment descriptor '/home/ishank/ros2_ws/install/drone_msgs/share/drone_msgs/hook/cmake_prefix_path.dsv'
[0.951s] INFO:colcon.colcon_core.shell:Creating environment hook '/home/ishank/ros2_ws/install/drone_msgs/share/drone_msgs/hook/cmake_prefix_path.sh'
[0.952s] Level 1:colcon.colcon_core.environment:checking '/home/ishank/ros2_ws/install/drone_msgs/lib'
[0.952s] Level 1:colcon.colcon_core.shell:create_environment_hook('drone_msgs', 'ld_library_path_lib')
[0.952s] INFO:colcon.colcon_core.shell:Creating environment hook '/home/ishank/ros2_ws/install/drone_msgs/share/drone_msgs/hook/ld_library_path_lib.ps1'
[0.952s] INFO:colcon.colcon_core.shell:Creating environment descriptor '/home/ishank/ros2_ws/install/drone_msgs/share/drone_msgs/hook/ld_library_path_lib.dsv'
[0.953s] INFO:colcon.colcon_core.shell:Creating environment hook '/home/ishank/ros2_ws/install/drone_msgs/share/drone_msgs/hook/ld_library_path_lib.sh'
[0.953s] Level 1:colcon.colcon_core.environment:checking '/home/ishank/ros2_ws/install/drone_msgs/bin'
[0.953s] Level 1:colcon.colcon_core.environment:checking '/home/ishank/ros2_ws/install/drone_msgs/lib/pkgconfig/drone_msgs.pc'
[0.953s] Level 1:colcon.colcon_core.environment:checking '/home/ishank/ros2_ws/install/drone_msgs/lib/python3.10/site-packages'
[0.954s] Level 1:colcon.colcon_core.environment:checking '/home/ishank/ros2_ws/install/drone_msgs/bin'
[0.954s] INFO:colcon.colcon_core.shell:Creating package script '/home/ishank/ros2_ws/install/drone_msgs/share/drone_msgs/package.ps1'
[0.954s] INFO:colcon.colcon_core.shell:Creating package descriptor '/home/ishank/ros2_ws/install/drone_msgs/share/drone_msgs/package.dsv'
[0.955s] INFO:colcon.colcon_core.shell:Creating package script '/home/ishank/ros2_ws/install/drone_msgs/share/drone_msgs/package.sh'
[0.955s] INFO:colcon.colcon_core.shell:Creating package script '/home/ishank/ros2_ws/install/drone_msgs/share/drone_msgs/package.bash'
[0.955s] INFO:colcon.colcon_core.shell:Creating package script '/home/ishank/ros2_ws/install/drone_msgs/share/drone_msgs/package.zsh'
[0.956s] Level 1:colcon.colcon_core.environment:create_file_with_runtime_dependencies(/home/ishank/ros2_ws/install/drone_msgs/share/colcon-core/packages/drone_msgs)
[0.956s] Level 1:colcon.colcon_core.environment:create_environment_scripts_only(drone_msgs)
[0.957s] Level 1:colcon.colcon_core.environment:checking '/home/ishank/ros2_ws/install/drone_msgs' for CMake module files
[0.957s] Level 1:colcon.colcon_core.environment:checking '/home/ishank/ros2_ws/install/drone_msgs' for CMake config files
[0.958s] Level 1:colcon.colcon_core.shell:create_environment_hook('drone_msgs', 'cmake_prefix_path')
[0.959s] INFO:colcon.colcon_core.shell:Creating environment hook '/home/ishank/ros2_ws/install/drone_msgs/share/drone_msgs/hook/cmake_prefix_path.ps1'
[0.960s] INFO:colcon.colcon_core.shell:Creating environment descriptor '/home/ishank/ros2_ws/install/drone_msgs/share/drone_msgs/hook/cmake_prefix_path.dsv'
[0.960s] INFO:colcon.colcon_core.shell:Creating environment hook '/home/ishank/ros2_ws/install/drone_msgs/share/drone_msgs/hook/cmake_prefix_path.sh'
[0.961s] Level 1:colcon.colcon_core.environment:checking '/home/ishank/ros2_ws/install/drone_msgs/lib'
[0.961s] Level 1:colcon.colcon_core.shell:create_environment_hook('drone_msgs', 'ld_library_path_lib')
[0.961s] INFO:colcon.colcon_core.shell:Creating environment hook '/home/ishank/ros2_ws/install/drone_msgs/share/drone_msgs/hook/ld_library_path_lib.ps1'
[0.961s] INFO:colcon.colcon_core.shell:Creating environment descriptor '/home/ishank/ros2_ws/install/drone_msgs/share/drone_msgs/hook/ld_library_path_lib.dsv'
[0.962s] INFO:colcon.colcon_core.shell:Creating environment hook '/home/ishank/ros2_ws/install/drone_msgs/share/drone_msgs/hook/ld_library_path_lib.sh'
[0.962s] Level 1:colcon.colcon_core.environment:checking '/home/ishank/ros2_ws/install/drone_msgs/bin'
[0.962s] Level 1:colcon.colcon_core.environment:checking '/home/ishank/ros2_ws/install/drone_msgs/lib/pkgconfig/drone_msgs.pc'
[0.963s] Level 1:colcon.colcon_core.environment:checking '/home/ishank/ros2_ws/install/drone_msgs/lib/python3.10/site-packages'
[0.963s] Level 1:colcon.colcon_core.environment:checking '/home/ishank/ros2_ws/install/drone_msgs/bin'
[0.963s] INFO:colcon.colcon_core.shell:Creating package script '/home/ishank/ros2_ws/install/drone_msgs/share/drone_msgs/package.ps1'
[0.964s] INFO:colcon.colcon_core.shell:Creating package descriptor '/home/ishank/ros2_ws/install/drone_msgs/share/drone_msgs/package.dsv'
[0.965s] INFO:colcon.colcon_core.shell:Creating package script '/home/ishank/ros2_ws/install/drone_msgs/share/drone_msgs/package.sh'
[0.965s] INFO:colcon.colcon_core.shell:Creating package script '/home/ishank/ros2_ws/install/drone_msgs/share/drone_msgs/package.bash'
[0.965s] INFO:colcon.colcon_core.shell:Creating package script '/home/ishank/ros2_ws/install/drone_msgs/share/drone_msgs/package.zsh'
[0.966s] Level 1:colcon.colcon_core.environment:create_file_with_runtime_dependencies(/home/ishank/ros2_ws/install/drone_msgs/share/colcon-core/packages/drone_msgs)
[0.966s] INFO:colcon.colcon_ros.task.ament_cmake.build:Building ROS package in '/home/ishank/ros2_ws/src/drone_bridge' with build type 'ament_cmake'
[0.967s] INFO:colcon.colcon_cmake.task.cmake.build:Building CMake package in '/home/ishank/ros2_ws/src/drone_bridge'
[0.967s] INFO:colcon.colcon_core.shell:Skip shell extension 'powershell' for command environment: Not usable outside of PowerShell
[0.967s] DEBUG:colcon.colcon_core.shell:Skip shell extension 'dsv' for command environment
[0.970s] INFO:colcon.colcon_ros.task.ament_cmake.build:Building ROS package in '/home/ishank/ros2_ws/src/drone_controller' with build type 'ament_cmake'
[0.971s] INFO:colcon.colcon_cmake.task.cmake.build:Building CMake package in '/home/ishank/ros2_ws/src/drone_controller'
[0.971s] INFO:colcon.colcon_core.shell:Skip shell extension 'powershell' for command environment: Not usable outside of PowerShell
[0.971s] DEBUG:colcon.colcon_core.shell:Skip shell extension 'dsv' for command environment
[0.976s] INFO:colcon.colcon_ros.task.ament_cmake.build:Building ROS package in '/home/ishank/ros2_ws/src/drone_planner' with build type 'ament_cmake'
[0.976s] INFO:colcon.colcon_cmake.task.cmake.build:Building CMake package in '/home/ishank/ros2_ws/src/drone_planner'
[0.977s] INFO:colcon.colcon_core.shell:Skip shell extension 'powershell' for command environment: Not usable outside of PowerShell
[0.977s] DEBUG:colcon.colcon_core.shell:Skip shell extension 'dsv' for command environment
[0.981s] INFO:colcon.colcon_ros.task.ament_cmake.build:Building ROS package in '/home/ishank/ros2_ws/src/mission_manager' with build type 'ament_cmake'
[0.981s] INFO:colcon.colcon_cmake.task.cmake.build:Building CMake package in '/home/ishank/ros2_ws/src/mission_manager'
[0.982s] INFO:colcon.colcon_core.shell:Skip shell extension 'powershell' for command environment: Not usable outside of PowerShell
[0.982s] DEBUG:colcon.colcon_core.shell:Skip shell extension 'dsv' for command environment
[1.054s] DEBUG:colcon.colcon_core.event_handler.log_command:Invoking command in '/home/ishank/ros2_ws/build/drone_controller': CMAKE_PREFIX_PATH=/home/ishank/ros2_ws/install/drone_msgs:/home/ishank/ros2_ws/install/mission_manager:/home/ishank/ros2_ws/install/drone_planner:/home/ishank/ros2_ws/install/drone_common:/home/ishank/ros2_ws/install/drone_sim:/home/ishank/ros2_ws/install/drone_controller:/home/ishank/ros2_ws/install/drone_bridge:/opt/ros/humble /usr/bin/cmake --build /home/ishank/ros2_ws/build/drone_controller -- -j8 -l8
[1.058s] DEBUG:colcon.colcon_core.event_handler.log_command:Invoking command in '/home/ishank/ros2_ws/build/drone_bridge': CMAKE_PREFIX_PATH=/home/ishank/ros2_ws/install/drone_msgs:/home/ishank/ros2_ws/install/mission_manager:/home/ishank/ros2_ws/install/drone_planner:/home/ishank/ros2_ws/install/drone_common:/home/ishank/ros2_ws/install/drone_sim:/home/ishank/ros2_ws/install/drone_controller:/home/ishank/ros2_ws/install/drone_bridge:/opt/ros/humble /usr/bin/cmake --build /home/ishank/ros2_ws/build/drone_bridge -- -j8 -l8
[1.075s] DEBUG:colcon.colcon_core.event_handler.log_command:Invoking command in '/home/ishank/ros2_ws/build/drone_planner': CMAKE_PREFIX_PATH=/home/ishank/ros2_ws/install/drone_msgs:/home/ishank/ros2_ws/install/mission_manager:/home/ishank/ros2_ws/install/drone_planner:/home/ishank/ros2_ws/install/drone_common:/home/ishank/ros2_ws/install/drone_sim:/home/ishank/ros2_ws/install/drone_controller:/home/ishank/ros2_ws/install/drone_bridge:/opt/ros/humble /usr/bin/cmake --build /home/ishank/ros2_ws/build/drone_planner -- -j8 -l8
[1.082s] DEBUG:colcon.colcon_core.event_handler.log_command:Invoking command in '/home/ishank/ros2_ws/build/mission_manager': CMAKE_PREFIX_PATH=/home/ishank/ros2_ws/install/drone_msgs:/home/ishank/ros2_ws/install/mission_manager:/home/ishank/ros2_ws/install/drone_planner:/home/ishank/ros2_ws/install/drone_common:/home/ishank/ros2_ws/install/drone_sim:/home/ishank/ros2_ws/install/drone_controller:/home/ishank/ros2_ws/install/drone_bridge:/opt/ros/humble /usr/bin/cmake --build /home/ishank/ros2_ws/build/mission_manager -- -j8 -l8
[1.116s] DEBUG:colcon.colcon_core.event_handler.log_command:Invoked command in '/home/ishank/ros2_ws/build/drone_bridge' returned '0': CMAKE_PREFIX_PATH=/home/ishank/ros2_ws/install/drone_msgs:/home/ishank/ros2_ws/install/mission_manager:/home/ishank/ros2_ws/install/drone_planner:/home/ishank/ros2_ws/install/drone_common:/home/ishank/ros2_ws/install/drone_sim:/home/ishank/ros2_ws/install/drone_controller:/home/ishank/ros2_ws/install/drone_bridge:/opt/ros/humble /usr/bin/cmake --build /home/ishank/ros2_ws/build/drone_bridge -- -j8 -l8
[1.121s] DEBUG:colcon.colcon_core.event_handler.log_command:Invoking command in '/home/ishank/ros2_ws/build/drone_bridge': CMAKE_PREFIX_PATH=/home/ishank/ros2_ws/install/drone_msgs:/home/ishank/ros2_ws/install/mission_manager:/home/ishank/ros2_ws/install/drone_planner:/home/ishank/ros2_ws/install/drone_common:/home/ishank/ros2_ws/install/drone_sim:/home/ishank/ros2_ws/install/drone_controller:/home/ishank/ros2_ws/install/drone_bridge:/opt/ros/humble /usr/bin/cmake --install /home/ishank/ros2_ws/build/drone_bridge
[1.131s] DEBUG:colcon.colcon_core.event_handler.log_command:Invoked command in '/home/ishank/ros2_ws/build/drone_planner' returned '0': CMAKE_PREFIX_PATH=/home/ishank/ros2_ws/install/drone_msgs:/home/ishank/ros2_ws/install/mission_manager:/home/ishank/ros2_ws/install/drone_planner:/home/ishank/ros2_ws/install/drone_common:/home/ishank/ros2_ws/install/drone_sim:/home/ishank/ros2_ws/install/drone_controller:/home/ishank/ros2_ws/install/drone_bridge:/opt/ros/humble /usr/bin/cmake --build /home/ishank/ros2_ws/build/drone_planner -- -j8 -l8
[1.140s] DEBUG:colcon.colcon_core.event_handler.log_command:Invoking command in '/home/ishank/ros2_ws/build/drone_planner': CMAKE_PREFIX_PATH=/home/ishank/ros2_ws/install/drone_msgs:/home/ishank/ros2_ws/install/mission_manager:/home/ishank/ros2_ws/install/drone_planner:/home/ishank/ros2_ws/install/drone_common:/home/ishank/ros2_ws/install/drone_sim:/home/ishank/ros2_ws/install/drone_controller:/home/ishank/ros2_ws/install/drone_bridge:/opt/ros/humble /usr/bin/cmake --install /home/ishank/ros2_ws/build/drone_planner
[1.144s] DEBUG:colcon.colcon_core.event_handler.log_command:Invoked command in '/home/ishank/ros2_ws/build/mission_manager' returned '0': CMAKE_PREFIX_PATH=/home/ishank/ros2_ws/install/drone_msgs:/home/ishank/ros2_ws/install/mission_manager:/home/ishank/ros2_ws/install/drone_planner:/home/ishank/ros2_ws/install/drone_common:/home/ishank/ros2_ws/install/drone_sim:/home/ishank/ros2_ws/install/drone_controller:/home/ishank/ros2_ws/install/drone_bridge:/opt/ros/humble /usr/bin/cmake --build /home/ishank/ros2_ws/build/mission_manager -- -j8 -l8
[1.144s] DEBUG:colcon.colcon_core.event_handler.log_command:Invoking command in '/home/ishank/ros2_ws/build/mission_manager': CMAKE_PREFIX_PATH=/home/ishank/ros2_ws/install/drone_msgs:/home/ishank/ros2_ws/install/mission_manager:/home/ishank/ros2_ws/install/drone_planner:/home/ishank/ros2_ws/install/drone_common:/home/ishank/ros2_ws/install/drone_sim:/home/ishank/ros2_ws/install/drone_controller:/home/ishank/ros2_ws/install/drone_bridge:/opt/ros/humble /usr/bin/cmake --install /home/ishank/ros2_ws/build/mission_manager
[1.148s] Level 1:colcon.colcon_core.environment:create_environment_scripts_only(drone_bridge)
[1.149s] Level 1:colcon.colcon_core.environment:checking '/home/ishank/ros2_ws/install/drone_bridge' for CMake module files
[1.150s] DEBUG:colcon.colcon_core.event_handler.log_command:Invoked command in '/home/ishank/ros2_ws/build/drone_bridge' returned '0': CMAKE_PREFIX_PATH=/home/ishank/ros2_ws/install/drone_msgs:/home/ishank/ros2_ws/install/mission_manager:/home/ishank/ros2_ws/install/drone_planner:/home/ishank/ros2_ws/install/drone_common:/home/ishank/ros2_ws/install/drone_sim:/home/ishank/ros2_ws/install/drone_controller:/home/ishank/ros2_ws/install/drone_bridge:/opt/ros/humble /usr/bin/cmake --install /home/ishank/ros2_ws/build/drone_bridge
[1.153s] Level 1:colcon.colcon_core.environment:checking '/home/ishank/ros2_ws/install/drone_bridge' for CMake config files
[1.154s] Level 1:colcon.colcon_core.shell:create_environment_hook('drone_bridge', 'cmake_prefix_path')
[1.155s] INFO:colcon.colcon_core.shell:Creating environment hook '/home/ishank/ros2_ws/install/drone_bridge/share/drone_bridge/hook/cmake_prefix_path.ps1'
[1.157s] INFO:colcon.colcon_core.shell:Creating environment descriptor '/home/ishank/ros2_ws/install/drone_bridge/share/drone_bridge/hook/cmake_prefix_path.dsv'
[1.158s] INFO:colcon.colcon_core.shell:Creating environment hook '/home/ishank/ros2_ws/install/drone_bridge/share/drone_bridge/hook/cmake_prefix_path.sh'
[1.160s] Level 1:colcon.colcon_core.environment:checking '/home/ishank/ros2_ws/install/drone_bridge/bin'
[1.161s] Level 1:colcon.colcon_core.environment:checking '/home/ishank/ros2_ws/install/drone_bridge/lib/pkgconfig/drone_bridge.pc'
[1.161s] Level 1:colcon.colcon_core.environment:checking '/home/ishank/ros2_ws/install/drone_bridge/lib/python3.10/site-packages'
[1.161s] Level 1:colcon.colcon_core.environment:checking '/home/ishank/ros2_ws/install/drone_bridge/bin'
[1.162s] INFO:colcon.colcon_core.shell:Creating package script '/home/ishank/ros2_ws/install/drone_bridge/share/drone_bridge/package.ps1'
[1.162s] INFO:colcon.colcon_core.shell:Creating package descriptor '/home/ishank/ros2_ws/install/drone_bridge/share/drone_bridge/package.dsv'
[1.164s] INFO:colcon.colcon_core.shell:Creating package script '/home/ishank/ros2_ws/install/drone_bridge/share/drone_bridge/package.sh'
[1.165s] INFO:colcon.colcon_core.shell:Creating package script '/home/ishank/ros2_ws/install/drone_bridge/share/drone_bridge/package.bash'
[1.166s] INFO:colcon.colcon_core.shell:Creating package script '/home/ishank/ros2_ws/install/drone_bridge/share/drone_bridge/package.zsh'
[1.166s] Level 1:colcon.colcon_core.environment:create_file_with_runtime_dependencies(/home/ishank/ros2_ws/install/drone_bridge/share/colcon-core/packages/drone_bridge)
[1.167s] Level 1:colcon.colcon_core.environment:create_environment_scripts_only(drone_bridge)
[1.167s] Level 1:colcon.colcon_core.environment:checking '/home/ishank/ros2_ws/install/drone_bridge' for CMake module files
[1.168s] Level 1:colcon.colcon_core.environment:checking '/home/ishank/ros2_ws/install/drone_bridge' for CMake config files
[1.168s] Level 1:colcon.colcon_core.shell:create_environment_hook('drone_bridge', 'cmake_prefix_path')
[1.168s] INFO:colcon.colcon_core.shell:Creating environment hook '/home/ishank/ros2_ws/install/drone_bridge/share/drone_bridge/hook/cmake_prefix_path.ps1'
[1.169s] INFO:colcon.colcon_core.shell:Creating environment descriptor '/home/ishank/ros2_ws/install/drone_bridge/share/drone_bridge/hook/cmake_prefix_path.dsv'
[1.169s] INFO:colcon.colcon_core.shell:Creating environment hook '/home/ishank/ros2_ws/install/drone_bridge/share/drone_bridge/hook/cmake_prefix_path.sh'
[1.170s] Level 1:colcon.colcon_core.environment:checking '/home/ishank/ros2_ws/install/drone_bridge/bin'
[1.170s] Level 1:colcon.colcon_core.environment:checking '/home/ishank/ros2_ws/install/drone_bridge/lib/pkgconfig/drone_bridge.pc'
[1.170s] Level 1:colcon.colcon_core.environment:checking '/home/ishank/ros2_ws/install/drone_bridge/lib/python3.10/site-packages'
[1.171s] Level 1:colcon.colcon_core.environment:checking '/home/ishank/ros2_ws/install/drone_bridge/bin'
[1.171s] INFO:colcon.colcon_core.shell:Creating package script '/home/ishank/ros2_ws/install/drone_bridge/share/drone_bridge/package.ps1'
[1.172s] INFO:colcon.colcon_core.shell:Creating package descriptor '/home/ishank/ros2_ws/install/drone_bridge/share/drone_bridge/package.dsv'
[1.173s] INFO:colcon.colcon_core.shell:Creating package script '/home/ishank/ros2_ws/install/drone_bridge/share/drone_bridge/package.sh'
[1.173s] INFO:colcon.colcon_core.shell:Creating package script '/home/ishank/ros2_ws/install/drone_bridge/share/drone_bridge/package.bash'
[1.174s] INFO:colcon.colcon_core.shell:Creating package script '/home/ishank/ros2_ws/install/drone_bridge/share/drone_bridge/package.zsh'
[1.174s] Level 1:colcon.colcon_core.environment:create_file_with_runtime_dependencies(/home/ishank/ros2_ws/install/drone_bridge/share/colcon-core/packages/drone_bridge)
[1.177s] Level 1:colcon.colcon_core.environment:create_environment_scripts_only(drone_planner)
[1.178s] Level 1:colcon.colcon_core.environment:checking '/home/ishank/ros2_ws/install/drone_planner' for CMake module files
[1.179s] DEBUG:colcon.colcon_core.event_handler.log_command:Invoked command in '/home/ishank/ros2_ws/build/drone_planner' returned '0': CMAKE_PREFIX_PATH=/home/ishank/ros2_ws/install/drone_msgs:/home/ishank/ros2_ws/install/mission_manager:/home/ishank/ros2_ws/install/drone_planner:/home/ishank/ros2_ws/install/drone_common:/home/ishank/ros2_ws/install/drone_sim:/home/ishank/ros2_ws/install/drone_controller:/home/ishank/ros2_ws/install/drone_bridge:/opt/ros/humble /usr/bin/cmake --install /home/ishank/ros2_ws/build/drone_planner
[1.179s] Level 1:colcon.colcon_core.environment:checking '/home/ishank/ros2_ws/install/drone_planner' for CMake config files
[1.180s] Level 1:colcon.colcon_core.shell:create_environment_hook('drone_planner', 'cmake_prefix_path')
[1.180s] INFO:colcon.colcon_core.shell:Creating environment hook '/home/ishank/ros2_ws/install/drone_planner/share/drone_planner/hook/cmake_prefix_path.ps1'
[1.180s] INFO:colcon.colcon_core.shell:Creating environment descriptor '/home/ishank/ros2_ws/install/drone_planner/share/drone_planner/hook/cmake_prefix_path.dsv'
[1.181s] INFO:colcon.colcon_core.shell:Creating environment hook '/home/ishank/ros2_ws/install/drone_planner/share/drone_planner/hook/cmake_prefix_path.sh'
[1.182s] Level 1:colcon.colcon_core.environment:checking '/home/ishank/ros2_ws/install/drone_planner/bin'
[1.182s] Level 1:colcon.colcon_core.environment:checking '/home/ishank/ros2_ws/install/drone_planner/lib/pkgconfig/drone_planner.pc'
[1.182s] Level 1:colcon.colcon_core.environment:checking '/home/ishank/ros2_ws/install/drone_planner/lib/python3.10/site-packages'
[1.182s] Level 1:colcon.colcon_core.environment:checking '/home/ishank/ros2_ws/install/drone_planner/bin'
[1.183s] INFO:colcon.colcon_core.shell:Creating package script '/home/ishank/ros2_ws/install/drone_planner/share/drone_planner/package.ps1'
[1.184s] INFO:colcon.colcon_core.shell:Creating package descriptor '/home/ishank/ros2_ws/install/drone_planner/share/drone_planner/package.dsv'
[1.185s] INFO:colcon.colcon_core.shell:Creating package script '/home/ishank/ros2_ws/install/drone_planner/share/drone_planner/package.sh'
[1.185s] INFO:colcon.colcon_core.shell:Creating package script '/home/ishank/ros2_ws/install/drone_planner/share/drone_planner/package.bash'
[1.186s] INFO:colcon.colcon_core.shell:Creating package script '/home/ishank/ros2_ws/install/drone_planner/share/drone_planner/package.zsh'
[1.187s] Level 1:colcon.colcon_core.environment:create_file_with_runtime_dependencies(/home/ishank/ros2_ws/install/drone_planner/share/colcon-core/packages/drone_planner)
[1.189s] Level 1:colcon.colcon_core.environment:create_environment_scripts_only(drone_planner)
[1.190s] Level 1:colcon.colcon_core.environment:checking '/home/ishank/ros2_ws/install/drone_planner' for CMake module files
[1.191s] Level 1:colcon.colcon_core.environment:checking '/home/ishank/ros2_ws/install/drone_planner' for CMake config files
[1.191s] Level 1:colcon.colcon_core.shell:create_environment_hook('drone_planner', 'cmake_prefix_path')
[1.194s] INFO:colcon.colcon_core.shell:Creating environment hook '/home/ishank/ros2_ws/install/drone_planner/share/drone_planner/hook/cmake_prefix_path.ps1'
[1.195s] INFO:colcon.colcon_core.shell:Creating environment descriptor '/home/ishank/ros2_ws/install/drone_planner/share/drone_planner/hook/cmake_prefix_path.dsv'
[1.196s] INFO:colcon.colcon_core.shell:Creating environment hook '/home/ishank/ros2_ws/install/drone_planner/share/drone_planner/hook/cmake_prefix_path.sh'
[1.198s] Level 1:colcon.colcon_core.environment:checking '/home/ishank/ros2_ws/install/drone_planner/bin'
[1.198s] Level 1:colcon.colcon_core.environment:checking '/home/ishank/ros2_ws/install/drone_planner/lib/pkgconfig/drone_planner.pc'
[1.198s] Level 1:colcon.colcon_core.environment:checking '/home/ishank/ros2_ws/install/drone_planner/lib/python3.10/site-packages'
[1.199s] Level 1:colcon.colcon_core.environment:checking '/home/ishank/ros2_ws/install/drone_planner/bin'
[1.199s] INFO:colcon.colcon_core.shell:Creating package script '/home/ishank/ros2_ws/install/drone_planner/share/drone_planner/package.ps1'
[1.200s] INFO:colcon.colcon_core.shell:Creating package descriptor '/home/ishank/ros2_ws/install/drone_planner/share/drone_planner/package.dsv'
[1.201s] INFO:colcon.colcon_core.shell:Creating package script '/home/ishank/ros2_ws/install/drone_planner/share/drone_planner/package.sh'
[1.201s] INFO:colcon.colcon_core.shell:Creating package script '/home/ishank/ros2_ws/install/drone_planner/share/drone_planner/package.bash'
[1.202s] INFO:colcon.colcon_core.shell:Creating package script '/home/ishank/ros2_ws/install/drone_planner/share/drone_planner/package.zsh'
[1.205s] Level 1:colcon.colcon_core.environment:create_file_with_runtime_dependencies(/home/ishank/ros2_ws/install/drone_planner/share/colcon-core/packages/drone_planner)
[1.206s] Level 1:colcon.colcon_core.environment:create_environment_scripts_only(mission_manager)
[1.207s] Level 1:colcon.colcon_core.environment:checking '/home/ishank/ros2_ws/install/mission_manager' for CMake module files
[1.210s] DEBUG:colcon.colcon_core.event_handler.log_command:Invoked command in '/home/ishank/ros2_ws/build/mission_manager' returned '0': CMAKE_PREFIX_PATH=/home/ishank/ros2_ws/install/drone_msgs:/home/ishank/ros2_ws/install/mission_manager:/home/ishank/ros2_ws/install/drone_planner:/home/ishank/ros2_ws/install/drone_common:/home/ishank/ros2_ws/install/drone_sim:/home/ishank/ros2_ws/install/drone_controller:/home/ishank/ros2_ws/install/drone_bridge:/opt/ros/humble /usr/bin/cmake --install /home/ishank/ros2_ws/build/mission_manager
[1.210s] Level 1:colcon.colcon_core.environment:checking '/home/ishank/ros2_ws/install/mission_manager' for CMake config files
[1.211s] Level 1:colcon.colcon_core.shell:create_environment_hook('mission_manager', 'cmake_prefix_path')
[1.211s] INFO:colcon.colcon_core.shell:Creating environment hook '/home/ishank/ros2_ws/install/mission_manager/share/mission_manager/hook/cmake_prefix_path.ps1'
[1.212s] INFO:colcon.colcon_core.shell:Creating environment descriptor '/home/ishank/ros2_ws/install/mission_manager/share/mission_manager/hook/cmake_prefix_path.dsv'
[1.212s] INFO:colcon.colcon_core.shell:Creating environment hook '/home/ishank/ros2_ws/install/mission_manager/share/mission_manager/hook/cmake_prefix_path.sh'
[1.213s] Level 1:colcon.colcon_core.environment:checking '/home/ishank/ros2_ws/install/mission_manager/bin'
[1.213s] Level 1:colcon.colcon_core.environment:checking '/home/ishank/ros2_ws/install/mission_manager/lib/pkgconfig/mission_manager.pc'
[1.213s] Level 1:colcon.colcon_core.environment:checking '/home/ishank/ros2_ws/install/mission_manager/lib/python3.10/site-packages'
[1.214s] Level 1:colcon.colcon_core.environment:checking '/home/ishank/ros2_ws/install/mission_manager/bin'
[1.214s] INFO:colcon.colcon_core.shell:Creating package script '/home/ishank/ros2_ws/install/mission_manager/share/mission_manager/package.ps1'
[1.215s] INFO:colcon.colcon_core.shell:Creating package descriptor '/home/ishank/ros2_ws/install/mission_manager/share/mission_manager/package.dsv'
[1.216s] INFO:colcon.colcon_core.shell:Creating package script '/home/ishank/ros2_ws/install/mission_manager/share/mission_manager/package.sh'
[1.216s] INFO:colcon.colcon_core.shell:Creating package script '/home/ishank/ros2_ws/install/mission_manager/share/mission_manager/package.bash'
[1.217s] INFO:colcon.colcon_core.shell:Creating package script '/home/ishank/ros2_ws/install/mission_manager/share/mission_manager/package.zsh'
[1.217s] Level 1:colcon.colcon_core.environment:create_file_with_runtime_dependencies(/home/ishank/ros2_ws/install/mission_manager/share/colcon-core/packages/mission_manager)
[1.220s] Level 1:colcon.colcon_core.environment:create_environment_scripts_only(mission_manager)
[1.220s] Level 1:colcon.colcon_core.environment:checking '/home/ishank/ros2_ws/install/mission_manager' for CMake module files
[1.221s] Level 1:colcon.colcon_core.environment:checking '/home/ishank/ros2_ws/install/mission_manager' for CMake config files
[1.221s] Level 1:colcon.colcon_core.shell:create_environment_hook('mission_manager', 'cmake_prefix_path')
[1.221s] INFO:colcon.colcon_core.shell:Creating environment hook '/home/ishank/ros2_ws/install/mission_manager/share/mission_manager/hook/cmake_prefix_path.ps1'
[1.222s] INFO:colcon.colcon_core.shell:Creating environment descriptor '/home/ishank/ros2_ws/install/mission_manager/share/mission_manager/hook/cmake_prefix_path.dsv'
[1.223s] INFO:colcon.colcon_core.shell:Creating environment hook '/home/ishank/ros2_ws/install/mission_manager/share/mission_manager/hook/cmake_prefix_path.sh'
[1.225s] Level 1:colcon.colcon_core.environment:checking '/home/ishank/ros2_ws/install/mission_manager/bin'
[1.225s] Level 1:colcon.colcon_core.environment:checking '/home/ishank/ros2_ws/install/mission_manager/lib/pkgconfig/mission_manager.pc'
[1.225s] Level 1:colcon.colcon_core.environment:checking '/home/ishank/ros2_ws/install/mission_manager/lib/python3.10/site-packages'
[1.225s] Level 1:colcon.colcon_core.environment:checking '/home/ishank/ros2_ws/install/mission_manager/bin'
[1.226s] INFO:colcon.colcon_core.shell:Creating package script '/home/ishank/ros2_ws/install/mission_manager/share/mission_manager/package.ps1'
[1.226s] INFO:colcon.colcon_core.shell:Creating package descriptor '/home/ishank/ros2_ws/install/mission_manager/share/mission_manager/package.dsv'
[1.227s] INFO:colcon.colcon_core.shell:Creating package script '/home/ishank/ros2_ws/install/mission_manager/share/mission_manager/package.sh'
[1.227s] INFO:colcon.colcon_core.shell:Creating package script '/home/ishank/ros2_ws/install/mission_manager/share/mission_manager/package.bash'
[1.228s] INFO:colcon.colcon_core.shell:Creating package script '/home/ishank/ros2_ws/install/mission_manager/share/mission_manager/package.zsh'
[1.228s] Level 1:colcon.colcon_core.environment:create_file_with_runtime_dependencies(/home/ishank/ros2_ws/install/mission_manager/share/colcon-core/packages/mission_manager)
[13.634s] DEBUG:colcon.colcon_core.event_handler.log_command:Invoked command in '/home/ishank/ros2_ws/build/drone_controller' returned '0': CMAKE_PREFIX_PATH=/home/ishank/ros2_ws/install/drone_msgs:/home/ishank/ros2_ws/install/mission_manager:/home/ishank/ros2_ws/install/drone_planner:/home/ishank/ros2_ws/install/drone_common:/home/ishank/ros2_ws/install/drone_sim:/home/ishank/ros2_ws/install/drone_controller:/home/ishank/ros2_ws/install/drone_bridge:/opt/ros/humble /usr/bin/cmake --build /home/ishank/ros2_ws/build/drone_controller -- -j8 -l8
[13.637s] DEBUG:colcon.colcon_core.event_handler.log_command:Invoking command in '/home/ishank/ros2_ws/build/drone_controller': CMAKE_PREFIX_PATH=/home/ishank/ros2_ws/install/drone_msgs:/home/ishank/ros2_ws/install/mission_manager:/home/ishank/ros2_ws/install/drone_planner:/home/ishank/ros2_ws/install/drone_common:/home/ishank/ros2_ws/install/drone_sim:/home/ishank/ros2_ws/install/drone_controller:/home/ishank/ros2_ws/install/drone_bridge:/opt/ros/humble /usr/bin/cmake --install /home/ishank/ros2_ws/build/drone_controller
[13.657s] Level 1:colcon.colcon_core.environment:create_environment_scripts_only(drone_controller)
[13.657s] Level 1:colcon.colcon_core.environment:checking '/home/ishank/ros2_ws/install/drone_controller' for CMake module files
[13.657s] DEBUG:colcon.colcon_core.event_handler.log_command:Invoked command in '/home/ishank/ros2_ws/build/drone_controller' returned '0': CMAKE_PREFIX_PATH=/home/ishank/ros2_ws/install/drone_msgs:/home/ishank/ros2_ws/install/mission_manager:/home/ishank/ros2_ws/install/drone_planner:/home/ishank/ros2_ws/install/drone_common:/home/ishank/ros2_ws/install/drone_sim:/home/ishank/ros2_ws/install/drone_controller:/home/ishank/ros2_ws/install/drone_bridge:/opt/ros/humble /usr/bin/cmake --install /home/ishank/ros2_ws/build/drone_controller
[13.658s] Level 1:colcon.colcon_core.environment:checking '/home/ishank/ros2_ws/install/drone_controller' for CMake config files
[13.658s] Level 1:colcon.colcon_core.shell:create_environment_hook('drone_controller', 'cmake_prefix_path')
[13.659s] INFO:colcon.colcon_core.shell:Creating environment hook '/home/ishank/ros2_ws/install/drone_controller/share/drone_controller/hook/cmake_prefix_path.ps1'
[13.659s] INFO:colcon.colcon_core.shell:Creating environment descriptor '/home/ishank/ros2_ws/install/drone_controller/share/drone_controller/hook/cmake_prefix_path.dsv'
[13.660s] INFO:colcon.colcon_core.shell:Creating environment hook '/home/ishank/ros2_ws/install/drone_controller/share/drone_controller/hook/cmake_prefix_path.sh'
[13.660s] Level 1:colcon.colcon_core.environment:checking '/home/ishank/ros2_ws/install/drone_controller/lib'
[13.660s] Level 1:colcon.colcon_core.environment:checking '/home/ishank/ros2_ws/install/drone_controller/bin'
[13.661s] Level 1:colcon.colcon_core.environment:checking '/home/ishank/ros2_ws/install/drone_controller/lib/pkgconfig/drone_controller.pc'
[13.661s] Level 1:colcon.colcon_core.environment:checking '/home/ishank/ros2_ws/install/drone_controller/lib/python3.10/site-packages'
[13.661s] Level 1:colcon.colcon_core.environment:checking '/home/ishank/ros2_ws/install/drone_controller/bin'
[13.661s] INFO:colcon.colcon_core.shell:Creating package script '/home/ishank/ros2_ws/install/drone_controller/share/drone_controller/package.ps1'
[13.662s] INFO:colcon.colcon_core.shell:Creating package descriptor '/home/ishank/ros2_ws/install/drone_controller/share/drone_controller/package.dsv'
[13.662s] INFO:colcon.colcon_core.shell:Creating package script '/home/ishank/ros2_ws/install/drone_controller/share/drone_controller/package.sh'
[13.663s] INFO:colcon.colcon_core.shell:Creating package script '/home/ishank/ros2_ws/install/drone_controller/share/drone_controller/package.bash'
[13.663s] INFO:colcon.colcon_core.shell:Creating package script '/home/ishank/ros2_ws/install/drone_controller/share/drone_controller/package.zsh'
[13.664s] Level 1:colcon.colcon_core.environment:create_file_with_runtime_dependencies(/home/ishank/ros2_ws/install/drone_controller/share/colcon-core/packages/drone_controller)
[13.664s] Level 1:colcon.colcon_core.environment:create_environment_scripts_only(drone_controller)
[13.664s] Level 1:colcon.colcon_core.environment:checking '/home/ishank/ros2_ws/install/drone_controller' for CMake module files
[13.665s] Level 1:colcon.colcon_core.environment:checking '/home/ishank/ros2_ws/install/drone_controller' for CMake config files
[13.665s] Level 1:colcon.colcon_core.shell:create_environment_hook('drone_controller', 'cmake_prefix_path')
[13.665s] INFO:colcon.colcon_core.shell:Creating environment hook '/home/ishank/ros2_ws/install/drone_controller/share/drone_controller/hook/cmake_prefix_path.ps1'
[13.665s] INFO:colcon.colcon_core.shell:Creating environment descriptor '/home/ishank/ros2_ws/install/drone_controller/share/drone_controller/hook/cmake_prefix_path.dsv'
[13.666s] INFO:colcon.colcon_core.shell:Creating environment hook '/home/ishank/ros2_ws/install/drone_controller/share/drone_controller/hook/cmake_prefix_path.sh'
[13.666s] Level 1:colcon.colcon_core.environment:checking '/home/ishank/ros2_ws/install/drone_controller/lib'
[13.666s] Level 1:colcon.colcon_core.environment:checking '/home/ishank/ros2_ws/install/drone_controller/bin'
[13.666s] Level 1:colcon.colcon_core.environment:checking '/home/ishank/ros2_ws/install/drone_controller/lib/pkgconfig/drone_controller.pc'
[13.667s] Level 1:colcon.colcon_core.environment:checking '/home/ishank/ros2_ws/install/drone_controller/lib/python3.10/site-packages'
[13.667s] Level 1:colcon.colcon_core.environment:checking '/home/ishank/ros2_ws/install/drone_controller/bin'
[13.667s] INFO:colcon.colcon_core.shell:Creating package script '/home/ishank/ros2_ws/install/drone_controller/share/drone_controller/package.ps1'
[13.668s] INFO:colcon.colcon_core.shell:Creating package descriptor '/home/ishank/ros2_ws/install/drone_controller/share/drone_controller/package.dsv'
[13.668s] INFO:colcon.colcon_core.shell:Creating package script '/home/ishank/ros2_ws/install/drone_controller/share/drone_controller/package.sh'
[13.668s] INFO:colcon.colcon_core.shell:Creating package script '/home/ishank/ros2_ws/install/drone_controller/share/drone_controller/package.bash'
[13.669s] INFO:colcon.colcon_core.shell:Creating package script '/home/ishank/ros2_ws/install/drone_controller/share/drone_controller/package.zsh'
[13.669s] Level 1:colcon.colcon_core.environment:create_file_with_runtime_dependencies(/home/ishank/ros2_ws/install/drone_controller/share/colcon-core/packages/drone_controller)
[13.669s] DEBUG:colcon.colcon_parallel_executor.executor.parallel:closing loop
[13.670s] DEBUG:colcon.colcon_parallel_executor.executor.parallel:loop closed
[13.671s] DEBUG:colcon.colcon_parallel_executor.executor.parallel:run_until_complete finished with '0'
[13.671s] DEBUG:colcon.colcon_core.event_reactor:joining thread
[13.712s] INFO:colcon.colcon_core.plugin_system:Skipping extension 'colcon_notification.desktop_notification.notify_send': Could not find 'notify-send'
[13.712s] INFO:colcon.colcon_core.plugin_system:Skipping extension 'colcon_notification.desktop_notification.terminal_notifier': Not used on non-Darwin systems
[13.712s] INFO:colcon.colcon_core.plugin_system:Skipping extension 'colcon_notification.desktop_notification.win32': Not used on non-Windows systems
[13.712s] INFO:colcon.colcon_notification.desktop_notification:Sending desktop notification using 'notify2'
[13.712s] DEBUG:colcon.colcon_notification.desktop_notification.notify2:Failed to initialize notify2: org.freedesktop.DBus.Error.FileNotFound: Failed to connect to socket /run/user/1000/bus: No such file or directory
[13.712s] DEBUG:colcon.colcon_core.event_reactor:joined thread
[13.713s] INFO:colcon.colcon_core.shell:Creating prefix script '/home/ishank/ros2_ws/install/local_setup.ps1'
[13.714s] INFO:colcon.colcon_core.shell:Creating prefix util module '/home/ishank/ros2_ws/install/_local_setup_util_ps1.py'
[13.715s] INFO:colcon.colcon_core.shell:Creating prefix chain script '/home/ishank/ros2_ws/install/setup.ps1'
[13.717s] INFO:colcon.colcon_core.shell:Creating prefix script '/home/ishank/ros2_ws/install/local_setup.sh'
[13.718s] INFO:colcon.colcon_core.shell:Creating prefix util module '/home/ishank/ros2_ws/install/_local_setup_util_sh.py'
[13.718s] INFO:colcon.colcon_core.shell:Creating prefix chain script '/home/ishank/ros2_ws/install/setup.sh'
[13.719s] INFO:colcon.colcon_core.shell:Creating prefix script '/home/ishank/ros2_ws/install/local_setup.bash'
[13.720s] INFO:colcon.colcon_core.shell:Creating prefix chain script '/home/ishank/ros2_ws/install/setup.bash'
[13.721s] INFO:colcon.colcon_core.shell:Creating prefix script '/home/ishank/ros2_ws/install/local_setup.zsh'
[13.721s] INFO:colcon.colcon_core.shell:Creating prefix chain script '/home/ishank/ros2_ws/install/setup.zsh'
