-- Found ament_cmake: 1.3.14 (/opt/ros/humble/share/ament_cmake/cmake)
-- Override CMake install command with custom implementation using symlinks instead of copying resources
-- Found rclcpp: 16.0.19 (/opt/ros/humble/share/rclcpp/cmake)
-- Found rosidl_generator_c: 3.1.8 (/opt/ros/humble/share/rosidl_generator_c/cmake)
-- Found rosidl_adapter: 3.1.8 (/opt/ros/humble/share/rosidl_adapter/cmake)
-- Found rosidl_generator_cpp: 3.1.8 (/opt/ros/humble/share/rosidl_generator_cpp/cmake)
-- Using all available rosidl_typesupport_c: rosidl_typesupport_fastrtps_c;rosidl_typesupport_introspection_c
-- Using all available rosidl_typesupport_cpp: rosidl_typesupport_fastrtps_cpp;rosidl_typesupport_introspection_cpp
-- Found rmw_implementation_cmake: 6.1.2 (/opt/ros/humble/share/rmw_implementation_cmake/cmake)
-- Found rmw_fastrtps_cpp: 6.2.10 (/opt/ros/humble/share/rmw_fastrtps_cpp/cmake)
-- Using RMW implementation 'rmw_fastrtps_cpp' as default
-- Found geometry_msgs: 4.9.1 (/opt/ros/humble/share/geometry_msgs/cmake)
-- Found drone_msgs: 0.0.0 (/home/ishank/ros2_ws/install/drone_msgs/share/drone_msgs/cmake)
-- Found ament_lint_auto: 0.12.15 (/opt/ros/humble/share/ament_lint_auto/cmake)
-- Added test 'cppcheck' to perform static code analysis on C / C++ code
-- Configured cppcheck include dirs: /home/ishank/ros2_ws/src/drone_controller/include
-- Configured cppcheck exclude dirs and/or files: 
-- Added test 'lint_cmake' to check CMake code style
-- Added test 'uncrustify' to check C / C++ code style
-- Configured uncrustify additional arguments: 
-- Added test 'xmllint' to check XML markup files
-- Configuring done
-- Generating done
-- Build files have been written to: /home/ishank/ros2_ws/build/drone_controller
[ 33%] [32mBuilding CXX object CMakeFiles/executor_node.dir/src/main.cpp.o[0m
[ 66%] [32mBuilding CXX object CMakeFiles/executor_node.dir/src/executor_node.cpp.o[0m
[100%] [32m[1mLinking CXX executable executor_node[0m
[100%] Built target executor_node
-- Install configuration: ""
-- Execute custom install script
-- Symlinking: /home/ishank/ros2_ws/install/drone_controller/lib/drone_controller/executor_node
-- Up-to-date symlink: /home/ishank/ros2_ws/install/drone_controller/share/ament_index/resource_index/package_run_dependencies/drone_controller
-- Up-to-date symlink: /home/ishank/ros2_ws/install/drone_controller/share/ament_index/resource_index/parent_prefix_path/drone_controller
-- Up-to-date symlink: /home/ishank/ros2_ws/install/drone_controller/share/drone_controller/environment/ament_prefix_path.sh
-- Up-to-date symlink: /home/ishank/ros2_ws/install/drone_controller/share/drone_controller/environment/ament_prefix_path.dsv
-- Up-to-date symlink: /home/ishank/ros2_ws/install/drone_controller/share/drone_controller/environment/path.sh
-- Up-to-date symlink: /home/ishank/ros2_ws/install/drone_controller/share/drone_controller/environment/path.dsv
-- Up-to-date symlink: /home/ishank/ros2_ws/install/drone_controller/share/drone_controller/local_setup.bash
-- Up-to-date symlink: /home/ishank/ros2_ws/install/drone_controller/share/drone_controller/local_setup.sh
-- Up-to-date symlink: /home/ishank/ros2_ws/install/drone_controller/share/drone_controller/local_setup.zsh
-- Up-to-date symlink: /home/ishank/ros2_ws/install/drone_controller/share/drone_controller/local_setup.dsv
-- Symlinking: /home/ishank/ros2_ws/install/drone_controller/share/drone_controller/package.dsv
-- Up-to-date symlink: /home/ishank/ros2_ws/install/drone_controller/share/ament_index/resource_index/packages/drone_controller
-- Up-to-date symlink: /home/ishank/ros2_ws/install/drone_controller/share/drone_controller/cmake/drone_controllerConfig.cmake
-- Up-to-date symlink: /home/ishank/ros2_ws/install/drone_controller/share/drone_controller/cmake/drone_controllerConfig-version.cmake
-- Up-to-date symlink: /home/ishank/ros2_ws/install/drone_controller/share/drone_controller/package.xml
