[0.194s] Invoking command in '/home/ishank/ros2_ws/build/drone_controller': CMAKE_PREFIX_PATH=/home/ishank/ros2_ws/install/drone_msgs:/home/ishank/ros2_ws/install/drone_sim:/home/ishank/ros2_ws/install/drone_controller:/home/ishank/ros2_ws/install/drone_bridge:/opt/ros/humble /usr/bin/cmake --build /home/ishank/ros2_ws/build/drone_controller -- -j8 -l8
[0.248s] -- Found ament_cmake: 1.3.14 (/opt/ros/humble/share/ament_cmake/cmake)
[0.530s] -- Override CMake install command with custom implementation using symlinks instead of copying resources
[0.622s] -- Found rclcpp: 16.0.19 (/opt/ros/humble/share/rclcpp/cmake)
[1.533s] -- Found rosidl_generator_c: 3.1.8 (/opt/ros/humble/share/rosidl_generator_c/cmake)
[1.555s] -- Found rosidl_adapter: 3.1.8 (/opt/ros/humble/share/rosidl_adapter/cmake)
[1.604s] -- Found rosidl_generator_cpp: 3.1.8 (/opt/ros/humble/share/rosidl_generator_cpp/cmake)
[1.676s] -- Using all available rosidl_typesupport_c: rosidl_typesupport_fastrtps_c;rosidl_typesupport_introspection_c
[1.763s] -- Using all available rosidl_typesupport_cpp: rosidl_typesupport_fastrtps_cpp;rosidl_typesupport_introspection_cpp
[1.997s] -- Found rmw_implementation_cmake: 6.1.2 (/opt/ros/humble/share/rmw_implementation_cmake/cmake)
[2.010s] -- Found rmw_fastrtps_cpp: 6.2.10 (/opt/ros/humble/share/rmw_fastrtps_cpp/cmake)
[9.138s] -- Using RMW implementation 'rmw_fastrtps_cpp' as default
[9.384s] -- Found geometry_msgs: 4.9.1 (/opt/ros/humble/share/geometry_msgs/cmake)
[9.441s] -- Found drone_msgs: 0.0.0 (/home/ishank/ros2_ws/install/drone_msgs/share/drone_msgs/cmake)
[9.488s] -- Found ament_lint_auto: 0.12.15 (/opt/ros/humble/share/ament_lint_auto/cmake)
[9.723s] -- Added test 'cppcheck' to perform static code analysis on C / C++ code
[9.723s] -- Configured cppcheck include dirs: /home/ishank/ros2_ws/src/drone_controller/include
[9.724s] -- Configured cppcheck exclude dirs and/or files: 
[9.730s] -- Added test 'lint_cmake' to check CMake code style
[9.733s] -- Added test 'uncrustify' to check C / C++ code style
[9.733s] -- Configured uncrustify additional arguments: 
[9.737s] -- Added test 'xmllint' to check XML markup files
[9.743s] -- Configuring done
[9.774s] -- Generating done
[9.791s] -- Build files have been written to: /home/ishank/ros2_ws/build/drone_controller
[9.883s] [ 33%] [32mBuilding CXX object CMakeFiles/executor_node.dir/src/main.cpp.o[0m
[9.887s] [ 66%] [32mBuilding CXX object CMakeFiles/executor_node.dir/src/executor_node.cpp.o[0m
[36.044s] [100%] [32m[1mLinking CXX executable executor_node[0m
[38.111s] [100%] Built target executor_node
[38.197s] Invoked command in '/home/ishank/ros2_ws/build/drone_controller' returned '0': CMAKE_PREFIX_PATH=/home/ishank/ros2_ws/install/drone_msgs:/home/ishank/ros2_ws/install/drone_sim:/home/ishank/ros2_ws/install/drone_controller:/home/ishank/ros2_ws/install/drone_bridge:/opt/ros/humble /usr/bin/cmake --build /home/ishank/ros2_ws/build/drone_controller -- -j8 -l8
[38.262s] Invoking command in '/home/ishank/ros2_ws/build/drone_controller': CMAKE_PREFIX_PATH=/home/ishank/ros2_ws/install/drone_msgs:/home/ishank/ros2_ws/install/drone_sim:/home/ishank/ros2_ws/install/drone_controller:/home/ishank/ros2_ws/install/drone_bridge:/opt/ros/humble /usr/bin/cmake --install /home/ishank/ros2_ws/build/drone_controller
[38.295s] -- Install configuration: ""
[38.299s] -- Execute custom install script
[38.305s] -- Symlinking: /home/ishank/ros2_ws/install/drone_controller/lib/drone_controller/executor_node
[38.347s] -- Up-to-date symlink: /home/ishank/ros2_ws/install/drone_controller/share/ament_index/resource_index/package_run_dependencies/drone_controller
[38.349s] -- Up-to-date symlink: /home/ishank/ros2_ws/install/drone_controller/share/ament_index/resource_index/parent_prefix_path/drone_controller
[38.351s] -- Up-to-date symlink: /home/ishank/ros2_ws/install/drone_controller/share/drone_controller/environment/ament_prefix_path.sh
[38.353s] -- Up-to-date symlink: /home/ishank/ros2_ws/install/drone_controller/share/drone_controller/environment/ament_prefix_path.dsv
[38.355s] -- Up-to-date symlink: /home/ishank/ros2_ws/install/drone_controller/share/drone_controller/environment/path.sh
[38.355s] -- Up-to-date symlink: /home/ishank/ros2_ws/install/drone_controller/share/drone_controller/environment/path.dsv
[38.357s] -- Up-to-date symlink: /home/ishank/ros2_ws/install/drone_controller/share/drone_controller/local_setup.bash
[38.359s] -- Up-to-date symlink: /home/ishank/ros2_ws/install/drone_controller/share/drone_controller/local_setup.sh
[38.360s] -- Up-to-date symlink: /home/ishank/ros2_ws/install/drone_controller/share/drone_controller/local_setup.zsh
[38.361s] -- Up-to-date symlink: /home/ishank/ros2_ws/install/drone_controller/share/drone_controller/local_setup.dsv
[38.362s] -- Symlinking: /home/ishank/ros2_ws/install/drone_controller/share/drone_controller/package.dsv
[38.401s] -- Up-to-date symlink: /home/ishank/ros2_ws/install/drone_controller/share/ament_index/resource_index/packages/drone_controller
[38.403s] -- Up-to-date symlink: /home/ishank/ros2_ws/install/drone_controller/share/drone_controller/cmake/drone_controllerConfig.cmake
[38.404s] -- Up-to-date symlink: /home/ishank/ros2_ws/install/drone_controller/share/drone_controller/cmake/drone_controllerConfig-version.cmake
[38.406s] -- Up-to-date symlink: /home/ishank/ros2_ws/install/drone_controller/share/drone_controller/package.xml
[38.429s] Invoked command in '/home/ishank/ros2_ws/build/drone_controller' returned '0': CMAKE_PREFIX_PATH=/home/ishank/ros2_ws/install/drone_msgs:/home/ishank/ros2_ws/install/drone_sim:/home/ishank/ros2_ws/install/drone_controller:/home/ishank/ros2_ws/install/drone_bridge:/opt/ros/humble /usr/bin/cmake --install /home/ishank/ros2_ws/build/drone_controller
