[0.077s] Invoking command in '/home/ishank/ros2_ws/build/mission_manager': CMAKE_PREFIX_PATH=/home/ishank/ros2_ws/install/drone_msgs:/home/ishank/ros2_ws/install/drone_sim:/home/ishank/ros2_ws/install/drone_controller:/home/ishank/ros2_ws/install/drone_bridge:/opt/ros/humble /usr/bin/cmake /home/ishank/ros2_ws/src/mission_manager -DAMENT_CMAKE_SYMLINK_INSTALL=1 -DCMAKE_INSTALL_PREFIX=/home/ishank/ros2_ws/install/mission_manager
[0.198s] -- The C compiler identification is GNU 11.4.0
[0.639s] -- The CXX compiler identification is GNU 11.4.0
[0.949s] -- Detecting C compiler ABI info
[1.137s] -- Detecting C compiler ABI info - done
[1.149s] -- Check for working C compiler: /usr/bin/cc - skipped
[1.149s] -- Detecting C compile features
[1.149s] -- Detecting C compile features - done
[1.154s] -- Detecting CXX compiler ABI info
[1.351s] -- Detecting CXX compiler ABI info - done
[1.361s] -- Check for working CXX compiler: /usr/bin/c++ - skipped
[1.361s] -- Detecting CXX compile features
[1.361s] -- Detecting CXX compile features - done
[1.364s] -- Found ament_cmake: 1.3.14 (/opt/ros/humble/share/ament_cmake/cmake)
[1.591s] -- Found Python3: /usr/bin/python3 (found version "3.10.12") found components: Interpreter 
[1.694s] -- Override CMake install command with custom implementation using symlinks instead of copying resources
[1.738s] -- Found rclcpp: 16.0.19 (/opt/ros/humble/share/rclcpp/cmake)
[1.909s] -- Found rosidl_generator_c: 3.1.8 (/opt/ros/humble/share/rosidl_generator_c/cmake)
[1.915s] -- Found rosidl_adapter: 3.1.8 (/opt/ros/humble/share/rosidl_adapter/cmake)
[1.926s] -- Found rosidl_generator_cpp: 3.1.8 (/opt/ros/humble/share/rosidl_generator_cpp/cmake)
[1.947s] -- Using all available rosidl_typesupport_c: rosidl_typesupport_fastrtps_c;rosidl_typesupport_introspection_c
[1.971s] -- Using all available rosidl_typesupport_cpp: rosidl_typesupport_fastrtps_cpp;rosidl_typesupport_introspection_cpp
[2.072s] -- Found rmw_implementation_cmake: 6.1.2 (/opt/ros/humble/share/rmw_implementation_cmake/cmake)
[2.080s] -- Found rmw_fastrtps_cpp: 6.2.10 (/opt/ros/humble/share/rmw_fastrtps_cpp/cmake)
[3.050s] -- Found OpenSSL: /usr/lib/x86_64-linux-gnu/libcrypto.so (found version "3.0.2")  
[4.042s] -- Found FastRTPS: /opt/ros/humble/include  
[6.531s] -- Using RMW implementation 'rmw_fastrtps_cpp' as default
[6.548s] -- Looking for pthread.h
[6.692s] -- Looking for pthread.h - found
[6.692s] -- Performing Test CMAKE_HAVE_LIBC_PTHREAD
[6.831s] -- Performing Test CMAKE_HAVE_LIBC_PTHREAD - Success
[6.833s] -- Found Threads: TRUE  
[6.927s] -- Found geometry_msgs: 4.9.1 (/opt/ros/humble/share/geometry_msgs/cmake)
[6.945s] -- Found drone_msgs: 0.0.0 (/home/ishank/ros2_ws/install/drone_msgs/share/drone_msgs/cmake)
[6.968s] -- Found ament_lint_auto: 0.12.15 (/opt/ros/humble/share/ament_lint_auto/cmake)
[7.092s] -- Added test 'lint_cmake' to check CMake code style
[7.095s] -- Added test 'xmllint' to check XML markup files
[7.099s] -- Configuring done
[7.107s] -- Generating done
[7.113s] -- Build files have been written to: /home/ishank/ros2_ws/build/mission_manager
[7.131s] Invoked command in '/home/ishank/ros2_ws/build/mission_manager' returned '0': CMAKE_PREFIX_PATH=/home/ishank/ros2_ws/install/drone_msgs:/home/ishank/ros2_ws/install/drone_sim:/home/ishank/ros2_ws/install/drone_controller:/home/ishank/ros2_ws/install/drone_bridge:/opt/ros/humble /usr/bin/cmake /home/ishank/ros2_ws/src/mission_manager -DAMENT_CMAKE_SYMLINK_INSTALL=1 -DCMAKE_INSTALL_PREFIX=/home/ishank/ros2_ws/install/mission_manager
[7.134s] Invoking command in '/home/ishank/ros2_ws/build/mission_manager': CMAKE_PREFIX_PATH=/home/ishank/ros2_ws/install/drone_msgs:/home/ishank/ros2_ws/install/drone_sim:/home/ishank/ros2_ws/install/drone_controller:/home/ishank/ros2_ws/install/drone_bridge:/opt/ros/humble /usr/bin/cmake --build /home/ishank/ros2_ws/build/mission_manager -- -j8 -l8
[7.188s] Invoked command in '/home/ishank/ros2_ws/build/mission_manager' returned '0': CMAKE_PREFIX_PATH=/home/ishank/ros2_ws/install/drone_msgs:/home/ishank/ros2_ws/install/drone_sim:/home/ishank/ros2_ws/install/drone_controller:/home/ishank/ros2_ws/install/drone_bridge:/opt/ros/humble /usr/bin/cmake --build /home/ishank/ros2_ws/build/mission_manager -- -j8 -l8
[7.192s] Invoking command in '/home/ishank/ros2_ws/build/mission_manager': CMAKE_PREFIX_PATH=/home/ishank/ros2_ws/install/drone_msgs:/home/ishank/ros2_ws/install/drone_sim:/home/ishank/ros2_ws/install/drone_controller:/home/ishank/ros2_ws/install/drone_bridge:/opt/ros/humble /usr/bin/cmake --install /home/ishank/ros2_ws/build/mission_manager
[7.199s] -- Install configuration: ""
[7.199s] -- Execute custom install script
[7.202s] -- Symlinking: /home/ishank/ros2_ws/install/mission_manager/share/ament_index/resource_index/package_run_dependencies/mission_manager
[7.216s] -- Symlinking: /home/ishank/ros2_ws/install/mission_manager/share/ament_index/resource_index/parent_prefix_path/mission_manager
[7.227s] -- Symlinking: /home/ishank/ros2_ws/install/mission_manager/share/mission_manager/environment/ament_prefix_path.sh
[7.243s] -- Symlinking: /home/ishank/ros2_ws/install/mission_manager/share/mission_manager/environment/ament_prefix_path.dsv
[7.258s] -- Symlinking: /home/ishank/ros2_ws/install/mission_manager/share/mission_manager/environment/path.sh
[7.273s] -- Symlinking: /home/ishank/ros2_ws/install/mission_manager/share/mission_manager/environment/path.dsv
[7.286s] -- Symlinking: /home/ishank/ros2_ws/install/mission_manager/share/mission_manager/local_setup.bash
[7.297s] -- Symlinking: /home/ishank/ros2_ws/install/mission_manager/share/mission_manager/local_setup.sh
[7.308s] -- Symlinking: /home/ishank/ros2_ws/install/mission_manager/share/mission_manager/local_setup.zsh
[7.321s] -- Symlinking: /home/ishank/ros2_ws/install/mission_manager/share/mission_manager/local_setup.dsv
[7.333s] -- Symlinking: /home/ishank/ros2_ws/install/mission_manager/share/mission_manager/package.dsv
[7.347s] -- Symlinking: /home/ishank/ros2_ws/install/mission_manager/share/ament_index/resource_index/packages/mission_manager
[7.359s] -- Symlinking: /home/ishank/ros2_ws/install/mission_manager/share/mission_manager/cmake/mission_managerConfig.cmake
[7.371s] -- Symlinking: /home/ishank/ros2_ws/install/mission_manager/share/mission_manager/cmake/mission_managerConfig-version.cmake
[7.382s] -- Symlinking: /home/ishank/ros2_ws/install/mission_manager/share/mission_manager/package.xml
[7.407s] Invoked command in '/home/ishank/ros2_ws/build/mission_manager' returned '0': CMAKE_PREFIX_PATH=/home/ishank/ros2_ws/install/drone_msgs:/home/ishank/ros2_ws/install/drone_sim:/home/ishank/ros2_ws/install/drone_controller:/home/ishank/ros2_ws/install/drone_bridge:/opt/ros/humble /usr/bin/cmake --install /home/ishank/ros2_ws/build/mission_manager
